{
  "parent_manifest_sha256": "7c64602cae91478aebd4b03adcc79f56084db7529fd1c54c0439d061075a1c58",
  "source_manifest_sha256": "9b71ad4e4be3e75ec34735725e0f815ac4ab0f4c40871150384658e2fdfc9268",
  "source_files": 931,
  "unchanged_parent_files": 925,
  "exact_changed_paths": [
    "source_origin.json",
    "tools/directional_contract.py",
    "tools/launch_directional_physics_spark.py",
    "tools/rr_preload_diagnostic.py",
    "tools/solver_comparison.py",
    "tools/wave_reference.py"
  ],
  "base_wave_AST_equal_after_removing_only_explicit_diagnostic_hooks": true,
  "all_solver_config_and_readback_functions_AST_equal": true,
  "owned_supervisor_and_phase_allocation_AST_equal": true,
  "host_only_case_error_and_docstring_text_changed": true,
  "run_directional_physics_byte_identical": true,
  "all_existing_physical_and_metric_gates_byte_identical": true,
  "no_main_frozen_source_or_CAD_edits": true
}
