{
  "runtime": {
    "mode": "vendored",
    "package_directory": "/Users/andreboufama/Documents/CUPI/HEXAPOD/tmp/reference_rr_preload_diagnostic_001/source_rr_preload_001/experiments/c_length_study/runtime/hexapod_rl",
    "runtime_tree_sha256": "abe4e3542c7af7093f4a203b0db3631706a0b981f77befb40b243559b7a69280",
    "base_commit": "36769da93f90e0602fb0e3591caeb98bbd7090ed",
    "manifest_path": "/Users/andreboufama/Documents/CUPI/HEXAPOD/tmp/reference_rr_preload_diagnostic_001/source_rr_preload_001/experiments/c_length_study/runtime/SHA256SUMS.json",
    "manifest_sha256": "b23846761f36754ff8c7061209de31445cfc52afb417f5a16313ed392bb2432a",
    "python_files_verified": 16
  },
  "source_manifest_sha256": "fba1c13eab7c42e735d8e8780117252849a5c36c98e959d4ab367523b989d1d9",
  "source_files": 931,
  "actual_directional002_old_admission_rejected": true,
  "failed_quiet_synthetic_receipt_rejected": true,
  "all_named_cases_preflight": {
    "left_strafe": [
      0.0,
      0.005,
      0.0
    ]
  },
  "synthetic_receipts_are_CPU_only": true,
  "physics_admitted": false
}
