/Users/andreboufama/Documents/CUPI/HEXAPOD/tmp/reference_rr_preload_diagnostic_001/source_rr_preload_001/tools/serial_geometry.py:10: UserWarning: Creating a tensor from a list of numpy.ndarrays is extremely slow. Please consider converting the list to a single numpy.ndarray with numpy.array() before converting to a tensor. (Triggered internally at /Users/runner/work/pytorch/pytorch/torch/csrc/utils/tensor_new.cpp:255.)
  def tensor(x):return torch.as_tensor(x,dtype=DTYPE,device='cpu')
{
  "source_manifest_sha256": "9b71ad4e4be3e75ec34735725e0f815ac4ab0f4c40871150384658e2fdfc9268",
  "parent_manifest_sha256": "7c64602cae91478aebd4b03adcc79f56084db7529fd1c54c0439d061075a1c58",
  "raw_trace_sha256": "ea2c13f7ebab95569dd37ae4887de1a0e67b1ca6e977ded0403b478b9afd5717",
  "scope": "Actual recorded inputs through old rejection; target-only changed controller and exact residual core; no changed contact/force or physical continuation claim",
  "controls": 305,
  "first_changed_control_index": 420,
  "first_changed_target_time_s": 8.42,
  "exact_old_targets_before_first_change": true,
  "other_five_legs_targets_unchanged": true,
  "original_measured_contact_anchors_and_touchdown_counts_unchanged": true,
  "original_liftoff_cadence_unchanged": true,
  "max_joint_target_difference_rad": 0.010218687513873004,
  "maximum_instantaneous_fixed_measurement_P_term_difference_nm": 0.3065606254161901,
  "max_discrete_reference_velocity_rad_s": 0.5831587561681895,
  "max_discrete_reference_acceleration_rad_s2": 1.303772518148616,
  "minimum_named_soft_joint_margin_rad": 0.08542202184198366,
  "maximum_sampled_cartesian_correction_speed_mps": 0.0030972839506173007,
  "maximum_sampled_cartesian_correction_acceleration_mps2": 0.03200000000000023,
  "zero_residual_emits_reference_exactly": true,
  "rejected_when_fed_original_subfive_support_row": "Fewer than five measured support contacts",
  "no_torque_prediction": true,
  "not_a_new_physical_admission": true
}
