{
  "scope": "Actual bounded RR preload002 trial, original physical gates; no PPO/Stage2 or native velocity-fidelity admission",
  "source_manifest_sha256": "bfb0bbde27fdfae1f2ddc7797ff12adf184c7cd68a8e637f5fce87f7e0e3cfa3",
  "source_files_verified": 932,
  "raw_files_verified": 33,
  "terminal_campaign_status": "failed",
  "wave": {
    "status": "rejected",
    "failure": "Wave lost required five-foot support or made nonfoot contact",
    "control_steps": 599,
    "gate_reproduced_exactly": true,
    "gate": {
      "control_steps": 599,
      "num_envs": 1,
      "settle_steps": 200,
      "control_dt_s": 0.02,
      "post_settle_measured_duration_s": 7.98,
      "max_applied_torque_nm": 1.600000023841858,
      "post_settle_max_requested_torque_nm": 1.5342928171157837,
      "post_settle_joint_saturation_fraction": [
        [
          0.0,
          0.0,
          0.0,
          0.0,
          0.0,
          0.0,
          0.0,
          0.0,
          0.0,
          0.0,
          0.0,
          0.0,
          0.0,
          0.0,
          0.0,
          0.0,
          0.0,
          0.0
        ]
      ],
      "post_settle_max_joint_saturation_fraction": 0.0,
      "post_settle_all_motor_saturation_fraction": 0.0,
      "post_settle_nonfoot_env_steps": 0,
      "post_settle_min_distal_support_count": 4,
      "terminations": 0,
      "truncations": 0,
      "min_root_height_m": 0.12883280217647552,
      "mean_measured_forward_mps": 1.1254335731791798e-05,
      "mean_measured_left_mps": 0.004266954492777586,
      "max_reference_to_executable_lag_rad": 0.0,
      "max_target_cast_error_rad": 1.1920928955078125e-07,
      "original_basic_standing_physics_pass": true,
      "kind": "limited_directional_reference_discriminator_not_omni_or_PPO",
      "case": "left_strafe",
      "requested_forward_left_yaw": [
        0.0,
        0.005,
        0.0
      ],
      "measured_flight_events": [
        {
          "leg_index": 0,
          "flight_begin_step": 220,
          "flight_end_step": 277,
          "flight_samples": 57,
          "confirmed_measured_touchdown": true,
          "measured_reference_point_lift_m": 0.004657946060173737,
          "measured_reference_point_planar_step_m": 0.03203249672691723
        },
        {
          "leg_index": 1,
          "flight_begin_step": 455,
          "flight_end_step": 519,
          "flight_samples": 64,
          "confirmed_measured_touchdown": true,
          "measured_reference_point_lift_m": 0.00550575600650971,
          "measured_reference_point_planar_step_m": 0.05724773440198455
        },
        {
          "leg_index": 3,
          "flight_begin_step": 574,
          "flight_end_step": 577,
          "flight_samples": 3,
          "confirmed_measured_touchdown": false,
          "measured_reference_point_lift_m": 7.992212112586938e-05,
          "measured_reference_point_planar_step_m": 0.004804638665865599
        },
        {
          "leg_index": 3,
          "flight_begin_step": 578,
          "flight_end_step": 599,
          "flight_samples": 21,
          "confirmed_measured_touchdown": false,
          "measured_reference_point_lift_m": 0.0014871991454795536,
          "measured_reference_point_planar_step_m": null
        },
        {
          "leg_index": 5,
          "flight_begin_step": 331,
          "flight_end_step": 333,
          "flight_samples": 2,
          "confirmed_measured_touchdown": false,
          "measured_reference_point_lift_m": 2.430326429672669e-06,
          "measured_reference_point_planar_step_m": 0.0018949030631538306
        },
        {
          "leg_index": 5,
          "flight_begin_step": 334,
          "flight_end_step": 392,
          "flight_samples": 58,
          "confirmed_measured_touchdown": true,
          "measured_reference_point_lift_m": 0.005261010849245934,
          "measured_reference_point_planar_step_m": 0.04645290165485896
        }
      ],
      "completed_measured_leg_indices": [
        0,
        1,
        5
      ],
      "generator_confirmed_touchdowns": 3,
      "generator_final_mode": "unloading",
      "command_channels": "Raw rows retain requested, admitted target, filtered reference twist and actual measured body/navigation twist; references retain complete wave005 state",
      "independent_directional_motion": null,
      "final_quiet_stop_window": null,
      "all_omni_directions_qualified": false,
      "stage2_complete": false,
      "passed": false
    },
    "all_zero_residual_actions_and_state": true,
    "no_checkpoint_payloads": true,
    "policy_or_reward_optimization": false,
    "step_rewards_may_be_computed_by_env_but_not_used_to_train": true,
    "substeps": {
      "samples": 4793,
      "every8th_control_endpoint_and_full_counter_timestamp_parity": true,
      "max_postsettle_requested_torque_nm": 1.6265368461608887,
      "peak_time_s": 11.4975,
      "peak_replica": 0,
      "peak_joint": "revolute_2_3",
      "postsettle_torque_elements_over_1p6": 2,
      "reported_joint_rate_vs_angle": {
        "worst_replica": 0,
        "joint": "revolute_2_3",
        "actual_angle_delta_rad": 0.09391975402832031,
        "reported_rate_integral_rad": 0.3184510515962029,
        "difference_rad": 0.2245312975678826
      },
      "contact_forces_recorded_at400Hz": false,
      "velocity_fidelity_qualified": false
    },
    "correction": {
      "started": true,
      "completed": true,
      "status": "completed",
      "one_start_time": true,
      "first_recorded_changed_state": {
        "control_index": 420,
        "target_time_s": 8.419999999999906,
        "diagnostic": {
          "proposal": {
            "name": "rr_first_confirmed_landing_preload_001",
            "leg": "rr",
            "leg_index": 5,
            "offset_z_m": -0.0005,
            "duration_s": 0.3,
            "trigger": "first RR measured landing completion, before target-time advance",
            "scope": "one left-strafe case only; not an RM or arc correction",
            "source_of_amplitude": "directional002 measured target-minus-toe Z change about0.492mm",
            "not_physics_admitted": true,
            "old_actor_or_observation_binding_permitted": false
          },
          "started": true,
          "completed": false,
          "status": "applying",
          "start_s": 8.399999999999906,
          "end_s": 8.699999999999907,
          "anchor_at_start_world_m": [
            -0.14401253215916948,
            0.2306308002026658,
            0.0005626472502930913
          ],
          "measured_anchor_at_start_world_m": [
            -0.1421970401898165,
            0.23143185365213564,
            0.0010628936959245494
          ],
          "original_swing_endpoint_world_m": [
            -0.14390983032958682,
            0.23063158148612217,
            -0.0010329707292013324
          ],
          "offset_applied_world_m": [
            0.0,
            0.0,
            -1.3372839506172019e-06
          ],
          "analytic_velocity_world_mps": [
            0.0,
            0.0,
            -0.00019358024691357262
          ],
          "analytic_acceleration_world_mps2": [
            0.0,
            0.0,
            -0.017975308641975014
          ],
          "changed_this_step": true,
          "last_sample_time_s": 8.419999999999906,
          "armed_touchdown_count": 2,
          "maximum_observed_contact_displacement_m": 0.0,
          "failure": null
        },
        "valid": true
      },
      "final_state": {
        "proposal": {
          "name": "rr_first_confirmed_landing_preload_001",
          "leg": "rr",
          "leg_index": 5,
          "offset_z_m": -0.0005,
          "duration_s": 0.3,
          "trigger": "first RR measured landing completion, before target-time advance",
          "scope": "one left-strafe case only; not an RM or arc correction",
          "source_of_amplitude": "directional002 measured target-minus-toe Z change about0.492mm",
          "not_physics_admitted": true,
          "old_actor_or_observation_binding_permitted": false
        },
        "started": true,
        "completed": true,
        "status": "completed",
        "start_s": 8.399999999999906,
        "end_s": 8.699999999999907,
        "anchor_at_start_world_m": [
          -0.14401253215916948,
          0.2306308002026658,
          0.0005626472502930913
        ],
        "measured_anchor_at_start_world_m": [
          -0.1421970401898165,
          0.23143185365213564,
          0.0010628936959245494
        ],
        "original_swing_endpoint_world_m": [
          -0.14390983032958682,
          0.23063158148612217,
          -0.0010329707292013324
        ],
        "offset_applied_world_m": [
          0.0,
          0.0,
          -0.0005
        ],
        "analytic_velocity_world_mps": [
          0.0,
          0.0,
          0.0
        ],
        "analytic_acceleration_world_mps2": [
          0.0,
          0.0,
          0.0
        ],
        "changed_this_step": false,
        "last_sample_time_s": 8.6999999999999,
        "armed_touchdown_count": 2,
        "maximum_observed_contact_displacement_m": 0.0002482157210771245,
        "failure": null
      },
      "all_recorded_C2_offsets_and_derivatives_match_exact_curve": true,
      "all_reference_target_times_and_emitted_knots_verified": true
    },
    "actual_original505_window_comparison": [
      {
        "control_index": 419,
        "time_s": 8.4,
        "original_RR_force_n": 7.779621124267578,
        "new_all_leg_force_n": [
          10.395027160644531,
          12.055234909057617,
          20.309221267700195,
          19.547840118408203,
          11.005324363708496,
          7.779621124267578
        ],
        "new_distal_support": [
          true,
          true,
          true,
          true,
          true,
          true
        ]
      },
      {
        "control_index": 420,
        "time_s": 8.42,
        "original_RR_force_n": 7.746274948120117,
        "new_all_leg_force_n": [
          10.346404075622559,
          12.057019233703613,
          20.260534286499023,
          19.499773025512695,
          11.062718391418457,
          7.778078079223633
        ],
        "new_distal_support": [
          true,
          true,
          true,
          true,
          true,
          true
        ]
      },
      {
        "control_index": 435,
        "time_s": 8.72,
        "original_RR_force_n": 6.807456016540527,
        "new_all_leg_force_n": [
          10.641158103942871,
          13.138810157775879,
          17.974639892578125,
          19.34408187866211,
          10.180336952209473,
          9.643491744995117
        ],
        "new_distal_support": [
          true,
          true,
          true,
          true,
          true,
          true
        ]
      },
      {
        "control_index": 436,
        "time_s": 8.74,
        "original_RR_force_n": 6.442007541656494,
        "new_all_leg_force_n": [
          10.585919380187988,
          13.11170482635498,
          18.088041305541992,
          19.39130210876465,
          10.248200416564941,
          9.451493263244629
        ],
        "new_distal_support": [
          true,
          true,
          true,
          true,
          true,
          true
        ]
      },
      {
        "control_index": 453,
        "time_s": 9.08,
        "original_RR_force_n": 3.6411232948303223,
        "new_all_leg_force_n": [
          12.420792579650879,
          6.585404872894287,
          24.09615707397461,
          20.446535110473633,
          11.072210311889648,
          6.569899559020996
        ],
        "new_distal_support": [
          true,
          true,
          true,
          true,
          true,
          true
        ]
      },
      {
        "control_index": 454,
        "time_s": 9.1,
        "original_RR_force_n": 3.8935720920562744,
        "new_all_leg_force_n": [
          14.180951118469238,
          2.4056267738342285,
          25.917070388793945,
          20.484933853149414,
          10.935687065124512,
          6.452678680419922
        ],
        "new_distal_support": [
          true,
          true,
          true,
          true,
          true,
          true
        ]
      },
      {
        "control_index": 495,
        "time_s": 9.92,
        "original_RR_force_n": 1.8440495729446411,
        "new_all_leg_force_n": [
          15.160562515258789,
          0.0,
          29.537466049194336,
          20.547258377075195,
          11.359892845153809,
          4.639721393585205
        ],
        "new_distal_support": [
          true,
          false,
          true,
          true,
          true,
          true
        ]
      },
      {
        "control_index": 503,
        "time_s": 10.08,
        "original_RR_force_n": 1.210515022277832,
        "new_all_leg_force_n": [
          15.03153133392334,
          0.0,
          30.061145782470703,
          20.7156925201416,
          11.421998023986816,
          3.789604425430298
        ],
        "new_distal_support": [
          true,
          false,
          true,
          true,
          true,
          true
        ]
      },
      {
        "control_index": 504,
        "time_s": 10.1,
        "original_RR_force_n": 0.945591390132904,
        "new_all_leg_force_n": [
          14.954951286315918,
          0.0,
          30.03479766845703,
          20.725345611572266,
          11.475756645202637,
          3.939688205718994
        ],
        "new_distal_support": [
          true,
          false,
          true,
          true,
          true,
          true
        ]
      }
    ],
    "pre_intervention_first420_rows_exact_equal": {
      "joint_position_rad": true,
      "joint_target_rad": true,
      "position_world_m": true,
      "normal_force_world_n": true,
      "distal_contact": true
    },
    "subfive_control_indices": [
      598
    ],
    "final_actual_all_leg_normal_n": [
      26.304861068725586,
      0.8961177468299866,
      20.797264099121094,
      0.0,
      29.138076782226562,
      3.807647228240967
    ],
    "final_actual_all_leg_contact": [
      true,
      false,
      true,
      false,
      true,
      true
    ],
    "final_current_leg": "rf",
    "final_generator_mode": "unloading",
    "stop_requested_time_s": null,
    "reference_quiet_time_s": null,
    "continued_after_old505_control_boundary": true,
    "only_actual_new_run_is_scored": true,
    "available_prefix400Hz_pose_velocity_diagnostic": {
      "start_control_boundary": 200,
      "end_control_boundary": 599,
      "duration_s": 7.98,
      "acceptance_verdict": null,
      "scope": "independent raw400Hz evidence; old50Hz gate unchanged",
      "link": {
        "measured_world_displacement_m": [
          [
            0.03598559647798538,
            -0.00028099428163841367,
            -0.0007796138525009155
          ]
        ],
        "measured_forward_displacement_m": [
          0.0005547466523517989
        ],
        "integrals": {
          "left": {
            "world_m": [
              [
                0.03568778559565544,
                -0.0001600998657522723,
                -0.0007555823540315032
              ]
            ],
            "forward_m": [
              0.00043159013792069877
            ],
            "position_difference_norm_m": [
              0.00032231086515821517
            ]
          },
          "right": {
            "world_m": [
              [
                0.035702724009752274,
                -0.00016325236356351525,
                -0.0007552991737611592
              ]
            ],
            "forward_m": [
              0.00043485618852376286
            ],
            "position_difference_norm_m": [
              0.0003073616826441139
            ]
          },
          "trapezoid": {
            "world_m": [
              [
                0.03569525480270386,
                -0.00016167611465789378,
                -0.0007554407930001616
              ]
            ],
            "forward_m": [
              0.0004332231632222308
            ],
            "position_difference_norm_m": [
              0.0003148324030917138
            ]
          }
        }
      },
      "com": {
        "measured_world_displacement_m": [
          [
            0.035965047776699066,
            -0.0002995706454385072,
            -0.0007795393466949463
          ]
        ],
        "measured_forward_displacement_m": [
          0.000573166154310179
        ],
        "integrals": {
          "left": {
            "world_m": [
              [
                0.035654205828905106,
                -0.00018066003394778818,
                -0.0007556653581559658
              ]
            ],
            "forward_m": [
              0.0004518942530099178
            ],
            "position_difference_norm_m": [
              0.0003336651425343007
            ]
          },
          "right": {
            "world_m": [
              [
                0.03566911444067955,
                -0.00018382148118689656,
                -0.0007553824107162654
              ]
            ],
            "forward_m": [
              0.0004551690260606425
            ],
            "position_difference_norm_m": [
              0.00031868158839643
            ]
          },
          "trapezoid": {
            "world_m": [
              [
                0.03566166013479233,
                -0.00018224076484329998,
                -0.0007555239135399461
              ]
            ],
            "forward_m": [
              0.0004535316468110272
            ],
            "position_difference_norm_m": [
              0.0003261703532189131
            ]
          }
        }
      }
    }
  },
  "stage2_complete": false,
  "policy_training_started": false,
  "old_threshold_or_gate_changed": false
}
