2026-09-05T20:39:00.272737694Z Loading user config located at: '/isaac-sim/kit/data/Kit/IsaacLab/3.0/user.config.json'
2026-09-05T20:39:00.272810079Z 2026-09-05T20:38:58Z [0ms] [Warning] [omni.ext.plugin] [ext: isaaclab_visualizers] Extensions config 'extension.toml' doesn't exist '/workspace/isaaclab/source/isaaclab_visualizers' or '/workspace/isaaclab/source/isaaclab_visualizers/config'
2026-09-05T20:39:00.272814159Z 2026-09-05T20:38:58Z [116ms] [Warning] [carb.omniclient.plugin]  125: OmniHub: ThreadId(02) Hub encountered error. Trying to reconnect to Hub. retry_reason="Hub failed to launch: Io(\"child exited with exit status: 1 without writing file \\\"/tmp/hub-ubuntu-65D1222E.config.json\\\"\")"
2026-09-05T20:39:00.272816991Z 2026-09-05T20:38:58Z [187ms] [Warning] [carb.omniclient.plugin]  125: OmniHub: ThreadId(02) Hub encountered error. Trying to reconnect to Hub. retry_reason="Hub failed to launch: Io(\"child exited with exit status: 1 without writing file \\\"/tmp/hub-ubuntu-65D1222E.config.json\\\"\")"
2026-09-05T20:39:00.272819759Z 2026-09-05T20:38:58Z [269ms] [Warning] [carb.omniclient.plugin]  125: OmniHub: ThreadId(02) Hub encountered error. Trying to reconnect to Hub. retry_reason="Hub failed to launch: Io(\"child exited with exit status: 1 without writing file \\\"/tmp/hub-ubuntu-65D1222E.config.json\\\"\")"
2026-09-05T20:39:00.272821999Z 2026-09-05T20:38:58Z [361ms] [Warning] [carb.omniclient.plugin]  125: OmniHub: ThreadId(02) Hub encountered error. Trying to reconnect to Hub. retry_reason="Hub failed to launch: Io(\"child exited with exit status: 1 without writing file \\\"/tmp/hub-ubuntu-65D1222E.config.json\\\"\")"
2026-09-05T20:39:00.272824239Z 2026-09-05T20:38:58Z [463ms] [Warning] [carb.omniclient.plugin]  125: OmniHub: ThreadId(02) Hub encountered error. Trying to reconnect to Hub. retry_reason="Hub failed to launch: Io(\"child exited with exit status: 1 without writing file \\\"/tmp/hub-ubuntu-65D1222E.config.json\\\"\")"
2026-09-05T20:39:00.272827503Z 2026-09-05T20:38:59Z [575ms] [Warning] [carb.omniclient.plugin]  125: OmniHub: ThreadId(02) Hub encountered error. Trying to reconnect to Hub. retry_reason="Hub failed to launch: Io(\"child exited with exit status: 1 without writing file \\\"/tmp/hub-ubuntu-65D1222E.config.json\\\"\")"
2026-09-05T20:39:00.272829871Z 2026-09-05T20:38:59Z [697ms] [Warning] [carb.omniclient.plugin]  125: OmniHub: ThreadId(02) Hub encountered error. Trying to reconnect to Hub. retry_reason="Hub failed to launch: Io(\"child exited with exit status: 1 without writing file \\\"/tmp/hub-ubuntu-65D1222E.config.json\\\"\")"
2026-09-05T20:39:00.272832175Z 2026-09-05T20:38:59Z [829ms] [Warning] [carb.omniclient.plugin]  125: OmniHub: ThreadId(02) Hub encountered error. Trying to reconnect to Hub. retry_reason="Hub failed to launch: Io(\"child exited with exit status: 1 without writing file \\\"/tmp/hub-ubuntu-65D1222E.config.json\\\"\")"
2026-09-05T20:39:00.272834335Z 2026-09-05T20:38:59Z [970ms] [Warning] [carb.omniclient.plugin]  125: OmniHub: ThreadId(02) Hub encountered error. Trying to reconnect to Hub. retry_reason="Hub failed to launch: Io(\"child exited with exit status: 1 without writing file \\\"/tmp/hub-ubuntu-65D1222E.config.json\\\"\")"
2026-09-05T20:39:00.272836448Z 2026-09-05T20:38:59Z [1,123ms] [Warning] [carb.omniclient.plugin]  125: OmniHub: ThreadId(02) Hub encountered error. Trying to reconnect to Hub. retry_reason="Hub failed to launch: Io(\"child exited with exit status: 1 without writing file \\\"/tmp/hub-ubuntu-65D1222E.config.json\\\"\")"
2026-09-05T20:39:00.272845456Z 2026-09-05T20:38:59Z [1,285ms] [Warning] [carb.omniclient.plugin]  125: OmniHub: ThreadId(02) Hub encountered error. Trying to reconnect to Hub. retry_reason="Hub failed to launch: Io(\"child exited with exit status: 1 without writing file \\\"/tmp/hub-ubuntu-65D1222E.config.json\\\"\")"
2026-09-05T20:39:00.272847728Z 2026-09-05T20:38:59Z [1,457ms] [Warning] [carb.omniclient.plugin]  125: OmniHub: ThreadId(02) Hub encountered error. Trying to reconnect to Hub. retry_reason="Hub failed to launch: Io(\"child exited with exit status: 1 without writing file \\\"/tmp/hub-ubuntu-65D1222E.config.json\\\"\")"
2026-09-05T20:39:00.272849888Z 2026-09-05T20:39:00Z [1,638ms] [Warning] [carb.omniclient.plugin]  125: OmniHub: ThreadId(02) Hub encountered error. Trying to reconnect to Hub. retry_reason="Hub failed to launch: Io(\"child exited with exit status: 1 without writing file \\\"/tmp/hub-ubuntu-65D1222E.config.json\\\"\")"
2026-09-05T20:39:00.272852192Z 2026-09-05T20:39:00Z [1,830ms] [Warning] [carb.omniclient.plugin]  125: OmniHub: ThreadId(02) Hub encountered error. Trying to reconnect to Hub. retry_reason="Hub failed to launch: Io(\"child exited with exit status: 1 without writing file \\\"/tmp/hub-ubuntu-65D1222E.config.json\\\"\")"
2026-09-05T20:39:04.351895675Z 2026-09-05T20:39:00Z [2,032ms] [Warning] [carb.omniclient.plugin]  125: OmniHub: ThreadId(02) Hub encountered error. Trying to reconnect to Hub. retry_reason="Hub failed to launch: Io(\"child exited with exit status: 1 without writing file \\\"/tmp/hub-ubuntu-65D1222E.config.json\\\"\")"
2026-09-05T20:39:04.351939804Z 2026-09-05T20:39:00Z [2,244ms] [Warning] [carb.omniclient.plugin]  125: OmniHub: ThreadId(02) Hub encountered error. Trying to reconnect to Hub. retry_reason="Hub failed to launch: Io(\"child exited with exit status: 1 without writing file \\\"/tmp/hub-ubuntu-65D1222E.config.json\\\"\")"
2026-09-05T20:39:04.351943020Z 2026-09-05T20:39:00Z [2,466ms] [Warning] [carb.omniclient.plugin]  125: OmniHub: ThreadId(02) Hub encountered error. Trying to reconnect to Hub. retry_reason="Hub failed to launch: Io(\"child exited with exit status: 1 without writing file \\\"/tmp/hub-ubuntu-65D1222E.config.json\\\"\")"
2026-09-05T20:39:04.351945900Z 2026-09-05T20:39:01Z [2,697ms] [Warning] [carb.omniclient.plugin]  125: OmniHub: ThreadId(02) Hub encountered error. Trying to reconnect to Hub. retry_reason="Hub failed to launch: Io(\"child exited with exit status: 1 without writing file \\\"/tmp/hub-ubuntu-65D1222E.config.json\\\"\")"
2026-09-05T20:39:04.351948364Z 2026-09-05T20:39:01Z [2,939ms] [Warning] [carb.omniclient.plugin]  125: OmniHub: ThreadId(02) Hub encountered error. Trying to reconnect to Hub. retry_reason="Hub failed to launch: Io(\"child exited with exit status: 1 without writing file \\\"/tmp/hub-ubuntu-65D1222E.config.json\\\"\")"
2026-09-05T20:39:04.351950796Z 2026-09-05T20:39:01Z [3,191ms] [Warning] [carb.omniclient.plugin]  125: OmniHub: ThreadId(02) Hub encountered error. Trying to reconnect to Hub. retry_reason="Hub failed to launch: Io(\"child exited with exit status: 1 without writing file \\\"/tmp/hub-ubuntu-65D1222E.config.json\\\"\")"
2026-09-05T20:39:04.351953228Z 2026-09-05T20:39:01Z [3,453ms] [Warning] [carb.omniclient.plugin]  125: OmniHub: ThreadId(02) Hub encountered error. Trying to reconnect to Hub. retry_reason="Hub failed to launch: Io(\"child exited with exit status: 1 without writing file \\\"/tmp/hub-ubuntu-65D1222E.config.json\\\"\")"
2026-09-05T20:39:04.351977965Z 2026-09-05T20:39:02Z [3,725ms] [Warning] [carb.omniclient.plugin]  125: OmniHub: ThreadId(02) Hub encountered error. Trying to reconnect to Hub. retry_reason="Hub failed to launch: Io(\"child exited with exit status: 1 without writing file \\\"/tmp/hub-ubuntu-65D1222E.config.json\\\"\")"
2026-09-05T20:39:04.351980541Z 2026-09-05T20:39:02Z [4,007ms] [Warning] [carb.omniclient.plugin]  125: OmniHub: ThreadId(02) Hub encountered error. Trying to reconnect to Hub. retry_reason="Hub failed to launch: Io(\"child exited with exit status: 1 without writing file \\\"/tmp/hub-ubuntu-65D1222E.config.json\\\"\")"
2026-09-05T20:39:04.351982685Z 2026-09-05T20:39:02Z [4,299ms] [Warning] [carb.omniclient.plugin]  125: OmniHub: ThreadId(02) Hub encountered error. Trying to reconnect to Hub. retry_reason="Hub failed to launch: Io(\"child exited with exit status: 1 without writing file \\\"/tmp/hub-ubuntu-65D1222E.config.json\\\"\")"
2026-09-05T20:39:04.351985053Z 2026-09-05T20:39:03Z [4,601ms] [Warning] [carb.omniclient.plugin]  125: OmniHub: ThreadId(02) Hub encountered error. Trying to reconnect to Hub. retry_reason="Hub failed to launch: Io(\"child exited with exit status: 1 without writing file \\\"/tmp/hub-ubuntu-65D1222E.config.json\\\"\")"
2026-09-05T20:39:04.351987693Z 2026-09-05T20:39:03Z [4,913ms] [Warning] [carb.omniclient.plugin]  125: OmniHub: ThreadId(02) Hub encountered error. Trying to reconnect to Hub. retry_reason="Hub failed to launch: Io(\"child exited with exit status: 1 without writing file \\\"/tmp/hub-ubuntu-65D1222E.config.json\\\"\")"
2026-09-05T20:39:04.351989853Z 2026-09-05T20:39:03Z [5,235ms] [Warning] [carb.omniclient.plugin]  125: OmniHub: ThreadId(02) Hub encountered error. Trying to reconnect to Hub. retry_reason="Hub failed to launch: Io(\"child exited with exit status: 1 without writing file \\\"/tmp/hub-ubuntu-65D1222E.config.json\\\"\")"
2026-09-05T20:39:04.351991933Z 2026-09-05T20:39:04Z [5,567ms] [Warning] [carb.omniclient.plugin]  125: OmniHub: ThreadId(02) Hub encountered error. Trying to reconnect to Hub. retry_reason="Hub failed to launch: Io(\"child exited with exit status: 1 without writing file \\\"/tmp/hub-ubuntu-65D1222E.config.json\\\"\")"
2026-09-05T20:39:04.351994509Z 2026-09-05T20:39:04Z [5,909ms] [Warning] [carb.omniclient.plugin]  125: OmniHub: ThreadId(02) Hub encountered error. Trying to reconnect to Hub. retry_reason="Hub failed to launch: Io(\"child exited with exit status: 1 without writing file \\\"/tmp/hub-ubuntu-65D1222E.config.json\\\"\")"
2026-09-05T20:39:08.780552482Z WARNING: All log messages before absl::InitializeLog() is called are written to STDERR
2026-09-05T20:39:08.780581874Z E0000 00:00:1788640748.780324      26 descriptor_database.cc:633] File already exists in database: grpc/health/v1/health.proto
2026-09-05T20:39:08.780584626Z W0000 00:00:1788640748.780354      26 message.cc:301] Protobuf GeneratedMessageFactory: File is already registered: grpc/health/v1/health.proto
2026-09-05T20:39:10.025358739Z /workspace/isaaclab/_isaac_sim/kit/python/lib/python3.12/site-packages/torch/cuda/__init__.py:435: UserWarning: 
2026-09-05T20:39:10.025386212Z     Found GPU0 NVIDIA GB10 which is of cuda capability 12.1.
2026-09-05T20:39:10.025387524Z     Minimum and Maximum cuda capability supported by this version of PyTorch is
2026-09-05T20:39:10.025403924Z     (8.0) - (12.0)
2026-09-05T20:39:10.025404948Z     
2026-09-05T20:39:10.025405908Z   queued_call()
2026-09-05T20:39:10.026610236Z [ISAACLAB] AppLauncher initialization complete
2026-09-05T20:39:12.945335721Z [INFO]: Parsing configuration from: hexapod_rl.tasks.mkii_fourbar_v1:HexapodMkiiFourbarV1EnvCfg
2026-09-05T20:39:12.945376634Z [INFO]: Base environment:
2026-09-05T20:39:12.945378986Z 	Environment device    : cuda:0
2026-09-05T20:39:12.945381434Z 	Environment seed      : 0
2026-09-05T20:39:12.945383162Z 	Physics step-size     : 0.00125
2026-09-05T20:39:12.945384874Z 	Rendering step-size   : 0.02
2026-09-05T20:39:12.945386410Z 	Environment step-size : 0.02
2026-09-05T20:39:12.945388058Z [INFO]: Registered backend 'physx' for factory Articulation.
2026-09-05T20:39:13.014437760Z [INFO]: Registered backend 'physx' for factory ContactSensor.
2026-09-05T20:39:19.284734629Z [INFO]: Time taken for scene creation Last: 1.303805 s, Mean: 1.303805 s, Std: 0.000000 s, N: 1
2026-09-05T20:39:19.284761861Z [INFO]: Scene manager:  <class InteractiveScene>
2026-09-05T20:39:19.284763269Z 	Number of environments: 1
2026-09-05T20:39:19.284764469Z 	Environment spacing   : 2.0
2026-09-05T20:39:19.284765509Z 	Source prim name      : /World/envs/env_0
2026-09-05T20:39:19.284766661Z 	Global prim paths     : []
2026-09-05T20:39:19.284767765Z 	Replicate physics     : True
2026-09-05T20:39:19.284768837Z [INFO]: Starting the simulation. This may take a few seconds. Please wait...
2026-09-05T20:39:19.284769893Z [INFO]: Simulation parameters for joints in /World/envs/env_.*/Robot:
2026-09-05T20:39:19.284771061Z +---------------------------------------------------------------------------------------------------------------------------------------------------------------------------+
2026-09-05T20:39:19.284772373Z |                                                     Simulation Joint Information (Prim path: /World/envs/env_.*/Robot)                                                    |
2026-09-05T20:39:19.284773557Z +-------+----------------------+-----------+---------+----------+-----------------+------------------+------------------+-----------------+-----------------+---------------+
2026-09-05T20:39:19.284774645Z | Index | Name                 | Stiffness | Damping | Armature | Static Friction | Dynamic Friction | Viscous Friction | Position Limits | Velocity Limits | Effort Limits |
2026-09-05T20:39:19.284775813Z +-------+----------------------+-----------+---------+----------+-----------------+------------------+------------------+-----------------+-----------------+---------------+
2026-09-05T20:39:19.284777493Z |   0   | lf_coxa_yaw          |   0.000   |  0.000  |  0.001   |      0.010      |      0.010       |      0.002       | [-0.873, 0.873] |      50.265     |     5.500     |
2026-09-05T20:39:19.284778662Z |   1   | lm_coxa_yaw          |   0.000   |  0.000  |  0.001   |      0.010      |      0.010       |      0.002       | [-0.873, 0.873] |      50.265     |     5.500     |
2026-09-05T20:39:19.284798678Z |   2   | lr_coxa_yaw          |   0.000   |  0.000  |  0.001   |      0.010      |      0.010       |      0.002       | [-0.873, 0.873] |      50.265     |     5.500     |
2026-09-05T20:39:19.284799862Z |   3   | rf_coxa_yaw          |   0.000   |  0.000  |  0.001   |      0.010      |      0.010       |      0.002       | [-0.873, 0.873] |      50.265     |     5.500     |
2026-09-05T20:39:19.284801430Z |   4   | rm_coxa_yaw          |   0.000   |  0.000  |  0.001   |      0.010      |      0.010       |      0.002       | [-0.873, 0.873] |      50.265     |     5.500     |
2026-09-05T20:39:19.284802550Z |   5   | rr_coxa_yaw          |   0.000   |  0.000  |  0.001   |      0.010      |      0.010       |      0.002       | [-0.873, 0.873] |      50.265     |     5.500     |
2026-09-05T20:39:19.284803590Z |   6   | lf_femur_pitch       |   0.000   |  0.000  |  0.001   |      0.010      |      0.010       |      0.002       | [-1.745, 0.550] |      50.265     |     5.500     |
2026-09-05T20:39:19.284804774Z |   7   | lm_femur_pitch       |   0.000   |  0.000  |  0.001   |      0.010      |      0.010       |      0.002       | [-1.745, 0.550] |      50.265     |     5.500     |
2026-09-05T20:39:19.284805814Z |   8   | lr_femur_pitch       |   0.000   |  0.000  |  0.001   |      0.010      |      0.010       |      0.002       | [-1.745, 0.550] |      50.265     |     5.500     |
2026-09-05T20:39:19.284806998Z |   9   | rf_femur_pitch       |   0.000   |  0.000  |  0.001   |      0.010      |      0.010       |      0.002       | [-1.745, 0.550] |      50.265     |     5.500     |
2026-09-05T20:39:19.284808230Z |   10  | rm_femur_pitch       |   0.000   |  0.000  |  0.001   |      0.010      |      0.010       |      0.002       | [-1.745, 0.550] |      50.265     |     5.500     |
2026-09-05T20:39:19.284809318Z |   11  | rr_femur_pitch       |   0.000   |  0.000  |  0.001   |      0.010      |      0.010       |      0.002       | [-1.745, 0.550] |      50.265     |     5.500     |
2026-09-05T20:39:19.284810342Z |   12  | lf_tibia_lever_pivot |   0.000   |  0.000  |  0.001   |      0.010      |      0.010       |      0.002       | [-0.978, 1.722] |      50.265     |     5.500     |
2026-09-05T20:39:19.284811478Z |   13  | lf_tibia_pitch       |   0.000   |  0.000  |  0.000   |      0.000      |      0.000       |      0.000       | [-0.978, 1.722] |     1.7e+04     |     0.000     |
2026-09-05T20:39:19.284812582Z |   14  | lm_tibia_lever_pivot |   0.000   |  0.000  |  0.001   |      0.010      |      0.010       |      0.002       | [-0.990, 1.710] |      50.265     |     5.500     |
2026-09-05T20:39:19.284813798Z |   15  | lm_tibia_pitch       |   0.000   |  0.000  |  0.000   |      0.000      |      0.000       |      0.000       | [-0.990, 1.710] |     1.7e+04     |     0.000     |
2026-09-05T20:39:19.284814838Z |   16  | lr_tibia_lever_pivot |   0.000   |  0.000  |  0.001   |      0.010      |      0.010       |      0.002       | [-0.971, 1.729] |      50.265     |     5.500     |
2026-09-05T20:39:19.284815974Z |   17  | lr_tibia_pitch       |   0.000   |  0.000  |  0.000   |      0.000      |      0.000       |      0.000       | [-0.971, 1.729] |     1.7e+04     |     0.000     |
2026-09-05T20:39:19.284816966Z |   18  | rf_tibia_lever_pivot |   0.000   |  0.000  |  0.001   |      0.010      |      0.010       |      0.002       | [-0.950, 1.750] |      50.265     |     5.500     |
2026-09-05T20:39:19.284819862Z |   19  | rf_tibia_pitch       |   0.000   |  0.000  |  0.000   |      0.000      |      0.000       |      0.000       | [-0.950, 1.750] |     1.7e+04     |     0.000     |
2026-09-05T20:39:19.284820902Z |   20  | rm_tibia_lever_pivot |   0.000   |  0.000  |  0.001   |      0.010      |      0.010       |      0.002       | [-0.913, 1.787] |      50.265     |     5.500     |
2026-09-05T20:39:19.284822022Z |   21  | rm_tibia_pitch       |   0.000   |  0.000  |  0.000   |      0.000      |      0.000       |      0.000       | [-0.913, 1.787] |     1.7e+04     |     0.000     |
2026-09-05T20:39:19.284823142Z |   22  | rr_tibia_lever_pivot |   0.000   |  0.000  |  0.001   |      0.010      |      0.010       |      0.002       | [-0.950, 1.750] |      50.265     |     5.500     |
2026-09-05T20:39:19.284824646Z |   23  | rr_tibia_pitch       |   0.000   |  0.000  |  0.000   |      0.000      |      0.000       |      0.000       | [-0.950, 1.750] |     1.7e+04     |     0.000     |
2026-09-05T20:39:19.284825798Z |   24  | lf_tibia_rod_pivot   |   0.000   |  0.000  |  0.000   |      0.000      |      0.000       |      0.000       | [-1.722, 0.978] |     1.7e+04     |     0.000     |
2026-09-05T20:39:19.284826902Z |   25  | lm_tibia_rod_pivot   |   0.000   |  0.000  |  0.000   |      0.000      |      0.000       |      0.000       | [-1.710, 0.990] |     1.7e+04     |     0.000     |
2026-09-05T20:39:19.284828039Z |   26  | lr_tibia_rod_pivot   |   0.000   |  0.000  |  0.000   |      0.000      |      0.000       |      0.000       | [-1.729, 0.971] |     1.7e+04     |     0.000     |
2026-09-05T20:39:19.284829287Z |   27  | rf_tibia_rod_pivot   |   0.000   |  0.000  |  0.000   |      0.000      |      0.000       |      0.000       | [-1.750, 0.950] |     1.7e+04     |     0.000     |
2026-09-05T20:39:19.284830295Z |   28  | rm_tibia_rod_pivot   |   0.000   |  0.000  |  0.000   |      0.000      |      0.000       |      0.000       | [-1.787, 0.913] |     1.7e+04     |     0.000     |
2026-09-05T20:39:19.284831463Z |   29  | rr_tibia_rod_pivot   |   0.000   |  0.000  |  0.000   |      0.000      |      0.000       |      0.000       | [-1.750, 0.950] |     1.7e+04     |     0.000     |
2026-09-05T20:39:19.284832487Z +-------+----------------------+-----------+---------+----------+-----------------+------------------+------------------+-----------------+-----------------+---------------+
2026-09-05T20:41:54.322270328Z [INFO]: Time taken for simulation start Last: 5.337930 s, Mean: 5.337930 s, Std: 0.000000 s, N: 1
2026-09-05T20:41:54.322316073Z [INFO]: Completed setting up the environment...
2026-09-05T20:41:54.322320761Z FOURBAR_DIAGNOSTIC_SEGMENT {"segment": {"phase": "standing", "motors": [], "offset_rad": 0.0, "steps": 200}, "metrics": {"substeps": 2560, "height_sum": 347.4401244968176, "min_height_m": 0.1357170045375824, "max_applied_nm": 0.6805205345153809, "max_demand_nm": 0.6805205345153809, "max_closure_point_m": 9.597088137525134e-07, "max_closure_axis_chord": 7.020058205853275e-07, "min_nonfoot_clearance_m": 0.0253848135471344, "nonfoot_contact_env_substeps": 0.0, "min_support": 6, "max_envelope_excess_nm": 0.0, "max_continuous_excess_nm": 0.0, "min_burst_headroom": 0.5006938576698303, "invalid_samples": 0.0, "max_passive_relation_error_rad": 4.172325134277344e-07, "mean_height_m": 0.13571879863156938}}
2026-09-05T20:41:54.323940152Z FOURBAR_DIAGNOSTIC_RESULT {"diagnostic_complete": true, "pass": false, "errors": [], "physical_gate_errors": [], "trace_samples": 3200}
2026-09-05T20:41:54.764930040Z [INFO]: SimulationContext cleared
2026-09-05T20:41:54.822441945Z 2026-09-05T20:39:04Z [6,261ms] [Warning] [carb.omniclient.plugin]  125: OmniHub: ThreadId(02) Hub encountered error. Trying to reconnect to Hub. retry_reason="Hub failed to launch: Io(\"child exited with exit status: 1 without writing file \\\"/tmp/hub-ubuntu-65D1222E.config.json\\\"\")"
2026-09-05T20:41:54.822470554Z 2026-09-05T20:39:05Z [6,623ms] [Warning] [carb.omniclient.plugin]  125: OmniHub: ThreadId(02) Hub encountered error. Trying to reconnect to Hub. retry_reason="Hub failed to launch: Io(\"child exited with exit status: 1 without writing file \\\"/tmp/hub-ubuntu-65D1222E.config.json\\\"\")"
2026-09-05T20:41:54.822472474Z 2026-09-05T20:39:05Z [6,996ms] [Warning] [carb.omniclient.plugin]  125: OmniHub: ThreadId(02) Hub encountered error. Trying to reconnect to Hub. retry_reason="Hub failed to launch: Io(\"child exited with exit status: 1 without writing file \\\"/tmp/hub-ubuntu-65D1222E.config.json\\\"\")"
2026-09-05T20:41:54.822473898Z 2026-09-05T20:39:05Z [7,378ms] [Warning] [carb.omniclient.plugin]  125: OmniHub: ThreadId(02) Hub encountered error. Trying to reconnect to Hub. retry_reason="Hub failed to launch: Io(\"child exited with exit status: 1 without writing file \\\"/tmp/hub-ubuntu-65D1222E.config.json\\\"\")"
2026-09-05T20:41:54.822475226Z 2026-09-05T20:39:06Z [7,770ms] [Warning] [carb.omniclient.plugin]  125: OmniHub: ThreadId(02) Hub encountered error. Trying to reconnect to Hub. retry_reason="Hub failed to launch: Io(\"child exited with exit status: 1 without writing file \\\"/tmp/hub-ubuntu-65D1222E.config.json\\\"\")"
2026-09-05T20:41:54.822476506Z 2026-09-05T20:39:06Z [8,172ms] [Warning] [carb.omniclient.plugin]  125: OmniHub: ThreadId(02) Hub encountered error. Trying to reconnect to Hub. retry_reason="Hub failed to launch: Io(\"child exited with exit status: 1 without writing file \\\"/tmp/hub-ubuntu-65D1222E.config.json\\\"\")"
2026-09-05T20:41:54.822477754Z 2026-09-05T20:39:07Z [8,585ms] [Warning] [carb.omniclient.plugin]  125: OmniHub: ThreadId(02) Hub encountered error. Trying to reconnect to Hub. retry_reason="Hub failed to launch: Io(\"child exited with exit status: 1 without writing file \\\"/tmp/hub-ubuntu-65D1222E.config.json\\\"\")"
2026-09-05T20:41:54.822479594Z 2026-09-05T20:39:07Z [9,007ms] [Warning] [carb.omniclient.plugin]  125: OmniHub: ThreadId(02) Hub encountered error. Trying to reconnect to Hub. retry_reason="Hub failed to launch: Io(\"child exited with exit status: 1 without writing file \\\"/tmp/hub-ubuntu-65D1222E.config.json\\\"\")"
2026-09-05T20:41:54.822480890Z 2026-09-05T20:39:07Z [9,439ms] [Warning] [carb.omniclient.plugin]  125: OmniHub: ThreadId(02) Hub encountered error. Trying to reconnect to Hub. retry_reason="Hub failed to launch: Io(\"child exited with exit status: 1 without writing file \\\"/tmp/hub-ubuntu-65D1222E.config.json\\\"\")"
2026-09-05T20:41:54.822482170Z 2026-09-05T20:39:08Z [9,881ms] [Warning] [carb.omniclient.plugin]  125: OmniHub: ThreadId(02) Hub encountered error. Trying to reconnect to Hub. retry_reason="Hub failed to launch: Io(\"child exited with exit status: 1 without writing file \\\"/tmp/hub-ubuntu-65D1222E.config.json\\\"\")"
2026-09-05T20:41:54.822497994Z 2026-09-05T20:39:08Z [10,355ms] [Warning] [omni.usd_config.extension] Enable omni.materialx.libs extension to use MaterialX
2026-09-05T20:41:54.822499082Z 2026-09-05T20:39:15Z [17,043ms] [Warning] [usdrt.population.plugin] Last global time was not created. Did you call setEnableUsdNoticeHandling?
2026-09-05T20:41:54.822500186Z 2026-09-05T20:39:19Z [20,838ms] [Warning] [isaaclab_physx.assets.articulation.articulation] Not all actuators are configured! Total number of actuated joints not equal to number of joints available: 18 != 30.
