{
  "configuration": {
    "duty": 0.65,
    "stance_travel_m": 0.06,
    "lift_m": 0.02,
    "min_frequency_hz": 0.8,
    "lift_full_speed_mps": 0.04,
    "command_filter_omega_rad_s": 4.0
  },
  "transition": [
    {
      "name": "start",
      "invalid_leg_steps": 0,
      "max_reference_step_rad_per_20ms": 0.0,
      "fraction_reference_steps_above_0p03": 0.0,
      "max_qdot_rad_s": 4.141258255036398e-40,
      "max_stance_reference_slip_mps": 0.0
    },
    {
      "name": "forward",
      "invalid_leg_steps": 0,
      "max_reference_step_rad_per_20ms": 0.09928817100477927,
      "fraction_reference_steps_above_0p03": 0.20444444444444446,
      "max_qdot_rad_s": 5.033273280707388,
      "max_stance_reference_slip_mps": 0.03043970337957072
    },
    {
      "name": "reverse",
      "invalid_leg_steps": 0,
      "max_reference_step_rad_per_20ms": 0.10400941814117681,
      "fraction_reference_steps_above_0p03": 0.20022222222222222,
      "max_qdot_rad_s": 5.264593891035186,
      "max_stance_reference_slip_mps": 0.07231064765077294
    },
    {
      "name": "left",
      "invalid_leg_steps": 0,
      "max_reference_step_rad_per_20ms": 0.11782539989744278,
      "fraction_reference_steps_above_0p03": 0.16355555555555557,
      "max_qdot_rad_s": 5.999993563725411,
      "max_stance_reference_slip_mps": 0.05206462273672795
    },
    {
      "name": "left_arc",
      "invalid_leg_steps": 0,
      "max_reference_step_rad_per_20ms": 0.14508055609568649,
      "fraction_reference_steps_above_0p03": 0.18644444444444444,
      "max_qdot_rad_s": 7.318620916183899,
      "max_stance_reference_slip_mps": 0.02086553546589958
    },
    {
      "name": "right_arc",
      "invalid_leg_steps": 0,
      "max_reference_step_rad_per_20ms": 0.1371441199483847,
      "fraction_reference_steps_above_0p03": 0.2068888888888889,
      "max_qdot_rad_s": 6.844187720543427,
      "max_stance_reference_slip_mps": 0.09864056674901232
    },
    {
      "name": "yaw",
      "invalid_leg_steps": 0,
      "max_reference_step_rad_per_20ms": 0.1103635042186778,
      "fraction_reference_steps_above_0p03": 0.19177777777777777,
      "max_qdot_rad_s": 5.459806882949275,
      "max_stance_reference_slip_mps": 0.06181981015175487
    },
    {
      "name": "stop",
      "invalid_leg_steps": 0,
      "max_reference_step_rad_per_20ms": 0.08750261625548461,
      "fraction_reference_steps_above_0p03": 0.009537037037037037,
      "max_qdot_rad_s": 4.340077438760763,
      "max_stance_reference_slip_mps": 0.028616149469436553
    }
  ]
}
ENVELOPE [('forward', 1.766717629844269), ('left', 1.7568371963286158), ('turn_left', 0.90732942358136), ('forward_left_arc', 2.5907298610019582), ('strafe_left_arc', 2.2908136575667006)]
