2026-09-05T21:19:13.985564869Z Loading user config located at: '/isaac-sim/kit/data/Kit/IsaacLab/3.0/user.config.json'
2026-09-05T21:19:13.985612085Z 2026-09-05T21:19:12Z [0ms] [Warning] [omni.ext.plugin] [ext: isaaclab_visualizers] Extensions config 'extension.toml' doesn't exist '/workspace/isaaclab/source/isaaclab_visualizers' or '/workspace/isaaclab/source/isaaclab_visualizers/config'
2026-09-05T21:19:13.985614229Z 2026-09-05T21:19:12Z [115ms] [Warning] [carb.omniclient.plugin]  118: OmniHub: ThreadId(02) Hub encountered error. Trying to reconnect to Hub. retry_reason="Hub failed to launch: Io(\"child exited with exit status: 1 without writing file \\\"/tmp/hub-ubuntu-A0F459F7.config.json\\\"\")"
2026-09-05T21:19:13.985615781Z 2026-09-05T21:19:12Z [187ms] [Warning] [carb.omniclient.plugin]  118: OmniHub: ThreadId(02) Hub encountered error. Trying to reconnect to Hub. retry_reason="Hub failed to launch: Io(\"child exited with exit status: 1 without writing file \\\"/tmp/hub-ubuntu-A0F459F7.config.json\\\"\")"
2026-09-05T21:19:13.985617125Z 2026-09-05T21:19:12Z [269ms] [Warning] [carb.omniclient.plugin]  118: OmniHub: ThreadId(02) Hub encountered error. Trying to reconnect to Hub. retry_reason="Hub failed to launch: Io(\"child exited with exit status: 1 without writing file \\\"/tmp/hub-ubuntu-A0F459F7.config.json\\\"\")"
2026-09-05T21:19:13.985618405Z 2026-09-05T21:19:12Z [360ms] [Warning] [carb.omniclient.plugin]  118: OmniHub: ThreadId(02) Hub encountered error. Trying to reconnect to Hub. retry_reason="Hub failed to launch: Io(\"child exited with exit status: 1 without writing file \\\"/tmp/hub-ubuntu-A0F459F7.config.json\\\"\")"
2026-09-05T21:19:13.985619589Z 2026-09-05T21:19:12Z [462ms] [Warning] [carb.omniclient.plugin]  118: OmniHub: ThreadId(02) Hub encountered error. Trying to reconnect to Hub. retry_reason="Hub failed to launch: Io(\"child exited with exit status: 1 without writing file \\\"/tmp/hub-ubuntu-A0F459F7.config.json\\\"\")"
2026-09-05T21:19:13.985621253Z 2026-09-05T21:19:12Z [574ms] [Warning] [carb.omniclient.plugin]  118: OmniHub: ThreadId(02) Hub encountered error. Trying to reconnect to Hub. retry_reason="Hub failed to launch: Io(\"child exited with exit status: 1 without writing file \\\"/tmp/hub-ubuntu-A0F459F7.config.json\\\"\")"
2026-09-05T21:19:13.985622485Z 2026-09-05T21:19:12Z [696ms] [Warning] [carb.omniclient.plugin]  118: OmniHub: ThreadId(02) Hub encountered error. Trying to reconnect to Hub. retry_reason="Hub failed to launch: Io(\"child exited with exit status: 1 without writing file \\\"/tmp/hub-ubuntu-A0F459F7.config.json\\\"\")"
2026-09-05T21:19:13.985623685Z 2026-09-05T21:19:12Z [829ms] [Warning] [carb.omniclient.plugin]  118: OmniHub: ThreadId(02) Hub encountered error. Trying to reconnect to Hub. retry_reason="Hub failed to launch: Io(\"child exited with exit status: 1 without writing file \\\"/tmp/hub-ubuntu-A0F459F7.config.json\\\"\")"
2026-09-05T21:19:13.985624853Z 2026-09-05T21:19:13Z [971ms] [Warning] [carb.omniclient.plugin]  118: OmniHub: ThreadId(02) Hub encountered error. Trying to reconnect to Hub. retry_reason="Hub failed to launch: Io(\"child exited with exit status: 1 without writing file \\\"/tmp/hub-ubuntu-A0F459F7.config.json\\\"\")"
2026-09-05T21:19:13.985626325Z 2026-09-05T21:19:13Z [1,123ms] [Warning] [carb.omniclient.plugin]  118: OmniHub: ThreadId(02) Hub encountered error. Trying to reconnect to Hub. retry_reason="Hub failed to launch: Io(\"child exited with exit status: 1 without writing file \\\"/tmp/hub-ubuntu-A0F459F7.config.json\\\"\")"
2026-09-05T21:19:13.985631861Z 2026-09-05T21:19:13Z [1,285ms] [Warning] [carb.omniclient.plugin]  118: OmniHub: ThreadId(02) Hub encountered error. Trying to reconnect to Hub. retry_reason="Hub failed to launch: Io(\"child exited with exit status: 1 without writing file \\\"/tmp/hub-ubuntu-A0F459F7.config.json\\\"\")"
2026-09-05T21:19:13.985633157Z 2026-09-05T21:19:13Z [1,457ms] [Warning] [carb.omniclient.plugin]  118: OmniHub: ThreadId(02) Hub encountered error. Trying to reconnect to Hub. retry_reason="Hub failed to launch: Io(\"child exited with exit status: 1 without writing file \\\"/tmp/hub-ubuntu-A0F459F7.config.json\\\"\")"
2026-09-05T21:19:13.985634293Z 2026-09-05T21:19:13Z [1,639ms] [Warning] [carb.omniclient.plugin]  118: OmniHub: ThreadId(02) Hub encountered error. Trying to reconnect to Hub. retry_reason="Hub failed to launch: Io(\"child exited with exit status: 1 without writing file \\\"/tmp/hub-ubuntu-A0F459F7.config.json\\\"\")"
2026-09-05T21:19:13.985635685Z 2026-09-05T21:19:13Z [1,830ms] [Warning] [carb.omniclient.plugin]  118: OmniHub: ThreadId(02) Hub encountered error. Trying to reconnect to Hub. retry_reason="Hub failed to launch: Io(\"child exited with exit status: 1 without writing file \\\"/tmp/hub-ubuntu-A0F459F7.config.json\\\"\")"
2026-09-05T21:19:18.065095766Z 2026-09-05T21:19:14Z [2,032ms] [Warning] [carb.omniclient.plugin]  118: OmniHub: ThreadId(02) Hub encountered error. Trying to reconnect to Hub. retry_reason="Hub failed to launch: Io(\"child exited with exit status: 1 without writing file \\\"/tmp/hub-ubuntu-A0F459F7.config.json\\\"\")"
2026-09-05T21:19:18.065122295Z 2026-09-05T21:19:14Z [2,244ms] [Warning] [carb.omniclient.plugin]  118: OmniHub: ThreadId(02) Hub encountered error. Trying to reconnect to Hub. retry_reason="Hub failed to launch: Io(\"child exited with exit status: 1 without writing file \\\"/tmp/hub-ubuntu-A0F459F7.config.json\\\"\")"
2026-09-05T21:19:18.065124023Z 2026-09-05T21:19:14Z [2,466ms] [Warning] [carb.omniclient.plugin]  118: OmniHub: ThreadId(02) Hub encountered error. Trying to reconnect to Hub. retry_reason="Hub failed to launch: Io(\"child exited with exit status: 1 without writing file \\\"/tmp/hub-ubuntu-A0F459F7.config.json\\\"\")"
2026-09-05T21:19:18.065125415Z 2026-09-05T21:19:14Z [2,698ms] [Warning] [carb.omniclient.plugin]  118: OmniHub: ThreadId(02) Hub encountered error. Trying to reconnect to Hub. retry_reason="Hub failed to launch: Io(\"child exited with exit status: 1 without writing file \\\"/tmp/hub-ubuntu-A0F459F7.config.json\\\"\")"
2026-09-05T21:19:18.065126695Z 2026-09-05T21:19:15Z [2,940ms] [Warning] [carb.omniclient.plugin]  118: OmniHub: ThreadId(02) Hub encountered error. Trying to reconnect to Hub. retry_reason="Hub failed to launch: Io(\"child exited with exit status: 1 without writing file \\\"/tmp/hub-ubuntu-A0F459F7.config.json\\\"\")"
2026-09-05T21:19:18.065127959Z 2026-09-05T21:19:15Z [3,192ms] [Warning] [carb.omniclient.plugin]  118: OmniHub: ThreadId(02) Hub encountered error. Trying to reconnect to Hub. retry_reason="Hub failed to launch: Io(\"child exited with exit status: 1 without writing file \\\"/tmp/hub-ubuntu-A0F459F7.config.json\\\"\")"
2026-09-05T21:19:18.065129735Z 2026-09-05T21:19:15Z [3,454ms] [Warning] [carb.omniclient.plugin]  118: OmniHub: ThreadId(02) Hub encountered error. Trying to reconnect to Hub. retry_reason="Hub failed to launch: Io(\"child exited with exit status: 1 without writing file \\\"/tmp/hub-ubuntu-A0F459F7.config.json\\\"\")"
2026-09-05T21:19:18.065143687Z 2026-09-05T21:19:15Z [3,726ms] [Warning] [carb.omniclient.plugin]  118: OmniHub: ThreadId(02) Hub encountered error. Trying to reconnect to Hub. retry_reason="Hub failed to launch: Io(\"child exited with exit status: 1 without writing file \\\"/tmp/hub-ubuntu-A0F459F7.config.json\\\"\")"
2026-09-05T21:19:18.065145223Z 2026-09-05T21:19:16Z [4,009ms] [Warning] [carb.omniclient.plugin]  118: OmniHub: ThreadId(02) Hub encountered error. Trying to reconnect to Hub. retry_reason="Hub failed to launch: Io(\"child exited with exit status: 1 without writing file \\\"/tmp/hub-ubuntu-A0F459F7.config.json\\\"\")"
2026-09-05T21:19:18.065146407Z 2026-09-05T21:19:16Z [4,302ms] [Warning] [carb.omniclient.plugin]  118: OmniHub: ThreadId(02) Hub encountered error. Trying to reconnect to Hub. retry_reason="Hub failed to launch: Io(\"child exited with exit status: 1 without writing file \\\"/tmp/hub-ubuntu-A0F459F7.config.json\\\"\")"
2026-09-05T21:19:18.065147639Z 2026-09-05T21:19:16Z [4,604ms] [Warning] [carb.omniclient.plugin]  118: OmniHub: ThreadId(02) Hub encountered error. Trying to reconnect to Hub. retry_reason="Hub failed to launch: Io(\"child exited with exit status: 1 without writing file \\\"/tmp/hub-ubuntu-A0F459F7.config.json\\\"\")"
2026-09-05T21:19:18.065148887Z 2026-09-05T21:19:17Z [4,916ms] [Warning] [carb.omniclient.plugin]  118: OmniHub: ThreadId(02) Hub encountered error. Trying to reconnect to Hub. retry_reason="Hub failed to launch: Io(\"child exited with exit status: 1 without writing file \\\"/tmp/hub-ubuntu-A0F459F7.config.json\\\"\")"
2026-09-05T21:19:18.065150039Z 2026-09-05T21:19:17Z [5,237ms] [Warning] [carb.omniclient.plugin]  118: OmniHub: ThreadId(02) Hub encountered error. Trying to reconnect to Hub. retry_reason="Hub failed to launch: Io(\"child exited with exit status: 1 without writing file \\\"/tmp/hub-ubuntu-A0F459F7.config.json\\\"\")"
2026-09-05T21:19:18.065151255Z 2026-09-05T21:19:17Z [5,569ms] [Warning] [carb.omniclient.plugin]  118: OmniHub: ThreadId(02) Hub encountered error. Trying to reconnect to Hub. retry_reason="Hub failed to launch: Io(\"child exited with exit status: 1 without writing file \\\"/tmp/hub-ubuntu-A0F459F7.config.json\\\"\")"
2026-09-05T21:19:18.065152583Z 2026-09-05T21:19:18Z [5,910ms] [Warning] [carb.omniclient.plugin]  118: OmniHub: ThreadId(02) Hub encountered error. Trying to reconnect to Hub. retry_reason="Hub failed to launch: Io(\"child exited with exit status: 1 without writing file \\\"/tmp/hub-ubuntu-A0F459F7.config.json\\\"\")"
2026-09-05T21:19:22.491719194Z WARNING: All log messages before absl::InitializeLog() is called are written to STDERR
2026-09-05T21:19:22.491761051Z E0000 00:00:1788643162.491373      26 descriptor_database.cc:633] File already exists in database: grpc/health/v1/health.proto
2026-09-05T21:19:22.491763867Z W0000 00:00:1788643162.491401      26 message.cc:301] Protobuf GeneratedMessageFactory: File is already registered: grpc/health/v1/health.proto
2026-09-05T21:19:23.711879415Z /workspace/isaaclab/_isaac_sim/kit/python/lib/python3.12/site-packages/torch/cuda/__init__.py:435: UserWarning: 
2026-09-05T21:19:23.711915911Z     Found GPU0 NVIDIA GB10 which is of cuda capability 12.1.
2026-09-05T21:19:23.711918487Z     Minimum and Maximum cuda capability supported by this version of PyTorch is
2026-09-05T21:19:23.711936791Z     (8.0) - (12.0)
2026-09-05T21:19:23.711938887Z     
2026-09-05T21:19:23.711940647Z   queued_call()
2026-09-05T21:19:23.713106242Z [ISAACLAB] AppLauncher initialization complete
2026-09-05T21:19:26.591596268Z [INFO]: Parsing configuration from: hexapod_rl.tasks.mkii_fourbar_v1:HexapodMkiiFourbarV1EnvCfg
2026-09-05T21:19:26.591638141Z [INFO]: Base environment:
2026-09-05T21:19:26.591640941Z 	Environment device    : cuda:0
2026-09-05T21:19:26.591643213Z 	Environment seed      : 0
2026-09-05T21:19:26.591644957Z 	Physics step-size     : 0.00125
2026-09-05T21:19:26.591646749Z 	Rendering step-size   : 0.02
2026-09-05T21:19:26.591648301Z 	Environment step-size : 0.02
2026-09-05T21:19:26.591649949Z [INFO]: Registered backend 'physx' for factory Articulation.
2026-09-05T21:19:26.755419357Z [INFO]: Registered backend 'physx' for factory ContactSensor.
2026-09-05T21:19:27.822080898Z [INFO]: Physics scene prim path: /physicsScene
2026-09-05T21:19:32.975391013Z [INFO]: Time taken for scene creation Last: 1.397224 s, Mean: 1.397224 s, Std: 0.000000 s, N: 1
2026-09-05T21:19:32.975437286Z [INFO]: Scene manager:  <class InteractiveScene>
2026-09-05T21:19:32.975440342Z 	Number of environments: 8
2026-09-05T21:19:32.975442326Z 	Environment spacing   : 2.0
2026-09-05T21:19:32.975444246Z 	Source prim name      : /World/envs/env_0
2026-09-05T21:19:32.975446198Z 	Global prim paths     : ['/World/ground']
2026-09-05T21:19:32.975447926Z 	Replicate physics     : True
2026-09-05T21:19:32.975449606Z [INFO]: Starting the simulation. This may take a few seconds. Please wait...
2026-09-05T21:19:32.975451366Z [INFO]: Simulation parameters for joints in /World/envs/env_.*/Robot:
2026-09-05T21:19:32.975453110Z +---------------------------------------------------------------------------------------------------------------------------------------------------------------------------+
2026-09-05T21:19:32.975455222Z |                                                     Simulation Joint Information (Prim path: /World/envs/env_.*/Robot)                                                    |
2026-09-05T21:19:32.975457414Z +-------+----------------------+-----------+---------+----------+-----------------+------------------+------------------+-----------------+-----------------+---------------+
2026-09-05T21:19:32.975459430Z | Index | Name                 | Stiffness | Damping | Armature | Static Friction | Dynamic Friction | Viscous Friction | Position Limits | Velocity Limits | Effort Limits |
2026-09-05T21:19:32.975461382Z +-------+----------------------+-----------+---------+----------+-----------------+------------------+------------------+-----------------+-----------------+---------------+
2026-09-05T21:19:32.975463350Z |   0   | lf_coxa_yaw          |   0.000   |  0.000  |  0.001   |      0.010      |      0.010       |      0.002       | [-0.873, 0.873] |      50.265     |     5.500     |
2026-09-05T21:19:32.975486262Z |   1   | lm_coxa_yaw          |   0.000   |  0.000  |  0.001   |      0.010      |      0.010       |      0.002       | [-0.873, 0.873] |      50.265     |     5.500     |
2026-09-05T21:19:32.975488262Z |   2   | lr_coxa_yaw          |   0.000   |  0.000  |  0.001   |      0.010      |      0.010       |      0.002       | [-0.873, 0.873] |      50.265     |     5.500     |
2026-09-05T21:19:32.975491030Z |   3   | rf_coxa_yaw          |   0.000   |  0.000  |  0.001   |      0.010      |      0.010       |      0.002       | [-0.873, 0.873] |      50.265     |     5.500     |
2026-09-05T21:19:32.975494102Z |   4   | rm_coxa_yaw          |   0.000   |  0.000  |  0.001   |      0.010      |      0.010       |      0.002       | [-0.873, 0.873] |      50.265     |     5.500     |
2026-09-05T21:19:32.975495894Z |   5   | rr_coxa_yaw          |   0.000   |  0.000  |  0.001   |      0.010      |      0.010       |      0.002       | [-0.873, 0.873] |      50.265     |     5.500     |
2026-09-05T21:19:32.975497654Z |   6   | lf_femur_pitch       |   0.000   |  0.000  |  0.001   |      0.010      |      0.010       |      0.002       | [-1.745, 0.550] |      50.265     |     5.500     |
2026-09-05T21:19:32.975499414Z |   7   | lm_femur_pitch       |   0.000   |  0.000  |  0.001   |      0.010      |      0.010       |      0.002       | [-1.745, 0.550] |      50.265     |     5.500     |
2026-09-05T21:19:32.975501174Z |   8   | lr_femur_pitch       |   0.000   |  0.000  |  0.001   |      0.010      |      0.010       |      0.002       | [-1.745, 0.550] |      50.265     |     5.500     |
2026-09-05T21:19:32.975502999Z |   9   | rf_femur_pitch       |   0.000   |  0.000  |  0.001   |      0.010      |      0.010       |      0.002       | [-1.745, 0.550] |      50.265     |     5.500     |
2026-09-05T21:19:32.975504791Z |   10  | rm_femur_pitch       |   0.000   |  0.000  |  0.001   |      0.010      |      0.010       |      0.002       | [-1.745, 0.550] |      50.265     |     5.500     |
2026-09-05T21:19:32.975506711Z |   11  | rr_femur_pitch       |   0.000   |  0.000  |  0.001   |      0.010      |      0.010       |      0.002       | [-1.745, 0.550] |      50.265     |     5.500     |
2026-09-05T21:19:32.975508455Z |   12  | lf_tibia_lever_pivot |   0.000   |  0.000  |  0.001   |      0.010      |      0.010       |      0.002       | [-0.978, 1.722] |      50.265     |     5.500     |
2026-09-05T21:19:32.975510215Z |   13  | lf_tibia_pitch       |   0.000   |  0.000  |  0.000   |      0.000      |      0.000       |      0.000       | [-0.978, 1.722] |     1.7e+04     |     0.000     |
2026-09-05T21:19:32.975511975Z |   14  | lm_tibia_lever_pivot |   0.000   |  0.000  |  0.001   |      0.010      |      0.010       |      0.002       | [-0.990, 1.710] |      50.265     |     5.500     |
2026-09-05T21:19:32.975514135Z |   15  | lm_tibia_pitch       |   0.000   |  0.000  |  0.000   |      0.000      |      0.000       |      0.000       | [-0.990, 1.710] |     1.7e+04     |     0.000     |
2026-09-05T21:19:32.975515975Z |   16  | lr_tibia_lever_pivot |   0.000   |  0.000  |  0.001   |      0.010      |      0.010       |      0.002       | [-0.971, 1.729] |      50.265     |     5.500     |
2026-09-05T21:19:32.975517815Z |   17  | lr_tibia_pitch       |   0.000   |  0.000  |  0.000   |      0.000      |      0.000       |      0.000       | [-0.971, 1.729] |     1.7e+04     |     0.000     |
2026-09-05T21:19:32.975522119Z |   18  | rf_tibia_lever_pivot |   0.000   |  0.000  |  0.001   |      0.010      |      0.010       |      0.002       | [-0.950, 1.750] |      50.265     |     5.500     |
2026-09-05T21:19:32.975524183Z |   19  | rf_tibia_pitch       |   0.000   |  0.000  |  0.000   |      0.000      |      0.000       |      0.000       | [-0.950, 1.750] |     1.7e+04     |     0.000     |
2026-09-05T21:19:32.975525991Z |   20  | rm_tibia_lever_pivot |   0.000   |  0.000  |  0.001   |      0.010      |      0.010       |      0.002       | [-0.913, 1.787] |      50.265     |     5.500     |
2026-09-05T21:19:32.975528359Z |   21  | rm_tibia_pitch       |   0.000   |  0.000  |  0.000   |      0.000      |      0.000       |      0.000       | [-0.913, 1.787] |     1.7e+04     |     0.000     |
2026-09-05T21:19:32.975530119Z |   22  | rr_tibia_lever_pivot |   0.000   |  0.000  |  0.001   |      0.010      |      0.010       |      0.002       | [-0.950, 1.750] |      50.265     |     5.500     |
2026-09-05T21:19:32.975531975Z |   23  | rr_tibia_pitch       |   0.000   |  0.000  |  0.000   |      0.000      |      0.000       |      0.000       | [-0.950, 1.750] |     1.7e+04     |     0.000     |
2026-09-05T21:19:32.975533767Z |   24  | lf_tibia_rod_pivot   |   0.000   |  0.000  |  0.000   |      0.000      |      0.000       |      0.000       | [-1.722, 0.978] |     1.7e+04     |     0.000     |
2026-09-05T21:19:32.975535495Z |   25  | lm_tibia_rod_pivot   |   0.000   |  0.000  |  0.000   |      0.000      |      0.000       |      0.000       | [-1.710, 0.990] |     1.7e+04     |     0.000     |
2026-09-05T21:19:32.975537303Z |   26  | lr_tibia_rod_pivot   |   0.000   |  0.000  |  0.000   |      0.000      |      0.000       |      0.000       | [-1.729, 0.971] |     1.7e+04     |     0.000     |
2026-09-05T21:19:32.975539255Z |   27  | rf_tibia_rod_pivot   |   0.000   |  0.000  |  0.000   |      0.000      |      0.000       |      0.000       | [-1.750, 0.950] |     1.7e+04     |     0.000     |
2026-09-05T21:19:32.975540999Z |   28  | rm_tibia_rod_pivot   |   0.000   |  0.000  |  0.000   |      0.000      |      0.000       |      0.000       | [-1.787, 0.913] |     1.7e+04     |     0.000     |
2026-09-05T21:19:32.975542775Z |   29  | rr_tibia_rod_pivot   |   0.000   |  0.000  |  0.000   |      0.000      |      0.000       |      0.000       | [-1.750, 0.950] |     1.7e+04     |     0.000     |
2026-09-05T21:19:32.975544567Z +-------+----------------------+-----------+---------+----------+-----------------+------------------+------------------+-----------------+-----------------+---------------+
2026-09-05T21:22:14.377401322Z [INFO]: Time taken for simulation start Last: 5.383509 s, Mean: 5.383509 s, Std: 0.000000 s, N: 1
2026-09-05T21:22:14.377451115Z [INFO]: Completed setting up the environment...
2026-09-05T21:22:14.377454971Z FOURBAR_DIAGNOSTIC_SEGMENT {"segment": {"phase": "standing", "motors": [], "offset_rad": 0.0, "steps": 200}, "metrics": {"substeps": 2560, "height_sum": 2779.520519256592, "min_height_m": 0.13571158051490784, "max_applied_nm": 0.734733521938324, "max_demand_nm": 0.734733521938324, "max_closure_point_m": 8.601468834967818e-07, "max_closure_axis_chord": 7.7071126725059e-07, "min_nonfoot_clearance_m": 0.02536982297897339, "nonfoot_contact_env_substeps": 0.0, "min_support": 5.0, "max_envelope_excess_nm": 0.0, "max_continuous_excess_nm": 0.0, "min_burst_headroom": 0.5007035732269287, "invalid_samples": 0.0, "max_passive_relation_error_rad": 7.927417755126953e-06, "mean_height_m": 0.13571877535432578}}
2026-09-05T21:22:14.380088244Z FOURBAR_DIAGNOSTIC_RESULT {"diagnostic_complete": true, "pass": false, "errors": [], "physical_gate_errors": [], "trace_samples": 3200}
2026-09-05T21:22:14.837215772Z [INFO]: SimulationContext cleared
2026-09-05T21:22:14.949484050Z 2026-09-05T21:19:18Z [6,261ms] [Warning] [carb.omniclient.plugin]  118: OmniHub: ThreadId(02) Hub encountered error. Trying to reconnect to Hub. retry_reason="Hub failed to launch: Io(\"child exited with exit status: 1 without writing file \\\"/tmp/hub-ubuntu-A0F459F7.config.json\\\"\")"
2026-09-05T21:22:14.949522243Z 2026-09-05T21:19:18Z [6,622ms] [Warning] [carb.omniclient.plugin]  118: OmniHub: ThreadId(02) Hub encountered error. Trying to reconnect to Hub. retry_reason="Hub failed to launch: Io(\"child exited with exit status: 1 without writing file \\\"/tmp/hub-ubuntu-A0F459F7.config.json\\\"\")"
2026-09-05T21:22:14.949525491Z 2026-09-05T21:19:19Z [6,994ms] [Warning] [carb.omniclient.plugin]  118: OmniHub: ThreadId(02) Hub encountered error. Trying to reconnect to Hub. retry_reason="Hub failed to launch: Io(\"child exited with exit status: 1 without writing file \\\"/tmp/hub-ubuntu-A0F459F7.config.json\\\"\")"
2026-09-05T21:22:14.949528243Z 2026-09-05T21:19:19Z [7,377ms] [Warning] [carb.omniclient.plugin]  118: OmniHub: ThreadId(02) Hub encountered error. Trying to reconnect to Hub. retry_reason="Hub failed to launch: Io(\"child exited with exit status: 1 without writing file \\\"/tmp/hub-ubuntu-A0F459F7.config.json\\\"\")"
2026-09-05T21:22:14.949530627Z 2026-09-05T21:19:19Z [7,769ms] [Warning] [carb.omniclient.plugin]  118: OmniHub: ThreadId(02) Hub encountered error. Trying to reconnect to Hub. retry_reason="Hub failed to launch: Io(\"child exited with exit status: 1 without writing file \\\"/tmp/hub-ubuntu-A0F459F7.config.json\\\"\")"
2026-09-05T21:22:14.949533843Z 2026-09-05T21:19:20Z [8,172ms] [Warning] [carb.omniclient.plugin]  118: OmniHub: ThreadId(02) Hub encountered error. Trying to reconnect to Hub. retry_reason="Hub failed to launch: Io(\"child exited with exit status: 1 without writing file \\\"/tmp/hub-ubuntu-A0F459F7.config.json\\\"\")"
2026-09-05T21:22:14.949537075Z 2026-09-05T21:19:20Z [8,585ms] [Warning] [carb.omniclient.plugin]  118: OmniHub: ThreadId(02) Hub encountered error. Trying to reconnect to Hub. retry_reason="Hub failed to launch: Io(\"child exited with exit status: 1 without writing file \\\"/tmp/hub-ubuntu-A0F459F7.config.json\\\"\")"
2026-09-05T21:22:14.949540499Z 2026-09-05T21:19:21Z [9,007ms] [Warning] [carb.omniclient.plugin]  118: OmniHub: ThreadId(02) Hub encountered error. Trying to reconnect to Hub. retry_reason="Hub failed to launch: Io(\"child exited with exit status: 1 without writing file \\\"/tmp/hub-ubuntu-A0F459F7.config.json\\\"\")"
2026-09-05T21:22:14.949542659Z 2026-09-05T21:19:21Z [9,439ms] [Warning] [carb.omniclient.plugin]  118: OmniHub: ThreadId(02) Hub encountered error. Trying to reconnect to Hub. retry_reason="Hub failed to launch: Io(\"child exited with exit status: 1 without writing file \\\"/tmp/hub-ubuntu-A0F459F7.config.json\\\"\")"
2026-09-05T21:22:14.949545043Z 2026-09-05T21:19:22Z [9,880ms] [Warning] [carb.omniclient.plugin]  118: OmniHub: ThreadId(02) Hub encountered error. Trying to reconnect to Hub. retry_reason="Hub failed to launch: Io(\"child exited with exit status: 1 without writing file \\\"/tmp/hub-ubuntu-A0F459F7.config.json\\\"\")"
2026-09-05T21:22:14.949566675Z 2026-09-05T21:19:22Z [10,353ms] [Warning] [omni.usd_config.extension] Enable omni.materialx.libs extension to use MaterialX
2026-09-05T21:22:14.949568915Z 2026-09-05T21:19:29Z [17,059ms] [Warning] [usdrt.population.plugin] Last global time was not created. Did you call setEnableUsdNoticeHandling?
2026-09-05T21:22:14.949570771Z 2026-09-05T21:19:32Z [20,816ms] [Warning] [isaaclab_physx.assets.articulation.articulation] Not all actuators are configured! Total number of actuated joints not equal to number of joints available: 18 != 30.
