{
  "source": "/Users/andreboufama/Documents/CUPI/HEXAPOD/tmp/reference_pair_motion_adapter_001/source_pair_motion_001",
  "parent_manifest_sha256": "04942c62de1f557d8f117f648f990b6dac69443d61c546529d05a4e2a7f0e01e",
  "manifest_sha256": "c1c8287128c81511030cd5bb5fc3c68f525ea5701e4d2df0522a5918056ec6f7",
  "source_files": 946,
  "exact_changed_paths": {
    "source_origin.json": {
      "before": "5072afc6cbc0cdc663e0b587d0ad972672190c26d98ad90fda37b548ae0d717f",
      "after": "c4a0a7b8406663eae3abdeacb2ccbbd2cd1f2a1e1c2c3f694c3858a5d123c811"
    },
    "tools/launch_pair_motion_spark.py": {
      "before": null,
      "after": "60d51f1e8d71924390add188460f12e157eb114aa3dae617ce254c90fe4d021e"
    },
    "tools/pair_motion_contract.py": {
      "before": null,
      "after": "5bbece96d18718c90d429b42779994cea39cf785a5684ebac70e6da20e39796a"
    },
    "tools/pair_motion_measurements.py": {
      "before": null,
      "after": "9ccfea91d7159b86c51d4bebb29d20f99f877c3d58089c8134f633a4ca6ab418"
    },
    "tools/pair_motion_metrics.py": {
      "before": null,
      "after": "085d58cb89e07ba38f059bc14a7ee2d2521e075e64fc65868a492f0e70a673e0"
    },
    "tools/paired_runtime/CONTRACT.json": {
      "before": null,
      "after": "a1fb3ecd4cd4ec826d0b12869c34b60c5f195efffddbd02120c0347bfebbfdfc"
    },
    "tools/paired_runtime/FREEZE_SHA256.json": {
      "before": null,
      "after": "636844a6032642014304408f1021e61478be3aed46642fd67686ed9d2f9a6f55"
    },
    "tools/paired_runtime/SOURCE_INPUTS.json": {
      "before": null,
      "after": "8ce2ba5c8333e6f2471089ab8286cd77ce67cbf24083798aedbae56afdcf5adb"
    },
    "tools/paired_runtime/STATE_SCHEMA_002.json": {
      "before": null,
      "after": "395f9e6bba0ebeb4cb10fe4a9c996aec3a01499c06207a47ec67bb1733f5cb6c"
    },
    "tools/paired_runtime/checkpoint.py": {
      "before": null,
      "after": "9ee83f4d60ced5b64d94f5ade0dfa6dea44d2de0ae020a1fd049f84da2d0825e"
    },
    "tools/paired_runtime/oracle/geometry/candidate_c_reference.json": {
      "before": null,
      "after": "8466ad8b40c1857e3d01a1fe729cd3b20df53301c753346c4955959a856f6e6b"
    },
    "tools/paired_runtime/oracle/geometry/f050_t060.urdf": {
      "before": null,
      "after": "e916b1ebbb2720c90f23974bbffa5da120b32d2e5409fe419fb1492b8556746c"
    },
    "tools/paired_runtime/oracle/reference_residual.py": {
      "before": null,
      "after": "fbf65749c2d1ffc36b22986f71c0972ce7b1ecf82beebef57a0bd3e1be966e40"
    },
    "tools/paired_runtime/oracle/serial_geometry.py": {
      "before": null,
      "after": "8c0451d151e077830986d8deb259129b4eb49f3750110883dad99683e8d7f8d3"
    },
    "tools/paired_runtime/oracle/wave_math.py": {
      "before": null,
      "after": "75353a885bd1e11795dff81458a7e547bbd2611769ef905b3f372c1814a6b12f"
    },
    "tools/paired_runtime/oracle/wave_reference.py": {
      "before": null,
      "after": "8bacf0c61f7fdc6d43d9f9ebdb5adc643b026495bb303ec3c18157d121c78893"
    },
    "tools/paired_runtime/pair_motion.py": {
      "before": null,
      "after": "d26e058241985e87a8dac37603d5e1147e89c637001b1136c30d8249af9d8a04"
    },
    "tools/paired_runtime/state_packet.py": {
      "before": null,
      "after": "498630b24891d2de70d101d7a0f00639612fe0befef5f798de497d07a8762b8a"
    },
    "tools/run_pair_motion.py": {
      "before": null,
      "after": "8f894a29d21ddd2dbefd1597624408f72e2b309a39b9595979dcbd644c2bab1b"
    },
    "tools/sensor_freshness.py": {
      "before": null,
      "after": "3dd5b779c45aee6e94f91635cac1f8145e99b6bd9e12d0ad8cf1cd75721ac04b"
    },
    "tools/sensor_source_contract.json": {
      "before": null,
      "after": "19e89188d1769d9df09a96c653dab8a8603494f0f17cb92ab6f983ec9c55abd0"
    }
  },
  "925other_parent_payloads_unchanged": true,
  "parent_files_removed": [],
  "host_sha256": "60d51f1e8d71924390add188460f12e157eb114aa3dae617ce254c90fe4d021e"
}
