2026-09-05T21:01:25.218465330Z Loading user config located at: '/isaac-sim/kit/data/Kit/IsaacLab/3.0/user.config.json'
2026-09-05T21:01:25.218522082Z 2026-09-05T21:01:23Z [0ms] [Warning] [omni.ext.plugin] [ext: isaaclab_visualizers] Extensions config 'extension.toml' doesn't exist '/workspace/isaaclab/source/isaaclab_visualizers' or '/workspace/isaaclab/source/isaaclab_visualizers/config'
2026-09-05T21:01:25.218524546Z 2026-09-05T21:01:23Z [118ms] [Warning] [carb.omniclient.plugin]  125: OmniHub: ThreadId(02) Hub encountered error. Trying to reconnect to Hub. retry_reason="Hub failed to launch: Io(\"child exited with exit status: 1 without writing file \\\"/tmp/hub-ubuntu-2FEDD508.config.json\\\"\")"
2026-09-05T21:01:25.218526130Z 2026-09-05T21:01:23Z [189ms] [Warning] [carb.omniclient.plugin]  125: OmniHub: ThreadId(02) Hub encountered error. Trying to reconnect to Hub. retry_reason="Hub failed to launch: Io(\"child exited with exit status: 1 without writing file \\\"/tmp/hub-ubuntu-2FEDD508.config.json\\\"\")"
2026-09-05T21:01:25.218527586Z 2026-09-05T21:01:23Z [271ms] [Warning] [carb.omniclient.plugin]  125: OmniHub: ThreadId(02) Hub encountered error. Trying to reconnect to Hub. retry_reason="Hub failed to launch: Io(\"child exited with exit status: 1 without writing file \\\"/tmp/hub-ubuntu-2FEDD508.config.json\\\"\")"
2026-09-05T21:01:25.218528946Z 2026-09-05T21:01:23Z [363ms] [Warning] [carb.omniclient.plugin]  125: OmniHub: ThreadId(02) Hub encountered error. Trying to reconnect to Hub. retry_reason="Hub failed to launch: Io(\"child exited with exit status: 1 without writing file \\\"/tmp/hub-ubuntu-2FEDD508.config.json\\\"\")"
2026-09-05T21:01:25.218530306Z 2026-09-05T21:01:23Z [465ms] [Warning] [carb.omniclient.plugin]  125: OmniHub: ThreadId(02) Hub encountered error. Trying to reconnect to Hub. retry_reason="Hub failed to launch: Io(\"child exited with exit status: 1 without writing file \\\"/tmp/hub-ubuntu-2FEDD508.config.json\\\"\")"
2026-09-05T21:01:25.218532274Z 2026-09-05T21:01:23Z [578ms] [Warning] [carb.omniclient.plugin]  125: OmniHub: ThreadId(02) Hub encountered error. Trying to reconnect to Hub. retry_reason="Hub failed to launch: Io(\"child exited with exit status: 1 without writing file \\\"/tmp/hub-ubuntu-2FEDD508.config.json\\\"\")"
2026-09-05T21:01:25.218533490Z 2026-09-05T21:01:24Z [699ms] [Warning] [carb.omniclient.plugin]  125: OmniHub: ThreadId(02) Hub encountered error. Trying to reconnect to Hub. retry_reason="Hub failed to launch: Io(\"child exited with exit status: 1 without writing file \\\"/tmp/hub-ubuntu-2FEDD508.config.json\\\"\")"
2026-09-05T21:01:25.218535714Z 2026-09-05T21:01:24Z [831ms] [Warning] [carb.omniclient.plugin]  125: OmniHub: ThreadId(02) Hub encountered error. Trying to reconnect to Hub. retry_reason="Hub failed to launch: Io(\"child exited with exit status: 1 without writing file \\\"/tmp/hub-ubuntu-2FEDD508.config.json\\\"\")"
2026-09-05T21:01:25.218536930Z 2026-09-05T21:01:24Z [973ms] [Warning] [carb.omniclient.plugin]  125: OmniHub: ThreadId(02) Hub encountered error. Trying to reconnect to Hub. retry_reason="Hub failed to launch: Io(\"child exited with exit status: 1 without writing file \\\"/tmp/hub-ubuntu-2FEDD508.config.json\\\"\")"
2026-09-05T21:01:25.218538178Z 2026-09-05T21:01:24Z [1,125ms] [Warning] [carb.omniclient.plugin]  125: OmniHub: ThreadId(02) Hub encountered error. Trying to reconnect to Hub. retry_reason="Hub failed to launch: Io(\"child exited with exit status: 1 without writing file \\\"/tmp/hub-ubuntu-2FEDD508.config.json\\\"\")"
2026-09-05T21:01:25.218544322Z 2026-09-05T21:01:24Z [1,287ms] [Warning] [carb.omniclient.plugin]  125: OmniHub: ThreadId(02) Hub encountered error. Trying to reconnect to Hub. retry_reason="Hub failed to launch: Io(\"child exited with exit status: 1 without writing file \\\"/tmp/hub-ubuntu-2FEDD508.config.json\\\"\")"
2026-09-05T21:01:25.218545682Z 2026-09-05T21:01:24Z [1,459ms] [Warning] [carb.omniclient.plugin]  125: OmniHub: ThreadId(02) Hub encountered error. Trying to reconnect to Hub. retry_reason="Hub failed to launch: Io(\"child exited with exit status: 1 without writing file \\\"/tmp/hub-ubuntu-2FEDD508.config.json\\\"\")"
2026-09-05T21:01:25.218546914Z 2026-09-05T21:01:25Z [1,641ms] [Warning] [carb.omniclient.plugin]  125: OmniHub: ThreadId(02) Hub encountered error. Trying to reconnect to Hub. retry_reason="Hub failed to launch: Io(\"child exited with exit status: 1 without writing file \\\"/tmp/hub-ubuntu-2FEDD508.config.json\\\"\")"
2026-09-05T21:01:25.218548274Z 2026-09-05T21:01:25Z [1,834ms] [Warning] [carb.omniclient.plugin]  125: OmniHub: ThreadId(02) Hub encountered error. Trying to reconnect to Hub. retry_reason="Hub failed to launch: Io(\"child exited with exit status: 1 without writing file \\\"/tmp/hub-ubuntu-2FEDD508.config.json\\\"\")"
2026-09-05T21:01:29.302189403Z 2026-09-05T21:01:25Z [2,036ms] [Warning] [carb.omniclient.plugin]  125: OmniHub: ThreadId(02) Hub encountered error. Trying to reconnect to Hub. retry_reason="Hub failed to launch: Io(\"child exited with exit status: 1 without writing file \\\"/tmp/hub-ubuntu-2FEDD508.config.json\\\"\")"
2026-09-05T21:01:29.302234235Z 2026-09-05T21:01:25Z [2,248ms] [Warning] [carb.omniclient.plugin]  125: OmniHub: ThreadId(02) Hub encountered error. Trying to reconnect to Hub. retry_reason="Hub failed to launch: Io(\"child exited with exit status: 1 without writing file \\\"/tmp/hub-ubuntu-2FEDD508.config.json\\\"\")"
2026-09-05T21:01:29.302237563Z 2026-09-05T21:01:25Z [2,470ms] [Warning] [carb.omniclient.plugin]  125: OmniHub: ThreadId(02) Hub encountered error. Trying to reconnect to Hub. retry_reason="Hub failed to launch: Io(\"child exited with exit status: 1 without writing file \\\"/tmp/hub-ubuntu-2FEDD508.config.json\\\"\")"
2026-09-05T21:01:29.302240283Z 2026-09-05T21:01:26Z [2,703ms] [Warning] [carb.omniclient.plugin]  125: OmniHub: ThreadId(02) Hub encountered error. Trying to reconnect to Hub. retry_reason="Hub failed to launch: Io(\"child exited with exit status: 1 without writing file \\\"/tmp/hub-ubuntu-2FEDD508.config.json\\\"\")"
2026-09-05T21:01:29.302242843Z 2026-09-05T21:01:26Z [2,946ms] [Warning] [carb.omniclient.plugin]  125: OmniHub: ThreadId(02) Hub encountered error. Trying to reconnect to Hub. retry_reason="Hub failed to launch: Io(\"child exited with exit status: 1 without writing file \\\"/tmp/hub-ubuntu-2FEDD508.config.json\\\"\")"
2026-09-05T21:01:29.302245531Z 2026-09-05T21:01:26Z [3,198ms] [Warning] [carb.omniclient.plugin]  125: OmniHub: ThreadId(02) Hub encountered error. Trying to reconnect to Hub. retry_reason="Hub failed to launch: Io(\"child exited with exit status: 1 without writing file \\\"/tmp/hub-ubuntu-2FEDD508.config.json\\\"\")"
2026-09-05T21:01:29.302247947Z 2026-09-05T21:01:26Z [3,460ms] [Warning] [carb.omniclient.plugin]  125: OmniHub: ThreadId(02) Hub encountered error. Trying to reconnect to Hub. retry_reason="Hub failed to launch: Io(\"child exited with exit status: 1 without writing file \\\"/tmp/hub-ubuntu-2FEDD508.config.json\\\"\")"
2026-09-05T21:01:29.302269547Z 2026-09-05T21:01:27Z [3,732ms] [Warning] [carb.omniclient.plugin]  125: OmniHub: ThreadId(02) Hub encountered error. Trying to reconnect to Hub. retry_reason="Hub failed to launch: Io(\"child exited with exit status: 1 without writing file \\\"/tmp/hub-ubuntu-2FEDD508.config.json\\\"\")"
2026-09-05T21:01:29.302272011Z 2026-09-05T21:01:27Z [4,014ms] [Warning] [carb.omniclient.plugin]  125: OmniHub: ThreadId(02) Hub encountered error. Trying to reconnect to Hub. retry_reason="Hub failed to launch: Io(\"child exited with exit status: 1 without writing file \\\"/tmp/hub-ubuntu-2FEDD508.config.json\\\"\")"
2026-09-05T21:01:29.302274155Z 2026-09-05T21:01:27Z [4,306ms] [Warning] [carb.omniclient.plugin]  125: OmniHub: ThreadId(02) Hub encountered error. Trying to reconnect to Hub. retry_reason="Hub failed to launch: Io(\"child exited with exit status: 1 without writing file \\\"/tmp/hub-ubuntu-2FEDD508.config.json\\\"\")"
2026-09-05T21:01:29.302276267Z 2026-09-05T21:01:27Z [4,609ms] [Warning] [carb.omniclient.plugin]  125: OmniHub: ThreadId(02) Hub encountered error. Trying to reconnect to Hub. retry_reason="Hub failed to launch: Io(\"child exited with exit status: 1 without writing file \\\"/tmp/hub-ubuntu-2FEDD508.config.json\\\"\")"
2026-09-05T21:01:29.302278379Z 2026-09-05T21:01:28Z [4,921ms] [Warning] [carb.omniclient.plugin]  125: OmniHub: ThreadId(02) Hub encountered error. Trying to reconnect to Hub. retry_reason="Hub failed to launch: Io(\"child exited with exit status: 1 without writing file \\\"/tmp/hub-ubuntu-2FEDD508.config.json\\\"\")"
2026-09-05T21:01:29.302281627Z 2026-09-05T21:01:28Z [5,243ms] [Warning] [carb.omniclient.plugin]  125: OmniHub: ThreadId(02) Hub encountered error. Trying to reconnect to Hub. retry_reason="Hub failed to launch: Io(\"child exited with exit status: 1 without writing file \\\"/tmp/hub-ubuntu-2FEDD508.config.json\\\"\")"
2026-09-05T21:01:29.302283819Z 2026-09-05T21:01:28Z [5,575ms] [Warning] [carb.omniclient.plugin]  125: OmniHub: ThreadId(02) Hub encountered error. Trying to reconnect to Hub. retry_reason="Hub failed to launch: Io(\"child exited with exit status: 1 without writing file \\\"/tmp/hub-ubuntu-2FEDD508.config.json\\\"\")"
2026-09-05T21:01:29.302286139Z 2026-09-05T21:01:29Z [5,918ms] [Warning] [carb.omniclient.plugin]  125: OmniHub: ThreadId(02) Hub encountered error. Trying to reconnect to Hub. retry_reason="Hub failed to launch: Io(\"child exited with exit status: 1 without writing file \\\"/tmp/hub-ubuntu-2FEDD508.config.json\\\"\")"
2026-09-05T21:01:33.729068698Z WARNING: All log messages before absl::InitializeLog() is called are written to STDERR
2026-09-05T21:01:33.729106250Z E0000 00:00:1788642093.728718      26 descriptor_database.cc:633] File already exists in database: grpc/health/v1/health.proto
2026-09-05T21:01:33.729108938Z W0000 00:00:1788642093.728746      26 message.cc:301] Protobuf GeneratedMessageFactory: File is already registered: grpc/health/v1/health.proto
2026-09-05T21:01:34.956844907Z /workspace/isaaclab/_isaac_sim/kit/python/lib/python3.12/site-packages/torch/cuda/__init__.py:435: UserWarning: 
2026-09-05T21:01:34.956886987Z     Found GPU0 NVIDIA GB10 which is of cuda capability 12.1.
2026-09-05T21:01:34.956889547Z     Minimum and Maximum cuda capability supported by this version of PyTorch is
2026-09-05T21:01:34.956911483Z     (8.0) - (12.0)
2026-09-05T21:01:34.956916587Z     
2026-09-05T21:01:34.956918395Z   queued_call()
2026-09-05T21:01:34.958217709Z [ISAACLAB] AppLauncher initialization complete
2026-09-05T21:01:37.933925192Z [INFO]: Parsing configuration from: hexapod_rl.tasks.mkii_fourbar_v1:HexapodMkiiFourbarV1EnvCfg
2026-09-05T21:01:37.933966441Z [INFO]: Base environment:
2026-09-05T21:01:37.933969801Z 	Environment device    : cuda:0
2026-09-05T21:01:37.933971977Z 	Environment seed      : 0
2026-09-05T21:01:37.933973753Z 	Physics step-size     : 0.00125
2026-09-05T21:01:37.933975785Z 	Rendering step-size   : 0.02
2026-09-05T21:01:37.933977401Z 	Environment step-size : 0.02
2026-09-05T21:01:37.933978985Z [INFO]: Registered backend 'physx' for factory Articulation.
2026-09-05T21:01:38.068028453Z [INFO]: Registered backend 'physx' for factory ContactSensor.
2026-09-05T21:01:39.007749654Z [INFO]: Physics scene prim path: /physicsScene
2026-09-05T21:01:44.092122313Z [INFO]: Time taken for scene creation Last: 1.240355 s, Mean: 1.240355 s, Std: 0.000000 s, N: 1
2026-09-05T21:01:44.092151833Z [INFO]: Scene manager:  <class InteractiveScene>
2026-09-05T21:01:44.092153433Z 	Number of environments: 8
2026-09-05T21:01:44.092156249Z 	Environment spacing   : 2.0
2026-09-05T21:01:44.092157273Z 	Source prim name      : /World/envs/env_0
2026-09-05T21:01:44.092158361Z 	Global prim paths     : ['/World/ground']
2026-09-05T21:01:44.092159321Z 	Replicate physics     : True
2026-09-05T21:01:44.092160409Z [INFO]: Starting the simulation. This may take a few seconds. Please wait...
2026-09-05T21:01:44.092161513Z [INFO]: Simulation parameters for joints in /World/envs/env_.*/Robot:
2026-09-05T21:01:44.092162601Z +---------------------------------------------------------------------------------------------------------------------------------------------------------------------------+
2026-09-05T21:01:44.092163785Z |                                                     Simulation Joint Information (Prim path: /World/envs/env_.*/Robot)                                                    |
2026-09-05T21:01:44.092164969Z +-------+----------------------+-----------+---------+----------+-----------------+------------------+------------------+-----------------+-----------------+---------------+
2026-09-05T21:01:44.092166041Z | Index | Name                 | Stiffness | Damping | Armature | Static Friction | Dynamic Friction | Viscous Friction | Position Limits | Velocity Limits | Effort Limits |
2026-09-05T21:01:44.092167209Z +-------+----------------------+-----------+---------+----------+-----------------+------------------+------------------+-----------------+-----------------+---------------+
2026-09-05T21:01:44.092168361Z |   0   | lf_coxa_yaw          |   0.000   |  0.000  |  0.001   |      0.010      |      0.010       |      0.002       | [-0.873, 0.873] |      50.265     |     5.500     |
2026-09-05T21:01:44.092187097Z |   1   | lm_coxa_yaw          |   0.000   |  0.000  |  0.001   |      0.010      |      0.010       |      0.002       | [-0.873, 0.873] |      50.265     |     5.500     |
2026-09-05T21:01:44.092188169Z |   2   | lr_coxa_yaw          |   0.000   |  0.000  |  0.001   |      0.010      |      0.010       |      0.002       | [-0.873, 0.873] |      50.265     |     5.500     |
2026-09-05T21:01:44.092189353Z |   3   | rf_coxa_yaw          |   0.000   |  0.000  |  0.001   |      0.010      |      0.010       |      0.002       | [-0.873, 0.873] |      50.265     |     5.500     |
2026-09-05T21:01:44.092191257Z |   4   | rm_coxa_yaw          |   0.000   |  0.000  |  0.001   |      0.010      |      0.010       |      0.002       | [-0.873, 0.873] |      50.265     |     5.500     |
2026-09-05T21:01:44.092192377Z |   5   | rr_coxa_yaw          |   0.000   |  0.000  |  0.001   |      0.010      |      0.010       |      0.002       | [-0.873, 0.873] |      50.265     |     5.500     |
2026-09-05T21:01:44.092193433Z |   6   | lf_femur_pitch       |   0.000   |  0.000  |  0.001   |      0.010      |      0.010       |      0.002       | [-1.745, 0.550] |      50.265     |     5.500     |
2026-09-05T21:01:44.092194537Z |   7   | lm_femur_pitch       |   0.000   |  0.000  |  0.001   |      0.010      |      0.010       |      0.002       | [-1.745, 0.550] |      50.265     |     5.500     |
2026-09-05T21:01:44.092195561Z |   8   | lr_femur_pitch       |   0.000   |  0.000  |  0.001   |      0.010      |      0.010       |      0.002       | [-1.745, 0.550] |      50.265     |     5.500     |
2026-09-05T21:01:44.092196697Z |   9   | rf_femur_pitch       |   0.000   |  0.000  |  0.001   |      0.010      |      0.010       |      0.002       | [-1.745, 0.550] |      50.265     |     5.500     |
2026-09-05T21:01:44.092197705Z |   10  | rm_femur_pitch       |   0.000   |  0.000  |  0.001   |      0.010      |      0.010       |      0.002       | [-1.745, 0.550] |      50.265     |     5.500     |
2026-09-05T21:01:44.092199289Z |   11  | rr_femur_pitch       |   0.000   |  0.000  |  0.001   |      0.010      |      0.010       |      0.002       | [-1.745, 0.550] |      50.265     |     5.500     |
2026-09-05T21:01:44.092200297Z |   12  | lf_tibia_lever_pivot |   0.000   |  0.000  |  0.001   |      0.010      |      0.010       |      0.002       | [-0.978, 1.722] |      50.265     |     5.500     |
2026-09-05T21:01:44.092201545Z |   13  | lf_tibia_pitch       |   0.000   |  0.000  |  0.000   |      0.000      |      0.000       |      0.000       | [-0.978, 1.722] |     1.7e+04     |     0.000     |
2026-09-05T21:01:44.092202537Z |   14  | lm_tibia_lever_pivot |   0.000   |  0.000  |  0.001   |      0.010      |      0.010       |      0.002       | [-0.990, 1.710] |      50.265     |     5.500     |
2026-09-05T21:01:44.092203753Z |   15  | lm_tibia_pitch       |   0.000   |  0.000  |  0.000   |      0.000      |      0.000       |      0.000       | [-0.990, 1.710] |     1.7e+04     |     0.000     |
2026-09-05T21:01:44.092204777Z |   16  | lr_tibia_lever_pivot |   0.000   |  0.000  |  0.001   |      0.010      |      0.010       |      0.002       | [-0.971, 1.729] |      50.265     |     5.500     |
2026-09-05T21:01:44.092205881Z |   17  | lr_tibia_pitch       |   0.000   |  0.000  |  0.000   |      0.000      |      0.000       |      0.000       | [-0.971, 1.729] |     1.7e+04     |     0.000     |
2026-09-05T21:01:44.092209209Z |   18  | rf_tibia_lever_pivot |   0.000   |  0.000  |  0.001   |      0.010      |      0.010       |      0.002       | [-0.950, 1.750] |      50.265     |     5.500     |
2026-09-05T21:01:44.092210345Z |   19  | rf_tibia_pitch       |   0.000   |  0.000  |  0.000   |      0.000      |      0.000       |      0.000       | [-0.950, 1.750] |     1.7e+04     |     0.000     |
2026-09-05T21:01:44.092211385Z |   20  | rm_tibia_lever_pivot |   0.000   |  0.000  |  0.001   |      0.010      |      0.010       |      0.002       | [-0.913, 1.787] |      50.265     |     5.500     |
2026-09-05T21:01:44.092212537Z |   21  | rm_tibia_pitch       |   0.000   |  0.000  |  0.000   |      0.000      |      0.000       |      0.000       | [-0.913, 1.787] |     1.7e+04     |     0.000     |
2026-09-05T21:01:44.092213529Z |   22  | rr_tibia_lever_pivot |   0.000   |  0.000  |  0.001   |      0.010      |      0.010       |      0.002       | [-0.950, 1.750] |      50.265     |     5.500     |
2026-09-05T21:01:44.092214665Z |   23  | rr_tibia_pitch       |   0.000   |  0.000  |  0.000   |      0.000      |      0.000       |      0.000       | [-0.950, 1.750] |     1.7e+04     |     0.000     |
2026-09-05T21:01:44.092215785Z |   24  | lf_tibia_rod_pivot   |   0.000   |  0.000  |  0.000   |      0.000      |      0.000       |      0.000       | [-1.722, 0.978] |     1.7e+04     |     0.000     |
2026-09-05T21:01:44.092216873Z |   25  | lm_tibia_rod_pivot   |   0.000   |  0.000  |  0.000   |      0.000      |      0.000       |      0.000       | [-1.710, 0.990] |     1.7e+04     |     0.000     |
2026-09-05T21:01:44.092218057Z |   26  | lr_tibia_rod_pivot   |   0.000   |  0.000  |  0.000   |      0.000      |      0.000       |      0.000       | [-1.729, 0.971] |     1.7e+04     |     0.000     |
2026-09-05T21:01:44.092219273Z |   27  | rf_tibia_rod_pivot   |   0.000   |  0.000  |  0.000   |      0.000      |      0.000       |      0.000       | [-1.750, 0.950] |     1.7e+04     |     0.000     |
2026-09-05T21:01:44.092220377Z |   28  | rm_tibia_rod_pivot   |   0.000   |  0.000  |  0.000   |      0.000      |      0.000       |      0.000       | [-1.787, 0.913] |     1.7e+04     |     0.000     |
2026-09-05T21:01:44.092221513Z |   29  | rr_tibia_rod_pivot   |   0.000   |  0.000  |  0.000   |      0.000      |      0.000       |      0.000       | [-1.750, 0.950] |     1.7e+04     |     0.000     |
2026-09-05T21:01:44.092222521Z +-------+----------------------+-----------+---------+----------+-----------------+------------------+------------------+-----------------+-----------------+---------------+
2026-09-05T21:04:23.828977063Z [INFO]: Time taken for simulation start Last: 5.330163 s, Mean: 5.330163 s, Std: 0.000000 s, N: 1
2026-09-05T21:04:23.829029352Z [INFO]: Completed setting up the environment...
2026-09-05T21:04:23.829034744Z FOURBAR_DIAGNOSTIC_SEGMENT {"segment": {"phase": "standing", "motors": [], "offset_rad": 0.0, "steps": 200}, "metrics": {"substeps": 2560, "height_sum": 2779.4373492002487, "min_height_m": 0.135697603225708, "max_applied_nm": 0.968124508857727, "max_demand_nm": 0.968124508857727, "max_closure_point_m": 8.616943318884296e-07, "max_closure_axis_chord": 7.83741484156053e-07, "min_nonfoot_clearance_m": 0.02532404661178589, "nonfoot_contact_env_substeps": 0.0, "min_support": 5.0, "max_envelope_excess_nm": 0.0, "max_continuous_excess_nm": 0.0, "min_burst_headroom": 0.5006889700889587, "invalid_samples": 0.0, "max_passive_relation_error_rad": 3.3736228942871094e-05, "mean_height_m": 0.1357147143164184}}
2026-09-05T21:04:23.831651107Z FOURBAR_DIAGNOSTIC_RESULT {"diagnostic_complete": true, "pass": false, "errors": [], "physical_gate_errors": [], "trace_samples": 3200}
2026-09-05T21:04:24.245698253Z [INFO]: SimulationContext cleared
2026-09-05T21:04:24.263740138Z 2026-09-05T21:01:29Z [6,269ms] [Warning] [carb.omniclient.plugin]  125: OmniHub: ThreadId(02) Hub encountered error. Trying to reconnect to Hub. retry_reason="Hub failed to launch: Io(\"child exited with exit status: 1 without writing file \\\"/tmp/hub-ubuntu-2FEDD508.config.json\\\"\")"
2026-09-05T21:04:24.263772650Z 2026-09-05T21:01:30Z [6,631ms] [Warning] [carb.omniclient.plugin]  125: OmniHub: ThreadId(02) Hub encountered error. Trying to reconnect to Hub. retry_reason="Hub failed to launch: Io(\"child exited with exit status: 1 without writing file \\\"/tmp/hub-ubuntu-2FEDD508.config.json\\\"\")"
2026-09-05T21:04:24.263776218Z 2026-09-05T21:01:30Z [7,003ms] [Warning] [carb.omniclient.plugin]  125: OmniHub: ThreadId(02) Hub encountered error. Trying to reconnect to Hub. retry_reason="Hub failed to launch: Io(\"child exited with exit status: 1 without writing file \\\"/tmp/hub-ubuntu-2FEDD508.config.json\\\"\")"
2026-09-05T21:04:24.263779050Z 2026-09-05T21:01:30Z [7,385ms] [Warning] [carb.omniclient.plugin]  125: OmniHub: ThreadId(02) Hub encountered error. Trying to reconnect to Hub. retry_reason="Hub failed to launch: Io(\"child exited with exit status: 1 without writing file \\\"/tmp/hub-ubuntu-2FEDD508.config.json\\\"\")"
2026-09-05T21:04:24.263781562Z 2026-09-05T21:01:31Z [7,777ms] [Warning] [carb.omniclient.plugin]  125: OmniHub: ThreadId(02) Hub encountered error. Trying to reconnect to Hub. retry_reason="Hub failed to launch: Io(\"child exited with exit status: 1 without writing file \\\"/tmp/hub-ubuntu-2FEDD508.config.json\\\"\")"
2026-09-05T21:04:24.263783898Z 2026-09-05T21:01:31Z [8,179ms] [Warning] [carb.omniclient.plugin]  125: OmniHub: ThreadId(02) Hub encountered error. Trying to reconnect to Hub. retry_reason="Hub failed to launch: Io(\"child exited with exit status: 1 without writing file \\\"/tmp/hub-ubuntu-2FEDD508.config.json\\\"\")"
2026-09-05T21:04:24.263786186Z 2026-09-05T21:01:31Z [8,591ms] [Warning] [carb.omniclient.plugin]  125: OmniHub: ThreadId(02) Hub encountered error. Trying to reconnect to Hub. retry_reason="Hub failed to launch: Io(\"child exited with exit status: 1 without writing file \\\"/tmp/hub-ubuntu-2FEDD508.config.json\\\"\")"
2026-09-05T21:04:24.263789418Z 2026-09-05T21:01:32Z [9,013ms] [Warning] [carb.omniclient.plugin]  125: OmniHub: ThreadId(02) Hub encountered error. Trying to reconnect to Hub. retry_reason="Hub failed to launch: Io(\"child exited with exit status: 1 without writing file \\\"/tmp/hub-ubuntu-2FEDD508.config.json\\\"\")"
2026-09-05T21:04:24.263791754Z 2026-09-05T21:01:32Z [9,445ms] [Warning] [carb.omniclient.plugin]  125: OmniHub: ThreadId(02) Hub encountered error. Trying to reconnect to Hub. retry_reason="Hub failed to launch: Io(\"child exited with exit status: 1 without writing file \\\"/tmp/hub-ubuntu-2FEDD508.config.json\\\"\")"
2026-09-05T21:04:24.263794058Z 2026-09-05T21:01:33Z [9,887ms] [Warning] [carb.omniclient.plugin]  125: OmniHub: ThreadId(02) Hub encountered error. Trying to reconnect to Hub. retry_reason="Hub failed to launch: Io(\"child exited with exit status: 1 without writing file \\\"/tmp/hub-ubuntu-2FEDD508.config.json\\\"\")"
2026-09-05T21:04:24.263813754Z 2026-09-05T21:01:33Z [10,360ms] [Warning] [omni.usd_config.extension] Enable omni.materialx.libs extension to use MaterialX
2026-09-05T21:04:24.263815786Z 2026-09-05T21:01:40Z [16,988ms] [Warning] [usdrt.population.plugin] Last global time was not created. Did you call setEnableUsdNoticeHandling?
2026-09-05T21:04:24.263817626Z 2026-09-05T21:01:44Z [20,703ms] [Warning] [isaaclab_physx.assets.articulation.articulation] Not all actuators are configured! Total number of actuated joints not equal to number of joints available: 18 != 30.
