2026-09-05T00:17:38.217997026Z Loading user config located at: '/isaac-sim/kit/data/Kit/IsaacLab/3.0/user.config.json'
2026-09-05T00:17:38.218057282Z 2026-09-05T00:17:37Z [0ms] [Warning] [omni.ext.plugin] [ext: isaaclab_visualizers] Extensions config 'extension.toml' doesn't exist '/workspace/isaaclab/source/isaaclab_visualizers' or '/workspace/isaaclab/source/isaaclab_visualizers/config'
2026-09-05T00:17:38.218060050Z 2026-09-05T00:17:37Z [0ms] [Warning] [omni.ext.plugin] [ext: configs] Extensions config 'extension.toml' doesn't exist '/workspace/hexapod/configs' or '/workspace/hexapod/configs/config'
2026-09-05T00:17:38.218061282Z 2026-09-05T00:17:37Z [0ms] [Warning] [omni.ext.plugin] [ext: robot] Extensions config 'extension.toml' doesn't exist '/workspace/hexapod/robot' or '/workspace/hexapod/robot/config'
2026-09-05T00:17:38.218062370Z 2026-09-05T00:17:37Z [0ms] [Warning] [omni.ext.plugin] [ext: isaaclab] Extensions config 'extension.toml' doesn't exist '/workspace/hexapod/isaaclab' or '/workspace/hexapod/isaaclab/config'
2026-09-05T00:17:38.218063426Z 2026-09-05T00:17:37Z [0ms] [Warning] [omni.ext.plugin] [ext: tools] Extensions config 'extension.toml' doesn't exist '/workspace/hexapod/tools' or '/workspace/hexapod/tools/config'
2026-09-05T00:17:38.218064482Z 2026-09-05T00:17:37Z [0ms] [Warning] [omni.ext.plugin] [ext: packages] Extensions config 'extension.toml' doesn't exist '/workspace/hexapod/packages' or '/workspace/hexapod/packages/config'
2026-09-05T00:17:38.218065602Z 2026-09-05T00:17:37Z [112ms] [Warning] [carb.omniclient.plugin]  116: OmniHub: ThreadId(02) Hub encountered error. Trying to reconnect to Hub. retry_reason="Hub failed to launch: Io(\"child exited with exit status: 1 without writing file \\\"/tmp/hub-ubuntu-5E07E705.config.json\\\"\")"
2026-09-05T00:17:38.218067586Z 2026-09-05T00:17:37Z [185ms] [Warning] [carb.omniclient.plugin]  116: OmniHub: ThreadId(02) Hub encountered error. Trying to reconnect to Hub. retry_reason="Hub failed to launch: Io(\"child exited with exit status: 1 without writing file \\\"/tmp/hub-ubuntu-5E07E705.config.json\\\"\")"
2026-09-05T00:17:38.218069554Z 2026-09-05T00:17:37Z [267ms] [Warning] [carb.omniclient.plugin]  116: OmniHub: ThreadId(02) Hub encountered error. Trying to reconnect to Hub. retry_reason="Hub failed to launch: Io(\"child exited with exit status: 1 without writing file \\\"/tmp/hub-ubuntu-5E07E705.config.json\\\"\")"
2026-09-05T00:17:38.218070802Z 2026-09-05T00:17:37Z [360ms] [Warning] [carb.omniclient.plugin]  116: OmniHub: ThreadId(02) Hub encountered error. Trying to reconnect to Hub. retry_reason="Hub failed to launch: Io(\"child exited with exit status: 1 without writing file \\\"/tmp/hub-ubuntu-5E07E705.config.json\\\"\")"
2026-09-05T00:17:38.218072082Z 2026-09-05T00:17:37Z [462ms] [Warning] [carb.omniclient.plugin]  116: OmniHub: ThreadId(02) Hub encountered error. Trying to reconnect to Hub. retry_reason="Hub failed to launch: Io(\"child exited with exit status: 1 without writing file \\\"/tmp/hub-ubuntu-5E07E705.config.json\\\"\")"
2026-09-05T00:17:38.218073234Z 2026-09-05T00:17:37Z [575ms] [Warning] [carb.omniclient.plugin]  116: OmniHub: ThreadId(02) Hub encountered error. Trying to reconnect to Hub. retry_reason="Hub failed to launch: Io(\"child exited with exit status: 1 without writing file \\\"/tmp/hub-ubuntu-5E07E705.config.json\\\"\")"
2026-09-05T00:17:38.218074466Z 2026-09-05T00:17:37Z [697ms] [Warning] [carb.omniclient.plugin]  116: OmniHub: ThreadId(02) Hub encountered error. Trying to reconnect to Hub. retry_reason="Hub failed to launch: Io(\"child exited with exit status: 1 without writing file \\\"/tmp/hub-ubuntu-5E07E705.config.json\\\"\")"
2026-09-05T00:17:38.218079906Z 2026-09-05T00:17:37Z [829ms] [Warning] [carb.omniclient.plugin]  116: OmniHub: ThreadId(02) Hub encountered error. Trying to reconnect to Hub. retry_reason="Hub failed to launch: Io(\"child exited with exit status: 1 without writing file \\\"/tmp/hub-ubuntu-5E07E705.config.json\\\"\")"
2026-09-05T00:17:38.218081202Z 2026-09-05T00:17:38Z [973ms] [Warning] [carb.omniclient.plugin]  116: OmniHub: ThreadId(02) Hub encountered error. Trying to reconnect to Hub. retry_reason="Hub failed to launch: Io(\"child exited with exit status: 1 without writing file \\\"/tmp/hub-ubuntu-5E07E705.config.json\\\"\")"
2026-09-05T00:17:38.218082482Z 2026-09-05T00:17:38Z [1,127ms] [Warning] [carb.omniclient.plugin]  116: OmniHub: ThreadId(02) Hub encountered error. Trying to reconnect to Hub. retry_reason="Hub failed to launch: Io(\"child exited with exit status: 1 without writing file \\\"/tmp/hub-ubuntu-5E07E705.config.json\\\"\")"
2026-09-05T00:17:41.713879947Z 2026-09-05T00:17:38Z [1,289ms] [Warning] [carb.omniclient.plugin]  116: OmniHub: ThreadId(02) Hub encountered error. Trying to reconnect to Hub. retry_reason="Hub failed to launch: Io(\"child exited with exit status: 1 without writing file \\\"/tmp/hub-ubuntu-5E07E705.config.json\\\"\")"
2026-09-05T00:17:41.713917660Z 2026-09-05T00:17:38Z [1,463ms] [Warning] [carb.omniclient.plugin]  116: OmniHub: ThreadId(02) Hub encountered error. Trying to reconnect to Hub. retry_reason="Hub failed to launch: Io(\"child exited with exit status: 1 without writing file \\\"/tmp/hub-ubuntu-5E07E705.config.json\\\"\")"
2026-09-05T00:17:41.713921084Z 2026-09-05T00:17:38Z [1,646ms] [Warning] [carb.omniclient.plugin]  116: OmniHub: ThreadId(02) Hub encountered error. Trying to reconnect to Hub. retry_reason="Hub failed to launch: Io(\"child exited with exit status: 1 without writing file \\\"/tmp/hub-ubuntu-5E07E705.config.json\\\"\")"
2026-09-05T00:17:41.713923852Z 2026-09-05T00:17:38Z [1,839ms] [Warning] [carb.omniclient.plugin]  116: OmniHub: ThreadId(02) Hub encountered error. Trying to reconnect to Hub. retry_reason="Hub failed to launch: Io(\"child exited with exit status: 1 without writing file \\\"/tmp/hub-ubuntu-5E07E705.config.json\\\"\")"
2026-09-05T00:17:41.713926332Z 2026-09-05T00:17:39Z [2,041ms] [Warning] [carb.omniclient.plugin]  116: OmniHub: ThreadId(02) Hub encountered error. Trying to reconnect to Hub. retry_reason="Hub failed to launch: Io(\"child exited with exit status: 1 without writing file \\\"/tmp/hub-ubuntu-5E07E705.config.json\\\"\")"
2026-09-05T00:17:41.713928828Z 2026-09-05T00:17:39Z [2,255ms] [Warning] [carb.omniclient.plugin]  116: OmniHub: ThreadId(02) Hub encountered error. Trying to reconnect to Hub. retry_reason="Hub failed to launch: Io(\"child exited with exit status: 1 without writing file \\\"/tmp/hub-ubuntu-5E07E705.config.json\\\"\")"
2026-09-05T00:17:41.713931436Z 2026-09-05T00:17:39Z [2,479ms] [Warning] [carb.omniclient.plugin]  116: OmniHub: ThreadId(02) Hub encountered error. Trying to reconnect to Hub. retry_reason="Hub failed to launch: Io(\"child exited with exit status: 1 without writing file \\\"/tmp/hub-ubuntu-5E07E705.config.json\\\"\")"
2026-09-05T00:17:41.713934764Z 2026-09-05T00:17:39Z [2,712ms] [Warning] [carb.omniclient.plugin]  116: OmniHub: ThreadId(02) Hub encountered error. Trying to reconnect to Hub. retry_reason="Hub failed to launch: Io(\"child exited with exit status: 1 without writing file \\\"/tmp/hub-ubuntu-5E07E705.config.json\\\"\")"
2026-09-05T00:17:41.713950300Z 2026-09-05T00:17:40Z [2,956ms] [Warning] [carb.omniclient.plugin]  116: OmniHub: ThreadId(02) Hub encountered error. Trying to reconnect to Hub. retry_reason="Hub failed to launch: Io(\"child exited with exit status: 1 without writing file \\\"/tmp/hub-ubuntu-5E07E705.config.json\\\"\")"
2026-09-05T00:17:41.713952780Z 2026-09-05T00:17:40Z [3,209ms] [Warning] [carb.omniclient.plugin]  116: OmniHub: ThreadId(02) Hub encountered error. Trying to reconnect to Hub. retry_reason="Hub failed to launch: Io(\"child exited with exit status: 1 without writing file \\\"/tmp/hub-ubuntu-5E07E705.config.json\\\"\")"
2026-09-05T00:17:41.713955148Z 2026-09-05T00:17:40Z [3,471ms] [Warning] [carb.omniclient.plugin]  116: OmniHub: ThreadId(02) Hub encountered error. Trying to reconnect to Hub. retry_reason="Hub failed to launch: Io(\"child exited with exit status: 1 without writing file \\\"/tmp/hub-ubuntu-5E07E705.config.json\\\"\")"
2026-09-05T00:17:41.713957340Z 2026-09-05T00:17:40Z [3,744ms] [Warning] [carb.omniclient.plugin]  116: OmniHub: ThreadId(02) Hub encountered error. Trying to reconnect to Hub. retry_reason="Hub failed to launch: Io(\"child exited with exit status: 1 without writing file \\\"/tmp/hub-ubuntu-5E07E705.config.json\\\"\")"
2026-09-05T00:17:41.713959516Z 2026-09-05T00:17:41Z [4,028ms] [Warning] [carb.omniclient.plugin]  116: OmniHub: ThreadId(02) Hub encountered error. Trying to reconnect to Hub. retry_reason="Hub failed to launch: Io(\"child exited with exit status: 1 without writing file \\\"/tmp/hub-ubuntu-5E07E705.config.json\\\"\")"
2026-09-05T00:17:41.713961692Z 2026-09-05T00:17:41Z [4,320ms] [Warning] [carb.omniclient.plugin]  116: OmniHub: ThreadId(02) Hub encountered error. Trying to reconnect to Hub. retry_reason="Hub failed to launch: Io(\"child exited with exit status: 1 without writing file \\\"/tmp/hub-ubuntu-5E07E705.config.json\\\"\")"
2026-09-05T00:17:41.713964012Z 2026-09-05T00:17:41Z [4,624ms] [Warning] [carb.omniclient.plugin]  116: OmniHub: ThreadId(02) Hub encountered error. Trying to reconnect to Hub. retry_reason="Hub failed to launch: Io(\"child exited with exit status: 1 without writing file \\\"/tmp/hub-ubuntu-5E07E705.config.json\\\"\")"
2026-09-05T00:17:47.465578387Z WARNING: All log messages before absl::InitializeLog() is called are written to STDERR
2026-09-05T00:17:47.465611491Z E0000 00:00:1788567467.465293      24 descriptor_database.cc:633] File already exists in database: grpc/health/v1/health.proto
2026-09-05T00:17:47.465614243Z W0000 00:00:1788567467.465316      24 message.cc:301] Protobuf GeneratedMessageFactory: File is already registered: grpc/health/v1/health.proto
2026-09-05T00:17:47.480515752Z 2026-09-05T00:17:42Z [4,936ms] [Warning] [carb.omniclient.plugin]  116: OmniHub: ThreadId(02) Hub encountered error. Trying to reconnect to Hub. retry_reason="Hub failed to launch: Io(\"child exited with exit status: 1 without writing file \\\"/tmp/hub-ubuntu-5E07E705.config.json\\\"\")"
2026-09-05T00:17:47.480542392Z 2026-09-05T00:17:42Z [5,260ms] [Warning] [carb.omniclient.plugin]  116: OmniHub: ThreadId(02) Hub encountered error. Trying to reconnect to Hub. retry_reason="Hub failed to launch: Io(\"child exited with exit status: 1 without writing file \\\"/tmp/hub-ubuntu-5E07E705.config.json\\\"\")"
2026-09-05T00:17:47.480557992Z 2026-09-05T00:17:42Z [5,593ms] [Warning] [carb.omniclient.plugin]  116: OmniHub: ThreadId(02) Hub encountered error. Trying to reconnect to Hub. retry_reason="Hub failed to launch: Io(\"child exited with exit status: 1 without writing file \\\"/tmp/hub-ubuntu-5E07E705.config.json\\\"\")"
2026-09-05T00:17:47.480560840Z 2026-09-05T00:17:43Z [5,936ms] [Warning] [carb.omniclient.plugin]  116: OmniHub: ThreadId(02) Hub encountered error. Trying to reconnect to Hub. retry_reason="Hub failed to launch: Io(\"child exited with exit status: 1 without writing file \\\"/tmp/hub-ubuntu-5E07E705.config.json\\\"\")"
2026-09-05T00:17:47.480563368Z 2026-09-05T00:17:43Z [6,290ms] [Warning] [carb.omniclient.plugin]  116: OmniHub: ThreadId(02) Hub encountered error. Trying to reconnect to Hub. retry_reason="Hub failed to launch: Io(\"child exited with exit status: 1 without writing file \\\"/tmp/hub-ubuntu-5E07E705.config.json\\\"\")"
2026-09-05T00:17:47.480565592Z 2026-09-05T00:17:43Z [6,654ms] [Warning] [carb.omniclient.plugin]  116: OmniHub: ThreadId(02) Hub encountered error. Trying to reconnect to Hub. retry_reason="Hub failed to launch: Io(\"child exited with exit status: 1 without writing file \\\"/tmp/hub-ubuntu-5E07E705.config.json\\\"\")"
2026-09-05T00:17:47.480567848Z 2026-09-05T00:17:44Z [7,025ms] [Warning] [carb.omniclient.plugin]  116: OmniHub: ThreadId(02) Hub encountered error. Trying to reconnect to Hub. retry_reason="Hub failed to launch: Io(\"child exited with exit status: 1 without writing file \\\"/tmp/hub-ubuntu-5E07E705.config.json\\\"\")"
2026-09-05T00:17:47.480570984Z 2026-09-05T00:17:44Z [7,409ms] [Warning] [carb.omniclient.plugin]  116: OmniHub: ThreadId(02) Hub encountered error. Trying to reconnect to Hub. retry_reason="Hub failed to launch: Io(\"child exited with exit status: 1 without writing file \\\"/tmp/hub-ubuntu-5E07E705.config.json\\\"\")"
2026-09-05T00:17:47.480573144Z 2026-09-05T00:17:44Z [7,802ms] [Warning] [carb.omniclient.plugin]  116: OmniHub: ThreadId(02) Hub encountered error. Trying to reconnect to Hub. retry_reason="Hub failed to launch: Io(\"child exited with exit status: 1 without writing file \\\"/tmp/hub-ubuntu-5E07E705.config.json\\\"\")"
2026-09-05T00:17:47.480575288Z 2026-09-05T00:17:45Z [8,206ms] [Warning] [carb.omniclient.plugin]  116: OmniHub: ThreadId(02) Hub encountered error. Trying to reconnect to Hub. retry_reason="Hub failed to launch: Io(\"child exited with exit status: 1 without writing file \\\"/tmp/hub-ubuntu-5E07E705.config.json\\\"\")"
2026-09-05T00:17:47.480577512Z 2026-09-05T00:17:45Z [8,617ms] [Warning] [carb.omniclient.plugin]  116: OmniHub: ThreadId(02) Hub encountered error. Trying to reconnect to Hub. retry_reason="Hub failed to launch: Io(\"child exited with exit status: 1 without writing file \\\"/tmp/hub-ubuntu-5E07E705.config.json\\\"\")"
2026-09-05T00:17:47.480579608Z 2026-09-05T00:17:46Z [9,041ms] [Warning] [carb.omniclient.plugin]  116: OmniHub: ThreadId(02) Hub encountered error. Trying to reconnect to Hub. retry_reason="Hub failed to launch: Io(\"child exited with exit status: 1 without writing file \\\"/tmp/hub-ubuntu-5E07E705.config.json\\\"\")"
2026-09-05T00:17:47.480581704Z 2026-09-05T00:17:46Z [9,475ms] [Warning] [carb.omniclient.plugin]  116: OmniHub: ThreadId(02) Hub encountered error. Trying to reconnect to Hub. retry_reason="Hub failed to launch: Io(\"child exited with exit status: 1 without writing file \\\"/tmp/hub-ubuntu-5E07E705.config.json\\\"\")"
2026-09-05T00:17:47.480586392Z 2026-09-05T00:17:47Z [9,917ms] [Warning] [carb.omniclient.plugin]  116: OmniHub: ThreadId(02) Hub encountered error. Trying to reconnect to Hub. retry_reason="Hub failed to launch: Io(\"child exited with exit status: 1 without writing file \\\"/tmp/hub-ubuntu-5E07E705.config.json\\\"\")"
2026-09-05T00:17:47.480588920Z 2026-09-05T00:17:47Z [10,390ms] [Warning] [omni.usd_config.extension] Enable omni.materialx.libs extension to use MaterialX
2026-09-05T00:17:48.595508332Z /workspace/isaaclab/_isaac_sim/kit/python/lib/python3.12/site-packages/torch/cuda/__init__.py:435: UserWarning: 
2026-09-05T00:17:48.595559932Z     Found GPU0 NVIDIA GB10 which is of cuda capability 12.1.
2026-09-05T00:17:48.595562540Z     Minimum and Maximum cuda capability supported by this version of PyTorch is
2026-09-05T00:17:48.595564636Z     (8.0) - (12.0)
2026-09-05T00:17:48.595566444Z     
2026-09-05T00:17:48.595568156Z   queued_call()
2026-09-05T00:17:48.596546673Z [ISAACLAB] AppLauncher initialization complete
2026-09-05T00:17:50.008217181Z [INFO]: Parsing configuration from: hexapod_rl.tasks.mkii_v2:HexapodMkiiV2FlatEnvCfg
2026-09-05T00:17:50.008239389Z [INFO]: Base environment:
2026-09-05T00:17:50.008240621Z 	Environment device    : cuda:0
2026-09-05T00:17:50.008241981Z 	Environment seed      : 0
2026-09-05T00:17:50.008242973Z 	Physics step-size     : 0.005
2026-09-05T00:17:50.008244029Z 	Rendering step-size   : 0.02
2026-09-05T00:17:50.008245149Z 	Environment step-size : 0.02
2026-09-05T00:17:50.008246173Z [INFO]: Registered backend 'physx' for factory Articulation.
2026-09-05T00:17:50.069138695Z [INFO]: Registered backend 'physx' for factory ContactSensor.
2026-09-05T00:17:55.579867094Z [INFO]: Time taken for scene creation Last: 1.103193 s, Mean: 1.103193 s, Std: 0.000000 s, N: 1
2026-09-05T00:17:55.579902822Z [INFO]: Scene manager:  <class InteractiveScene>
2026-09-05T00:17:55.579905510Z 	Number of environments: 1
2026-09-05T00:17:55.579907654Z 	Environment spacing   : 2.0
2026-09-05T00:17:55.579909430Z 	Source prim name      : /World/envs/env_0
2026-09-05T00:17:55.579911030Z 	Global prim paths     : []
2026-09-05T00:17:55.579912614Z 	Replicate physics     : True
2026-09-05T00:17:55.579914182Z [INFO]: Starting the simulation. This may take a few seconds. Please wait...
2026-09-05T00:17:55.579916038Z [INFO]: Simulation parameters for joints in /World/envs/env_.*/Robot:
2026-09-05T00:17:55.579917846Z +---------------------------------------------------------------------------------------------------------------------------------------------------------------------+
2026-09-05T00:17:55.579919734Z |                                                  Simulation Joint Information (Prim path: /World/envs/env_.*/Robot)                                                 |
2026-09-05T00:17:55.579938054Z +-------+----------------+-----------+---------+----------+-----------------+------------------+------------------+-----------------+-----------------+---------------+
2026-09-05T00:17:55.579940134Z | Index | Name           | Stiffness | Damping | Armature | Static Friction | Dynamic Friction | Viscous Friction | Position Limits | Velocity Limits | Effort Limits |
2026-09-05T00:17:55.579941926Z +-------+----------------+-----------+---------+----------+-----------------+------------------+------------------+-----------------+-----------------+---------------+
2026-09-05T00:17:55.579943686Z |   0   | lf_coxa_yaw    |   0.000   |  0.000  |  0.001   |      0.010      |      0.010       |      0.002       | [-0.873, 0.873] |      55.292     |     5.500     |
2026-09-05T00:17:55.579945446Z |   1   | lm_coxa_yaw    |   0.000   |  0.000  |  0.001   |      0.010      |      0.010       |      0.002       | [-0.873, 0.873] |      55.292     |     5.500     |
2026-09-05T00:17:55.579947190Z |   2   | lr_coxa_yaw    |   0.000   |  0.000  |  0.001   |      0.010      |      0.010       |      0.002       | [-0.873, 0.873] |      55.292     |     5.500     |
2026-09-05T00:17:55.579948934Z |   3   | rf_coxa_yaw    |   0.000   |  0.000  |  0.001   |      0.010      |      0.010       |      0.002       | [-0.873, 0.873] |      55.292     |     5.500     |
2026-09-05T00:17:55.579951862Z |   4   | rm_coxa_yaw    |   0.000   |  0.000  |  0.001   |      0.010      |      0.010       |      0.002       | [-0.873, 0.873] |      55.292     |     5.500     |
2026-09-05T00:17:55.579953702Z |   5   | rr_coxa_yaw    |   0.000   |  0.000  |  0.001   |      0.010      |      0.010       |      0.002       | [-0.873, 0.873] |      55.292     |     5.500     |
2026-09-05T00:17:55.579955462Z |   6   | lf_femur_pitch |   0.000   |  0.000  |  0.001   |      0.010      |      0.010       |      0.002       | [-1.745, 0.550] |      55.292     |     5.500     |
2026-09-05T00:17:55.579957158Z |   7   | lm_femur_pitch |   0.000   |  0.000  |  0.001   |      0.010      |      0.010       |      0.002       | [-1.745, 0.550] |      55.292     |     5.500     |
2026-09-05T00:17:55.579958918Z |   8   | lr_femur_pitch |   0.000   |  0.000  |  0.001   |      0.010      |      0.010       |      0.002       | [-1.745, 0.550] |      55.292     |     5.500     |
2026-09-05T00:17:55.579960582Z |   9   | rf_femur_pitch |   0.000   |  0.000  |  0.001   |      0.010      |      0.010       |      0.002       | [-1.745, 0.550] |      55.292     |     5.500     |
2026-09-05T00:17:55.579962454Z |   10  | rm_femur_pitch |   0.000   |  0.000  |  0.001   |      0.010      |      0.010       |      0.002       | [-1.745, 0.550] |      55.292     |     5.500     |
2026-09-05T00:17:55.579964166Z |   11  | rr_femur_pitch |   0.000   |  0.000  |  0.001   |      0.010      |      0.010       |      0.002       | [-1.745, 0.550] |      55.292     |     5.500     |
2026-09-05T00:17:55.579966102Z |   12  | lf_tibia_pitch |   0.000   |  0.000  |  0.001   |      0.010      |      0.010       |      0.002       | [-0.950, 1.750] |      55.292     |     5.500     |
2026-09-05T00:17:55.579968102Z |   13  | lm_tibia_pitch |   0.000   |  0.000  |  0.001   |      0.010      |      0.010       |      0.002       | [-0.950, 1.750] |      55.292     |     5.500     |
2026-09-05T00:17:55.579969830Z |   14  | lr_tibia_pitch |   0.000   |  0.000  |  0.001   |      0.010      |      0.010       |      0.002       | [-0.950, 1.750] |      55.292     |     5.500     |
2026-09-05T00:17:55.579975158Z |   15  | rf_tibia_pitch |   0.000   |  0.000  |  0.001   |      0.010      |      0.010       |      0.002       | [-0.950, 1.750] |      55.292     |     5.500     |
2026-09-05T00:17:55.579977286Z |   16  | rm_tibia_pitch |   0.000   |  0.000  |  0.001   |      0.010      |      0.010       |      0.002       | [-0.950, 1.750] |      55.292     |     5.500     |
2026-09-05T00:17:55.579979078Z |   17  | rr_tibia_pitch |   0.000   |  0.000  |  0.001   |      0.010      |      0.010       |      0.002       | [-0.950, 1.750] |      55.292     |     5.500     |
2026-09-05T00:17:55.579980854Z +-------+----------------+-----------+---------+----------+-----------------+------------------+------------------+-----------------+-----------------+---------------+
2026-09-05T00:17:58.274366054Z [INFO]: Time taken for simulation start Last: 4.751099 s, Mean: 4.751099 s, Std: 0.000000 s, N: 1
2026-09-05T00:17:58.274391975Z [INFO] Event Manager:  <EventManager> contains 1 active terms.
2026-09-05T00:17:58.274393511Z +--------------------------------------+
2026-09-05T00:17:58.274394711Z | Active Event Terms in Mode: 'startup' |
2026-09-05T00:17:58.274395735Z +----------+---------------------------+
2026-09-05T00:17:58.274398951Z |  Index   | Name                      |
2026-09-05T00:17:58.274399991Z +----------+---------------------------+
2026-09-05T00:17:58.274401063Z |    0     | physics_material          |
2026-09-05T00:17:58.274402023Z +----------+---------------------------+
2026-09-05T00:17:58.274403063Z 
2026-09-05T00:17:58.274404007Z [INFO]: Completed setting up the environment...
2026-09-05T00:17:58.274405223Z MKII_V2_JOINT_NAMES ["lf_coxa_yaw", "lm_coxa_yaw", "lr_coxa_yaw", "rf_coxa_yaw", "rm_coxa_yaw", "rr_coxa_yaw", "lf_femur_pitch", "lm_femur_pitch", "lr_femur_pitch", "rf_femur_pitch", "rm_femur_pitch", "rr_femur_pitch", "lf_tibia_pitch", "lm_tibia_pitch", "lr_tibia_pitch", "rf_tibia_pitch", "rm_tibia_pitch", "rr_tibia_pitch"]
2026-09-05T00:17:58.416650448Z MKII_V2_PROGRESS step=1/100 min_height=0.140577 computed=0.133330
2026-09-05T00:18:01.530500390Z MKII_V2_PROGRESS step=100/100 min_height=0.135628 computed=0.728261
2026-09-05T00:18:01.531110794Z MKII_V2_VALIDATION_PASS report=/workspace/validation_artifacts/report.json
2026-09-05T00:18:01.886907346Z [INFO]: SimulationContext cleared
2026-09-05T00:18:01.927668250Z 2026-09-05T00:17:49Z [12,815ms] [Warning] [isaaclab_physx.physics.physx_manager] TGS solver with enable_external_forces_every_iteration=False may cause noisy velocities.
2026-09-05T00:18:01.927690794Z 2026-09-05T00:17:52Z [15,132ms] [Warning] [usdrt.population.plugin] Last global time was not created. Did you call setEnableUsdNoticeHandling?
