time="2026-09-14T20:38:53-05:00" level=warning msg="No services to build"
time="2026-09-14T20:38:53-05:00" level=warning msg="No services to build"
 Container hexapod-reference-physics-0fb7403aa0fb4abc8f0a16e0a0ae2d9d Creating 
 Container hexapod-reference-physics-0fb7403aa0fb4abc8f0a16e0a0ae2d9d Created 
Loading user config located at: '/isaac-sim/kit/data/Kit/IsaacLab/3.0/user.config.json'
2026-09-15T01:38:54Z [Info] [carb] Logging to file: /isaac-sim/kit/logs/Kit/IsaacLab/3.0/kit_20260915_013854.log
2026-09-15T01:38:54Z [2ms] [Warning] [omni.ext.plugin] [ext: isaaclab_visualizers] Extensions config 'extension.toml' doesn't exist '/workspace/isaaclab/source/isaaclab_visualizers' or '/workspace/isaaclab/source/isaaclab_visualizers/config'
2026-09-15T01:38:54Z [2ms] [Warning] [omni.ext.plugin] [ext: jobs] Extensions config 'extension.toml' doesn't exist '/output/jobs' or '/output/jobs/config'
2026-09-15T01:38:54Z [2ms] [Warning] [omni.ext.plugin] [ext: logs] Extensions config 'extension.toml' doesn't exist '/output/logs' or '/output/logs/config'
2026-09-15T01:38:54Z [3ms] [Warning] [omni.ext.plugin] [ext: standing] Extensions config 'extension.toml' doesn't exist '/output/standing' or '/output/standing/config'
2026-09-15T01:38:54Z [204ms] [Warning] [carb.omniclient.plugin]  45: OmniHub: ThreadId(02) Hub encountered error. Trying to reconnect to Hub. retry_reason="Hub failed to launch: Io(\"child exited with exit status: 1 without writing file \\\"/tmp/hub-ubuntu-E850019C.config.json\\\"\")"
2026-09-15T01:38:54Z [277ms] [Warning] [carb.omniclient.plugin]  45: OmniHub: ThreadId(02) Hub encountered error. Trying to reconnect to Hub. retry_reason="Hub failed to launch: Io(\"child exited with exit status: 1 without writing file \\\"/tmp/hub-ubuntu-E850019C.config.json\\\"\")"
2026-09-15T01:38:54Z [359ms] [Warning] [carb.omniclient.plugin]  45: OmniHub: ThreadId(02) Hub encountered error. Trying to reconnect to Hub. retry_reason="Hub failed to launch: Io(\"child exited with exit status: 1 without writing file \\\"/tmp/hub-ubuntu-E850019C.config.json\\\"\")"
2026-09-15T01:38:54Z [453ms] [Warning] [carb.omniclient.plugin]  45: OmniHub: ThreadId(02) Hub encountered error. Trying to reconnect to Hub. retry_reason="Hub failed to launch: Io(\"child exited with exit status: 1 without writing file \\\"/tmp/hub-ubuntu-E850019C.config.json\\\"\")"
2026-09-15T01:38:54Z [557ms] [Warning] [carb.omniclient.plugin]  45: OmniHub: ThreadId(02) Hub encountered error. Trying to reconnect to Hub. retry_reason="Hub failed to launch: Io(\"child exited with exit status: 1 without writing file \\\"/tmp/hub-ubuntu-E850019C.config.json\\\"\")"
2026-09-15T01:38:55Z [671ms] [Warning] [carb.omniclient.plugin]  45: OmniHub: ThreadId(02) Hub encountered error. Trying to reconnect to Hub. retry_reason="Hub failed to launch: Io(\"child exited with exit status: 1 without writing file \\\"/tmp/hub-ubuntu-E850019C.config.json\\\"\")"
2026-09-15T01:38:55Z [794ms] [Warning] [carb.omniclient.plugin]  45: OmniHub: ThreadId(02) Hub encountered error. Trying to reconnect to Hub. retry_reason="Hub failed to launch: Io(\"child exited with exit status: 1 without writing file \\\"/tmp/hub-ubuntu-E850019C.config.json\\\"\")"
2026-09-15T01:38:55Z [927ms] [Warning] [carb.omniclient.plugin]  45: OmniHub: ThreadId(02) Hub encountered error. Trying to reconnect to Hub. retry_reason="Hub failed to launch: Io(\"child exited with exit status: 1 without writing file \\\"/tmp/hub-ubuntu-E850019C.config.json\\\"\")"
2026-09-15T01:38:55Z [1,072ms] [Warning] [carb.omniclient.plugin]  45: OmniHub: ThreadId(02) Hub encountered error. Trying to reconnect to Hub. retry_reason="Hub failed to launch: Io(\"child exited with exit status: 1 without writing file \\\"/tmp/hub-ubuntu-E850019C.config.json\\\"\")"
2026-09-15T01:38:55Z [1,225ms] [Warning] [carb.omniclient.plugin]  45: OmniHub: ThreadId(02) Hub encountered error. Trying to reconnect to Hub. retry_reason="Hub failed to launch: Io(\"child exited with exit status: 1 without writing file \\\"/tmp/hub-ubuntu-E850019C.config.json\\\"\")"
2026-09-15T01:38:55Z [1,390ms] [Warning] [carb.omniclient.plugin]  45: OmniHub: ThreadId(02) Hub encountered error. Trying to reconnect to Hub. retry_reason="Hub failed to launch: Io(\"child exited with exit status: 1 without writing file \\\"/tmp/hub-ubuntu-E850019C.config.json\\\"\")"
2026-09-15T01:38:55Z [1,563ms] [Warning] [carb.omniclient.plugin]  45: OmniHub: ThreadId(02) Hub encountered error. Trying to reconnect to Hub. retry_reason="Hub failed to launch: Io(\"child exited with exit status: 1 without writing file \\\"/tmp/hub-ubuntu-E850019C.config.json\\\"\")"
2026-09-15T01:38:56Z [1,747ms] [Warning] [carb.omniclient.plugin]  45: OmniHub: ThreadId(02) Hub encountered error. Trying to reconnect to Hub. retry_reason="Hub failed to launch: Io(\"child exited with exit status: 1 without writing file \\\"/tmp/hub-ubuntu-E850019C.config.json\\\"\")"
2026-09-15T01:38:56Z [1,940ms] [Warning] [carb.omniclient.plugin]  45: OmniHub: ThreadId(02) Hub encountered error. Trying to reconnect to Hub. retry_reason="Hub failed to launch: Io(\"child exited with exit status: 1 without writing file \\\"/tmp/hub-ubuntu-E850019C.config.json\\\"\")"
2026-09-15T01:38:56Z [2,145ms] [Warning] [carb.omniclient.plugin]  45: OmniHub: ThreadId(02) Hub encountered error. Trying to reconnect to Hub. retry_reason="Hub failed to launch: Io(\"child exited with exit status: 1 without writing file \\\"/tmp/hub-ubuntu-E850019C.config.json\\\"\")"
2026-09-15T01:38:56Z [2,358ms] [Warning] [carb.omniclient.plugin]  45: OmniHub: ThreadId(02) Hub encountered error. Trying to reconnect to Hub. retry_reason="Hub failed to launch: Io(\"child exited with exit status: 1 without writing file \\\"/tmp/hub-ubuntu-E850019C.config.json\\\"\")"
2026-09-15T01:38:56Z [2,581ms] [Warning] [carb.omniclient.plugin]  45: OmniHub: ThreadId(02) Hub encountered error. Trying to reconnect to Hub. retry_reason="Hub failed to launch: Io(\"child exited with exit status: 1 without writing file \\\"/tmp/hub-ubuntu-E850019C.config.json\\\"\")"
2026-09-15T01:38:57Z [2,814ms] [Warning] [carb.omniclient.plugin]  45: OmniHub: ThreadId(02) Hub encountered error. Trying to reconnect to Hub. retry_reason="Hub failed to launch: Io(\"child exited with exit status: 1 without writing file \\\"/tmp/hub-ubuntu-E850019C.config.json\\\"\")"
2026-09-15T01:38:57Z [3,057ms] [Warning] [carb.omniclient.plugin]  45: OmniHub: ThreadId(02) Hub encountered error. Trying to reconnect to Hub. retry_reason="Hub failed to launch: Io(\"child exited with exit status: 1 without writing file \\\"/tmp/hub-ubuntu-E850019C.config.json\\\"\")"
2026-09-15T01:38:57Z [3,311ms] [Warning] [carb.omniclient.plugin]  45: OmniHub: ThreadId(02) Hub encountered error. Trying to reconnect to Hub. retry_reason="Hub failed to launch: Io(\"child exited with exit status: 1 without writing file \\\"/tmp/hub-ubuntu-E850019C.config.json\\\"\")"
2026-09-15T01:38:57Z [3,576ms] [Warning] [carb.omniclient.plugin]  45: OmniHub: ThreadId(02) Hub encountered error. Trying to reconnect to Hub. retry_reason="Hub failed to launch: Io(\"child exited with exit status: 1 without writing file \\\"/tmp/hub-ubuntu-E850019C.config.json\\\"\")"
2026-09-15T01:38:58Z [3,849ms] [Warning] [carb.omniclient.plugin]  45: OmniHub: ThreadId(02) Hub encountered error. Trying to reconnect to Hub. retry_reason="Hub failed to launch: Io(\"child exited with exit status: 1 without writing file \\\"/tmp/hub-ubuntu-E850019C.config.json\\\"\")"
2026-09-15T01:38:58Z [4,133ms] [Warning] [carb.omniclient.plugin]  45: OmniHub: ThreadId(02) Hub encountered error. Trying to reconnect to Hub. retry_reason="Hub failed to launch: Io(\"child exited with exit status: 1 without writing file \\\"/tmp/hub-ubuntu-E850019C.config.json\\\"\")"
2026-09-15T01:38:58Z [4,426ms] [Warning] [carb.omniclient.plugin]  45: OmniHub: ThreadId(02) Hub encountered error. Trying to reconnect to Hub. retry_reason="Hub failed to launch: Io(\"child exited with exit status: 1 without writing file \\\"/tmp/hub-ubuntu-E850019C.config.json\\\"\")"
2026-09-15T01:38:59Z [4,730ms] [Warning] [carb.omniclient.plugin]  45: OmniHub: ThreadId(02) Hub encountered error. Trying to reconnect to Hub. retry_reason="Hub failed to launch: Io(\"child exited with exit status: 1 without writing file \\\"/tmp/hub-ubuntu-E850019C.config.json\\\"\")"
2026-09-15T01:38:59Z [5,045ms] [Warning] [carb.omniclient.plugin]  45: OmniHub: ThreadId(02) Hub encountered error. Trying to reconnect to Hub. retry_reason="Hub failed to launch: Io(\"child exited with exit status: 1 without writing file \\\"/tmp/hub-ubuntu-E850019C.config.json\\\"\")"
2026-09-15T01:38:59Z [5,368ms] [Warning] [carb.omniclient.plugin]  45: OmniHub: ThreadId(02) Hub encountered error. Trying to reconnect to Hub. retry_reason="Hub failed to launch: Io(\"child exited with exit status: 1 without writing file \\\"/tmp/hub-ubuntu-E850019C.config.json\\\"\")"
2026-09-15T01:39:00Z [5,701ms] [Warning] [carb.omniclient.plugin]  45: OmniHub: ThreadId(02) Hub encountered error. Trying to reconnect to Hub. retry_reason="Hub failed to launch: Io(\"child exited with exit status: 1 without writing file \\\"/tmp/hub-ubuntu-E850019C.config.json\\\"\")"
2026-09-15T01:39:00Z [6,044ms] [Warning] [carb.omniclient.plugin]  45: OmniHub: ThreadId(02) Hub encountered error. Trying to reconnect to Hub. retry_reason="Hub failed to launch: Io(\"child exited with exit status: 1 without writing file \\\"/tmp/hub-ubuntu-E850019C.config.json\\\"\")"
2026-09-15T01:39:00Z [6,398ms] [Warning] [carb.omniclient.plugin]  45: OmniHub: ThreadId(02) Hub encountered error. Trying to reconnect to Hub. retry_reason="Hub failed to launch: Io(\"child exited with exit status: 1 without writing file \\\"/tmp/hub-ubuntu-E850019C.config.json\\\"\")"
2026-09-15T01:39:01Z [6,762ms] [Warning] [carb.omniclient.plugin]  45: OmniHub: ThreadId(02) Hub encountered error. Trying to reconnect to Hub. retry_reason="Hub failed to launch: Io(\"child exited with exit status: 1 without writing file \\\"/tmp/hub-ubuntu-E850019C.config.json\\\"\")"
2026-09-15T01:39:01Z [7,136ms] [Warning] [carb.omniclient.plugin]  45: OmniHub: ThreadId(02) Hub encountered error. Trying to reconnect to Hub. retry_reason="Hub failed to launch: Io(\"child exited with exit status: 1 without writing file \\\"/tmp/hub-ubuntu-E850019C.config.json\\\"\")"
2026-09-15T01:39:01Z [7,519ms] [Warning] [carb.omniclient.plugin]  45: OmniHub: ThreadId(02) Hub encountered error. Trying to reconnect to Hub. retry_reason="Hub failed to launch: Io(\"child exited with exit status: 1 without writing file \\\"/tmp/hub-ubuntu-E850019C.config.json\\\"\")"
2026-09-15T01:39:02Z [7,913ms] [Warning] [carb.omniclient.plugin]  45: OmniHub: ThreadId(02) Hub encountered error. Trying to reconnect to Hub. retry_reason="Hub failed to launch: Io(\"child exited with exit status: 1 without writing file \\\"/tmp/hub-ubuntu-E850019C.config.json\\\"\")"
2026-09-15T01:39:02Z [8,316ms] [Warning] [carb.omniclient.plugin]  45: OmniHub: ThreadId(02) Hub encountered error. Trying to reconnect to Hub. retry_reason="Hub failed to launch: Io(\"child exited with exit status: 1 without writing file \\\"/tmp/hub-ubuntu-E850019C.config.json\\\"\")"
2026-09-15T01:39:03Z [8,729ms] [Warning] [carb.omniclient.plugin]  45: OmniHub: ThreadId(02) Hub encountered error. Trying to reconnect to Hub. retry_reason="Hub failed to launch: Io(\"child exited with exit status: 1 without writing file \\\"/tmp/hub-ubuntu-E850019C.config.json\\\"\")"
2026-09-15T01:39:03Z [9,153ms] [Warning] [carb.omniclient.plugin]  45: OmniHub: ThreadId(02) Hub encountered error. Trying to reconnect to Hub. retry_reason="Hub failed to launch: Io(\"child exited with exit status: 1 without writing file \\\"/tmp/hub-ubuntu-E850019C.config.json\\\"\")"
2026-09-15T01:39:03Z [9,584ms] [Warning] [carb.omniclient.plugin]  45: OmniHub: ThreadId(02) Hub encountered error. Trying to reconnect to Hub. retry_reason="Hub failed to launch: Io(\"child exited with exit status: 1 without writing file \\\"/tmp/hub-ubuntu-E850019C.config.json\\\"\")"
2026-09-15T01:39:04Z [10,027ms] [Warning] [carb.omniclient.plugin]  45: OmniHub: ThreadId(02) Hub encountered error. Trying to reconnect to Hub. retry_reason="Hub failed to launch: Io(\"child exited with exit status: 1 without writing file \\\"/tmp/hub-ubuntu-E850019C.config.json\\\"\")"
WARNING: All log messages before absl::InitializeLog() is called are written to STDERR
E0000 00:00:1789436344.865586      11 descriptor_database.cc:633] File already exists in database: grpc/health/v1/health.proto
W0000 00:00:1789436344.865607      11 message.cc:301] Protobuf GeneratedMessageFactory: File is already registered: grpc/health/v1/health.proto
2026-09-15T01:39:04Z [10,508ms] [Warning] [omni.platforminfo.plugin] failed to open the default display.  Can't verify X Server version.

|---------------------------------------------------------------------------------------------|
| Driver Version: 580.173.02    | Graphics API: Vulkan
|=============================================================================================|
| GPU | Name                             | Active | LDA | GPU Memory | Vendor-ID | LUID       |
|     |                                  |        |     |            | Device-ID | UUID       |
|     |                                  |        |     |            | Bus-ID    |            |
|---------------------------------------------------------------------------------------------|
| 0   | NVIDIA GB10                      | Yes: 0 |     | 93457   MB | 10de      | 0          |
|     |                                  |        |     |            | 2e12      | 2166d556.. |
|     |                                  |        |     |            | 1         |            |
|=============================================================================================|
| OS: 24.04.3 LTS (Noble Numbat) ubuntu, Version: 24.04.3, Kernel: 6.17.0-1031-nvidia
| Processor: Cortex-A725
| Cores: 20 | Logical Cores: 20
|---------------------------------------------------------------------------------------------|
| Total Memory (MB): 124609 | Free Memory: 119709
| Total Page/Swap (MB): 16383 | Free Page/Swap: 0
|---------------------------------------------------------------------------------------------|
2026-09-15T01:39:06Z [12,154ms] [Warning] [carb.windowing-glfw.plugin] GLFW initialization failed.
2026-09-15T01:39:06Z [12,154ms] [Warning] [carb] Failed to startup plugin carb.windowing-glfw.plugin (interfaces: [carb::windowing::IGLContext v1.0],[carb::windowing::IWindowing v1.5]) (impl: carb.windowing-glfw.plugin)
2026-09-15T01:39:06Z [12,245ms] [Warning] [carb.windowing-glfw.plugin] GLFW initialization failed.
2026-09-15T01:39:06Z [12,245ms] [Warning] [carb] Failed to startup plugin carb.windowing-glfw.plugin (interfaces: [carb::windowing::IGLContext v1.0],[carb::windowing::IWindowing v1.5]) (impl: carb.windowing-glfw.plugin)
2026-09-15T01:39:06Z [12,246ms] [Warning] [carb.windowing-glfw.plugin] GLFW initialization failed.
2026-09-15T01:39:06Z [12,246ms] [Warning] [carb] Failed to startup plugin carb.windowing-glfw.plugin (interfaces: [carb::windowing::IGLContext v1.0],[carb::windowing::IWindowing v1.5]) (impl: carb.windowing-glfw.plugin)
2026-09-15T01:39:06Z [12,543ms] [Warning] [omni.log] Source: omni.hydra was already registered.
2026-09-15T01:39:08Z [13,882ms] [Warning] [pxr.Semantics] pxr.Semantics is deprecated - please use Semantics instead
2026-09-15T01:39:08Z [14,026ms] [Warning] [omni.replicator.core.scripts.extension] No material configuration file, adding configuration to material settings directly.
2026-09-15T01:39:09Z [15,318ms] [Warning] [rtx.hydra] RenderDelegate : Warning /rtx/hydra/readTransformsFromFabricInRenderDelegate and geometry streaming are enabled together but this can cause issues with dynamic objects not streaming correctly due to problems in the transform update.
/workspace/isaaclab/_isaac_sim/kit/python/lib/python3.12/site-packages/torch/cuda/__init__.py:435: UserWarning: 
    Found GPU0 NVIDIA GB10 which is of cuda capability 12.1.
    Minimum and Maximum cuda capability supported by this version of PyTorch is
    (8.0) - (12.0)
    
  queued_call()
[ISAACLAB] AppLauncher initialization complete
REFERENCE_SCREEN_APP_READY
[INFO]: Registered backend 'kit' for factory Visualizer.
2026-09-15T01:39:13Z [18,793ms] [Warning] [omni.physx.tensors.plugin] Failed to find contact report API at '/Robot_000/joints'
2026-09-15T01:39:14Z [19,874ms] [Warning] [omni.syntheticdata.plugin] OgnSdPostRenderVarToHost : rendervar copy from texture directly to host buffer is counter-performant. Please use copy from texture to device buffer first.
2026-09-15T01:39:14Z [20,526ms] [Warning] [omni.kit.material.library.material_extensions] Could not initialize context menu integration: No module named 'omni.kit.context_menu'
PAPER_EVALUATION {"case_ids": ["startup:neutral4:bc_forward_0.05"], "controls": 100, "requested_controls": 1200}
PAPER_EVALUATION {"case_ids": ["startup:neutral4:bc_forward_0.05"], "controls": 200, "requested_controls": 1200}
PAPER_EVALUATION {"case_ids": ["startup:neutral4:bc_forward_0.05"], "controls": 300, "requested_controls": 1200}
PAPER_EVALUATION {"case_ids": ["startup:neutral4:bc_forward_0.05"], "controls": 400, "requested_controls": 1200}
PAPER_EVALUATION {"case_ids": ["startup:neutral4:bc_forward_0.05"], "controls": 500, "requested_controls": 1200}
PAPER_EVALUATION {"case_ids": ["startup:neutral4:bc_forward_0.05"], "controls": 600, "requested_controls": 1200}
PAPER_EVALUATION {"case_ids": ["startup:neutral4:bc_forward_0.05"], "controls": 700, "requested_controls": 1200}
PAPER_EVALUATION {"case_ids": ["startup:neutral4:bc_forward_0.05"], "controls": 800, "requested_controls": 1200}
PAPER_EVALUATION {"case_ids": ["startup:neutral4:bc_forward_0.05"], "controls": 900, "requested_controls": 1200}
PAPER_EVALUATION {"case_ids": ["startup:neutral4:bc_forward_0.05"], "controls": 1000, "requested_controls": 1200}
PAPER_EVALUATION {"case_ids": ["startup:neutral4:bc_forward_0.05"], "controls": 1100, "requested_controls": 1200}
PAPER_EVALUATION {"case_ids": ["startup:neutral4:bc_forward_0.05"], "controls": 1200, "requested_controls": 1200}
