2026-09-05T21:16:01.111414234Z Loading user config located at: '/isaac-sim/kit/data/Kit/IsaacLab/3.0/user.config.json'
2026-09-05T21:16:01.111461338Z 2026-09-05T21:15:59Z [0ms] [Warning] [omni.ext.plugin] [ext: isaaclab_visualizers] Extensions config 'extension.toml' doesn't exist '/workspace/isaaclab/source/isaaclab_visualizers' or '/workspace/isaaclab/source/isaaclab_visualizers/config'
2026-09-05T21:16:01.111463098Z 2026-09-05T21:15:59Z [119ms] [Warning] [carb.omniclient.plugin]  125: OmniHub: ThreadId(02) Hub encountered error. Trying to reconnect to Hub. retry_reason="Hub failed to launch: Io(\"child exited with exit status: 1 without writing file \\\"/tmp/hub-ubuntu-6CCF1F35.config.json\\\"\")"
2026-09-05T21:16:01.111464666Z 2026-09-05T21:15:59Z [191ms] [Warning] [carb.omniclient.plugin]  125: OmniHub: ThreadId(02) Hub encountered error. Trying to reconnect to Hub. retry_reason="Hub failed to launch: Io(\"child exited with exit status: 1 without writing file \\\"/tmp/hub-ubuntu-6CCF1F35.config.json\\\"\")"
2026-09-05T21:16:01.111466090Z 2026-09-05T21:15:59Z [273ms] [Warning] [carb.omniclient.plugin]  125: OmniHub: ThreadId(02) Hub encountered error. Trying to reconnect to Hub. retry_reason="Hub failed to launch: Io(\"child exited with exit status: 1 without writing file \\\"/tmp/hub-ubuntu-6CCF1F35.config.json\\\"\")"
2026-09-05T21:16:01.111467546Z 2026-09-05T21:15:59Z [364ms] [Warning] [carb.omniclient.plugin]  125: OmniHub: ThreadId(02) Hub encountered error. Trying to reconnect to Hub. retry_reason="Hub failed to launch: Io(\"child exited with exit status: 1 without writing file \\\"/tmp/hub-ubuntu-6CCF1F35.config.json\\\"\")"
2026-09-05T21:16:01.111468906Z 2026-09-05T21:15:59Z [467ms] [Warning] [carb.omniclient.plugin]  125: OmniHub: ThreadId(02) Hub encountered error. Trying to reconnect to Hub. retry_reason="Hub failed to launch: Io(\"child exited with exit status: 1 without writing file \\\"/tmp/hub-ubuntu-6CCF1F35.config.json\\\"\")"
2026-09-05T21:16:01.111470554Z 2026-09-05T21:15:59Z [578ms] [Warning] [carb.omniclient.plugin]  125: OmniHub: ThreadId(02) Hub encountered error. Trying to reconnect to Hub. retry_reason="Hub failed to launch: Io(\"child exited with exit status: 1 without writing file \\\"/tmp/hub-ubuntu-6CCF1F35.config.json\\\"\")"
2026-09-05T21:16:01.111471914Z 2026-09-05T21:15:59Z [701ms] [Warning] [carb.omniclient.plugin]  125: OmniHub: ThreadId(02) Hub encountered error. Trying to reconnect to Hub. retry_reason="Hub failed to launch: Io(\"child exited with exit status: 1 without writing file \\\"/tmp/hub-ubuntu-6CCF1F35.config.json\\\"\")"
2026-09-05T21:16:01.111473114Z 2026-09-05T21:16:00Z [832ms] [Warning] [carb.omniclient.plugin]  125: OmniHub: ThreadId(02) Hub encountered error. Trying to reconnect to Hub. retry_reason="Hub failed to launch: Io(\"child exited with exit status: 1 without writing file \\\"/tmp/hub-ubuntu-6CCF1F35.config.json\\\"\")"
2026-09-05T21:16:01.111474426Z 2026-09-05T21:16:00Z [975ms] [Warning] [carb.omniclient.plugin]  125: OmniHub: ThreadId(02) Hub encountered error. Trying to reconnect to Hub. retry_reason="Hub failed to launch: Io(\"child exited with exit status: 1 without writing file \\\"/tmp/hub-ubuntu-6CCF1F35.config.json\\\"\")"
2026-09-05T21:16:01.111475578Z 2026-09-05T21:16:00Z [1,127ms] [Warning] [carb.omniclient.plugin]  125: OmniHub: ThreadId(02) Hub encountered error. Trying to reconnect to Hub. retry_reason="Hub failed to launch: Io(\"child exited with exit status: 1 without writing file \\\"/tmp/hub-ubuntu-6CCF1F35.config.json\\\"\")"
2026-09-05T21:16:01.111481402Z 2026-09-05T21:16:00Z [1,289ms] [Warning] [carb.omniclient.plugin]  125: OmniHub: ThreadId(02) Hub encountered error. Trying to reconnect to Hub. retry_reason="Hub failed to launch: Io(\"child exited with exit status: 1 without writing file \\\"/tmp/hub-ubuntu-6CCF1F35.config.json\\\"\")"
2026-09-05T21:16:01.111482586Z 2026-09-05T21:16:00Z [1,462ms] [Warning] [carb.omniclient.plugin]  125: OmniHub: ThreadId(02) Hub encountered error. Trying to reconnect to Hub. retry_reason="Hub failed to launch: Io(\"child exited with exit status: 1 without writing file \\\"/tmp/hub-ubuntu-6CCF1F35.config.json\\\"\")"
2026-09-05T21:16:01.111483850Z 2026-09-05T21:16:00Z [1,644ms] [Warning] [carb.omniclient.plugin]  125: OmniHub: ThreadId(02) Hub encountered error. Trying to reconnect to Hub. retry_reason="Hub failed to launch: Io(\"child exited with exit status: 1 without writing file \\\"/tmp/hub-ubuntu-6CCF1F35.config.json\\\"\")"
2026-09-05T21:16:01.111485210Z 2026-09-05T21:16:01Z [1,837ms] [Warning] [carb.omniclient.plugin]  125: OmniHub: ThreadId(02) Hub encountered error. Trying to reconnect to Hub. retry_reason="Hub failed to launch: Io(\"child exited with exit status: 1 without writing file \\\"/tmp/hub-ubuntu-6CCF1F35.config.json\\\"\")"
2026-09-05T21:16:05.191394944Z 2026-09-05T21:16:01Z [2,038ms] [Warning] [carb.omniclient.plugin]  125: OmniHub: ThreadId(02) Hub encountered error. Trying to reconnect to Hub. retry_reason="Hub failed to launch: Io(\"child exited with exit status: 1 without writing file \\\"/tmp/hub-ubuntu-6CCF1F35.config.json\\\"\")"
2026-09-05T21:16:05.191420416Z 2026-09-05T21:16:01Z [2,250ms] [Warning] [carb.omniclient.plugin]  125: OmniHub: ThreadId(02) Hub encountered error. Trying to reconnect to Hub. retry_reason="Hub failed to launch: Io(\"child exited with exit status: 1 without writing file \\\"/tmp/hub-ubuntu-6CCF1F35.config.json\\\"\")"
2026-09-05T21:16:05.191422336Z 2026-09-05T21:16:01Z [2,472ms] [Warning] [carb.omniclient.plugin]  125: OmniHub: ThreadId(02) Hub encountered error. Trying to reconnect to Hub. retry_reason="Hub failed to launch: Io(\"child exited with exit status: 1 without writing file \\\"/tmp/hub-ubuntu-6CCF1F35.config.json\\\"\")"
2026-09-05T21:16:05.191423760Z 2026-09-05T21:16:01Z [2,705ms] [Warning] [carb.omniclient.plugin]  125: OmniHub: ThreadId(02) Hub encountered error. Trying to reconnect to Hub. retry_reason="Hub failed to launch: Io(\"child exited with exit status: 1 without writing file \\\"/tmp/hub-ubuntu-6CCF1F35.config.json\\\"\")"
2026-09-05T21:16:05.191425248Z 2026-09-05T21:16:02Z [2,947ms] [Warning] [carb.omniclient.plugin]  125: OmniHub: ThreadId(02) Hub encountered error. Trying to reconnect to Hub. retry_reason="Hub failed to launch: Io(\"child exited with exit status: 1 without writing file \\\"/tmp/hub-ubuntu-6CCF1F35.config.json\\\"\")"
2026-09-05T21:16:05.191426528Z 2026-09-05T21:16:02Z [3,198ms] [Warning] [carb.omniclient.plugin]  125: OmniHub: ThreadId(02) Hub encountered error. Trying to reconnect to Hub. retry_reason="Hub failed to launch: Io(\"child exited with exit status: 1 without writing file \\\"/tmp/hub-ubuntu-6CCF1F35.config.json\\\"\")"
2026-09-05T21:16:05.191427840Z 2026-09-05T21:16:02Z [3,460ms] [Warning] [carb.omniclient.plugin]  125: OmniHub: ThreadId(02) Hub encountered error. Trying to reconnect to Hub. retry_reason="Hub failed to launch: Io(\"child exited with exit status: 1 without writing file \\\"/tmp/hub-ubuntu-6CCF1F35.config.json\\\"\")"
2026-09-05T21:16:05.191446768Z 2026-09-05T21:16:03Z [3,731ms] [Warning] [carb.omniclient.plugin]  125: OmniHub: ThreadId(02) Hub encountered error. Trying to reconnect to Hub. retry_reason="Hub failed to launch: Io(\"child exited with exit status: 1 without writing file \\\"/tmp/hub-ubuntu-6CCF1F35.config.json\\\"\")"
2026-09-05T21:16:05.191448000Z 2026-09-05T21:16:03Z [4,014ms] [Warning] [carb.omniclient.plugin]  125: OmniHub: ThreadId(02) Hub encountered error. Trying to reconnect to Hub. retry_reason="Hub failed to launch: Io(\"child exited with exit status: 1 without writing file \\\"/tmp/hub-ubuntu-6CCF1F35.config.json\\\"\")"
2026-09-05T21:16:05.191449184Z 2026-09-05T21:16:03Z [4,307ms] [Warning] [carb.omniclient.plugin]  125: OmniHub: ThreadId(02) Hub encountered error. Trying to reconnect to Hub. retry_reason="Hub failed to launch: Io(\"child exited with exit status: 1 without writing file \\\"/tmp/hub-ubuntu-6CCF1F35.config.json\\\"\")"
2026-09-05T21:16:05.191450432Z 2026-09-05T21:16:03Z [4,609ms] [Warning] [carb.omniclient.plugin]  125: OmniHub: ThreadId(02) Hub encountered error. Trying to reconnect to Hub. retry_reason="Hub failed to launch: Io(\"child exited with exit status: 1 without writing file \\\"/tmp/hub-ubuntu-6CCF1F35.config.json\\\"\")"
2026-09-05T21:16:05.191451584Z 2026-09-05T21:16:04Z [4,921ms] [Warning] [carb.omniclient.plugin]  125: OmniHub: ThreadId(02) Hub encountered error. Trying to reconnect to Hub. retry_reason="Hub failed to launch: Io(\"child exited with exit status: 1 without writing file \\\"/tmp/hub-ubuntu-6CCF1F35.config.json\\\"\")"
2026-09-05T21:16:05.191452912Z 2026-09-05T21:16:04Z [5,243ms] [Warning] [carb.omniclient.plugin]  125: OmniHub: ThreadId(02) Hub encountered error. Trying to reconnect to Hub. retry_reason="Hub failed to launch: Io(\"child exited with exit status: 1 without writing file \\\"/tmp/hub-ubuntu-6CCF1F35.config.json\\\"\")"
2026-09-05T21:16:05.191454048Z 2026-09-05T21:16:04Z [5,576ms] [Warning] [carb.omniclient.plugin]  125: OmniHub: ThreadId(02) Hub encountered error. Trying to reconnect to Hub. retry_reason="Hub failed to launch: Io(\"child exited with exit status: 1 without writing file \\\"/tmp/hub-ubuntu-6CCF1F35.config.json\\\"\")"
2026-09-05T21:16:05.191455424Z 2026-09-05T21:16:05Z [5,917ms] [Warning] [carb.omniclient.plugin]  125: OmniHub: ThreadId(02) Hub encountered error. Trying to reconnect to Hub. retry_reason="Hub failed to launch: Io(\"child exited with exit status: 1 without writing file \\\"/tmp/hub-ubuntu-6CCF1F35.config.json\\\"\")"
2026-09-05T21:16:09.616668933Z WARNING: All log messages before absl::InitializeLog() is called are written to STDERR
2026-09-05T21:16:09.616687478Z E0000 00:00:1788642969.616450      26 descriptor_database.cc:633] File already exists in database: grpc/health/v1/health.proto
2026-09-05T21:16:09.616688966Z W0000 00:00:1788642969.616481      26 message.cc:301] Protobuf GeneratedMessageFactory: File is already registered: grpc/health/v1/health.proto
2026-09-05T21:16:10.897327014Z /workspace/isaaclab/_isaac_sim/kit/python/lib/python3.12/site-packages/torch/cuda/__init__.py:435: UserWarning: 
2026-09-05T21:16:10.897378727Z     Found GPU0 NVIDIA GB10 which is of cuda capability 12.1.
2026-09-05T21:16:10.897381319Z     Minimum and Maximum cuda capability supported by this version of PyTorch is
2026-09-05T21:16:10.897408631Z     (8.0) - (12.0)
2026-09-05T21:16:10.897410519Z     
2026-09-05T21:16:10.897412007Z   queued_call()
2026-09-05T21:16:10.898923060Z [ISAACLAB] AppLauncher initialization complete
2026-09-05T21:16:12.113300184Z [INFO]: Parsing configuration from: hexapod_rl.tasks.mkii_fourbar_v1:HexapodMkiiFourbarV1EnvCfg
2026-09-05T21:16:12.113340264Z [INFO]: Base environment:
2026-09-05T21:16:12.113342888Z 	Environment device    : cuda:0
2026-09-05T21:16:12.113345288Z 	Environment seed      : 0
2026-09-05T21:16:12.113347672Z 	Physics step-size     : 0.00125
2026-09-05T21:16:12.113349480Z 	Rendering step-size   : 0.02
2026-09-05T21:16:12.113351624Z 	Environment step-size : 0.02
2026-09-05T21:16:12.113353496Z [INFO]: Registered backend 'physx' for factory Articulation.
2026-09-05T21:16:12.197272756Z [INFO]: Registered backend 'physx' for factory ContactSensor.
2026-09-05T21:16:13.136757296Z [INFO]: Physics scene prim path: /physicsScene
2026-09-05T21:16:18.209102797Z [INFO]: Time taken for scene creation Last: 1.167329 s, Mean: 1.167329 s, Std: 0.000000 s, N: 1
2026-09-05T21:16:18.209147133Z [INFO]: Scene manager:  <class InteractiveScene>
2026-09-05T21:16:18.209150333Z 	Number of environments: 2
2026-09-05T21:16:18.209152365Z 	Environment spacing   : 2.0
2026-09-05T21:16:18.209154173Z 	Source prim name      : /World/envs/env_0
2026-09-05T21:16:18.209155885Z 	Global prim paths     : ['/World/ground']
2026-09-05T21:16:18.209157517Z 	Replicate physics     : True
2026-09-05T21:16:18.209159245Z [INFO]: Starting the simulation. This may take a few seconds. Please wait...
2026-09-05T21:16:18.209160989Z [INFO]: Simulation parameters for joints in /World/envs/env_.*/Robot:
2026-09-05T21:16:18.209162701Z +---------------------------------------------------------------------------------------------------------------------------------------------------------------------------+
2026-09-05T21:16:18.209165006Z |                                                     Simulation Joint Information (Prim path: /World/envs/env_.*/Robot)                                                    |
2026-09-05T21:16:18.209166990Z +-------+----------------------+-----------+---------+----------+-----------------+------------------+------------------+-----------------+-----------------+---------------+
2026-09-05T21:16:18.209169086Z | Index | Name                 | Stiffness | Damping | Armature | Static Friction | Dynamic Friction | Viscous Friction | Position Limits | Velocity Limits | Effort Limits |
2026-09-05T21:16:18.209171086Z +-------+----------------------+-----------+---------+----------+-----------------+------------------+------------------+-----------------+-----------------+---------------+
2026-09-05T21:16:18.209173022Z |   0   | lf_coxa_yaw          |   0.000   |  0.000  |  0.001   |      0.010      |      0.010       |      0.002       | [-0.873, 0.873] |      50.265     |     5.500     |
2026-09-05T21:16:18.209197534Z |   1   | lm_coxa_yaw          |   0.000   |  0.000  |  0.001   |      0.010      |      0.010       |      0.002       | [-0.873, 0.873] |      50.265     |     5.500     |
2026-09-05T21:16:18.209199566Z |   2   | lr_coxa_yaw          |   0.000   |  0.000  |  0.001   |      0.010      |      0.010       |      0.002       | [-0.873, 0.873] |      50.265     |     5.500     |
2026-09-05T21:16:18.209201406Z |   3   | rf_coxa_yaw          |   0.000   |  0.000  |  0.001   |      0.010      |      0.010       |      0.002       | [-0.873, 0.873] |      50.265     |     5.500     |
2026-09-05T21:16:18.209204622Z |   4   | rm_coxa_yaw          |   0.000   |  0.000  |  0.001   |      0.010      |      0.010       |      0.002       | [-0.873, 0.873] |      50.265     |     5.500     |
2026-09-05T21:16:18.209206398Z |   5   | rr_coxa_yaw          |   0.000   |  0.000  |  0.001   |      0.010      |      0.010       |      0.002       | [-0.873, 0.873] |      50.265     |     5.500     |
2026-09-05T21:16:18.209208334Z |   6   | lf_femur_pitch       |   0.000   |  0.000  |  0.001   |      0.010      |      0.010       |      0.002       | [-1.745, 0.550] |      50.265     |     5.500     |
2026-09-05T21:16:18.209210110Z |   7   | lm_femur_pitch       |   0.000   |  0.000  |  0.001   |      0.010      |      0.010       |      0.002       | [-1.745, 0.550] |      50.265     |     5.500     |
2026-09-05T21:16:18.209211950Z |   8   | lr_femur_pitch       |   0.000   |  0.000  |  0.001   |      0.010      |      0.010       |      0.002       | [-1.745, 0.550] |      50.265     |     5.500     |
2026-09-05T21:16:18.209213742Z |   9   | rf_femur_pitch       |   0.000   |  0.000  |  0.001   |      0.010      |      0.010       |      0.002       | [-1.745, 0.550] |      50.265     |     5.500     |
2026-09-05T21:16:18.209215518Z |   10  | rm_femur_pitch       |   0.000   |  0.000  |  0.001   |      0.010      |      0.010       |      0.002       | [-1.745, 0.550] |      50.265     |     5.500     |
2026-09-05T21:16:18.209217278Z |   11  | rr_femur_pitch       |   0.000   |  0.000  |  0.001   |      0.010      |      0.010       |      0.002       | [-1.745, 0.550] |      50.265     |     5.500     |
2026-09-05T21:16:18.209219070Z |   12  | lf_tibia_lever_pivot |   0.000   |  0.000  |  0.001   |      0.010      |      0.010       |      0.002       | [-0.978, 1.722] |      50.265     |     5.500     |
2026-09-05T21:16:18.209220846Z |   13  | lf_tibia_pitch       |   0.000   |  0.000  |  0.000   |      0.000      |      0.000       |      0.000       | [-0.978, 1.722] |     1.7e+04     |     0.000     |
2026-09-05T21:16:18.209222558Z |   14  | lm_tibia_lever_pivot |   0.000   |  0.000  |  0.001   |      0.010      |      0.010       |      0.002       | [-0.990, 1.710] |      50.265     |     5.500     |
2026-09-05T21:16:18.209224542Z |   15  | lm_tibia_pitch       |   0.000   |  0.000  |  0.000   |      0.000      |      0.000       |      0.000       | [-0.990, 1.710] |     1.7e+04     |     0.000     |
2026-09-05T21:16:18.209226302Z |   16  | lr_tibia_lever_pivot |   0.000   |  0.000  |  0.001   |      0.010      |      0.010       |      0.002       | [-0.971, 1.729] |      50.265     |     5.500     |
2026-09-05T21:16:18.209228094Z |   17  | lr_tibia_pitch       |   0.000   |  0.000  |  0.000   |      0.000      |      0.000       |      0.000       | [-0.971, 1.729] |     1.7e+04     |     0.000     |
2026-09-05T21:16:18.209232350Z |   18  | rf_tibia_lever_pivot |   0.000   |  0.000  |  0.001   |      0.010      |      0.010       |      0.002       | [-0.950, 1.750] |      50.265     |     5.500     |
2026-09-05T21:16:18.209234318Z |   19  | rf_tibia_pitch       |   0.000   |  0.000  |  0.000   |      0.000      |      0.000       |      0.000       | [-0.950, 1.750] |     1.7e+04     |     0.000     |
2026-09-05T21:16:18.209236126Z |   20  | rm_tibia_lever_pivot |   0.000   |  0.000  |  0.001   |      0.010      |      0.010       |      0.002       | [-0.913, 1.787] |      50.265     |     5.500     |
2026-09-05T21:16:18.209237934Z |   21  | rm_tibia_pitch       |   0.000   |  0.000  |  0.000   |      0.000      |      0.000       |      0.000       | [-0.913, 1.787] |     1.7e+04     |     0.000     |
2026-09-05T21:16:18.209239694Z |   22  | rr_tibia_lever_pivot |   0.000   |  0.000  |  0.001   |      0.010      |      0.010       |      0.002       | [-0.950, 1.750] |      50.265     |     5.500     |
2026-09-05T21:16:18.209241486Z |   23  | rr_tibia_pitch       |   0.000   |  0.000  |  0.000   |      0.000      |      0.000       |      0.000       | [-0.950, 1.750] |     1.7e+04     |     0.000     |
2026-09-05T21:16:18.209243262Z |   24  | lf_tibia_rod_pivot   |   0.000   |  0.000  |  0.000   |      0.000      |      0.000       |      0.000       | [-1.722, 0.978] |     1.7e+04     |     0.000     |
2026-09-05T21:16:18.209245150Z |   25  | lm_tibia_rod_pivot   |   0.000   |  0.000  |  0.000   |      0.000      |      0.000       |      0.000       | [-1.710, 0.990] |     1.7e+04     |     0.000     |
2026-09-05T21:16:18.209246990Z |   26  | lr_tibia_rod_pivot   |   0.000   |  0.000  |  0.000   |      0.000      |      0.000       |      0.000       | [-1.729, 0.971] |     1.7e+04     |     0.000     |
2026-09-05T21:16:18.209248926Z |   27  | rf_tibia_rod_pivot   |   0.000   |  0.000  |  0.000   |      0.000      |      0.000       |      0.000       | [-1.750, 0.950] |     1.7e+04     |     0.000     |
2026-09-05T21:16:18.209251534Z |   28  | rm_tibia_rod_pivot   |   0.000   |  0.000  |  0.000   |      0.000      |      0.000       |      0.000       | [-1.787, 0.913] |     1.7e+04     |     0.000     |
2026-09-05T21:16:18.209253342Z |   29  | rr_tibia_rod_pivot   |   0.000   |  0.000  |  0.000   |      0.000      |      0.000       |      0.000       | [-1.750, 0.950] |     1.7e+04     |     0.000     |
2026-09-05T21:16:18.209255134Z +-------+----------------------+-----------+---------+----------+-----------------+------------------+------------------+-----------------+-----------------+---------------+
2026-09-05T21:17:05.768116857Z [INFO]: Time taken for simulation start Last: 5.250796 s, Mean: 5.250796 s, Std: 0.000000 s, N: 1
2026-09-05T21:17:05.768159786Z [INFO]: Completed setting up the environment...
2026-09-05T21:17:05.768163450Z ROBOT_PAIR_CONTROL_RESULT {"case": "unfiltered_negative", "fixture_complete": true, "control_expectation_met": true, "pair_control_success": null, "errors": []}
2026-09-05T21:17:06.213663894Z [INFO]: SimulationContext cleared
2026-09-05T21:17:06.314302082Z 2026-09-05T21:16:05Z [6,269ms] [Warning] [carb.omniclient.plugin]  125: OmniHub: ThreadId(02) Hub encountered error. Trying to reconnect to Hub. retry_reason="Hub failed to launch: Io(\"child exited with exit status: 1 without writing file \\\"/tmp/hub-ubuntu-6CCF1F35.config.json\\\"\")"
2026-09-05T21:17:06.314366322Z 2026-09-05T21:16:05Z [6,632ms] [Warning] [carb.omniclient.plugin]  125: OmniHub: ThreadId(02) Hub encountered error. Trying to reconnect to Hub. retry_reason="Hub failed to launch: Io(\"child exited with exit status: 1 without writing file \\\"/tmp/hub-ubuntu-6CCF1F35.config.json\\\"\")"
2026-09-05T21:17:06.314369842Z 2026-09-05T21:16:06Z [7,003ms] [Warning] [carb.omniclient.plugin]  125: OmniHub: ThreadId(02) Hub encountered error. Trying to reconnect to Hub. retry_reason="Hub failed to launch: Io(\"child exited with exit status: 1 without writing file \\\"/tmp/hub-ubuntu-6CCF1F35.config.json\\\"\")"
2026-09-05T21:17:06.314372691Z 2026-09-05T21:16:06Z [7,384ms] [Warning] [carb.omniclient.plugin]  125: OmniHub: ThreadId(02) Hub encountered error. Trying to reconnect to Hub. retry_reason="Hub failed to launch: Io(\"child exited with exit status: 1 without writing file \\\"/tmp/hub-ubuntu-6CCF1F35.config.json\\\"\")"
2026-09-05T21:17:06.314375075Z 2026-09-05T21:16:07Z [7,777ms] [Warning] [carb.omniclient.plugin]  125: OmniHub: ThreadId(02) Hub encountered error. Trying to reconnect to Hub. retry_reason="Hub failed to launch: Io(\"child exited with exit status: 1 without writing file \\\"/tmp/hub-ubuntu-6CCF1F35.config.json\\\"\")"
2026-09-05T21:17:06.314377347Z 2026-09-05T21:16:07Z [8,178ms] [Warning] [carb.omniclient.plugin]  125: OmniHub: ThreadId(02) Hub encountered error. Trying to reconnect to Hub. retry_reason="Hub failed to launch: Io(\"child exited with exit status: 1 without writing file \\\"/tmp/hub-ubuntu-6CCF1F35.config.json\\\"\")"
2026-09-05T21:17:06.314379619Z 2026-09-05T21:16:07Z [8,590ms] [Warning] [carb.omniclient.plugin]  125: OmniHub: ThreadId(02) Hub encountered error. Trying to reconnect to Hub. retry_reason="Hub failed to launch: Io(\"child exited with exit status: 1 without writing file \\\"/tmp/hub-ubuntu-6CCF1F35.config.json\\\"\")"
2026-09-05T21:17:06.314382995Z 2026-09-05T21:16:08Z [9,011ms] [Warning] [carb.omniclient.plugin]  125: OmniHub: ThreadId(02) Hub encountered error. Trying to reconnect to Hub. retry_reason="Hub failed to launch: Io(\"child exited with exit status: 1 without writing file \\\"/tmp/hub-ubuntu-6CCF1F35.config.json\\\"\")"
2026-09-05T21:17:06.314385283Z 2026-09-05T21:16:08Z [9,444ms] [Warning] [carb.omniclient.plugin]  125: OmniHub: ThreadId(02) Hub encountered error. Trying to reconnect to Hub. retry_reason="Hub failed to launch: Io(\"child exited with exit status: 1 without writing file \\\"/tmp/hub-ubuntu-6CCF1F35.config.json\\\"\")"
2026-09-05T21:17:06.314387875Z 2026-09-05T21:16:09Z [9,886ms] [Warning] [carb.omniclient.plugin]  125: OmniHub: ThreadId(02) Hub encountered error. Trying to reconnect to Hub. retry_reason="Hub failed to launch: Io(\"child exited with exit status: 1 without writing file \\\"/tmp/hub-ubuntu-6CCF1F35.config.json\\\"\")"
2026-09-05T21:17:06.314390435Z 2026-09-05T21:16:09Z [10,360ms] [Warning] [omni.usd_config.extension] Enable omni.materialx.libs extension to use MaterialX
2026-09-05T21:17:06.314392435Z 2026-09-05T21:16:14Z [15,037ms] [Warning] [usdrt.population.plugin] Last global time was not created. Did you call setEnableUsdNoticeHandling?
2026-09-05T21:17:06.314394339Z 2026-09-05T21:16:18Z [18,931ms] [Warning] [isaaclab_physx.assets.articulation.articulation] Not all actuators are configured! Total number of actuated joints not equal to number of joints available: 18 != 30.
