2026-09-07T00:47:43.151136922Z Loading user config located at: '/isaac-sim/kit/data/Kit/IsaacLab/3.0/user.config.json'
2026-09-07T00:47:43.151204795Z 2026-09-07T00:47:41Z [0ms] [Warning] [omni.ext.plugin] [ext: isaaclab_visualizers] Extensions config 'extension.toml' doesn't exist '/workspace/isaaclab/source/isaaclab_visualizers' or '/workspace/isaaclab/source/isaaclab_visualizers/config'
2026-09-07T00:47:43.151208187Z 2026-09-07T00:47:41Z [110ms] [Warning] [carb.omniclient.plugin]  117: OmniHub: ThreadId(02) Hub encountered error. Trying to reconnect to Hub. retry_reason="Hub failed to launch: Io(\"child exited with exit status: 1 without writing file \\\"/tmp/hub-ubuntu-A62842A.config.json\\\"\")"
2026-09-07T00:47:43.151211035Z 2026-09-07T00:47:41Z [182ms] [Warning] [carb.omniclient.plugin]  117: OmniHub: ThreadId(02) Hub encountered error. Trying to reconnect to Hub. retry_reason="Hub failed to launch: Io(\"child exited with exit status: 1 without writing file \\\"/tmp/hub-ubuntu-A62842A.config.json\\\"\")"
2026-09-07T00:47:43.151213707Z 2026-09-07T00:47:41Z [264ms] [Warning] [carb.omniclient.plugin]  117: OmniHub: ThreadId(02) Hub encountered error. Trying to reconnect to Hub. retry_reason="Hub failed to launch: Io(\"child exited with exit status: 1 without writing file \\\"/tmp/hub-ubuntu-A62842A.config.json\\\"\")"
2026-09-07T00:47:43.151215947Z 2026-09-07T00:47:41Z [356ms] [Warning] [carb.omniclient.plugin]  117: OmniHub: ThreadId(02) Hub encountered error. Trying to reconnect to Hub. retry_reason="Hub failed to launch: Io(\"child exited with exit status: 1 without writing file \\\"/tmp/hub-ubuntu-A62842A.config.json\\\"\")"
2026-09-07T00:47:43.151218267Z 2026-09-07T00:47:41Z [458ms] [Warning] [carb.omniclient.plugin]  117: OmniHub: ThreadId(02) Hub encountered error. Trying to reconnect to Hub. retry_reason="Hub failed to launch: Io(\"child exited with exit status: 1 without writing file \\\"/tmp/hub-ubuntu-A62842A.config.json\\\"\")"
2026-09-07T00:47:43.151220683Z 2026-09-07T00:47:41Z [570ms] [Warning] [carb.omniclient.plugin]  117: OmniHub: ThreadId(02) Hub encountered error. Trying to reconnect to Hub. retry_reason="Hub failed to launch: Io(\"child exited with exit status: 1 without writing file \\\"/tmp/hub-ubuntu-A62842A.config.json\\\"\")"
2026-09-07T00:47:43.151223819Z 2026-09-07T00:47:42Z [692ms] [Warning] [carb.omniclient.plugin]  117: OmniHub: ThreadId(02) Hub encountered error. Trying to reconnect to Hub. retry_reason="Hub failed to launch: Io(\"child exited with exit status: 1 without writing file \\\"/tmp/hub-ubuntu-A62842A.config.json\\\"\")"
2026-09-07T00:47:43.151225915Z 2026-09-07T00:47:42Z [824ms] [Warning] [carb.omniclient.plugin]  117: OmniHub: ThreadId(02) Hub encountered error. Trying to reconnect to Hub. retry_reason="Hub failed to launch: Io(\"child exited with exit status: 1 without writing file \\\"/tmp/hub-ubuntu-A62842A.config.json\\\"\")"
2026-09-07T00:47:43.151228043Z 2026-09-07T00:47:42Z [966ms] [Warning] [carb.omniclient.plugin]  117: OmniHub: ThreadId(02) Hub encountered error. Trying to reconnect to Hub. retry_reason="Hub failed to launch: Io(\"child exited with exit status: 1 without writing file \\\"/tmp/hub-ubuntu-A62842A.config.json\\\"\")"
2026-09-07T00:47:43.151230155Z 2026-09-07T00:47:42Z [1,118ms] [Warning] [carb.omniclient.plugin]  117: OmniHub: ThreadId(02) Hub encountered error. Trying to reconnect to Hub. retry_reason="Hub failed to launch: Io(\"child exited with exit status: 1 without writing file \\\"/tmp/hub-ubuntu-A62842A.config.json\\\"\")"
2026-09-07T00:47:43.151238363Z 2026-09-07T00:47:42Z [1,280ms] [Warning] [carb.omniclient.plugin]  117: OmniHub: ThreadId(02) Hub encountered error. Trying to reconnect to Hub. retry_reason="Hub failed to launch: Io(\"child exited with exit status: 1 without writing file \\\"/tmp/hub-ubuntu-A62842A.config.json\\\"\")"
2026-09-07T00:47:43.151240683Z 2026-09-07T00:47:42Z [1,453ms] [Warning] [carb.omniclient.plugin]  117: OmniHub: ThreadId(02) Hub encountered error. Trying to reconnect to Hub. retry_reason="Hub failed to launch: Io(\"child exited with exit status: 1 without writing file \\\"/tmp/hub-ubuntu-A62842A.config.json\\\"\")"
2026-09-07T00:47:43.151242763Z 2026-09-07T00:47:42Z [1,635ms] [Warning] [carb.omniclient.plugin]  117: OmniHub: ThreadId(02) Hub encountered error. Trying to reconnect to Hub. retry_reason="Hub failed to launch: Io(\"child exited with exit status: 1 without writing file \\\"/tmp/hub-ubuntu-A62842A.config.json\\\"\")"
2026-09-07T00:47:43.151245179Z 2026-09-07T00:47:43Z [1,827ms] [Warning] [carb.omniclient.plugin]  117: OmniHub: ThreadId(02) Hub encountered error. Trying to reconnect to Hub. retry_reason="Hub failed to launch: Io(\"child exited with exit status: 1 without writing file \\\"/tmp/hub-ubuntu-A62842A.config.json\\\"\")"
2026-09-07T00:47:47.230401476Z 2026-09-07T00:47:43Z [2,028ms] [Warning] [carb.omniclient.plugin]  117: OmniHub: ThreadId(02) Hub encountered error. Trying to reconnect to Hub. retry_reason="Hub failed to launch: Io(\"child exited with exit status: 1 without writing file \\\"/tmp/hub-ubuntu-A62842A.config.json\\\"\")"
2026-09-07T00:47:47.230430628Z 2026-09-07T00:47:43Z [2,241ms] [Warning] [carb.omniclient.plugin]  117: OmniHub: ThreadId(02) Hub encountered error. Trying to reconnect to Hub. retry_reason="Hub failed to launch: Io(\"child exited with exit status: 1 without writing file \\\"/tmp/hub-ubuntu-A62842A.config.json\\\"\")"
2026-09-07T00:47:47.230432340Z 2026-09-07T00:47:43Z [2,463ms] [Warning] [carb.omniclient.plugin]  117: OmniHub: ThreadId(02) Hub encountered error. Trying to reconnect to Hub. retry_reason="Hub failed to launch: Io(\"child exited with exit status: 1 without writing file \\\"/tmp/hub-ubuntu-A62842A.config.json\\\"\")"
2026-09-07T00:47:47.230433748Z 2026-09-07T00:47:44Z [2,696ms] [Warning] [carb.omniclient.plugin]  117: OmniHub: ThreadId(02) Hub encountered error. Trying to reconnect to Hub. retry_reason="Hub failed to launch: Io(\"child exited with exit status: 1 without writing file \\\"/tmp/hub-ubuntu-A62842A.config.json\\\"\")"
2026-09-07T00:47:47.230435044Z 2026-09-07T00:47:44Z [2,938ms] [Warning] [carb.omniclient.plugin]  117: OmniHub: ThreadId(02) Hub encountered error. Trying to reconnect to Hub. retry_reason="Hub failed to launch: Io(\"child exited with exit status: 1 without writing file \\\"/tmp/hub-ubuntu-A62842A.config.json\\\"\")"
2026-09-07T00:47:47.230436260Z 2026-09-07T00:47:44Z [3,189ms] [Warning] [carb.omniclient.plugin]  117: OmniHub: ThreadId(02) Hub encountered error. Trying to reconnect to Hub. retry_reason="Hub failed to launch: Io(\"child exited with exit status: 1 without writing file \\\"/tmp/hub-ubuntu-A62842A.config.json\\\"\")"
2026-09-07T00:47:47.230437620Z 2026-09-07T00:47:44Z [3,450ms] [Warning] [carb.omniclient.plugin]  117: OmniHub: ThreadId(02) Hub encountered error. Trying to reconnect to Hub. retry_reason="Hub failed to launch: Io(\"child exited with exit status: 1 without writing file \\\"/tmp/hub-ubuntu-A62842A.config.json\\\"\")"
2026-09-07T00:47:47.230454868Z 2026-09-07T00:47:45Z [3,722ms] [Warning] [carb.omniclient.plugin]  117: OmniHub: ThreadId(02) Hub encountered error. Trying to reconnect to Hub. retry_reason="Hub failed to launch: Io(\"child exited with exit status: 1 without writing file \\\"/tmp/hub-ubuntu-A62842A.config.json\\\"\")"
2026-09-07T00:47:47.230456196Z 2026-09-07T00:47:45Z [4,005ms] [Warning] [carb.omniclient.plugin]  117: OmniHub: ThreadId(02) Hub encountered error. Trying to reconnect to Hub. retry_reason="Hub failed to launch: Io(\"child exited with exit status: 1 without writing file \\\"/tmp/hub-ubuntu-A62842A.config.json\\\"\")"
2026-09-07T00:47:47.230457348Z 2026-09-07T00:47:45Z [4,296ms] [Warning] [carb.omniclient.plugin]  117: OmniHub: ThreadId(02) Hub encountered error. Trying to reconnect to Hub. retry_reason="Hub failed to launch: Io(\"child exited with exit status: 1 without writing file \\\"/tmp/hub-ubuntu-A62842A.config.json\\\"\")"
2026-09-07T00:47:47.230458484Z 2026-09-07T00:47:45Z [4,597ms] [Warning] [carb.omniclient.plugin]  117: OmniHub: ThreadId(02) Hub encountered error. Trying to reconnect to Hub. retry_reason="Hub failed to launch: Io(\"child exited with exit status: 1 without writing file \\\"/tmp/hub-ubuntu-A62842A.config.json\\\"\")"
2026-09-07T00:47:47.230459652Z 2026-09-07T00:47:46Z [4,909ms] [Warning] [carb.omniclient.plugin]  117: OmniHub: ThreadId(02) Hub encountered error. Trying to reconnect to Hub. retry_reason="Hub failed to launch: Io(\"child exited with exit status: 1 without writing file \\\"/tmp/hub-ubuntu-A62842A.config.json\\\"\")"
2026-09-07T00:47:47.230460884Z 2026-09-07T00:47:46Z [5,231ms] [Warning] [carb.omniclient.plugin]  117: OmniHub: ThreadId(02) Hub encountered error. Trying to reconnect to Hub. retry_reason="Hub failed to launch: Io(\"child exited with exit status: 1 without writing file \\\"/tmp/hub-ubuntu-A62842A.config.json\\\"\")"
2026-09-07T00:47:47.230462036Z 2026-09-07T00:47:46Z [5,564ms] [Warning] [carb.omniclient.plugin]  117: OmniHub: ThreadId(02) Hub encountered error. Trying to reconnect to Hub. retry_reason="Hub failed to launch: Io(\"child exited with exit status: 1 without writing file \\\"/tmp/hub-ubuntu-A62842A.config.json\\\"\")"
2026-09-07T00:47:47.230463540Z 2026-09-07T00:47:47Z [5,906ms] [Warning] [carb.omniclient.plugin]  117: OmniHub: ThreadId(02) Hub encountered error. Trying to reconnect to Hub. retry_reason="Hub failed to launch: Io(\"child exited with exit status: 1 without writing file \\\"/tmp/hub-ubuntu-A62842A.config.json\\\"\")"
2026-09-07T00:47:51.662786125Z WARNING: All log messages before absl::InitializeLog() is called are written to STDERR
2026-09-07T00:47:51.662809582Z E0000 00:00:1788742071.662588      25 descriptor_database.cc:633] File already exists in database: grpc/health/v1/health.proto
2026-09-07T00:47:51.662811294Z W0000 00:00:1788742071.662611      25 message.cc:301] Protobuf GeneratedMessageFactory: File is already registered: grpc/health/v1/health.proto
2026-09-07T00:47:52.790365921Z /workspace/isaaclab/_isaac_sim/kit/python/lib/python3.12/site-packages/torch/cuda/__init__.py:435: UserWarning: 
2026-09-07T00:47:52.790398913Z     Found GPU0 NVIDIA GB10 which is of cuda capability 12.1.
2026-09-07T00:47:52.790401505Z     Minimum and Maximum cuda capability supported by this version of PyTorch is
2026-09-07T00:47:52.790403537Z     (8.0) - (12.0)
2026-09-07T00:47:52.790419250Z     
2026-09-07T00:47:52.790420946Z   queued_call()
2026-09-07T00:47:52.791519866Z [ISAACLAB] AppLauncher initialization complete
2026-09-07T00:47:55.548630777Z [INFO]: Parsing configuration from: hexapod_rl.tasks.mkii_fourbar_v1:HexapodMkiiFourbarV1EnvCfg
2026-09-07T00:47:55.548663594Z [INFO]: Base environment:
2026-09-07T00:47:55.548666154Z 	Environment device    : cuda:0
2026-09-07T00:47:55.548668362Z 	Environment seed      : 0
2026-09-07T00:47:55.548670010Z 	Physics step-size     : 0.000625
2026-09-07T00:47:55.548671770Z 	Rendering step-size   : 0.02
2026-09-07T00:47:55.548673418Z 	Environment step-size : 0.02
2026-09-07T00:47:55.548675050Z [INFO]: Registered backend 'physx' for factory Articulation.
2026-09-07T00:47:55.786866639Z [INFO]: Registered backend 'physx' for factory ContactSensor.
2026-09-07T00:47:56.679760992Z [INFO]: Physics scene prim path: /physicsScene
2026-09-07T00:48:01.951650086Z [INFO]: Time taken for scene creation Last: 1.697517 s, Mean: 1.697517 s, Std: 0.000000 s, N: 1
2026-09-07T00:48:01.951685862Z [INFO]: Scene manager:  <class InteractiveScene>
2026-09-07T00:48:01.951688806Z 	Number of environments: 32
2026-09-07T00:48:01.951690950Z 	Environment spacing   : 0.0
2026-09-07T00:48:01.951692678Z 	Source prim name      : /World/envs/env_0
2026-09-07T00:48:01.951694438Z 	Global prim paths     : ['/World/ground']
2026-09-07T00:48:01.951696071Z 	Replicate physics     : True
2026-09-07T00:48:01.951697831Z [INFO]: Starting the simulation. This may take a few seconds. Please wait...
2026-09-07T00:48:01.951699687Z [INFO]: Simulation parameters for joints in /World/envs/env_.*/Robot:
2026-09-07T00:48:01.951701591Z +---------------------------------------------------------------------------------------------------------------------------------------------------------------------------+
2026-09-07T00:48:01.951703607Z |                                                     Simulation Joint Information (Prim path: /World/envs/env_.*/Robot)                                                    |
2026-09-07T00:48:01.951705479Z +-------+----------------------+-----------+---------+----------+-----------------+------------------+------------------+-----------------+-----------------+---------------+
2026-09-07T00:48:01.951707319Z | Index | Name                 | Stiffness | Damping | Armature | Static Friction | Dynamic Friction | Viscous Friction | Position Limits | Velocity Limits | Effort Limits |
2026-09-07T00:48:01.951709255Z +-------+----------------------+-----------+---------+----------+-----------------+------------------+------------------+-----------------+-----------------+---------------+
2026-09-07T00:48:01.951711223Z |   0   | lf_coxa_yaw          |   0.000   |  0.000  |  0.001   |      0.010      |      0.010       |      0.002       | [-0.873, 0.873] |      50.265     |     5.500     |
2026-09-07T00:48:01.951729751Z |   1   | lm_coxa_yaw          |   0.000   |  0.000  |  0.001   |      0.010      |      0.010       |      0.002       | [-0.873, 0.873] |      50.265     |     5.500     |
2026-09-07T00:48:01.951731847Z |   2   | lr_coxa_yaw          |   0.000   |  0.000  |  0.001   |      0.010      |      0.010       |      0.002       | [-0.873, 0.873] |      50.265     |     5.500     |
2026-09-07T00:48:01.951733687Z |   3   | rf_coxa_yaw          |   0.000   |  0.000  |  0.001   |      0.010      |      0.010       |      0.002       | [-0.873, 0.873] |      50.265     |     5.500     |
2026-09-07T00:48:01.951736455Z |   4   | rm_coxa_yaw          |   0.000   |  0.000  |  0.001   |      0.010      |      0.010       |      0.002       | [-0.873, 0.873] |      50.265     |     5.500     |
2026-09-07T00:48:01.951738295Z |   5   | rr_coxa_yaw          |   0.000   |  0.000  |  0.001   |      0.010      |      0.010       |      0.002       | [-0.873, 0.873] |      50.265     |     5.500     |
2026-09-07T00:48:01.951740055Z |   6   | lf_femur_pitch       |   0.000   |  0.000  |  0.001   |      0.010      |      0.010       |      0.002       | [-1.745, 0.550] |      50.265     |     5.500     |
2026-09-07T00:48:01.951741831Z |   7   | lm_femur_pitch       |   0.000   |  0.000  |  0.001   |      0.010      |      0.010       |      0.002       | [-1.745, 0.550] |      50.265     |     5.500     |
2026-09-07T00:48:01.951743559Z |   8   | lr_femur_pitch       |   0.000   |  0.000  |  0.001   |      0.010      |      0.010       |      0.002       | [-1.745, 0.550] |      50.265     |     5.500     |
2026-09-07T00:48:01.951745335Z |   9   | rf_femur_pitch       |   0.000   |  0.000  |  0.001   |      0.010      |      0.010       |      0.002       | [-1.745, 0.550] |      50.265     |     5.500     |
2026-09-07T00:48:01.951747111Z |   10  | rm_femur_pitch       |   0.000   |  0.000  |  0.001   |      0.010      |      0.010       |      0.002       | [-1.745, 0.550] |      50.265     |     5.500     |
2026-09-07T00:48:01.951748887Z |   11  | rr_femur_pitch       |   0.000   |  0.000  |  0.001   |      0.010      |      0.010       |      0.002       | [-1.745, 0.550] |      50.265     |     5.500     |
2026-09-07T00:48:01.951750663Z |   12  | lf_tibia_lever_pivot |   0.000   |  0.000  |  0.001   |      0.010      |      0.010       |      0.002       | [-0.978, 1.722] |      50.265     |     5.500     |
2026-09-07T00:48:01.951752439Z |   13  | lf_tibia_pitch       |   0.000   |  0.000  |  0.000   |      0.000      |      0.000       |      0.000       | [-0.978, 1.722] |     1.7e+04     |     0.000     |
2026-09-07T00:48:01.951754151Z |   14  | lm_tibia_lever_pivot |   0.000   |  0.000  |  0.001   |      0.010      |      0.010       |      0.002       | [-0.990, 1.710] |      50.265     |     5.500     |
2026-09-07T00:48:01.951756151Z |   15  | lm_tibia_pitch       |   0.000   |  0.000  |  0.000   |      0.000      |      0.000       |      0.000       | [-0.990, 1.710] |     1.7e+04     |     0.000     |
2026-09-07T00:48:01.951757879Z |   16  | lr_tibia_lever_pivot |   0.000   |  0.000  |  0.001   |      0.010      |      0.010       |      0.002       | [-0.971, 1.729] |      50.265     |     5.500     |
2026-09-07T00:48:01.951759655Z |   17  | lr_tibia_pitch       |   0.000   |  0.000  |  0.000   |      0.000      |      0.000       |      0.000       | [-0.971, 1.729] |     1.7e+04     |     0.000     |
2026-09-07T00:48:01.951764023Z |   18  | rf_tibia_lever_pivot |   0.000   |  0.000  |  0.001   |      0.010      |      0.010       |      0.002       | [-0.950, 1.750] |      50.265     |     5.500     |
2026-09-07T00:48:01.951766199Z |   19  | rf_tibia_pitch       |   0.000   |  0.000  |  0.000   |      0.000      |      0.000       |      0.000       | [-0.950, 1.750] |     1.7e+04     |     0.000     |
2026-09-07T00:48:01.951767975Z |   20  | rm_tibia_lever_pivot |   0.000   |  0.000  |  0.001   |      0.010      |      0.010       |      0.002       | [-0.913, 1.787] |      50.265     |     5.500     |
2026-09-07T00:48:01.951769719Z |   21  | rm_tibia_pitch       |   0.000   |  0.000  |  0.000   |      0.000      |      0.000       |      0.000       | [-0.913, 1.787] |     1.7e+04     |     0.000     |
2026-09-07T00:48:01.951771479Z |   22  | rr_tibia_lever_pivot |   0.000   |  0.000  |  0.001   |      0.010      |      0.010       |      0.002       | [-0.950, 1.750] |      50.265     |     5.500     |
2026-09-07T00:48:01.951773239Z |   23  | rr_tibia_pitch       |   0.000   |  0.000  |  0.000   |      0.000      |      0.000       |      0.000       | [-0.950, 1.750] |     1.7e+04     |     0.000     |
2026-09-07T00:48:01.951775015Z |   24  | lf_tibia_rod_pivot   |   0.000   |  0.000  |  0.000   |      0.000      |      0.000       |      0.000       | [-1.722, 0.978] |     1.7e+04     |     0.000     |
2026-09-07T00:48:01.951776775Z |   25  | lm_tibia_rod_pivot   |   0.000   |  0.000  |  0.000   |      0.000      |      0.000       |      0.000       | [-1.710, 0.990] |     1.7e+04     |     0.000     |
2026-09-07T00:48:01.951778551Z |   26  | lr_tibia_rod_pivot   |   0.000   |  0.000  |  0.000   |      0.000      |      0.000       |      0.000       | [-1.729, 0.971] |     1.7e+04     |     0.000     |
2026-09-07T00:48:01.951780519Z |   27  | rf_tibia_rod_pivot   |   0.000   |  0.000  |  0.000   |      0.000      |      0.000       |      0.000       | [-1.750, 0.950] |     1.7e+04     |     0.000     |
2026-09-07T00:48:01.951783015Z |   28  | rm_tibia_rod_pivot   |   0.000   |  0.000  |  0.000   |      0.000      |      0.000       |      0.000       | [-1.787, 0.913] |     1.7e+04     |     0.000     |
2026-09-07T00:48:01.951784791Z |   29  | rr_tibia_rod_pivot   |   0.000   |  0.000  |  0.000   |      0.000      |      0.000       |      0.000       | [-1.750, 0.950] |     1.7e+04     |     0.000     |
2026-09-07T00:48:01.951786519Z +-------+----------------------+-----------+---------+----------+-----------------+------------------+------------------+-----------------+-----------------+---------------+
2026-09-07T00:48:06.439409837Z [INFO]: Time taken for simulation start Last: 5.435473 s, Mean: 5.435473 s, Std: 0.000000 s, N: 1
2026-09-07T00:48:06.439449133Z [INFO]: Completed setting up the environment...
2026-09-07T00:48:06.439465373Z FOURBAR_STANDING step=1/1000 metrics={"substeps": 32, "height_sum": 145.69916343688965, "min_height_m": 0.14100676774978638, "max_applied_nm": 1.199174527038993e-11, "max_demand_nm": 1.199174527038993e-11, "max_closure_point_m": 8.940696716308594e-08, "max_closure_axis_chord": 2.677412567209103e-07, "min_nonfoot_clearance_m": 0.028271973133087158, "nonfoot_contact_env_substeps": 0.0, "min_support": 0.0, "max_envelope_excess_nm": 0.0, "max_continuous_excess_nm": 0.0, "min_burst_headroom": 0.5000208616256714, "invalid_samples": 0.0, "max_passive_relation_error_rad": 0.0, "max_passive_velocity_relation_error_rad_s": 1.9573945329171005e-12, "passive_velocity_relation_squared_sum": 5.730835140727269e-21, "max_closure_relative_point_velocity_m_s": 5.159648004530483e-14, "closure_relative_point_velocity_squared_norm_sum": 4.09087047576741e-24, "mean_height_m": 0.14228433929383755, "passive_velocity_relation_samples": 12288, "closure_relative_point_velocity_samples": 6144, "rms_passive_velocity_relation_error_rad_s": 6.829176800144896e-13, "rms_closure_relative_point_velocity_m_s": 2.5803716460333162e-14}
2026-09-07T00:49:49.659863230Z FOURBAR_STANDING step=100/1000 metrics={"substeps": 3200, "height_sum": 13904.323596954346, "min_height_m": 0.1333380937576294, "max_applied_nm": 1.5913065671920776, "max_demand_nm": 1.5913065671920776, "max_closure_point_m": 7.312204957088397e-07, "max_closure_axis_chord": 7.028472168713051e-07, "min_nonfoot_clearance_m": 0.025241896510124207, "nonfoot_contact_env_substeps": 0.0, "min_support": 0.0, "max_envelope_excess_nm": 0.0, "max_continuous_excess_nm": 0.3399937152862549, "min_burst_headroom": 0.5000208616256714, "invalid_samples": 0.0, "max_passive_relation_error_rad": 8.344650268554688e-06, "max_passive_velocity_relation_error_rad_s": 0.0914507657289505, "passive_velocity_relation_squared_sum": 1.146245439064875, "max_closure_relative_point_velocity_m_s": 0.002043626271188259, "closure_relative_point_velocity_squared_norm_sum": 0.0034396108587623412, "mean_height_m": 0.13578441012650727, "passive_velocity_relation_samples": 1228800, "closure_relative_point_velocity_samples": 614400, "rms_passive_velocity_relation_error_rad_s": 0.0009658244800802714, "rms_closure_relative_point_velocity_m_s": 7.482195510298763e-05}
2026-09-07T00:51:35.364537593Z FOURBAR_STANDING step=200/1000 metrics={"substeps": 6400, "height_sum": 27801.903072357178, "min_height_m": 0.1333380937576294, "max_applied_nm": 1.5913065671920776, "max_demand_nm": 1.5913065671920776, "max_closure_point_m": 7.312204957088397e-07, "max_closure_axis_chord": 7.658191520931723e-07, "min_nonfoot_clearance_m": 0.025241896510124207, "nonfoot_contact_env_substeps": 0.0, "min_support": 0.0, "max_envelope_excess_nm": 0.0, "max_continuous_excess_nm": 0.3399937152862549, "min_burst_headroom": 0.5000208616256714, "invalid_samples": 0.0, "max_passive_relation_error_rad": 8.344650268554688e-06, "max_passive_velocity_relation_error_rad_s": 0.0914507657289505, "passive_velocity_relation_squared_sum": 1.5203397160959657, "max_closure_relative_point_velocity_m_s": 0.002043626271188259, "closure_relative_point_velocity_squared_norm_sum": 0.0046002271571397016, "mean_height_m": 0.13575147984549404, "passive_velocity_relation_samples": 2457600, "closure_relative_point_velocity_samples": 1228800, "rms_passive_velocity_relation_error_rad_s": 0.0007865289658789768, "rms_closure_relative_point_velocity_m_s": 6.118557382493741e-05}
2026-09-07T00:53:18.607400159Z FOURBAR_STANDING step=300/1000 metrics={"substeps": 3200, "height_sum": 13897.436884880066, "min_height_m": 0.1357155442237854, "max_applied_nm": 0.6778897047042847, "max_demand_nm": 0.6778897047042847, "max_closure_point_m": 1.497548112183722e-07, "max_closure_axis_chord": 7.770586876176822e-07, "min_nonfoot_clearance_m": 0.02536952495574951, "nonfoot_contact_env_substeps": 0.0, "min_support": 6, "max_envelope_excess_nm": 0.0, "max_continuous_excess_nm": 0.0, "min_burst_headroom": 0.5006884336471558, "invalid_samples": 0.0, "max_passive_relation_error_rad": 3.5762786865234375e-07, "max_passive_velocity_relation_error_rad_s": 0.005754485260695219, "passive_velocity_relation_squared_sum": 0.5576450723953914, "max_closure_relative_point_velocity_m_s": 0.00040789664490148425, "closure_relative_point_velocity_squared_norm_sum": 0.0017233307315876346, "mean_height_m": 0.13571715707890689, "passive_velocity_relation_samples": 1228800, "closure_relative_point_velocity_samples": 614400, "rms_passive_velocity_relation_error_rad_s": 0.0006736562340511198, "rms_closure_relative_point_velocity_m_s": 5.296130926701821e-05}
2026-09-07T00:55:02.002004595Z FOURBAR_STANDING step=400/1000 metrics={"substeps": 6400, "height_sum": 27794.564922332764, "min_height_m": 0.13571110367774963, "max_applied_nm": 0.6824111342430115, "max_demand_nm": 0.6824111342430115, "max_closure_point_m": 1.497548112183722e-07, "max_closure_axis_chord": 8.019411552595557e-07, "min_nonfoot_clearance_m": 0.025346651673316956, "nonfoot_contact_env_substeps": 0.0, "min_support": 6, "max_envelope_excess_nm": 0.0, "max_continuous_excess_nm": 0.0, "min_burst_headroom": 0.5006884336471558, "invalid_samples": 0.0, "max_passive_relation_error_rad": 4.172325134277344e-07, "max_passive_velocity_relation_error_rad_s": 0.007004166021943092, "passive_velocity_relation_squared_sum": 1.3310842264914118, "max_closure_relative_point_velocity_m_s": 0.000468715385068208, "closure_relative_point_velocity_squared_norm_sum": 0.004281171287151537, "mean_height_m": 0.13571564903482794, "passive_velocity_relation_samples": 2457600, "closure_relative_point_velocity_samples": 1228800, "rms_passive_velocity_relation_error_rad_s": 0.0007359480676687892, "rms_closure_relative_point_velocity_m_s": 5.9025639450926486e-05}
2026-09-07T00:56:45.940066651Z FOURBAR_STANDING step=500/1000 metrics={"substeps": 9600, "height_sum": 41691.188059806824, "min_height_m": 0.13570621609687805, "max_applied_nm": 0.7024601697921753, "max_demand_nm": 0.7024601697921753, "max_closure_point_m": 2.154235829721074e-07, "max_closure_axis_chord": 8.019411552595557e-07, "min_nonfoot_clearance_m": 0.025332391262054443, "nonfoot_contact_env_substeps": 0.0, "min_support": 5.0, "max_envelope_excess_nm": 0.0, "max_continuous_excess_nm": 0.0, "min_burst_headroom": 0.5006884336471558, "invalid_samples": 0.0, "max_passive_relation_error_rad": 4.172325134277344e-06, "max_passive_velocity_relation_error_rad_s": 0.00961388647556305, "passive_velocity_relation_squared_sum": 2.3647114572094567, "max_closure_relative_point_velocity_m_s": 0.0008317389292642474, "closure_relative_point_velocity_squared_norm_sum": 0.008024331339488096, "mean_height_m": 0.13571350279885033, "passive_velocity_relation_samples": 3686400, "closure_relative_point_velocity_samples": 1843200, "rms_passive_velocity_relation_error_rad_s": 0.0008009176217229956, "rms_closure_relative_point_velocity_m_s": 6.598089400946494e-05}
2026-09-07T00:58:26.350359925Z FOURBAR_STANDING step=600/1000 metrics={"substeps": 12800, "height_sum": 55587.68417406082, "min_height_m": 0.13570579886436462, "max_applied_nm": 0.7380117774009705, "max_demand_nm": 0.7380117774009705, "max_closure_point_m": 3.335331371090433e-07, "max_closure_axis_chord": 8.019411552595557e-07, "min_nonfoot_clearance_m": 0.025306299328804016, "nonfoot_contact_env_substeps": 0.0, "min_support": 5.0, "max_envelope_excess_nm": 0.0, "max_continuous_excess_nm": 0.0, "min_burst_headroom": 0.5006884336471558, "invalid_samples": 0.0, "max_passive_relation_error_rad": 4.5299530029296875e-06, "max_passive_velocity_relation_error_rad_s": 0.17784619331359863, "passive_velocity_relation_squared_sum": 8.34999172470755, "max_closure_relative_point_velocity_m_s": 0.0030830001924186945, "closure_relative_point_velocity_squared_norm_sum": 0.01460109454354024, "mean_height_m": 0.1357121195655782, "passive_velocity_relation_samples": 4915200, "closure_relative_point_velocity_samples": 2457600, "rms_passive_velocity_relation_error_rad_s": 0.0013033841204133855, "rms_closure_relative_point_velocity_m_s": 7.707918382572565e-05}
2026-09-07T01:00:06.733591022Z FOURBAR_STANDING step=700/1000 metrics={"substeps": 16000, "height_sum": 69484.36926317215, "min_height_m": 0.13570579886436462, "max_applied_nm": 0.7660974860191345, "max_demand_nm": 0.7660974860191345, "max_closure_point_m": 3.335331371090433e-07, "max_closure_axis_chord": 8.019411552595557e-07, "min_nonfoot_clearance_m": 0.025276795029640198, "nonfoot_contact_env_substeps": 0.0, "min_support": 5.0, "max_envelope_excess_nm": 0.0, "max_continuous_excess_nm": 0.0, "min_burst_headroom": 0.5006884336471558, "invalid_samples": 0.0, "max_passive_relation_error_rad": 4.5299530029296875e-06, "max_passive_velocity_relation_error_rad_s": 0.18759891390800476, "passive_velocity_relation_squared_sum": 13.707346839405588, "max_closure_relative_point_velocity_m_s": 0.0035111994948238134, "closure_relative_point_velocity_squared_norm_sum": 0.020414848734831043, "mean_height_m": 0.13571165871713312, "passive_velocity_relation_samples": 6144000, "closure_relative_point_velocity_samples": 3072000, "rms_passive_velocity_relation_error_rad_s": 0.0014936577529595493, "rms_closure_relative_point_velocity_m_s": 8.15196821174871e-05}
2026-09-07T01:01:47.997648414Z FOURBAR_STANDING step=800/1000 metrics={"substeps": 19200, "height_sum": 83381.26689147949, "min_height_m": 0.13570579886436462, "max_applied_nm": 0.786629319190979, "max_demand_nm": 0.786629319190979, "max_closure_point_m": 3.335331371090433e-07, "max_closure_axis_chord": 8.019411552595557e-07, "min_nonfoot_clearance_m": 0.025256291031837463, "nonfoot_contact_env_substeps": 0.0, "min_support": 5.0, "max_envelope_excess_nm": 0.0, "max_continuous_excess_nm": 0.0, "min_burst_headroom": 0.5006884336471558, "invalid_samples": 0.0, "max_passive_relation_error_rad": 4.5299530029296875e-06, "max_passive_velocity_relation_error_rad_s": 0.18759891390800476, "passive_velocity_relation_squared_sum": 19.139330165482487, "max_closure_relative_point_velocity_m_s": 0.0035111994948238134, "closure_relative_point_velocity_squared_norm_sum": 0.02588485917598595, "mean_height_m": 0.1357116974145174, "passive_velocity_relation_samples": 7372800, "closure_relative_point_velocity_samples": 3686400, "rms_passive_velocity_relation_error_rad_s": 0.0016111914205681336, "rms_closure_relative_point_velocity_m_s": 8.37956886802802e-05}
2026-09-07T01:03:27.627969663Z FOURBAR_STANDING step=900/1000 metrics={"substeps": 22400, "height_sum": 97278.44645643234, "min_height_m": 0.13570579886436462, "max_applied_nm": 0.7883467674255371, "max_demand_nm": 0.7883467674255371, "max_closure_point_m": 3.335331371090433e-07, "max_closure_axis_chord": 8.019411552595557e-07, "min_nonfoot_clearance_m": 0.025243103504180908, "nonfoot_contact_env_substeps": 0.0, "min_support": 5.0, "max_envelope_excess_nm": 0.0, "max_continuous_excess_nm": 0.0, "min_burst_headroom": 0.5006884336471558, "invalid_samples": 0.0, "max_passive_relation_error_rad": 4.5299530029296875e-06, "max_passive_velocity_relation_error_rad_s": 0.18759891390800476, "passive_velocity_relation_squared_sum": 21.156911811682278, "max_closure_relative_point_velocity_m_s": 0.0035111994948238134, "closure_relative_point_velocity_squared_norm_sum": 0.02959306556115986, "mean_height_m": 0.13571211838229957, "passive_velocity_relation_samples": 8601600, "closure_relative_point_velocity_samples": 4300800, "rms_passive_velocity_relation_error_rad_s": 0.001568326629119924, "rms_closure_relative_point_velocity_m_s": 8.29507571753814e-05}
2026-09-07T01:05:06.937225122Z FOURBAR_STANDING step=1000/1000 metrics={"substeps": 25600, "height_sum": 111175.94175338745, "min_height_m": 0.13570579886436462, "max_applied_nm": 0.822079598903656, "max_demand_nm": 0.822079598903656, "max_closure_point_m": 3.379148267868004e-07, "max_closure_axis_chord": 8.019411552595557e-07, "min_nonfoot_clearance_m": 0.025232672691345215, "nonfoot_contact_env_substeps": 0.0, "min_support": 5.0, "max_envelope_excess_nm": 0.0, "max_continuous_excess_nm": 0.0, "min_burst_headroom": 0.5006884336471558, "invalid_samples": 0.0, "max_passive_relation_error_rad": 4.708766937255859e-06, "max_passive_velocity_relation_error_rad_s": 0.18759891390800476, "passive_velocity_relation_squared_sum": 23.14473825649855, "max_closure_relative_point_velocity_m_s": 0.0035111994948238134, "closure_relative_point_velocity_squared_norm_sum": 0.03381671264963815, "mean_height_m": 0.13571281952317804, "passive_velocity_relation_samples": 9830400, "closure_relative_point_velocity_samples": 4915200, "rms_passive_velocity_relation_error_rad_s": 0.0015344068972791742, "rms_closure_relative_point_velocity_m_s": 8.294593300120297e-05}
2026-09-07T01:06:46.957603047Z FOURBAR_DRIVEN motor=lf_coxa_yaw positive_minus_negative_rad=0.040867
2026-09-07T01:08:25.430806980Z FOURBAR_DRIVEN motor=lm_coxa_yaw positive_minus_negative_rad=0.046421
2026-09-07T01:10:05.755251163Z FOURBAR_DRIVEN motor=lr_coxa_yaw positive_minus_negative_rad=0.039993
2026-09-07T01:11:45.209154817Z FOURBAR_DRIVEN motor=rf_coxa_yaw positive_minus_negative_rad=0.040671
2026-09-07T01:13:26.625645076Z FOURBAR_DRIVEN motor=rm_coxa_yaw positive_minus_negative_rad=0.051299
2026-09-07T01:15:07.869579709Z FOURBAR_DRIVEN motor=rr_coxa_yaw positive_minus_negative_rad=0.050321
2026-09-07T01:16:49.370986122Z FOURBAR_DRIVEN motor=lf_femur_pitch positive_minus_negative_rad=0.013285
2026-09-07T01:18:29.908382740Z FOURBAR_DRIVEN motor=lm_femur_pitch positive_minus_negative_rad=0.050332
2026-09-07T01:20:08.816357591Z FOURBAR_DRIVEN motor=lr_femur_pitch positive_minus_negative_rad=0.034170
2026-09-07T01:21:50.324286555Z FOURBAR_DRIVEN motor=rf_femur_pitch positive_minus_negative_rad=0.027443
2026-09-07T01:23:29.612419164Z FOURBAR_DRIVEN motor=rm_femur_pitch positive_minus_negative_rad=0.028957
2026-09-07T01:25:08.638199057Z FOURBAR_DRIVEN motor=rr_femur_pitch positive_minus_negative_rad=0.059519
2026-09-07T01:26:51.423537102Z FOURBAR_DRIVEN motor=lf_tibia_lever_pivot positive_minus_negative_rad=0.056273
2026-09-07T01:28:36.164943651Z FOURBAR_DRIVEN motor=lm_tibia_lever_pivot positive_minus_negative_rad=0.050717
2026-09-07T01:30:20.565608458Z FOURBAR_DRIVEN motor=lr_tibia_lever_pivot positive_minus_negative_rad=0.025671
2026-09-07T01:32:02.546238052Z FOURBAR_DRIVEN motor=rf_tibia_lever_pivot positive_minus_negative_rad=0.134806
2026-09-07T01:33:46.258195588Z FOURBAR_DRIVEN motor=rm_tibia_lever_pivot positive_minus_negative_rad=0.054163
2026-09-07T01:35:28.151476353Z FOURBAR_DRIVEN motor=rr_tibia_lever_pivot positive_minus_negative_rad=0.117246
2026-09-07T01:45:18.486105391Z FOURBAR_VALIDATION_RESULT pass=False errors=['driven: unintended contact or missing support']
2026-09-07T01:45:18.939480541Z [INFO]: SimulationContext cleared
2026-09-07T01:45:19.043349050Z 2026-09-07T00:47:47Z [6,259ms] [Warning] [carb.omniclient.plugin]  117: OmniHub: ThreadId(02) Hub encountered error. Trying to reconnect to Hub. retry_reason="Hub failed to launch: Io(\"child exited with exit status: 1 without writing file \\\"/tmp/hub-ubuntu-A62842A.config.json\\\"\")"
2026-09-07T01:45:19.043380522Z 2026-09-07T00:47:47Z [6,621ms] [Warning] [carb.omniclient.plugin]  117: OmniHub: ThreadId(02) Hub encountered error. Trying to reconnect to Hub. retry_reason="Hub failed to launch: Io(\"child exited with exit status: 1 without writing file \\\"/tmp/hub-ubuntu-A62842A.config.json\\\"\")"
2026-09-07T01:45:19.043401338Z 2026-09-07T00:47:48Z [6,993ms] [Warning] [carb.omniclient.plugin]  117: OmniHub: ThreadId(02) Hub encountered error. Trying to reconnect to Hub. retry_reason="Hub failed to launch: Io(\"child exited with exit status: 1 without writing file \\\"/tmp/hub-ubuntu-A62842A.config.json\\\"\")"
2026-09-07T01:45:19.043404538Z 2026-09-07T00:47:48Z [7,376ms] [Warning] [carb.omniclient.plugin]  117: OmniHub: ThreadId(02) Hub encountered error. Trying to reconnect to Hub. retry_reason="Hub failed to launch: Io(\"child exited with exit status: 1 without writing file \\\"/tmp/hub-ubuntu-A62842A.config.json\\\"\")"
2026-09-07T01:45:19.043406970Z 2026-09-07T00:47:49Z [7,767ms] [Warning] [carb.omniclient.plugin]  117: OmniHub: ThreadId(02) Hub encountered error. Trying to reconnect to Hub. retry_reason="Hub failed to launch: Io(\"child exited with exit status: 1 without writing file \\\"/tmp/hub-ubuntu-A62842A.config.json\\\"\")"
2026-09-07T01:45:19.043409418Z 2026-09-07T00:47:49Z [8,169ms] [Warning] [carb.omniclient.plugin]  117: OmniHub: ThreadId(02) Hub encountered error. Trying to reconnect to Hub. retry_reason="Hub failed to launch: Io(\"child exited with exit status: 1 without writing file \\\"/tmp/hub-ubuntu-A62842A.config.json\\\"\")"
2026-09-07T01:45:19.043411626Z 2026-09-07T00:47:49Z [8,582ms] [Warning] [carb.omniclient.plugin]  117: OmniHub: ThreadId(02) Hub encountered error. Trying to reconnect to Hub. retry_reason="Hub failed to launch: Io(\"child exited with exit status: 1 without writing file \\\"/tmp/hub-ubuntu-A62842A.config.json\\\"\")"
2026-09-07T01:45:19.043414634Z 2026-09-07T00:47:50Z [9,005ms] [Warning] [carb.omniclient.plugin]  117: OmniHub: ThreadId(02) Hub encountered error. Trying to reconnect to Hub. retry_reason="Hub failed to launch: Io(\"child exited with exit status: 1 without writing file \\\"/tmp/hub-ubuntu-A62842A.config.json\\\"\")"
2026-09-07T01:45:19.043416842Z 2026-09-07T00:47:50Z [9,438ms] [Warning] [carb.omniclient.plugin]  117: OmniHub: ThreadId(02) Hub encountered error. Trying to reconnect to Hub. retry_reason="Hub failed to launch: Io(\"child exited with exit status: 1 without writing file \\\"/tmp/hub-ubuntu-A62842A.config.json\\\"\")"
2026-09-07T01:45:19.043419034Z 2026-09-07T00:47:51Z [9,882ms] [Warning] [carb.omniclient.plugin]  117: OmniHub: ThreadId(02) Hub encountered error. Trying to reconnect to Hub. retry_reason="Hub failed to launch: Io(\"child exited with exit status: 1 without writing file \\\"/tmp/hub-ubuntu-A62842A.config.json\\\"\")"
2026-09-07T01:45:19.043421162Z 2026-09-07T00:47:51Z [10,353ms] [Warning] [omni.usd_config.extension] Enable omni.materialx.libs extension to use MaterialX
2026-09-07T01:45:19.043422874Z 2026-09-07T00:47:57Z [16,195ms] [Warning] [omni.physx.plugin] Detected an articulation at /World/envs/env_0/Robot/Geometry/body with more than 4 velocity iterations being added to a TGS scene.The related behavior changed recently, please consult the changelog. This warning will only print once.
2026-09-07T01:45:19.043424906Z 2026-09-07T00:47:58Z [17,062ms] [Warning] [usdrt.population.plugin] Last global time was not created. Did you call setEnableUsdNoticeHandling?
2026-09-07T01:45:19.043429402Z 2026-09-07T00:48:01Z [20,624ms] [Warning] [isaaclab_physx.assets.articulation.articulation] Not all actuators are configured! Total number of actuated joints not equal to number of joints available: 18 != 30.
