{
  "mass_kg": 5.147603654203134,
  "parts": 1753,
  "types": 59,
  "motor": {
    "cad_motor_instances_from_repeated_housing_anchor": 18,
    "count_method": "Occurrences of unique housing mesh prefix 1_1_06_eb463_507_; cross-check all vendor type multiplicities",
    "anchor_mesh": "assets/1_1_06_eb463_507_fl46blw10_48v_5n_m_de_2__fl46blw10_48v_5n_m_de__\u00e7\u00f0\u00b3\u00fd_\u00e0_\u00e9\u00ec1.stl",
    "anchor_part_indices": [
      733,
      778,
      822,
      869,
      914,
      958,
      1005,
      1050,
      1094,
      1141,
      1186,
      1230,
      1277,
      1322,
      1366,
      1413,
      1458,
      1502
    ],
    "anchor_com_export_m": [
      [
        -0.22586880340674495,
        0.0008049241320620812,
        0.07494378566060964
      ],
      [
        -0.16942841106191125,
        0.0010872615214630446,
        0.02819415225419708
      ],
      [
        -0.11965407922209048,
        -5.456180044097432e-05,
        0.02701273533539654
      ],
      [
        0.22580625969398607,
        -0.0016157183199851863,
        0.07494378566062743
      ],
      [
        0.16936573098007707,
        -0.0013621025990189278,
        0.028194152254197823
      ],
      [
        0.11960448561779692,
        0.0002523107911944323,
        0.027012735335396117
      ],
      [
        -0.17522049083128735,
        0.27062227408090517,
        0.052442941239284876
      ],
      [
        -0.11929585199513026,
        0.23008822893193054,
        0.028194152254197986
      ],
      [
        -0.07981548987570705,
        0.19975526208860772,
        0.027012735335396176
      ],
      [
        -0.15932632628432108,
        -0.270007689182184,
        0.07494378566060818
      ],
      [
        -0.1174798593587109,
        -0.23213328082661808,
        0.02819415225419717
      ],
      [
        -0.07964766752642265,
        -0.19976797329271734,
        0.027012735335396762
      ],
      [
        0.15310760250709401,
        -0.2764198519328899,
        0.07494378566057858
      ],
      [
        0.1136358340223748,
        -0.2360766109236143,
        0.0281941522541966
      ],
      [
        0.0798249823933589,
        -0.1995305552852787,
        0.027012735335396512
      ],
      [
        0.1627594586413051,
        0.2802011382354006,
        0.06034279333128296
      ],
      [
        0.11597261641164962,
        0.23394618087116156,
        0.028194152254195342
      ],
      [
        0.0796029269632105,
        0.19994568734498397,
        0.027012735335395416
      ]
    ],
    "anchor_unique_com_count_1um": 18,
    "minimum_anchor_com_separation_m": 0.04980144191220712,
    "vendor_document_id": "b7094f2f67d456e424842e30",
    "vendor_part_instances": 666,
    "vendor_part_mesh_types": 15,
    "vendor_mass_total_kg": 1.119515418977345,
    "vendor_mass_per_motor_kg": 0.06219530105429695,
    "all_vendor_type_counts_divisible_by_motor_count": true,
    "zero_mass_vendor_part_instances": 108,
    "historical_rs05_nominal_mass_kg": 0.191,
    "hypothetical_delta_if_these_are_same_rs05_kg": 2.318484581022655,
    "hypothetical_robot_mass_with_rs05_nominal_replacement_kg": 7.466088235225788,
    "applied_correction": false,
    "caveat": "Export vendor mesh names reference FL46BLW10 48V 5N M; repository physical model identifies RS05. Confirm exact shipped motor revision and included hardware before using 191 g. The export alone does not prove that identity or real rotor/stator mass distribution. Replacement arithmetic is a conditional scenario, not a calibrated simulation mass."
  },
  "roundtrip": {
    "field_checks": {
      "mass": {
        "actual": 5.147603654203134,
        "written": "5.1476",
        "abs_error": 3.6542031338626657e-06,
        "rounding_halfwidth": 5e-05,
        "within_written_precision": true
      },
      "com_x": {
        "actual": -0.0014534264587666807,
        "written": "-0.00145343",
        "abs_error": 3.5412333191688072e-09,
        "rounding_halfwidth": 5e-09,
        "within_written_precision": true
      },
      "com_y": {
        "actual": -0.0001366412961225355,
        "written": "-0.000136641",
        "abs_error": 2.9612253548230195e-10,
        "rounding_halfwidth": 5e-10,
        "within_written_precision": true
      },
      "com_z": {
        "actual": 0.0366756074749214,
        "written": "0.0366756",
        "abs_error": 7.474921397132572e-09,
        "rounding_halfwidth": 5e-08,
        "within_written_precision": true
      },
      "ixx": {
        "actual": 0.18168507930381717,
        "written": "0.181685",
        "abs_error": 7.930381715204327e-08,
        "rounding_halfwidth": 5e-07,
        "within_written_precision": true
      },
      "ixy": {
        "actual": 0.00023837550789262415,
        "written": "0.000238376",
        "abs_error": 4.921073758451348e-10,
        "rounding_halfwidth": 5e-10,
        "within_written_precision": true
      },
      "ixz": {
        "actual": 0.0009457493614617122,
        "written": "0.000945749",
        "abs_error": 3.614617122326205e-10,
        "rounding_halfwidth": 5e-10,
        "within_written_precision": true
      },
      "iyy": {
        "actual": 0.10530745479611175,
        "written": "0.105307",
        "abs_error": 4.5479611175680557e-07,
        "rounding_halfwidth": 5e-07,
        "within_written_precision": true
      },
      "iyz": {
        "actual": 0.0014793503580830822,
        "written": "0.00147935",
        "abs_error": 3.5808308228302277e-10,
        "rounding_halfwidth": 5e-09,
        "within_written_precision": true
      },
      "izz": {
        "actual": 0.27947057308479545,
        "written": "0.279471",
        "abs_error": 4.269152045766056e-07,
        "rounding_halfwidth": 5e-07,
        "within_written_precision": true
      }
    },
    "all_fields_within_export_written_precision": true,
    "max_part_pose_translation_component_error_m": 4.998773538433809e-07,
    "max_part_pose_rotation_error_rad": 7.610394753111379e-06,
    "max_appearance_rgba_error": 4.901960783953996e-07,
    "all_part_pose_checks_pass": true
  },
  "tensor_checks": {
    "all_source_tensors_physically_consistent": true,
    "positive_mass_parts": 1645,
    "strictly_positive_definite_parts": 1645,
    "invalid_part_indices": []
  },
  "mesh_checks": {
    "nonwatertight_meshes": [
      "assets/1_2_05_020051_fl46blw10_48v_5n_m_de_2__fl46blw10_48v_5n_m_de__none__2.stl"
    ],
    "invalid_volume_meshes": [
      "assets/1_2_05_020051_fl46blw10_48v_5n_m_de_2__fl46blw10_48v_5n_m_de__none__2.stl"
    ]
  }
}
