time="2026-09-14T13:24:57-05:00" level=warning msg="No services to build"
time="2026-09-14T13:24:58-05:00" level=warning msg="No services to build"
 Container hexapod-reference-physics-1a3387b1cd3d412f83083c60c05c6a18 Creating 
 Container hexapod-reference-physics-1a3387b1cd3d412f83083c60c05c6a18 Created 
Loading user config located at: '/isaac-sim/kit/data/Kit/IsaacLab/3.0/user.config.json'
2026-09-14T18:24:58Z [Info] [carb] Logging to file: /isaac-sim/kit/logs/Kit/IsaacLab/3.0/kit_20260914_182458.log
2026-09-14T18:24:58Z [2ms] [Warning] [omni.ext.plugin] [ext: jobs] Extensions config 'extension.toml' doesn't exist '/output/jobs' or '/output/jobs/config'
2026-09-14T18:24:58Z [3ms] [Warning] [omni.ext.plugin] [ext: logs] Extensions config 'extension.toml' doesn't exist '/output/logs' or '/output/logs/config'
2026-09-14T18:24:58Z [3ms] [Warning] [omni.ext.plugin] [ext: standing] Extensions config 'extension.toml' doesn't exist '/output/standing' or '/output/standing/config'
2026-09-14T18:24:58Z [3ms] [Warning] [omni.ext.plugin] [ext: isaaclab_visualizers] Extensions config 'extension.toml' doesn't exist '/workspace/isaaclab/source/isaaclab_visualizers' or '/workspace/isaaclab/source/isaaclab_visualizers/config'
2026-09-14T18:24:58Z [210ms] [Warning] [carb.omniclient.plugin]  44: OmniHub: ThreadId(02) Hub encountered error. Trying to reconnect to Hub. retry_reason="Hub failed to launch: Io(\"child exited with exit status: 1 without writing file \\\"/tmp/hub-ubuntu-B5A18F12.config.json\\\"\")"
2026-09-14T18:24:58Z [281ms] [Warning] [carb.omniclient.plugin]  44: OmniHub: ThreadId(02) Hub encountered error. Trying to reconnect to Hub. retry_reason="Hub failed to launch: Io(\"child exited with exit status: 1 without writing file \\\"/tmp/hub-ubuntu-B5A18F12.config.json\\\"\")"
2026-09-14T18:24:58Z [363ms] [Warning] [carb.omniclient.plugin]  44: OmniHub: ThreadId(02) Hub encountered error. Trying to reconnect to Hub. retry_reason="Hub failed to launch: Io(\"child exited with exit status: 1 without writing file \\\"/tmp/hub-ubuntu-B5A18F12.config.json\\\"\")"
2026-09-14T18:24:58Z [457ms] [Warning] [carb.omniclient.plugin]  44: OmniHub: ThreadId(02) Hub encountered error. Trying to reconnect to Hub. retry_reason="Hub failed to launch: Io(\"child exited with exit status: 1 without writing file \\\"/tmp/hub-ubuntu-B5A18F12.config.json\\\"\")"
2026-09-14T18:24:59Z [561ms] [Warning] [carb.omniclient.plugin]  44: OmniHub: ThreadId(02) Hub encountered error. Trying to reconnect to Hub. retry_reason="Hub failed to launch: Io(\"child exited with exit status: 1 without writing file \\\"/tmp/hub-ubuntu-B5A18F12.config.json\\\"\")"
2026-09-14T18:24:59Z [674ms] [Warning] [carb.omniclient.plugin]  44: OmniHub: ThreadId(02) Hub encountered error. Trying to reconnect to Hub. retry_reason="Hub failed to launch: Io(\"child exited with exit status: 1 without writing file \\\"/tmp/hub-ubuntu-B5A18F12.config.json\\\"\")"
2026-09-14T18:24:59Z [799ms] [Warning] [carb.omniclient.plugin]  44: OmniHub: ThreadId(02) Hub encountered error. Trying to reconnect to Hub. retry_reason="Hub failed to launch: Io(\"child exited with exit status: 1 without writing file \\\"/tmp/hub-ubuntu-B5A18F12.config.json\\\"\")"
2026-09-14T18:24:59Z [933ms] [Warning] [carb.omniclient.plugin]  44: OmniHub: ThreadId(02) Hub encountered error. Trying to reconnect to Hub. retry_reason="Hub failed to launch: Io(\"child exited with exit status: 1 without writing file \\\"/tmp/hub-ubuntu-B5A18F12.config.json\\\"\")"
2026-09-14T18:24:59Z [1,076ms] [Warning] [carb.omniclient.plugin]  44: OmniHub: ThreadId(02) Hub encountered error. Trying to reconnect to Hub. retry_reason="Hub failed to launch: Io(\"child exited with exit status: 1 without writing file \\\"/tmp/hub-ubuntu-B5A18F12.config.json\\\"\")"
2026-09-14T18:24:59Z [1,230ms] [Warning] [carb.omniclient.plugin]  44: OmniHub: ThreadId(02) Hub encountered error. Trying to reconnect to Hub. retry_reason="Hub failed to launch: Io(\"child exited with exit status: 1 without writing file \\\"/tmp/hub-ubuntu-B5A18F12.config.json\\\"\")"
2026-09-14T18:24:59Z [1,392ms] [Warning] [carb.omniclient.plugin]  44: OmniHub: ThreadId(02) Hub encountered error. Trying to reconnect to Hub. retry_reason="Hub failed to launch: Io(\"child exited with exit status: 1 without writing file \\\"/tmp/hub-ubuntu-B5A18F12.config.json\\\"\")"
2026-09-14T18:25:00Z [1,565ms] [Warning] [carb.omniclient.plugin]  44: OmniHub: ThreadId(02) Hub encountered error. Trying to reconnect to Hub. retry_reason="Hub failed to launch: Io(\"child exited with exit status: 1 without writing file \\\"/tmp/hub-ubuntu-B5A18F12.config.json\\\"\")"
2026-09-14T18:25:00Z [1,748ms] [Warning] [carb.omniclient.plugin]  44: OmniHub: ThreadId(02) Hub encountered error. Trying to reconnect to Hub. retry_reason="Hub failed to launch: Io(\"child exited with exit status: 1 without writing file \\\"/tmp/hub-ubuntu-B5A18F12.config.json\\\"\")"
2026-09-14T18:25:00Z [1,941ms] [Warning] [carb.omniclient.plugin]  44: OmniHub: ThreadId(02) Hub encountered error. Trying to reconnect to Hub. retry_reason="Hub failed to launch: Io(\"child exited with exit status: 1 without writing file \\\"/tmp/hub-ubuntu-B5A18F12.config.json\\\"\")"
2026-09-14T18:25:00Z [2,145ms] [Warning] [carb.omniclient.plugin]  44: OmniHub: ThreadId(02) Hub encountered error. Trying to reconnect to Hub. retry_reason="Hub failed to launch: Io(\"child exited with exit status: 1 without writing file \\\"/tmp/hub-ubuntu-B5A18F12.config.json\\\"\")"
2026-09-14T18:25:00Z [2,359ms] [Warning] [carb.omniclient.plugin]  44: OmniHub: ThreadId(02) Hub encountered error. Trying to reconnect to Hub. retry_reason="Hub failed to launch: Io(\"child exited with exit status: 1 without writing file \\\"/tmp/hub-ubuntu-B5A18F12.config.json\\\"\")"
2026-09-14T18:25:01Z [2,582ms] [Warning] [carb.omniclient.plugin]  44: OmniHub: ThreadId(02) Hub encountered error. Trying to reconnect to Hub. retry_reason="Hub failed to launch: Io(\"child exited with exit status: 1 without writing file \\\"/tmp/hub-ubuntu-B5A18F12.config.json\\\"\")"
2026-09-14T18:25:01Z [2,815ms] [Warning] [carb.omniclient.plugin]  44: OmniHub: ThreadId(02) Hub encountered error. Trying to reconnect to Hub. retry_reason="Hub failed to launch: Io(\"child exited with exit status: 1 without writing file \\\"/tmp/hub-ubuntu-B5A18F12.config.json\\\"\")"
2026-09-14T18:25:01Z [3,057ms] [Warning] [carb.omniclient.plugin]  44: OmniHub: ThreadId(02) Hub encountered error. Trying to reconnect to Hub. retry_reason="Hub failed to launch: Io(\"child exited with exit status: 1 without writing file \\\"/tmp/hub-ubuntu-B5A18F12.config.json\\\"\")"
2026-09-14T18:25:01Z [3,310ms] [Warning] [carb.omniclient.plugin]  44: OmniHub: ThreadId(02) Hub encountered error. Trying to reconnect to Hub. retry_reason="Hub failed to launch: Io(\"child exited with exit status: 1 without writing file \\\"/tmp/hub-ubuntu-B5A18F12.config.json\\\"\")"
2026-09-14T18:25:02Z [3,573ms] [Warning] [carb.omniclient.plugin]  44: OmniHub: ThreadId(02) Hub encountered error. Trying to reconnect to Hub. retry_reason="Hub failed to launch: Io(\"child exited with exit status: 1 without writing file \\\"/tmp/hub-ubuntu-B5A18F12.config.json\\\"\")"
2026-09-14T18:25:02Z [3,847ms] [Warning] [carb.omniclient.plugin]  44: OmniHub: ThreadId(02) Hub encountered error. Trying to reconnect to Hub. retry_reason="Hub failed to launch: Io(\"child exited with exit status: 1 without writing file \\\"/tmp/hub-ubuntu-B5A18F12.config.json\\\"\")"
2026-09-14T18:25:02Z [4,131ms] [Warning] [carb.omniclient.plugin]  44: OmniHub: ThreadId(02) Hub encountered error. Trying to reconnect to Hub. retry_reason="Hub failed to launch: Io(\"child exited with exit status: 1 without writing file \\\"/tmp/hub-ubuntu-B5A18F12.config.json\\\"\")"
2026-09-14T18:25:02Z [4,424ms] [Warning] [carb.omniclient.plugin]  44: OmniHub: ThreadId(02) Hub encountered error. Trying to reconnect to Hub. retry_reason="Hub failed to launch: Io(\"child exited with exit status: 1 without writing file \\\"/tmp/hub-ubuntu-B5A18F12.config.json\\\"\")"
2026-09-14T18:25:03Z [4,728ms] [Warning] [carb.omniclient.plugin]  44: OmniHub: ThreadId(02) Hub encountered error. Trying to reconnect to Hub. retry_reason="Hub failed to launch: Io(\"child exited with exit status: 1 without writing file \\\"/tmp/hub-ubuntu-B5A18F12.config.json\\\"\")"
2026-09-14T18:25:03Z [5,042ms] [Warning] [carb.omniclient.plugin]  44: OmniHub: ThreadId(02) Hub encountered error. Trying to reconnect to Hub. retry_reason="Hub failed to launch: Io(\"child exited with exit status: 1 without writing file \\\"/tmp/hub-ubuntu-B5A18F12.config.json\\\"\")"
2026-09-14T18:25:03Z [5,365ms] [Warning] [carb.omniclient.plugin]  44: OmniHub: ThreadId(02) Hub encountered error. Trying to reconnect to Hub. retry_reason="Hub failed to launch: Io(\"child exited with exit status: 1 without writing file \\\"/tmp/hub-ubuntu-B5A18F12.config.json\\\"\")"
2026-09-14T18:25:04Z [5,698ms] [Warning] [carb.omniclient.plugin]  44: OmniHub: ThreadId(02) Hub encountered error. Trying to reconnect to Hub. retry_reason="Hub failed to launch: Io(\"child exited with exit status: 1 without writing file \\\"/tmp/hub-ubuntu-B5A18F12.config.json\\\"\")"
2026-09-14T18:25:04Z [6,042ms] [Warning] [carb.omniclient.plugin]  44: OmniHub: ThreadId(02) Hub encountered error. Trying to reconnect to Hub. retry_reason="Hub failed to launch: Io(\"child exited with exit status: 1 without writing file \\\"/tmp/hub-ubuntu-B5A18F12.config.json\\\"\")"
2026-09-14T18:25:04Z [6,395ms] [Warning] [carb.omniclient.plugin]  44: OmniHub: ThreadId(02) Hub encountered error. Trying to reconnect to Hub. retry_reason="Hub failed to launch: Io(\"child exited with exit status: 1 without writing file \\\"/tmp/hub-ubuntu-B5A18F12.config.json\\\"\")"
2026-09-14T18:25:05Z [6,758ms] [Warning] [carb.omniclient.plugin]  44: OmniHub: ThreadId(02) Hub encountered error. Trying to reconnect to Hub. retry_reason="Hub failed to launch: Io(\"child exited with exit status: 1 without writing file \\\"/tmp/hub-ubuntu-B5A18F12.config.json\\\"\")"
2026-09-14T18:25:05Z [7,132ms] [Warning] [carb.omniclient.plugin]  44: OmniHub: ThreadId(02) Hub encountered error. Trying to reconnect to Hub. retry_reason="Hub failed to launch: Io(\"child exited with exit status: 1 without writing file \\\"/tmp/hub-ubuntu-B5A18F12.config.json\\\"\")"
2026-09-14T18:25:06Z [7,516ms] [Warning] [carb.omniclient.plugin]  44: OmniHub: ThreadId(02) Hub encountered error. Trying to reconnect to Hub. retry_reason="Hub failed to launch: Io(\"child exited with exit status: 1 without writing file \\\"/tmp/hub-ubuntu-B5A18F12.config.json\\\"\")"
2026-09-14T18:25:06Z [7,910ms] [Warning] [carb.omniclient.plugin]  44: OmniHub: ThreadId(02) Hub encountered error. Trying to reconnect to Hub. retry_reason="Hub failed to launch: Io(\"child exited with exit status: 1 without writing file \\\"/tmp/hub-ubuntu-B5A18F12.config.json\\\"\")"
2026-09-14T18:25:06Z [8,312ms] [Warning] [carb.omniclient.plugin]  44: OmniHub: ThreadId(02) Hub encountered error. Trying to reconnect to Hub. retry_reason="Hub failed to launch: Io(\"child exited with exit status: 1 without writing file \\\"/tmp/hub-ubuntu-B5A18F12.config.json\\\"\")"
2026-09-14T18:25:07Z [8,725ms] [Warning] [carb.omniclient.plugin]  44: OmniHub: ThreadId(02) Hub encountered error. Trying to reconnect to Hub. retry_reason="Hub failed to launch: Io(\"child exited with exit status: 1 without writing file \\\"/tmp/hub-ubuntu-B5A18F12.config.json\\\"\")"
2026-09-14T18:25:07Z [9,147ms] [Warning] [carb.omniclient.plugin]  44: OmniHub: ThreadId(02) Hub encountered error. Trying to reconnect to Hub. retry_reason="Hub failed to launch: Io(\"child exited with exit status: 1 without writing file \\\"/tmp/hub-ubuntu-B5A18F12.config.json\\\"\")"
2026-09-14T18:25:08Z [9,578ms] [Warning] [carb.omniclient.plugin]  44: OmniHub: ThreadId(02) Hub encountered error. Trying to reconnect to Hub. retry_reason="Hub failed to launch: Io(\"child exited with exit status: 1 without writing file \\\"/tmp/hub-ubuntu-B5A18F12.config.json\\\"\")"
2026-09-14T18:25:08Z [10,020ms] [Warning] [carb.omniclient.plugin]  44: OmniHub: ThreadId(02) Hub encountered error. Trying to reconnect to Hub. retry_reason="Hub failed to launch: Io(\"child exited with exit status: 1 without writing file \\\"/tmp/hub-ubuntu-B5A18F12.config.json\\\"\")"
WARNING: All log messages before absl::InitializeLog() is called are written to STDERR
E0000 00:00:1789410308.989148      11 descriptor_database.cc:633] File already exists in database: grpc/health/v1/health.proto
W0000 00:00:1789410308.989169      11 message.cc:301] Protobuf GeneratedMessageFactory: File is already registered: grpc/health/v1/health.proto
2026-09-14T18:25:09Z [10,507ms] [Warning] [omni.platforminfo.plugin] failed to open the default display.  Can't verify X Server version.

|---------------------------------------------------------------------------------------------|
| Driver Version: 580.173.02    | Graphics API: Vulkan
|=============================================================================================|
| GPU | Name                             | Active | LDA | GPU Memory | Vendor-ID | LUID       |
|     |                                  |        |     |            | Device-ID | UUID       |
|     |                                  |        |     |            | Bus-ID    |            |
|---------------------------------------------------------------------------------------------|
| 0   | NVIDIA GB10                      | Yes: 0 |     | 93457   MB | 10de      | 0          |
|     |                                  |        |     |            | 2e12      | 2166d556.. |
|     |                                  |        |     |            | 1         |            |
|=============================================================================================|
| OS: 24.04.3 LTS (Noble Numbat) ubuntu, Version: 24.04.3, Kernel: 6.17.0-1031-nvidia
| Processor: Cortex-A725
| Cores: 20 | Logical Cores: 20
|---------------------------------------------------------------------------------------------|
| Total Memory (MB): 124609 | Free Memory: 120151
| Total Page/Swap (MB): 16383 | Free Page/Swap: 0
|---------------------------------------------------------------------------------------------|
2026-09-14T18:25:10Z [12,117ms] [Warning] [carb.windowing-glfw.plugin] GLFW initialization failed.
2026-09-14T18:25:10Z [12,117ms] [Warning] [carb] Failed to startup plugin carb.windowing-glfw.plugin (interfaces: [carb::windowing::IGLContext v1.0],[carb::windowing::IWindowing v1.5]) (impl: carb.windowing-glfw.plugin)
2026-09-14T18:25:10Z [12,207ms] [Warning] [carb.windowing-glfw.plugin] GLFW initialization failed.
2026-09-14T18:25:10Z [12,207ms] [Warning] [carb] Failed to startup plugin carb.windowing-glfw.plugin (interfaces: [carb::windowing::IGLContext v1.0],[carb::windowing::IWindowing v1.5]) (impl: carb.windowing-glfw.plugin)
2026-09-14T18:25:10Z [12,208ms] [Warning] [carb.windowing-glfw.plugin] GLFW initialization failed.
2026-09-14T18:25:10Z [12,208ms] [Warning] [carb] Failed to startup plugin carb.windowing-glfw.plugin (interfaces: [carb::windowing::IGLContext v1.0],[carb::windowing::IWindowing v1.5]) (impl: carb.windowing-glfw.plugin)
2026-09-14T18:25:11Z [12,503ms] [Warning] [omni.log] Source: omni.hydra was already registered.
2026-09-14T18:25:12Z [13,844ms] [Warning] [pxr.Semantics] pxr.Semantics is deprecated - please use Semantics instead
2026-09-14T18:25:12Z [13,984ms] [Warning] [omni.replicator.core.scripts.extension] No material configuration file, adding configuration to material settings directly.
2026-09-14T18:25:13Z [15,290ms] [Warning] [rtx.hydra] RenderDelegate : Warning /rtx/hydra/readTransformsFromFabricInRenderDelegate and geometry streaming are enabled together but this can cause issues with dynamic objects not streaming correctly due to problems in the transform update.
/workspace/isaaclab/_isaac_sim/kit/python/lib/python3.12/site-packages/torch/cuda/__init__.py:435: UserWarning: 
    Found GPU0 NVIDIA GB10 which is of cuda capability 12.1.
    Minimum and Maximum cuda capability supported by this version of PyTorch is
    (8.0) - (12.0)
    
  queued_call()
REFERENCE_SCREEN_APP_READY
[ISAACLAB] AppLauncher initialization complete
[INFO]: Registered backend 'kit' for factory Visualizer.
2026-09-14T18:25:17Z [18,857ms] [Warning] [omni.physx.tensors.plugin] Failed to find contact report API at '/Robot_000/joints'
2026-09-14T18:25:18Z [19,893ms] [Warning] [omni.syntheticdata.plugin] OgnSdPostRenderVarToHost : rendervar copy from texture directly to host buffer is counter-performant. Please use copy from texture to device buffer first.
2026-09-14T18:25:18Z [20,072ms] [Warning] [omni.kit.material.library.material_extensions] Could not initialize context menu integration: No module named 'omni.kit.context_menu'
