Loading user config located at: '/isaac-sim/kit/data/Kit/IsaacLab/3.0/user.config.json'
2026-09-07T00:10:21Z [0ms] [Warning] [omni.ext.plugin] [ext: isaaclab_visualizers] Extensions config 'extension.toml' doesn't exist '/workspace/isaaclab/source/isaaclab_visualizers' or '/workspace/isaaclab/source/isaaclab_visualizers/config'
2026-09-07T00:10:21Z [116ms] [Warning] [carb.omniclient.plugin]  106: OmniHub: ThreadId(02) Hub encountered error. Trying to reconnect to Hub. retry_reason="Hub failed to launch: Io(\"child exited with exit status: 1 without writing file \\\"/tmp/hub-ubuntu-2A6A90E6.config.json\\\"\")"
2026-09-07T00:10:21Z [188ms] [Warning] [carb.omniclient.plugin]  106: OmniHub: ThreadId(02) Hub encountered error. Trying to reconnect to Hub. retry_reason="Hub failed to launch: Io(\"child exited with exit status: 1 without writing file \\\"/tmp/hub-ubuntu-2A6A90E6.config.json\\\"\")"
2026-09-07T00:10:21Z [271ms] [Warning] [carb.omniclient.plugin]  106: OmniHub: ThreadId(02) Hub encountered error. Trying to reconnect to Hub. retry_reason="Hub failed to launch: Io(\"child exited with exit status: 1 without writing file \\\"/tmp/hub-ubuntu-2A6A90E6.config.json\\\"\")"
2026-09-07T00:10:21Z [363ms] [Warning] [carb.omniclient.plugin]  106: OmniHub: ThreadId(02) Hub encountered error. Trying to reconnect to Hub. retry_reason="Hub failed to launch: Io(\"child exited with exit status: 1 without writing file \\\"/tmp/hub-ubuntu-2A6A90E6.config.json\\\"\")"
2026-09-07T00:10:21Z [465ms] [Warning] [carb.omniclient.plugin]  106: OmniHub: ThreadId(02) Hub encountered error. Trying to reconnect to Hub. retry_reason="Hub failed to launch: Io(\"child exited with exit status: 1 without writing file \\\"/tmp/hub-ubuntu-2A6A90E6.config.json\\\"\")"
2026-09-07T00:10:21Z [578ms] [Warning] [carb.omniclient.plugin]  106: OmniHub: ThreadId(02) Hub encountered error. Trying to reconnect to Hub. retry_reason="Hub failed to launch: Io(\"child exited with exit status: 1 without writing file \\\"/tmp/hub-ubuntu-2A6A90E6.config.json\\\"\")"
2026-09-07T00:10:22Z [700ms] [Warning] [carb.omniclient.plugin]  106: OmniHub: ThreadId(02) Hub encountered error. Trying to reconnect to Hub. retry_reason="Hub failed to launch: Io(\"child exited with exit status: 1 without writing file \\\"/tmp/hub-ubuntu-2A6A90E6.config.json\\\"\")"
2026-09-07T00:10:22Z [831ms] [Warning] [carb.omniclient.plugin]  106: OmniHub: ThreadId(02) Hub encountered error. Trying to reconnect to Hub. retry_reason="Hub failed to launch: Io(\"child exited with exit status: 1 without writing file \\\"/tmp/hub-ubuntu-2A6A90E6.config.json\\\"\")"
2026-09-07T00:10:22Z [974ms] [Warning] [carb.omniclient.plugin]  106: OmniHub: ThreadId(02) Hub encountered error. Trying to reconnect to Hub. retry_reason="Hub failed to launch: Io(\"child exited with exit status: 1 without writing file \\\"/tmp/hub-ubuntu-2A6A90E6.config.json\\\"\")"
2026-09-07T00:10:22Z [1,127ms] [Warning] [carb.omniclient.plugin]  106: OmniHub: ThreadId(02) Hub encountered error. Trying to reconnect to Hub. retry_reason="Hub failed to launch: Io(\"child exited with exit status: 1 without writing file \\\"/tmp/hub-ubuntu-2A6A90E6.config.json\\\"\")"
2026-09-07T00:10:22Z [1,287ms] [Warning] [carb.omniclient.plugin]  106: OmniHub: ThreadId(02) Hub encountered error. Trying to reconnect to Hub. retry_reason="Hub failed to launch: Io(\"child exited with exit status: 1 without writing file \\\"/tmp/hub-ubuntu-2A6A90E6.config.json\\\"\")"
2026-09-07T00:10:22Z [1,459ms] [Warning] [carb.omniclient.plugin]  106: OmniHub: ThreadId(02) Hub encountered error. Trying to reconnect to Hub. retry_reason="Hub failed to launch: Io(\"child exited with exit status: 1 without writing file \\\"/tmp/hub-ubuntu-2A6A90E6.config.json\\\"\")"
2026-09-07T00:10:22Z [1,641ms] [Warning] [carb.omniclient.plugin]  106: OmniHub: ThreadId(02) Hub encountered error. Trying to reconnect to Hub. retry_reason="Hub failed to launch: Io(\"child exited with exit status: 1 without writing file \\\"/tmp/hub-ubuntu-2A6A90E6.config.json\\\"\")"
2026-09-07T00:10:23Z [1,834ms] [Warning] [carb.omniclient.plugin]  106: OmniHub: ThreadId(02) Hub encountered error. Trying to reconnect to Hub. retry_reason="Hub failed to launch: Io(\"child exited with exit status: 1 without writing file \\\"/tmp/hub-ubuntu-2A6A90E6.config.json\\\"\")"
2026-09-07T00:10:23Z [2,036ms] [Warning] [carb.omniclient.plugin]  106: OmniHub: ThreadId(02) Hub encountered error. Trying to reconnect to Hub. retry_reason="Hub failed to launch: Io(\"child exited with exit status: 1 without writing file \\\"/tmp/hub-ubuntu-2A6A90E6.config.json\\\"\")"
2026-09-07T00:10:23Z [2,247ms] [Warning] [carb.omniclient.plugin]  106: OmniHub: ThreadId(02) Hub encountered error. Trying to reconnect to Hub. retry_reason="Hub failed to launch: Io(\"child exited with exit status: 1 without writing file \\\"/tmp/hub-ubuntu-2A6A90E6.config.json\\\"\")"
2026-09-07T00:10:23Z [2,470ms] [Warning] [carb.omniclient.plugin]  106: OmniHub: ThreadId(02) Hub encountered error. Trying to reconnect to Hub. retry_reason="Hub failed to launch: Io(\"child exited with exit status: 1 without writing file \\\"/tmp/hub-ubuntu-2A6A90E6.config.json\\\"\")"
2026-09-07T00:10:24Z [2,701ms] [Warning] [carb.omniclient.plugin]  106: OmniHub: ThreadId(02) Hub encountered error. Trying to reconnect to Hub. retry_reason="Hub failed to launch: Io(\"child exited with exit status: 1 without writing file \\\"/tmp/hub-ubuntu-2A6A90E6.config.json\\\"\")"
2026-09-07T00:10:24Z [2,943ms] [Warning] [carb.omniclient.plugin]  106: OmniHub: ThreadId(02) Hub encountered error. Trying to reconnect to Hub. retry_reason="Hub failed to launch: Io(\"child exited with exit status: 1 without writing file \\\"/tmp/hub-ubuntu-2A6A90E6.config.json\\\"\")"
2026-09-07T00:10:24Z [3,195ms] [Warning] [carb.omniclient.plugin]  106: OmniHub: ThreadId(02) Hub encountered error. Trying to reconnect to Hub. retry_reason="Hub failed to launch: Io(\"child exited with exit status: 1 without writing file \\\"/tmp/hub-ubuntu-2A6A90E6.config.json\\\"\")"
2026-09-07T00:10:24Z [3,458ms] [Warning] [carb.omniclient.plugin]  106: OmniHub: ThreadId(02) Hub encountered error. Trying to reconnect to Hub. retry_reason="Hub failed to launch: Io(\"child exited with exit status: 1 without writing file \\\"/tmp/hub-ubuntu-2A6A90E6.config.json\\\"\")"
2026-09-07T00:10:25Z [3,730ms] [Warning] [carb.omniclient.plugin]  106: OmniHub: ThreadId(02) Hub encountered error. Trying to reconnect to Hub. retry_reason="Hub failed to launch: Io(\"child exited with exit status: 1 without writing file \\\"/tmp/hub-ubuntu-2A6A90E6.config.json\\\"\")"
2026-09-07T00:10:25Z [4,013ms] [Warning] [carb.omniclient.plugin]  106: OmniHub: ThreadId(02) Hub encountered error. Trying to reconnect to Hub. retry_reason="Hub failed to launch: Io(\"child exited with exit status: 1 without writing file \\\"/tmp/hub-ubuntu-2A6A90E6.config.json\\\"\")"
2026-09-07T00:10:25Z [4,305ms] [Warning] [carb.omniclient.plugin]  106: OmniHub: ThreadId(02) Hub encountered error. Trying to reconnect to Hub. retry_reason="Hub failed to launch: Io(\"child exited with exit status: 1 without writing file \\\"/tmp/hub-ubuntu-2A6A90E6.config.json\\\"\")"
2026-09-07T00:10:25Z [4,608ms] [Warning] [carb.omniclient.plugin]  106: OmniHub: ThreadId(02) Hub encountered error. Trying to reconnect to Hub. retry_reason="Hub failed to launch: Io(\"child exited with exit status: 1 without writing file \\\"/tmp/hub-ubuntu-2A6A90E6.config.json\\\"\")"
2026-09-07T00:10:26Z [4,921ms] [Warning] [carb.omniclient.plugin]  106: OmniHub: ThreadId(02) Hub encountered error. Trying to reconnect to Hub. retry_reason="Hub failed to launch: Io(\"child exited with exit status: 1 without writing file \\\"/tmp/hub-ubuntu-2A6A90E6.config.json\\\"\")"
2026-09-07T00:10:26Z [5,244ms] [Warning] [carb.omniclient.plugin]  106: OmniHub: ThreadId(02) Hub encountered error. Trying to reconnect to Hub. retry_reason="Hub failed to launch: Io(\"child exited with exit status: 1 without writing file \\\"/tmp/hub-ubuntu-2A6A90E6.config.json\\\"\")"
2026-09-07T00:10:26Z [5,575ms] [Warning] [carb.omniclient.plugin]  106: OmniHub: ThreadId(02) Hub encountered error. Trying to reconnect to Hub. retry_reason="Hub failed to launch: Io(\"child exited with exit status: 1 without writing file \\\"/tmp/hub-ubuntu-2A6A90E6.config.json\\\"\")"
2026-09-07T00:10:27Z [5,918ms] [Warning] [carb.omniclient.plugin]  106: OmniHub: ThreadId(02) Hub encountered error. Trying to reconnect to Hub. retry_reason="Hub failed to launch: Io(\"child exited with exit status: 1 without writing file \\\"/tmp/hub-ubuntu-2A6A90E6.config.json\\\"\")"
[INFO]: Parsing configuration from: hexapod_rl.tasks.mkii_fourbar_v1:HexapodMkiiFourbarV1EnvCfg
[INFO]: Base environment:
	Environment device    : cuda:0
	Environment seed      : 0
	Physics step-size     : 0.00125
	Rendering step-size   : 0.02
	Environment step-size : 0.02
[INFO]: Registered backend 'physx' for factory Articulation.
[INFO]: Registered backend 'physx' for factory ContactSensor.
[INFO]: Physics scene prim path: /physicsScene
[INFO]: Time taken for scene creation Last: 1.854988 s, Mean: 1.854988 s, Std: 0.000000 s, N: 1
[INFO]: Scene manager:  <class InteractiveScene>
	Number of environments: 32
	Environment spacing   : 0.0
	Source prim name      : /World/envs/env_0
	Global prim paths     : ['/World/ground']
	Replicate physics     : True
[INFO]: Starting the simulation. This may take a few seconds. Please wait...
[INFO]: Simulation parameters for joints in /World/envs/env_.*/Robot:
+---------------------------------------------------------------------------------------------------------------------------------------------------------------------------+
|                                                     Simulation Joint Information (Prim path: /World/envs/env_.*/Robot)                                                    |
+-------+----------------------+-----------+---------+----------+-----------------+------------------+------------------+-----------------+-----------------+---------------+
| Index | Name                 | Stiffness | Damping | Armature | Static Friction | Dynamic Friction | Viscous Friction | Position Limits | Velocity Limits | Effort Limits |
+-------+----------------------+-----------+---------+----------+-----------------+------------------+------------------+-----------------+-----------------+---------------+
|   0   | lf_coxa_yaw          |   0.000   |  0.000  |  0.001   |      0.010      |      0.010       |      0.002       | [-0.873, 0.873] |      50.265     |     5.500     |
|   1   | lm_coxa_yaw          |   0.000   |  0.000  |  0.001   |      0.010      |      0.010       |      0.002       | [-0.873, 0.873] |      50.265     |     5.500     |
|   2   | lr_coxa_yaw          |   0.000   |  0.000  |  0.001   |      0.010      |      0.010       |      0.002       | [-0.873, 0.873] |      50.265     |     5.500     |
|   3   | rf_coxa_yaw          |   0.000   |  0.000  |  0.001   |      0.010      |      0.010       |      0.002       | [-0.873, 0.873] |      50.265     |     5.500     |
|   4   | rm_coxa_yaw          |   0.000   |  0.000  |  0.001   |      0.010      |      0.010       |      0.002       | [-0.873, 0.873] |      50.265     |     5.500     |
|   5   | rr_coxa_yaw          |   0.000   |  0.000  |  0.001   |      0.010      |      0.010       |      0.002       | [-0.873, 0.873] |      50.265     |     5.500     |
|   6   | lf_femur_pitch       |   0.000   |  0.000  |  0.001   |      0.010      |      0.010       |      0.002       | [-1.745, 0.550] |      50.265     |     5.500     |
|   7   | lm_femur_pitch       |   0.000   |  0.000  |  0.001   |      0.010      |      0.010       |      0.002       | [-1.745, 0.550] |      50.265     |     5.500     |
|   8   | lr_femur_pitch       |   0.000   |  0.000  |  0.001   |      0.010      |      0.010       |      0.002       | [-1.745, 0.550] |      50.265     |     5.500     |
|   9   | rf_femur_pitch       |   0.000   |  0.000  |  0.001   |      0.010      |      0.010       |      0.002       | [-1.745, 0.550] |      50.265     |     5.500     |
|   10  | rm_femur_pitch       |   0.000   |  0.000  |  0.001   |      0.010      |      0.010       |      0.002       | [-1.745, 0.550] |      50.265     |     5.500     |
|   11  | rr_femur_pitch       |   0.000   |  0.000  |  0.001   |      0.010      |      0.010       |      0.002       | [-1.745, 0.550] |      50.265     |     5.500     |
|   12  | lf_tibia_lever_pivot |   0.000   |  0.000  |  0.001   |      0.010      |      0.010       |      0.002       | [-0.978, 1.722] |      50.265     |     5.500     |
|   13  | lf_tibia_pitch       |   0.000   |  0.000  |  0.000   |      0.000      |      0.000       |      0.000       | [-0.978, 1.722] |     1.7e+04     |     0.000     |
|   14  | lm_tibia_lever_pivot |   0.000   |  0.000  |  0.001   |      0.010      |      0.010       |      0.002       | [-0.990, 1.710] |      50.265     |     5.500     |
|   15  | lm_tibia_pitch       |   0.000   |  0.000  |  0.000   |      0.000      |      0.000       |      0.000       | [-0.990, 1.710] |     1.7e+04     |     0.000     |
|   16  | lr_tibia_lever_pivot |   0.000   |  0.000  |  0.001   |      0.010      |      0.010       |      0.002       | [-0.971, 1.729] |      50.265     |     5.500     |
|   17  | lr_tibia_pitch       |   0.000   |  0.000  |  0.000   |      0.000      |      0.000       |      0.000       | [-0.971, 1.729] |     1.7e+04     |     0.000     |
|   18  | rf_tibia_lever_pivot |   0.000   |  0.000  |  0.001   |      0.010      |      0.010       |      0.002       | [-0.950, 1.750] |      50.265     |     5.500     |
|   19  | rf_tibia_pitch       |   0.000   |  0.000  |  0.000   |      0.000      |      0.000       |      0.000       | [-0.950, 1.750] |     1.7e+04     |     0.000     |
|   20  | rm_tibia_lever_pivot |   0.000   |  0.000  |  0.001   |      0.010      |      0.010       |      0.002       | [-0.913, 1.787] |      50.265     |     5.500     |
|   21  | rm_tibia_pitch       |   0.000   |  0.000  |  0.000   |      0.000      |      0.000       |      0.000       | [-0.913, 1.787] |     1.7e+04     |     0.000     |
|   22  | rr_tibia_lever_pivot |   0.000   |  0.000  |  0.001   |      0.010      |      0.010       |      0.002       | [-0.950, 1.750] |      50.265     |     5.500     |
|   23  | rr_tibia_pitch       |   0.000   |  0.000  |  0.000   |      0.000      |      0.000       |      0.000       | [-0.950, 1.750] |     1.7e+04     |     0.000     |
|   24  | lf_tibia_rod_pivot   |   0.000   |  0.000  |  0.000   |      0.000      |      0.000       |      0.000       | [-1.722, 0.978] |     1.7e+04     |     0.000     |
|   25  | lm_tibia_rod_pivot   |   0.000   |  0.000  |  0.000   |      0.000      |      0.000       |      0.000       | [-1.710, 0.990] |     1.7e+04     |     0.000     |
|   26  | lr_tibia_rod_pivot   |   0.000   |  0.000  |  0.000   |      0.000      |      0.000       |      0.000       | [-1.729, 0.971] |     1.7e+04     |     0.000     |
|   27  | rf_tibia_rod_pivot   |   0.000   |  0.000  |  0.000   |      0.000      |      0.000       |      0.000       | [-1.750, 0.950] |     1.7e+04     |     0.000     |
|   28  | rm_tibia_rod_pivot   |   0.000   |  0.000  |  0.000   |      0.000      |      0.000       |      0.000       | [-1.787, 0.913] |     1.7e+04     |     0.000     |
|   29  | rr_tibia_rod_pivot   |   0.000   |  0.000  |  0.000   |      0.000      |      0.000       |      0.000       | [-1.750, 0.950] |     1.7e+04     |     0.000     |
+-------+----------------------+-----------+---------+----------+-----------------+------------------+------------------+-----------------+-----------------+---------------+
[INFO]: Time taken for simulation start Last: 6.444999 s, Mean: 6.444999 s, Std: 0.000000 s, N: 1
[INFO]: Completed setting up the environment...
FOURBAR_STANDING step=1/100 metrics={"substeps": 16, "height_sum": 72.83320617675781, "min_height_m": 0.14100608229637146, "max_applied_nm": 2.222236283877521e-11, "max_demand_nm": 2.222236283877521e-11, "max_closure_point_m": 8.940696716308594e-08, "max_closure_axis_chord": 2.677412567209103e-07, "min_nonfoot_clearance_m": 0.02827128767967224, "nonfoot_contact_env_substeps": 0.0, "min_support": 0.0, "max_envelope_excess_nm": 0.0, "max_continuous_excess_nm": 0.0, "min_burst_headroom": 0.5000417232513428, "invalid_samples": 0.0, "max_passive_relation_error_rad": 0.0, "max_passive_velocity_relation_error_rad_s": 3.899820136959997e-12, "passive_velocity_relation_squared_sum": 1.1451942239152577e-20, "max_closure_relative_point_velocity_m_s": 1.0299980269731779e-13, "closure_relative_point_velocity_squared_norm_sum": 8.205322052410965e-24, "mean_height_m": 0.1422523558139801, "passive_velocity_relation_samples": 6144, "closure_relative_point_velocity_samples": 3072, "rms_passive_velocity_relation_error_rad_s": 1.3652556136076032e-12, "rms_closure_relative_point_velocity_m_s": 5.168174989557914e-14}
FOURBAR_STANDING step=100/100 metrics={"substeps": 1280, "height_sum": 5558.893130302429, "min_height_m": 0.1357119083404541, "max_applied_nm": 0.7012261152267456, "max_demand_nm": 0.7012261152267456, "max_closure_point_m": 6.743907192685583e-07, "max_closure_axis_chord": 6.493439741461771e-07, "min_nonfoot_clearance_m": 0.025368809700012207, "nonfoot_contact_env_substeps": 0.0, "min_support": 6, "max_envelope_excess_nm": 0.0, "max_continuous_excess_nm": 0.0, "min_burst_headroom": 0.5007005333900452, "invalid_samples": 0.0, "max_passive_relation_error_rad": 1.1742115020751953e-05, "max_passive_velocity_relation_error_rad_s": 0.019164562225341797, "passive_velocity_relation_squared_sum": 0.5097512333129331, "max_closure_relative_point_velocity_m_s": 0.0016231280751526356, "closure_relative_point_velocity_squared_norm_sum": 0.0016899336015978868, "mean_height_m": 0.13571516431402414, "passive_velocity_relation_samples": 491520, "closure_relative_point_velocity_samples": 245760, "rms_passive_velocity_relation_error_rad_s": 0.0010183769140792139, "rms_closure_relative_point_velocity_m_s": 8.29238049559764e-05}
FOURBAR_VALIDATION_RESULT pass=True errors=[]
[INFO]: SimulationContext cleared
2026-09-07T00:10:27Z [6,269ms] [Warning] [carb.omniclient.plugin]  106: OmniHub: ThreadId(02) Hub encountered error. Trying to reconnect to Hub. retry_reason="Hub failed to launch: Io(\"child exited with exit status: 1 without writing file \\\"/tmp/hub-ubuntu-2A6A90E6.config.json\\\"\")"
2026-09-07T00:10:27Z [6,631ms] [Warning] [carb.omniclient.plugin]  106: OmniHub: ThreadId(02) Hub encountered error. Trying to reconnect to Hub. retry_reason="Hub failed to launch: Io(\"child exited with exit status: 1 without writing file \\\"/tmp/hub-ubuntu-2A6A90E6.config.json\\\"\")"
2026-09-07T00:10:28Z [7,004ms] [Warning] [carb.omniclient.plugin]  106: OmniHub: ThreadId(02) Hub encountered error. Trying to reconnect to Hub. retry_reason="Hub failed to launch: Io(\"child exited with exit status: 1 without writing file \\\"/tmp/hub-ubuntu-2A6A90E6.config.json\\\"\")"
2026-09-07T00:10:28Z [7,386ms] [Warning] [carb.omniclient.plugin]  106: OmniHub: ThreadId(02) Hub encountered error. Trying to reconnect to Hub. retry_reason="Hub failed to launch: Io(\"child exited with exit status: 1 without writing file \\\"/tmp/hub-ubuntu-2A6A90E6.config.json\\\"\")"
2026-09-07T00:10:29Z [7,778ms] [Warning] [carb.omniclient.plugin]  106: OmniHub: ThreadId(02) Hub encountered error. Trying to reconnect to Hub. retry_reason="Hub failed to launch: Io(\"child exited with exit status: 1 without writing file \\\"/tmp/hub-ubuntu-2A6A90E6.config.json\\\"\")"
2026-09-07T00:10:29Z [8,180ms] [Warning] [carb.omniclient.plugin]  106: OmniHub: ThreadId(02) Hub encountered error. Trying to reconnect to Hub. retry_reason="Hub failed to launch: Io(\"child exited with exit status: 1 without writing file \\\"/tmp/hub-ubuntu-2A6A90E6.config.json\\\"\")"
2026-09-07T00:10:29Z [8,592ms] [Warning] [carb.omniclient.plugin]  106: OmniHub: ThreadId(02) Hub encountered error. Trying to reconnect to Hub. retry_reason="Hub failed to launch: Io(\"child exited with exit status: 1 without writing file \\\"/tmp/hub-ubuntu-2A6A90E6.config.json\\\"\")"
2026-09-07T00:10:30Z [9,014ms] [Warning] [carb.omniclient.plugin]  106: OmniHub: ThreadId(02) Hub encountered error. Trying to reconnect to Hub. retry_reason="Hub failed to launch: Io(\"child exited with exit status: 1 without writing file \\\"/tmp/hub-ubuntu-2A6A90E6.config.json\\\"\")"
2026-09-07T00:10:30Z [9,447ms] [Warning] [carb.omniclient.plugin]  106: OmniHub: ThreadId(02) Hub encountered error. Trying to reconnect to Hub. retry_reason="Hub failed to launch: Io(\"child exited with exit status: 1 without writing file \\\"/tmp/hub-ubuntu-2A6A90E6.config.json\\\"\")"
2026-09-07T00:10:31Z [9,888ms] [Warning] [carb.omniclient.plugin]  106: OmniHub: ThreadId(02) Hub encountered error. Trying to reconnect to Hub. retry_reason="Hub failed to launch: Io(\"child exited with exit status: 1 without writing file \\\"/tmp/hub-ubuntu-2A6A90E6.config.json\\\"\")"
2026-09-07T00:10:31Z [10,361ms] [Warning] [omni.usd_config.extension] Enable omni.materialx.libs extension to use MaterialX
2026-09-07T00:10:38Z [16,857ms] [Warning] [omni.physx.plugin] Detected an articulation at /World/envs/env_0/Robot/Geometry/body with more than 4 velocity iterations being added to a TGS scene.The related behavior changed recently, please consult the changelog. This warning will only print once.
2026-09-07T00:10:39Z [17,952ms] [Warning] [usdrt.population.plugin] Last global time was not created. Did you call setEnableUsdNoticeHandling?
2026-09-07T00:10:43Z [22,044ms] [Warning] [isaaclab_physx.assets.articulation.articulation] Not all actuators are configured! Total number of actuated joints not equal to number of joints available: 18 != 30.
