E........./Users/andreboufama/Documents/CUPI/HEXAPOD/tmp/updated_native_standing_004/standing_math.py:33: RuntimeWarning: divide by zero encountered in matmul
  allmin[e]=min(allmin[e],float((self.clouds['all__'+name]@z+p[2]).min()))
/Users/andreboufama/Documents/CUPI/HEXAPOD/tmp/updated_native_standing_004/standing_math.py:33: RuntimeWarning: overflow encountered in matmul
  allmin[e]=min(allmin[e],float((self.clouds['all__'+name]@z+p[2]).min()))
/Users/andreboufama/Documents/CUPI/HEXAPOD/tmp/updated_native_standing_004/standing_math.py:33: RuntimeWarning: invalid value encountered in matmul
  allmin[e]=min(allmin[e],float((self.clouds['all__'+name]@z+p[2]).min()))
/Users/andreboufama/Documents/CUPI/HEXAPOD/tmp/updated_native_standing_004/standing_math.py:34: RuntimeWarning: divide by zero encountered in matmul
  nonmin[e]=min(nonmin[e],float((self.clouds['non_toe__'+name]@z+p[2]).min()))
/Users/andreboufama/Documents/CUPI/HEXAPOD/tmp/updated_native_standing_004/standing_math.py:34: RuntimeWarning: overflow encountered in matmul
  nonmin[e]=min(nonmin[e],float((self.clouds['non_toe__'+name]@z+p[2]).min()))
/Users/andreboufama/Documents/CUPI/HEXAPOD/tmp/updated_native_standing_004/standing_math.py:34: RuntimeWarning: invalid value encountered in matmul
  nonmin[e]=min(nonmin[e],float((self.clouds['non_toe__'+name]@z+p[2]).min()))
..../Users/andreboufama/Documents/CUPI/HEXAPOD/tmp/updated_native_standing_004/standing_math.py:33: RuntimeWarning: divide by zero encountered in matmul
  allmin[e]=min(allmin[e],float((self.clouds['all__'+name]@z+p[2]).min()))
/Users/andreboufama/Documents/CUPI/HEXAPOD/tmp/updated_native_standing_004/standing_math.py:33: RuntimeWarning: overflow encountered in matmul
  allmin[e]=min(allmin[e],float((self.clouds['all__'+name]@z+p[2]).min()))
/Users/andreboufama/Documents/CUPI/HEXAPOD/tmp/updated_native_standing_004/standing_math.py:33: RuntimeWarning: invalid value encountered in matmul
  allmin[e]=min(allmin[e],float((self.clouds['all__'+name]@z+p[2]).min()))
/Users/andreboufama/Documents/CUPI/HEXAPOD/tmp/updated_native_standing_004/standing_math.py:34: RuntimeWarning: divide by zero encountered in matmul
  nonmin[e]=min(nonmin[e],float((self.clouds['non_toe__'+name]@z+p[2]).min()))
/Users/andreboufama/Documents/CUPI/HEXAPOD/tmp/updated_native_standing_004/standing_math.py:34: RuntimeWarning: overflow encountered in matmul
  nonmin[e]=min(nonmin[e],float((self.clouds['non_toe__'+name]@z+p[2]).min()))
/Users/andreboufama/Documents/CUPI/HEXAPOD/tmp/updated_native_standing_004/standing_math.py:34: RuntimeWarning: invalid value encountered in matmul
  nonmin[e]=min(nonmin[e],float((self.clouds['non_toe__'+name]@z+p[2]).min()))
.......
======================================================================
ERROR: test_complete_flag_cannot_hide_numeric_quiet_failure_or_late_native_error (test_score_contract.Evidence)
----------------------------------------------------------------------
Traceback (most recent call last):
  File "/Users/andreboufama/Documents/CUPI/HEXAPOD/tmp/updated_native_standing_004/test_score_contract.py", line 45, in test_complete_flag_cannot_hide_numeric_quiet_failure_or_late_native_error
    seal();self.assertTrue(validate_result(d,identity)['standing_pass'])
  File "/Users/andreboufama/Documents/CUPI/HEXAPOD/tmp/updated_native_standing_004/standing_contract.py", line 46, in validate_result
    if s['checks'].get('solver_recipe_readback')is not True:raise ValueError('Missing solver recipe readback')
ValueError: Missing solver recipe readback

----------------------------------------------------------------------
Ran 21 tests in 1.863s

FAILED (errors=1)
