time="2026-09-14T20:18:36-05:00" level=warning msg="No services to build"
time="2026-09-14T20:18:37-05:00" level=warning msg="No services to build"
 Container hexapod-reference-physics-20d7289f5ff144c6bb92aa3a65e2902d Creating 
 Container hexapod-reference-physics-20d7289f5ff144c6bb92aa3a65e2902d Created 
Loading user config located at: '/isaac-sim/kit/data/Kit/IsaacLab/3.0/user.config.json'
2026-09-15T01:18:37Z [Info] [carb] Logging to file: /isaac-sim/kit/logs/Kit/IsaacLab/3.0/kit_20260915_011837.log
2026-09-15T01:18:37Z [2ms] [Warning] [omni.ext.plugin] [ext: standing] Extensions config 'extension.toml' doesn't exist '/output/standing' or '/output/standing/config'
2026-09-15T01:18:37Z [2ms] [Warning] [omni.ext.plugin] [ext: logs] Extensions config 'extension.toml' doesn't exist '/output/logs' or '/output/logs/config'
2026-09-15T01:18:37Z [2ms] [Warning] [omni.ext.plugin] [ext: jobs] Extensions config 'extension.toml' doesn't exist '/output/jobs' or '/output/jobs/config'
2026-09-15T01:18:37Z [3ms] [Warning] [omni.ext.plugin] [ext: isaaclab_visualizers] Extensions config 'extension.toml' doesn't exist '/workspace/isaaclab/source/isaaclab_visualizers' or '/workspace/isaaclab/source/isaaclab_visualizers/config'
2026-09-15T01:18:37Z [207ms] [Warning] [carb.omniclient.plugin]  45: OmniHub: ThreadId(02) Hub encountered error. Trying to reconnect to Hub. retry_reason="Hub failed to launch: Io(\"child exited with exit status: 1 without writing file \\\"/tmp/hub-ubuntu-BD4A2CA2.config.json\\\"\")"
2026-09-15T01:18:37Z [279ms] [Warning] [carb.omniclient.plugin]  45: OmniHub: ThreadId(02) Hub encountered error. Trying to reconnect to Hub. retry_reason="Hub failed to launch: Io(\"child exited with exit status: 1 without writing file \\\"/tmp/hub-ubuntu-BD4A2CA2.config.json\\\"\")"
2026-09-15T01:18:37Z [361ms] [Warning] [carb.omniclient.plugin]  45: OmniHub: ThreadId(02) Hub encountered error. Trying to reconnect to Hub. retry_reason="Hub failed to launch: Io(\"child exited with exit status: 1 without writing file \\\"/tmp/hub-ubuntu-BD4A2CA2.config.json\\\"\")"
2026-09-15T01:18:37Z [455ms] [Warning] [carb.omniclient.plugin]  45: OmniHub: ThreadId(02) Hub encountered error. Trying to reconnect to Hub. retry_reason="Hub failed to launch: Io(\"child exited with exit status: 1 without writing file \\\"/tmp/hub-ubuntu-BD4A2CA2.config.json\\\"\")"
2026-09-15T01:18:38Z [560ms] [Warning] [carb.omniclient.plugin]  45: OmniHub: ThreadId(02) Hub encountered error. Trying to reconnect to Hub. retry_reason="Hub failed to launch: Io(\"child exited with exit status: 1 without writing file \\\"/tmp/hub-ubuntu-BD4A2CA2.config.json\\\"\")"
2026-09-15T01:18:38Z [675ms] [Warning] [carb.omniclient.plugin]  45: OmniHub: ThreadId(02) Hub encountered error. Trying to reconnect to Hub. retry_reason="Hub failed to launch: Io(\"child exited with exit status: 1 without writing file \\\"/tmp/hub-ubuntu-BD4A2CA2.config.json\\\"\")"
2026-09-15T01:18:38Z [797ms] [Warning] [carb.omniclient.plugin]  45: OmniHub: ThreadId(02) Hub encountered error. Trying to reconnect to Hub. retry_reason="Hub failed to launch: Io(\"child exited with exit status: 1 without writing file \\\"/tmp/hub-ubuntu-BD4A2CA2.config.json\\\"\")"
2026-09-15T01:18:38Z [931ms] [Warning] [carb.omniclient.plugin]  45: OmniHub: ThreadId(02) Hub encountered error. Trying to reconnect to Hub. retry_reason="Hub failed to launch: Io(\"child exited with exit status: 1 without writing file \\\"/tmp/hub-ubuntu-BD4A2CA2.config.json\\\"\")"
2026-09-15T01:18:38Z [1,074ms] [Warning] [carb.omniclient.plugin]  45: OmniHub: ThreadId(02) Hub encountered error. Trying to reconnect to Hub. retry_reason="Hub failed to launch: Io(\"child exited with exit status: 1 without writing file \\\"/tmp/hub-ubuntu-BD4A2CA2.config.json\\\"\")"
2026-09-15T01:18:38Z [1,227ms] [Warning] [carb.omniclient.plugin]  45: OmniHub: ThreadId(02) Hub encountered error. Trying to reconnect to Hub. retry_reason="Hub failed to launch: Io(\"child exited with exit status: 1 without writing file \\\"/tmp/hub-ubuntu-BD4A2CA2.config.json\\\"\")"
2026-09-15T01:18:38Z [1,391ms] [Warning] [carb.omniclient.plugin]  45: OmniHub: ThreadId(02) Hub encountered error. Trying to reconnect to Hub. retry_reason="Hub failed to launch: Io(\"child exited with exit status: 1 without writing file \\\"/tmp/hub-ubuntu-BD4A2CA2.config.json\\\"\")"
2026-09-15T01:18:39Z [1,564ms] [Warning] [carb.omniclient.plugin]  45: OmniHub: ThreadId(02) Hub encountered error. Trying to reconnect to Hub. retry_reason="Hub failed to launch: Io(\"child exited with exit status: 1 without writing file \\\"/tmp/hub-ubuntu-BD4A2CA2.config.json\\\"\")"
2026-09-15T01:18:39Z [1,747ms] [Warning] [carb.omniclient.plugin]  45: OmniHub: ThreadId(02) Hub encountered error. Trying to reconnect to Hub. retry_reason="Hub failed to launch: Io(\"child exited with exit status: 1 without writing file \\\"/tmp/hub-ubuntu-BD4A2CA2.config.json\\\"\")"
2026-09-15T01:18:39Z [1,940ms] [Warning] [carb.omniclient.plugin]  45: OmniHub: ThreadId(02) Hub encountered error. Trying to reconnect to Hub. retry_reason="Hub failed to launch: Io(\"child exited with exit status: 1 without writing file \\\"/tmp/hub-ubuntu-BD4A2CA2.config.json\\\"\")"
2026-09-15T01:18:39Z [2,143ms] [Warning] [carb.omniclient.plugin]  45: OmniHub: ThreadId(02) Hub encountered error. Trying to reconnect to Hub. retry_reason="Hub failed to launch: Io(\"child exited with exit status: 1 without writing file \\\"/tmp/hub-ubuntu-BD4A2CA2.config.json\\\"\")"
2026-09-15T01:18:39Z [2,358ms] [Warning] [carb.omniclient.plugin]  45: OmniHub: ThreadId(02) Hub encountered error. Trying to reconnect to Hub. retry_reason="Hub failed to launch: Io(\"child exited with exit status: 1 without writing file \\\"/tmp/hub-ubuntu-BD4A2CA2.config.json\\\"\")"
2026-09-15T01:18:40Z [2,582ms] [Warning] [carb.omniclient.plugin]  45: OmniHub: ThreadId(02) Hub encountered error. Trying to reconnect to Hub. retry_reason="Hub failed to launch: Io(\"child exited with exit status: 1 without writing file \\\"/tmp/hub-ubuntu-BD4A2CA2.config.json\\\"\")"
2026-09-15T01:18:40Z [2,815ms] [Warning] [carb.omniclient.plugin]  45: OmniHub: ThreadId(02) Hub encountered error. Trying to reconnect to Hub. retry_reason="Hub failed to launch: Io(\"child exited with exit status: 1 without writing file \\\"/tmp/hub-ubuntu-BD4A2CA2.config.json\\\"\")"
2026-09-15T01:18:40Z [3,059ms] [Warning] [carb.omniclient.plugin]  45: OmniHub: ThreadId(02) Hub encountered error. Trying to reconnect to Hub. retry_reason="Hub failed to launch: Io(\"child exited with exit status: 1 without writing file \\\"/tmp/hub-ubuntu-BD4A2CA2.config.json\\\"\")"
2026-09-15T01:18:40Z [3,313ms] [Warning] [carb.omniclient.plugin]  45: OmniHub: ThreadId(02) Hub encountered error. Trying to reconnect to Hub. retry_reason="Hub failed to launch: Io(\"child exited with exit status: 1 without writing file \\\"/tmp/hub-ubuntu-BD4A2CA2.config.json\\\"\")"
2026-09-15T01:18:41Z [3,577ms] [Warning] [carb.omniclient.plugin]  45: OmniHub: ThreadId(02) Hub encountered error. Trying to reconnect to Hub. retry_reason="Hub failed to launch: Io(\"child exited with exit status: 1 without writing file \\\"/tmp/hub-ubuntu-BD4A2CA2.config.json\\\"\")"
2026-09-15T01:18:41Z [3,851ms] [Warning] [carb.omniclient.plugin]  45: OmniHub: ThreadId(02) Hub encountered error. Trying to reconnect to Hub. retry_reason="Hub failed to launch: Io(\"child exited with exit status: 1 without writing file \\\"/tmp/hub-ubuntu-BD4A2CA2.config.json\\\"\")"
2026-09-15T01:18:41Z [4,135ms] [Warning] [carb.omniclient.plugin]  45: OmniHub: ThreadId(02) Hub encountered error. Trying to reconnect to Hub. retry_reason="Hub failed to launch: Io(\"child exited with exit status: 1 without writing file \\\"/tmp/hub-ubuntu-BD4A2CA2.config.json\\\"\")"
2026-09-15T01:18:41Z [4,429ms] [Warning] [carb.omniclient.plugin]  45: OmniHub: ThreadId(02) Hub encountered error. Trying to reconnect to Hub. retry_reason="Hub failed to launch: Io(\"child exited with exit status: 1 without writing file \\\"/tmp/hub-ubuntu-BD4A2CA2.config.json\\\"\")"
2026-09-15T01:18:42Z [4,733ms] [Warning] [carb.omniclient.plugin]  45: OmniHub: ThreadId(02) Hub encountered error. Trying to reconnect to Hub. retry_reason="Hub failed to launch: Io(\"child exited with exit status: 1 without writing file \\\"/tmp/hub-ubuntu-BD4A2CA2.config.json\\\"\")"
2026-09-15T01:18:42Z [5,046ms] [Warning] [carb.omniclient.plugin]  45: OmniHub: ThreadId(02) Hub encountered error. Trying to reconnect to Hub. retry_reason="Hub failed to launch: Io(\"child exited with exit status: 1 without writing file \\\"/tmp/hub-ubuntu-BD4A2CA2.config.json\\\"\")"
2026-09-15T01:18:42Z [5,370ms] [Warning] [carb.omniclient.plugin]  45: OmniHub: ThreadId(02) Hub encountered error. Trying to reconnect to Hub. retry_reason="Hub failed to launch: Io(\"child exited with exit status: 1 without writing file \\\"/tmp/hub-ubuntu-BD4A2CA2.config.json\\\"\")"
2026-09-15T01:18:43Z [5,703ms] [Warning] [carb.omniclient.plugin]  45: OmniHub: ThreadId(02) Hub encountered error. Trying to reconnect to Hub. retry_reason="Hub failed to launch: Io(\"child exited with exit status: 1 without writing file \\\"/tmp/hub-ubuntu-BD4A2CA2.config.json\\\"\")"
2026-09-15T01:18:43Z [6,048ms] [Warning] [carb.omniclient.plugin]  45: OmniHub: ThreadId(02) Hub encountered error. Trying to reconnect to Hub. retry_reason="Hub failed to launch: Io(\"child exited with exit status: 1 without writing file \\\"/tmp/hub-ubuntu-BD4A2CA2.config.json\\\"\")"
2026-09-15T01:18:43Z [6,402ms] [Warning] [carb.omniclient.plugin]  45: OmniHub: ThreadId(02) Hub encountered error. Trying to reconnect to Hub. retry_reason="Hub failed to launch: Io(\"child exited with exit status: 1 without writing file \\\"/tmp/hub-ubuntu-BD4A2CA2.config.json\\\"\")"
2026-09-15T01:18:44Z [6,766ms] [Warning] [carb.omniclient.plugin]  45: OmniHub: ThreadId(02) Hub encountered error. Trying to reconnect to Hub. retry_reason="Hub failed to launch: Io(\"child exited with exit status: 1 without writing file \\\"/tmp/hub-ubuntu-BD4A2CA2.config.json\\\"\")"
2026-09-15T01:18:44Z [7,139ms] [Warning] [carb.omniclient.plugin]  45: OmniHub: ThreadId(02) Hub encountered error. Trying to reconnect to Hub. retry_reason="Hub failed to launch: Io(\"child exited with exit status: 1 without writing file \\\"/tmp/hub-ubuntu-BD4A2CA2.config.json\\\"\")"
2026-09-15T01:18:45Z [7,524ms] [Warning] [carb.omniclient.plugin]  45: OmniHub: ThreadId(02) Hub encountered error. Trying to reconnect to Hub. retry_reason="Hub failed to launch: Io(\"child exited with exit status: 1 without writing file \\\"/tmp/hub-ubuntu-BD4A2CA2.config.json\\\"\")"
2026-09-15T01:18:45Z [7,918ms] [Warning] [carb.omniclient.plugin]  45: OmniHub: ThreadId(02) Hub encountered error. Trying to reconnect to Hub. retry_reason="Hub failed to launch: Io(\"child exited with exit status: 1 without writing file \\\"/tmp/hub-ubuntu-BD4A2CA2.config.json\\\"\")"
2026-09-15T01:18:45Z [8,322ms] [Warning] [carb.omniclient.plugin]  45: OmniHub: ThreadId(02) Hub encountered error. Trying to reconnect to Hub. retry_reason="Hub failed to launch: Io(\"child exited with exit status: 1 without writing file \\\"/tmp/hub-ubuntu-BD4A2CA2.config.json\\\"\")"
2026-09-15T01:18:46Z [8,736ms] [Warning] [carb.omniclient.plugin]  45: OmniHub: ThreadId(02) Hub encountered error. Trying to reconnect to Hub. retry_reason="Hub failed to launch: Io(\"child exited with exit status: 1 without writing file \\\"/tmp/hub-ubuntu-BD4A2CA2.config.json\\\"\")"
2026-09-15T01:18:46Z [9,160ms] [Warning] [carb.omniclient.plugin]  45: OmniHub: ThreadId(02) Hub encountered error. Trying to reconnect to Hub. retry_reason="Hub failed to launch: Io(\"child exited with exit status: 1 without writing file \\\"/tmp/hub-ubuntu-BD4A2CA2.config.json\\\"\")"
2026-09-15T01:18:47Z [9,592ms] [Warning] [carb.omniclient.plugin]  45: OmniHub: ThreadId(02) Hub encountered error. Trying to reconnect to Hub. retry_reason="Hub failed to launch: Io(\"child exited with exit status: 1 without writing file \\\"/tmp/hub-ubuntu-BD4A2CA2.config.json\\\"\")"
2026-09-15T01:18:47Z [10,036ms] [Warning] [carb.omniclient.plugin]  45: OmniHub: ThreadId(02) Hub encountered error. Trying to reconnect to Hub. retry_reason="Hub failed to launch: Io(\"child exited with exit status: 1 without writing file \\\"/tmp/hub-ubuntu-BD4A2CA2.config.json\\\"\")"
WARNING: All log messages before absl::InitializeLog() is called are written to STDERR
E0000 00:00:1789435128.026270      11 descriptor_database.cc:633] File already exists in database: grpc/health/v1/health.proto
W0000 00:00:1789435128.026291      11 message.cc:301] Protobuf GeneratedMessageFactory: File is already registered: grpc/health/v1/health.proto
2026-09-15T01:18:48Z [10,518ms] [Warning] [omni.platforminfo.plugin] failed to open the default display.  Can't verify X Server version.

|---------------------------------------------------------------------------------------------|
| Driver Version: 580.173.02    | Graphics API: Vulkan
|=============================================================================================|
| GPU | Name                             | Active | LDA | GPU Memory | Vendor-ID | LUID       |
|     |                                  |        |     |            | Device-ID | UUID       |
|     |                                  |        |     |            | Bus-ID    |            |
|---------------------------------------------------------------------------------------------|
| 0   | NVIDIA GB10                      | Yes: 0 |     | 93457   MB | 10de      | 0          |
|     |                                  |        |     |            | 2e12      | 2166d556.. |
|     |                                  |        |     |            | 1         |            |
|=============================================================================================|
| OS: 24.04.3 LTS (Noble Numbat) ubuntu, Version: 24.04.3, Kernel: 6.17.0-1031-nvidia
| Processor: Cortex-A725
| Cores: 20 | Logical Cores: 20
|---------------------------------------------------------------------------------------------|
| Total Memory (MB): 124609 | Free Memory: 119717
| Total Page/Swap (MB): 16383 | Free Page/Swap: 0
|---------------------------------------------------------------------------------------------|
2026-09-15T01:18:49Z [12,106ms] [Warning] [carb.windowing-glfw.plugin] GLFW initialization failed.
2026-09-15T01:18:49Z [12,106ms] [Warning] [carb] Failed to startup plugin carb.windowing-glfw.plugin (interfaces: [carb::windowing::IGLContext v1.0],[carb::windowing::IWindowing v1.5]) (impl: carb.windowing-glfw.plugin)
2026-09-15T01:18:49Z [12,204ms] [Warning] [carb.windowing-glfw.plugin] GLFW initialization failed.
2026-09-15T01:18:49Z [12,204ms] [Warning] [carb] Failed to startup plugin carb.windowing-glfw.plugin (interfaces: [carb::windowing::IGLContext v1.0],[carb::windowing::IWindowing v1.5]) (impl: carb.windowing-glfw.plugin)
2026-09-15T01:18:49Z [12,205ms] [Warning] [carb.windowing-glfw.plugin] GLFW initialization failed.
2026-09-15T01:18:49Z [12,205ms] [Warning] [carb] Failed to startup plugin carb.windowing-glfw.plugin (interfaces: [carb::windowing::IGLContext v1.0],[carb::windowing::IWindowing v1.5]) (impl: carb.windowing-glfw.plugin)
2026-09-15T01:18:50Z [12,493ms] [Warning] [omni.log] Source: omni.hydra was already registered.
2026-09-15T01:18:51Z [13,773ms] [Warning] [pxr.Semantics] pxr.Semantics is deprecated - please use Semantics instead
2026-09-15T01:18:51Z [13,907ms] [Warning] [omni.replicator.core.scripts.extension] No material configuration file, adding configuration to material settings directly.
2026-09-15T01:18:52Z [15,185ms] [Warning] [rtx.hydra] RenderDelegate : Warning /rtx/hydra/readTransformsFromFabricInRenderDelegate and geometry streaming are enabled together but this can cause issues with dynamic objects not streaming correctly due to problems in the transform update.
/workspace/isaaclab/_isaac_sim/kit/python/lib/python3.12/site-packages/torch/cuda/__init__.py:435: UserWarning: 
    Found GPU0 NVIDIA GB10 which is of cuda capability 12.1.
    Minimum and Maximum cuda capability supported by this version of PyTorch is
    (8.0) - (12.0)
    
  queued_call()
[ISAACLAB] AppLauncher initialization complete
REFERENCE_SCREEN_APP_READY
[INFO]: Registered backend 'kit' for factory Visualizer.
2026-09-15T01:18:56Z [18,816ms] [Warning] [omni.physx.tensors.plugin] Failed to find contact report API at '/Robot_000/joints'
2026-09-15T01:18:57Z [19,924ms] [Warning] [omni.syntheticdata.plugin] OgnSdPostRenderVarToHost : rendervar copy from texture directly to host buffer is counter-performant. Please use copy from texture to device buffer first.
2026-09-15T01:18:58Z [20,572ms] [Warning] [omni.kit.material.library.material_extensions] Could not initialize context menu integration: No module named 'omni.kit.context_menu'
PAPER_EVALUATION {"probe_index": 0, "probe_count": 3, "declared_probe_count": 13, "case_ids": ["learning:translate_0.05_0deg"], "controls": 100, "requested_controls": 1000}
PAPER_EVALUATION {"probe_index": 0, "probe_count": 3, "declared_probe_count": 13, "case_ids": ["learning:translate_0.05_0deg"], "controls": 200, "requested_controls": 1000}
PAPER_EVALUATION {"probe_index": 0, "probe_count": 3, "declared_probe_count": 13, "case_ids": ["learning:translate_0.05_0deg"], "controls": 300, "requested_controls": 1000}
PAPER_EVALUATION {"probe_index": 0, "probe_count": 3, "declared_probe_count": 13, "case_ids": ["learning:translate_0.05_0deg"], "controls": 400, "requested_controls": 1000}
PAPER_EVALUATION {"probe_index": 0, "probe_count": 3, "declared_probe_count": 13, "case_ids": ["learning:translate_0.05_0deg"], "controls": 500, "requested_controls": 1000}
PAPER_EVALUATION {"probe_index": 0, "probe_count": 3, "declared_probe_count": 13, "case_ids": ["learning:translate_0.05_0deg"], "controls": 600, "requested_controls": 1000}
PAPER_EVALUATION {"probe_index": 0, "probe_count": 3, "declared_probe_count": 13, "case_ids": ["learning:translate_0.05_0deg"], "controls": 700, "requested_controls": 1000}
PAPER_EVALUATION {"probe_index": 0, "probe_count": 3, "declared_probe_count": 13, "case_ids": ["learning:translate_0.05_0deg"], "controls": 800, "requested_controls": 1000}
PAPER_EVALUATION {"probe_index": 0, "probe_count": 3, "declared_probe_count": 13, "case_ids": ["learning:translate_0.05_0deg"], "controls": 900, "requested_controls": 1000}
PAPER_EVALUATION {"probe_index": 0, "probe_count": 3, "declared_probe_count": 13, "case_ids": ["learning:translate_0.05_0deg"], "controls": 1000, "requested_controls": 1000}
PAPER_EVALUATION {"probe_index": 1, "probe_count": 3, "declared_probe_count": 13, "case_ids": ["learning:quiet_20s"], "controls": 100, "requested_controls": 1000}
PAPER_EVALUATION {"probe_index": 1, "probe_count": 3, "declared_probe_count": 13, "case_ids": ["learning:quiet_20s"], "controls": 200, "requested_controls": 1000}
PAPER_EVALUATION {"probe_index": 1, "probe_count": 3, "declared_probe_count": 13, "case_ids": ["learning:quiet_20s"], "controls": 300, "requested_controls": 1000}
PAPER_EVALUATION {"probe_index": 1, "probe_count": 3, "declared_probe_count": 13, "case_ids": ["learning:quiet_20s"], "controls": 400, "requested_controls": 1000}
PAPER_EVALUATION {"probe_index": 1, "probe_count": 3, "declared_probe_count": 13, "case_ids": ["learning:quiet_20s"], "controls": 500, "requested_controls": 1000}
PAPER_EVALUATION {"probe_index": 1, "probe_count": 3, "declared_probe_count": 13, "case_ids": ["learning:quiet_20s"], "controls": 600, "requested_controls": 1000}
PAPER_EVALUATION {"probe_index": 1, "probe_count": 3, "declared_probe_count": 13, "case_ids": ["learning:quiet_20s"], "controls": 700, "requested_controls": 1000}
PAPER_EVALUATION {"probe_index": 1, "probe_count": 3, "declared_probe_count": 13, "case_ids": ["learning:quiet_20s"], "controls": 800, "requested_controls": 1000}
PAPER_EVALUATION {"probe_index": 1, "probe_count": 3, "declared_probe_count": 13, "case_ids": ["learning:quiet_20s"], "controls": 900, "requested_controls": 1000}
PAPER_EVALUATION {"probe_index": 1, "probe_count": 3, "declared_probe_count": 13, "case_ids": ["learning:quiet_20s"], "controls": 1000, "requested_controls": 1000}
PAPER_EVALUATION {"probe_index": 2, "probe_count": 3, "declared_probe_count": 13, "case_ids": ["learning:forward_0.05_to_stop"], "controls": 100, "requested_controls": 1050}
PAPER_EVALUATION {"probe_index": 2, "probe_count": 3, "declared_probe_count": 13, "case_ids": ["learning:forward_0.05_to_stop"], "controls": 200, "requested_controls": 1050}
PAPER_EVALUATION {"probe_index": 2, "probe_count": 3, "declared_probe_count": 13, "case_ids": ["learning:forward_0.05_to_stop"], "controls": 300, "requested_controls": 1050}
PAPER_EVALUATION {"probe_index": 2, "probe_count": 3, "declared_probe_count": 13, "case_ids": ["learning:forward_0.05_to_stop"], "controls": 400, "requested_controls": 1050}
PAPER_EVALUATION {"probe_index": 2, "probe_count": 3, "declared_probe_count": 13, "case_ids": ["learning:forward_0.05_to_stop"], "controls": 500, "requested_controls": 1050}
PAPER_EVALUATION {"probe_index": 2, "probe_count": 3, "declared_probe_count": 13, "case_ids": ["learning:forward_0.05_to_stop"], "controls": 600, "requested_controls": 1050}
PAPER_EVALUATION {"probe_index": 2, "probe_count": 3, "declared_probe_count": 13, "case_ids": ["learning:forward_0.05_to_stop"], "controls": 700, "requested_controls": 1050}
PAPER_EVALUATION {"probe_index": 2, "probe_count": 3, "declared_probe_count": 13, "case_ids": ["learning:forward_0.05_to_stop"], "controls": 800, "requested_controls": 1050}
PAPER_EVALUATION {"probe_index": 2, "probe_count": 3, "declared_probe_count": 13, "case_ids": ["learning:forward_0.05_to_stop"], "controls": 900, "requested_controls": 1050}
PAPER_EVALUATION {"probe_index": 2, "probe_count": 3, "declared_probe_count": 13, "case_ids": ["learning:forward_0.05_to_stop"], "controls": 1000, "requested_controls": 1050}
