time="2026-09-16T19:48:57-05:00" level=warning msg="No services to build"
time="2026-09-16T19:48:57-05:00" level=warning msg="No services to build"
 Container hexapod-reference-physics-455aab0cd49d407eb793ab433958e9eb Creating 
 Container hexapod-reference-physics-455aab0cd49d407eb793ab433958e9eb Created 
Loading user config located at: '/isaac-sim/kit/data/Kit/IsaacLab/3.0/user.config.json'
2026-09-17T00:48:57Z [0ms] [Warning] [omni.ext.plugin] [ext: jobs] Extensions config 'extension.toml' doesn't exist '/output/jobs' or '/output/jobs/config'
2026-09-17T00:48:57Z [0ms] [Warning] [omni.ext.plugin] [ext: standing] Extensions config 'extension.toml' doesn't exist '/output/standing' or '/output/standing/config'
2026-09-17T00:48:57Z [0ms] [Warning] [omni.ext.plugin] [ext: isaaclab_visualizers] Extensions config 'extension.toml' doesn't exist '/workspace/isaaclab/source/isaaclab_visualizers' or '/workspace/isaaclab/source/isaaclab_visualizers/config'
2026-09-17T00:48:57Z [0ms] [Warning] [omni.ext.plugin] [ext: logs] Extensions config 'extension.toml' doesn't exist '/output/logs' or '/output/logs/config'
2026-09-17T00:48:57Z [111ms] [Warning] [carb.omniclient.plugin]  45: OmniHub: ThreadId(02) Hub encountered error. Trying to reconnect to Hub. retry_reason="Hub failed to launch: Io(\"child exited with exit status: 1 without writing file \\\"/tmp/hub-ubuntu-20237BE4.config.json\\\"\")"
2026-09-17T00:48:57Z [184ms] [Warning] [carb.omniclient.plugin]  45: OmniHub: ThreadId(02) Hub encountered error. Trying to reconnect to Hub. retry_reason="Hub failed to launch: Io(\"child exited with exit status: 1 without writing file \\\"/tmp/hub-ubuntu-20237BE4.config.json\\\"\")"
2026-09-17T00:48:58Z [267ms] [Warning] [carb.omniclient.plugin]  45: OmniHub: ThreadId(02) Hub encountered error. Trying to reconnect to Hub. retry_reason="Hub failed to launch: Io(\"child exited with exit status: 1 without writing file \\\"/tmp/hub-ubuntu-20237BE4.config.json\\\"\")"
2026-09-17T00:48:58Z [360ms] [Warning] [carb.omniclient.plugin]  45: OmniHub: ThreadId(02) Hub encountered error. Trying to reconnect to Hub. retry_reason="Hub failed to launch: Io(\"child exited with exit status: 1 without writing file \\\"/tmp/hub-ubuntu-20237BE4.config.json\\\"\")"
2026-09-17T00:48:58Z [463ms] [Warning] [carb.omniclient.plugin]  45: OmniHub: ThreadId(02) Hub encountered error. Trying to reconnect to Hub. retry_reason="Hub failed to launch: Io(\"child exited with exit status: 1 without writing file \\\"/tmp/hub-ubuntu-20237BE4.config.json\\\"\")"
2026-09-17T00:48:58Z [576ms] [Warning] [carb.omniclient.plugin]  45: OmniHub: ThreadId(02) Hub encountered error. Trying to reconnect to Hub. retry_reason="Hub failed to launch: Io(\"child exited with exit status: 1 without writing file \\\"/tmp/hub-ubuntu-20237BE4.config.json\\\"\")"
2026-09-17T00:48:58Z [699ms] [Warning] [carb.omniclient.plugin]  45: OmniHub: ThreadId(02) Hub encountered error. Trying to reconnect to Hub. retry_reason="Hub failed to launch: Io(\"child exited with exit status: 1 without writing file \\\"/tmp/hub-ubuntu-20237BE4.config.json\\\"\")"
2026-09-17T00:48:58Z [831ms] [Warning] [carb.omniclient.plugin]  45: OmniHub: ThreadId(02) Hub encountered error. Trying to reconnect to Hub. retry_reason="Hub failed to launch: Io(\"child exited with exit status: 1 without writing file \\\"/tmp/hub-ubuntu-20237BE4.config.json\\\"\")"
2026-09-17T00:48:58Z [975ms] [Warning] [carb.omniclient.plugin]  45: OmniHub: ThreadId(02) Hub encountered error. Trying to reconnect to Hub. retry_reason="Hub failed to launch: Io(\"child exited with exit status: 1 without writing file \\\"/tmp/hub-ubuntu-20237BE4.config.json\\\"\")"
2026-09-17T00:48:58Z [1,129ms] [Warning] [carb.omniclient.plugin]  45: OmniHub: ThreadId(02) Hub encountered error. Trying to reconnect to Hub. retry_reason="Hub failed to launch: Io(\"child exited with exit status: 1 without writing file \\\"/tmp/hub-ubuntu-20237BE4.config.json\\\"\")"
2026-09-17T00:48:59Z [1,293ms] [Warning] [carb.omniclient.plugin]  45: OmniHub: ThreadId(02) Hub encountered error. Trying to reconnect to Hub. retry_reason="Hub failed to launch: Io(\"child exited with exit status: 1 without writing file \\\"/tmp/hub-ubuntu-20237BE4.config.json\\\"\")"
2026-09-17T00:48:59Z [1,466ms] [Warning] [carb.omniclient.plugin]  45: OmniHub: ThreadId(02) Hub encountered error. Trying to reconnect to Hub. retry_reason="Hub failed to launch: Io(\"child exited with exit status: 1 without writing file \\\"/tmp/hub-ubuntu-20237BE4.config.json\\\"\")"
2026-09-17T00:48:59Z [1,648ms] [Warning] [carb.omniclient.plugin]  45: OmniHub: ThreadId(02) Hub encountered error. Trying to reconnect to Hub. retry_reason="Hub failed to launch: Io(\"child exited with exit status: 1 without writing file \\\"/tmp/hub-ubuntu-20237BE4.config.json\\\"\")"
2026-09-17T00:48:59Z [1,841ms] [Warning] [carb.omniclient.plugin]  45: OmniHub: ThreadId(02) Hub encountered error. Trying to reconnect to Hub. retry_reason="Hub failed to launch: Io(\"child exited with exit status: 1 without writing file \\\"/tmp/hub-ubuntu-20237BE4.config.json\\\"\")"
2026-09-17T00:48:59Z [2,045ms] [Warning] [carb.omniclient.plugin]  45: OmniHub: ThreadId(02) Hub encountered error. Trying to reconnect to Hub. retry_reason="Hub failed to launch: Io(\"child exited with exit status: 1 without writing file \\\"/tmp/hub-ubuntu-20237BE4.config.json\\\"\")"
2026-09-17T00:49:00Z [2,258ms] [Warning] [carb.omniclient.plugin]  45: OmniHub: ThreadId(02) Hub encountered error. Trying to reconnect to Hub. retry_reason="Hub failed to launch: Io(\"child exited with exit status: 1 without writing file \\\"/tmp/hub-ubuntu-20237BE4.config.json\\\"\")"
2026-09-17T00:49:00Z [2,481ms] [Warning] [carb.omniclient.plugin]  45: OmniHub: ThreadId(02) Hub encountered error. Trying to reconnect to Hub. retry_reason="Hub failed to launch: Io(\"child exited with exit status: 1 without writing file \\\"/tmp/hub-ubuntu-20237BE4.config.json\\\"\")"
2026-09-17T00:49:00Z [2,715ms] [Warning] [carb.omniclient.plugin]  45: OmniHub: ThreadId(02) Hub encountered error. Trying to reconnect to Hub. retry_reason="Hub failed to launch: Io(\"child exited with exit status: 1 without writing file \\\"/tmp/hub-ubuntu-20237BE4.config.json\\\"\")"
2026-09-17T00:49:00Z [2,959ms] [Warning] [carb.omniclient.plugin]  45: OmniHub: ThreadId(02) Hub encountered error. Trying to reconnect to Hub. retry_reason="Hub failed to launch: Io(\"child exited with exit status: 1 without writing file \\\"/tmp/hub-ubuntu-20237BE4.config.json\\\"\")"
2026-09-17T00:49:00Z [3,212ms] [Warning] [carb.omniclient.plugin]  45: OmniHub: ThreadId(02) Hub encountered error. Trying to reconnect to Hub. retry_reason="Hub failed to launch: Io(\"child exited with exit status: 1 without writing file \\\"/tmp/hub-ubuntu-20237BE4.config.json\\\"\")"
2026-09-17T00:49:01Z [3,475ms] [Warning] [carb.omniclient.plugin]  45: OmniHub: ThreadId(02) Hub encountered error. Trying to reconnect to Hub. retry_reason="Hub failed to launch: Io(\"child exited with exit status: 1 without writing file \\\"/tmp/hub-ubuntu-20237BE4.config.json\\\"\")"
2026-09-17T00:49:01Z [3,749ms] [Warning] [carb.omniclient.plugin]  45: OmniHub: ThreadId(02) Hub encountered error. Trying to reconnect to Hub. retry_reason="Hub failed to launch: Io(\"child exited with exit status: 1 without writing file \\\"/tmp/hub-ubuntu-20237BE4.config.json\\\"\")"
2026-09-17T00:49:01Z [4,033ms] [Warning] [carb.omniclient.plugin]  45: OmniHub: ThreadId(02) Hub encountered error. Trying to reconnect to Hub. retry_reason="Hub failed to launch: Io(\"child exited with exit status: 1 without writing file \\\"/tmp/hub-ubuntu-20237BE4.config.json\\\"\")"
2026-09-17T00:49:02Z [4,326ms] [Warning] [carb.omniclient.plugin]  45: OmniHub: ThreadId(02) Hub encountered error. Trying to reconnect to Hub. retry_reason="Hub failed to launch: Io(\"child exited with exit status: 1 without writing file \\\"/tmp/hub-ubuntu-20237BE4.config.json\\\"\")"
2026-09-17T00:49:02Z [4,627ms] [Warning] [carb.omniclient.plugin]  45: OmniHub: ThreadId(02) Hub encountered error. Trying to reconnect to Hub. retry_reason="Hub failed to launch: Io(\"child exited with exit status: 1 without writing file \\\"/tmp/hub-ubuntu-20237BE4.config.json\\\"\")"
2026-09-17T00:49:02Z [4,939ms] [Warning] [carb.omniclient.plugin]  45: OmniHub: ThreadId(02) Hub encountered error. Trying to reconnect to Hub. retry_reason="Hub failed to launch: Io(\"child exited with exit status: 1 without writing file \\\"/tmp/hub-ubuntu-20237BE4.config.json\\\"\")"
2026-09-17T00:49:03Z [5,263ms] [Warning] [carb.omniclient.plugin]  45: OmniHub: ThreadId(02) Hub encountered error. Trying to reconnect to Hub. retry_reason="Hub failed to launch: Io(\"child exited with exit status: 1 without writing file \\\"/tmp/hub-ubuntu-20237BE4.config.json\\\"\")"
2026-09-17T00:49:03Z [5,597ms] [Warning] [carb.omniclient.plugin]  45: OmniHub: ThreadId(02) Hub encountered error. Trying to reconnect to Hub. retry_reason="Hub failed to launch: Io(\"child exited with exit status: 1 without writing file \\\"/tmp/hub-ubuntu-20237BE4.config.json\\\"\")"
2026-09-17T00:49:03Z [5,939ms] [Warning] [carb.omniclient.plugin]  45: OmniHub: ThreadId(02) Hub encountered error. Trying to reconnect to Hub. retry_reason="Hub failed to launch: Io(\"child exited with exit status: 1 without writing file \\\"/tmp/hub-ubuntu-20237BE4.config.json\\\"\")"
2026-09-17T00:49:04Z [6,292ms] [Warning] [carb.omniclient.plugin]  45: OmniHub: ThreadId(02) Hub encountered error. Trying to reconnect to Hub. retry_reason="Hub failed to launch: Io(\"child exited with exit status: 1 without writing file \\\"/tmp/hub-ubuntu-20237BE4.config.json\\\"\")"
2026-09-17T00:49:04Z [6,655ms] [Warning] [carb.omniclient.plugin]  45: OmniHub: ThreadId(02) Hub encountered error. Trying to reconnect to Hub. retry_reason="Hub failed to launch: Io(\"child exited with exit status: 1 without writing file \\\"/tmp/hub-ubuntu-20237BE4.config.json\\\"\")"
2026-09-17T00:49:04Z [7,028ms] [Warning] [carb.omniclient.plugin]  45: OmniHub: ThreadId(02) Hub encountered error. Trying to reconnect to Hub. retry_reason="Hub failed to launch: Io(\"child exited with exit status: 1 without writing file \\\"/tmp/hub-ubuntu-20237BE4.config.json\\\"\")"
2026-09-17T00:49:05Z [7,410ms] [Warning] [carb.omniclient.plugin]  45: OmniHub: ThreadId(02) Hub encountered error. Trying to reconnect to Hub. retry_reason="Hub failed to launch: Io(\"child exited with exit status: 1 without writing file \\\"/tmp/hub-ubuntu-20237BE4.config.json\\\"\")"
2026-09-17T00:49:05Z [7,804ms] [Warning] [carb.omniclient.plugin]  45: OmniHub: ThreadId(02) Hub encountered error. Trying to reconnect to Hub. retry_reason="Hub failed to launch: Io(\"child exited with exit status: 1 without writing file \\\"/tmp/hub-ubuntu-20237BE4.config.json\\\"\")"
2026-09-17T00:49:05Z [8,208ms] [Warning] [carb.omniclient.plugin]  45: OmniHub: ThreadId(02) Hub encountered error. Trying to reconnect to Hub. retry_reason="Hub failed to launch: Io(\"child exited with exit status: 1 without writing file \\\"/tmp/hub-ubuntu-20237BE4.config.json\\\"\")"
2026-09-17T00:49:06Z [8,621ms] [Warning] [carb.omniclient.plugin]  45: OmniHub: ThreadId(02) Hub encountered error. Trying to reconnect to Hub. retry_reason="Hub failed to launch: Io(\"child exited with exit status: 1 without writing file \\\"/tmp/hub-ubuntu-20237BE4.config.json\\\"\")"
2026-09-17T00:49:06Z [9,043ms] [Warning] [carb.omniclient.plugin]  45: OmniHub: ThreadId(02) Hub encountered error. Trying to reconnect to Hub. retry_reason="Hub failed to launch: Io(\"child exited with exit status: 1 without writing file \\\"/tmp/hub-ubuntu-20237BE4.config.json\\\"\")"
2026-09-17T00:49:07Z [9,474ms] [Warning] [carb.omniclient.plugin]  45: OmniHub: ThreadId(02) Hub encountered error. Trying to reconnect to Hub. retry_reason="Hub failed to launch: Io(\"child exited with exit status: 1 without writing file \\\"/tmp/hub-ubuntu-20237BE4.config.json\\\"\")"
2026-09-17T00:49:07Z [9,918ms] [Warning] [carb.omniclient.plugin]  45: OmniHub: ThreadId(02) Hub encountered error. Trying to reconnect to Hub. retry_reason="Hub failed to launch: Io(\"child exited with exit status: 1 without writing file \\\"/tmp/hub-ubuntu-20237BE4.config.json\\\"\")"
WARNING: All log messages before absl::InitializeLog() is called are written to STDERR
E0000 00:00:1789606148.132031      11 descriptor_database.cc:633] File already exists in database: grpc/health/v1/health.proto
W0000 00:00:1789606148.132054      11 message.cc:301] Protobuf GeneratedMessageFactory: File is already registered: grpc/health/v1/health.proto
2026-09-17T00:49:08Z [10,399ms] [Warning] [omni.platforminfo.plugin] failed to open the default display.  Can't verify X Server version.
2026-09-17T00:49:08Z [10,408ms] [Warning] [omni.usd_config.extension] Enable omni.materialx.libs extension to use MaterialX
/workspace/isaaclab/_isaac_sim/kit/python/lib/python3.12/site-packages/torch/cuda/__init__.py:435: UserWarning: 
    Found GPU0 NVIDIA GB10 which is of cuda capability 12.1.
    Minimum and Maximum cuda capability supported by this version of PyTorch is
    (8.0) - (12.0)
    
  queued_call()
[ISAACLAB] AppLauncher initialization complete
REFERENCE_SCREEN_APP_READY
2026-09-17T00:49:28Z [31,181ms] [Warning] [usdrt.population.plugin] Last global time was not created. Did you call setEnableUsdNoticeHandling?
2026-09-17T00:49:29Z [32,021ms] [Warning] [omni.physx.tensors.plugin] Failed to find contact report API at '/Robot_000/joints'
2026-09-17T00:49:29Z [32,021ms] [Warning] [omni.physx.tensors.plugin] Failed to find contact report API at '/Robot_001/joints'
2026-09-17T00:49:29Z [32,021ms] [Warning] [omni.physx.tensors.plugin] Failed to find contact report API at '/Robot_002/joints'
2026-09-17T00:49:29Z [32,021ms] [Warning] [omni.physx.tensors.plugin] Failed to find contact report API at '/Robot_003/joints'
2026-09-17T00:49:29Z [32,021ms] [Warning] [omni.physx.tensors.plugin] Failed to find contact report API at '/Robot_004/joints'
2026-09-17T00:49:29Z [32,021ms] [Warning] [omni.physx.tensors.plugin] Failed to find contact report API at '/Robot_005/joints'
2026-09-17T00:49:29Z [32,021ms] [Warning] [omni.physx.tensors.plugin] Failed to find contact report API at '/Robot_006/joints'
2026-09-17T00:49:29Z [32,021ms] [Warning] [omni.physx.tensors.plugin] Failed to find contact report API at '/Robot_007/joints'
2026-09-17T00:49:29Z [32,021ms] [Warning] [omni.physx.tensors.plugin] Failed to find contact report API at '/Robot_008/joints'
2026-09-17T00:49:29Z [32,021ms] [Warning] [omni.physx.tensors.plugin] Failed to find contact report API at '/Robot_009/joints'
2026-09-17T00:49:29Z [32,021ms] [Warning] [omni.physx.tensors.plugin] Failed to find contact report API at '/Robot_010/joints'
2026-09-17T00:49:29Z [32,021ms] [Warning] [omni.physx.tensors.plugin] Failed to find contact report API at '/Robot_011/joints'
2026-09-17T00:49:29Z [32,021ms] [Warning] [omni.physx.tensors.plugin] Failed to find contact report API at '/Robot_012/joints'
2026-09-17T00:49:29Z [32,021ms] [Warning] [omni.physx.tensors.plugin] Failed to find contact report API at '/Robot_013/joints'
2026-09-17T00:49:29Z [32,021ms] [Warning] [omni.physx.tensors.plugin] Failed to find contact report API at '/Robot_014/joints'
2026-09-17T00:49:29Z [32,022ms] [Warning] [omni.physx.tensors.plugin] Failed to find contact report API at '/Robot_015/joints'
2026-09-17T00:49:29Z [32,022ms] [Warning] [omni.physx.tensors.plugin] Failed to find contact report API at '/Robot_016/joints'
2026-09-17T00:49:29Z [32,022ms] [Warning] [omni.physx.tensors.plugin] Failed to find contact report API at '/Robot_017/joints'
2026-09-17T00:49:29Z [32,022ms] [Warning] [omni.physx.tensors.plugin] Failed to find contact report API at '/Robot_018/joints'
2026-09-17T00:49:29Z [32,022ms] [Warning] [omni.physx.tensors.plugin] Failed to find contact report API at '/Robot_019/joints'
2026-09-17T00:49:29Z [32,022ms] [Warning] [omni.physx.tensors.plugin] Failed to find contact report API at '/Robot_020/joints'
2026-09-17T00:49:29Z [32,022ms] [Warning] [omni.physx.tensors.plugin] Failed to find contact report API at '/Robot_021/joints'
2026-09-17T00:49:29Z [32,022ms] [Warning] [omni.physx.tensors.plugin] Failed to find contact report API at '/Robot_022/joints'
2026-09-17T00:49:29Z [32,022ms] [Warning] [omni.physx.tensors.plugin] Failed to find contact report API at '/Robot_023/joints'
2026-09-17T00:49:29Z [32,022ms] [Warning] [omni.physx.tensors.plugin] Failed to find contact report API at '/Robot_024/joints'
2026-09-17T00:49:29Z [32,022ms] [Warning] [omni.physx.tensors.plugin] Failed to find contact report API at '/Robot_025/joints'
2026-09-17T00:49:29Z [32,022ms] [Warning] [omni.physx.tensors.plugin] Failed to find contact report API at '/Robot_026/joints'
2026-09-17T00:49:29Z [32,022ms] [Warning] [omni.physx.tensors.plugin] Failed to find contact report API at '/Robot_027/joints'
2026-09-17T00:49:29Z [32,022ms] [Warning] [omni.physx.tensors.plugin] Failed to find contact report API at '/Robot_028/joints'
2026-09-17T00:49:29Z [32,022ms] [Warning] [omni.physx.tensors.plugin] Failed to find contact report API at '/Robot_029/joints'
2026-09-17T00:49:29Z [32,022ms] [Warning] [omni.physx.tensors.plugin] Failed to find contact report API at '/Robot_030/joints'
2026-09-17T00:49:29Z [32,022ms] [Warning] [omni.physx.tensors.plugin] Failed to find contact report API at '/Robot_031/joints'
2026-09-17T00:49:29Z [32,022ms] [Warning] [omni.physx.tensors.plugin] Failed to find contact report API at '/Robot_032/joints'
2026-09-17T00:49:29Z [32,022ms] [Warning] [omni.physx.tensors.plugin] Failed to find contact report API at '/Robot_033/joints'
2026-09-17T00:49:29Z [32,022ms] [Warning] [omni.physx.tensors.plugin] Failed to find contact report API at '/Robot_034/joints'
2026-09-17T00:49:29Z [32,022ms] [Warning] [omni.physx.tensors.plugin] Failed to find contact report API at '/Robot_035/joints'
2026-09-17T00:49:29Z [32,022ms] [Warning] [omni.physx.tensors.plugin] Failed to find contact report API at '/Robot_036/joints'
2026-09-17T00:49:29Z [32,022ms] [Warning] [omni.physx.tensors.plugin] Failed to find contact report API at '/Robot_037/joints'
2026-09-17T00:49:29Z [32,022ms] [Warning] [omni.physx.tensors.plugin] Failed to find contact report API at '/Robot_038/joints'
2026-09-17T00:49:29Z [32,022ms] [Warning] [omni.physx.tensors.plugin] Failed to find contact report API at '/Robot_039/joints'
2026-09-17T00:49:29Z [32,022ms] [Warning] [omni.physx.tensors.plugin] Failed to find contact report API at '/Robot_040/joints'
2026-09-17T00:49:29Z [32,022ms] [Warning] [omni.physx.tensors.plugin] Failed to find contact report API at '/Robot_041/joints'
2026-09-17T00:49:29Z [32,022ms] [Warning] [omni.physx.tensors.plugin] Failed to find contact report API at '/Robot_042/joints'
2026-09-17T00:49:29Z [32,022ms] [Warning] [omni.physx.tensors.plugin] Failed to find contact report API at '/Robot_043/joints'
2026-09-17T00:49:29Z [32,022ms] [Warning] [omni.physx.tensors.plugin] Failed to find contact report API at '/Robot_044/joints'
2026-09-17T00:49:29Z [32,022ms] [Warning] [omni.physx.tensors.plugin] Failed to find contact report API at '/Robot_045/joints'
2026-09-17T00:49:29Z [32,022ms] [Warning] [omni.physx.tensors.plugin] Failed to find contact report API at '/Robot_046/joints'
2026-09-17T00:49:29Z [32,022ms] [Warning] [omni.physx.tensors.plugin] Failed to find contact report API at '/Robot_047/joints'
2026-09-17T00:49:29Z [32,022ms] [Warning] [omni.physx.tensors.plugin] Failed to find contact report API at '/Robot_048/joints'
2026-09-17T00:49:29Z [32,022ms] [Warning] [omni.physx.tensors.plugin] Failed to find contact report API at '/Robot_049/joints'
2026-09-17T00:49:29Z [32,022ms] [Warning] [omni.physx.tensors.plugin] Failed to find contact report API at '/Robot_050/joints'
2026-09-17T00:49:29Z [32,022ms] [Warning] [omni.physx.tensors.plugin] Failed to find contact report API at '/Robot_051/joints'
2026-09-17T00:49:29Z [32,022ms] [Warning] [omni.physx.tensors.plugin] Failed to find contact report API at '/Robot_052/joints'
2026-09-17T00:49:29Z [32,022ms] [Warning] [omni.physx.tensors.plugin] Failed to find contact report API at '/Robot_053/joints'
2026-09-17T00:49:29Z [32,022ms] [Warning] [omni.physx.tensors.plugin] Failed to find contact report API at '/Robot_054/joints'
2026-09-17T00:49:29Z [32,022ms] [Warning] [omni.physx.tensors.plugin] Failed to find contact report API at '/Robot_055/joints'
2026-09-17T00:49:29Z [32,022ms] [Warning] [omni.physx.tensors.plugin] Failed to find contact report API at '/Robot_056/joints'
2026-09-17T00:49:29Z [32,022ms] [Warning] [omni.physx.tensors.plugin] Failed to find contact report API at '/Robot_057/joints'
2026-09-17T00:49:29Z [32,022ms] [Warning] [omni.physx.tensors.plugin] Failed to find contact report API at '/Robot_058/joints'
2026-09-17T00:49:29Z [32,022ms] [Warning] [omni.physx.tensors.plugin] Failed to find contact report API at '/Robot_059/joints'
2026-09-17T00:49:29Z [32,022ms] [Warning] [omni.physx.tensors.plugin] Failed to find contact report API at '/Robot_060/joints'
2026-09-17T00:49:29Z [32,022ms] [Warning] [omni.physx.tensors.plugin] Failed to find contact report API at '/Robot_061/joints'
2026-09-17T00:49:29Z [32,023ms] [Warning] [omni.physx.tensors.plugin] Failed to find contact report API at '/Robot_062/joints'
2026-09-17T00:49:29Z [32,023ms] [Warning] [omni.physx.tensors.plugin] Failed to find contact report API at '/Robot_063/joints'
2026-09-17T00:49:29Z [32,023ms] [Warning] [omni.physx.tensors.plugin] Failed to find contact report API at '/Robot_064/joints'
2026-09-17T00:49:29Z [32,023ms] [Warning] [omni.physx.tensors.plugin] Failed to find contact report API at '/Robot_065/joints'
2026-09-17T00:49:29Z [32,023ms] [Warning] [omni.physx.tensors.plugin] Failed to find contact report API at '/Robot_066/joints'
2026-09-17T00:49:29Z [32,023ms] [Warning] [omni.physx.tensors.plugin] Failed to find contact report API at '/Robot_067/joints'
2026-09-17T00:49:29Z [32,023ms] [Warning] [omni.physx.tensors.plugin] Failed to find contact report API at '/Robot_068/joints'
2026-09-17T00:49:29Z [32,023ms] [Warning] [omni.physx.tensors.plugin] Failed to find contact report API at '/Robot_069/joints'
2026-09-17T00:49:29Z [32,023ms] [Warning] [omni.physx.tensors.plugin] Failed to find contact report API at '/Robot_070/joints'
2026-09-17T00:49:29Z [32,023ms] [Warning] [omni.physx.tensors.plugin] Failed to find contact report API at '/Robot_071/joints'
2026-09-17T00:49:29Z [32,023ms] [Warning] [omni.physx.tensors.plugin] Failed to find contact report API at '/Robot_072/joints'
2026-09-17T00:49:29Z [32,023ms] [Warning] [omni.physx.tensors.plugin] Failed to find contact report API at '/Robot_073/joints'
2026-09-17T00:49:29Z [32,023ms] [Warning] [omni.physx.tensors.plugin] Failed to find contact report API at '/Robot_074/joints'
2026-09-17T00:49:29Z [32,023ms] [Warning] [omni.physx.tensors.plugin] Failed to find contact report API at '/Robot_075/joints'
2026-09-17T00:49:29Z [32,023ms] [Warning] [omni.physx.tensors.plugin] Failed to find contact report API at '/Robot_076/joints'
2026-09-17T00:49:29Z [32,023ms] [Warning] [omni.physx.tensors.plugin] Failed to find contact report API at '/Robot_077/joints'
2026-09-17T00:49:29Z [32,023ms] [Warning] [omni.physx.tensors.plugin] Failed to find contact report API at '/Robot_078/joints'
2026-09-17T00:49:29Z [32,023ms] [Warning] [omni.physx.tensors.plugin] Failed to find contact report API at '/Robot_079/joints'
2026-09-17T00:49:29Z [32,023ms] [Warning] [omni.physx.tensors.plugin] Failed to find contact report API at '/Robot_080/joints'
2026-09-17T00:49:29Z [32,023ms] [Warning] [omni.physx.tensors.plugin] Failed to find contact report API at '/Robot_081/joints'
2026-09-17T00:49:29Z [32,023ms] [Warning] [omni.physx.tensors.plugin] Failed to find contact report API at '/Robot_082/joints'
2026-09-17T00:49:29Z [32,023ms] [Warning] [omni.physx.tensors.plugin] Failed to find contact report API at '/Robot_083/joints'
2026-09-17T00:49:29Z [32,023ms] [Warning] [omni.physx.tensors.plugin] Failed to find contact report API at '/Robot_084/joints'
2026-09-17T00:49:29Z [32,023ms] [Warning] [omni.physx.tensors.plugin] Failed to find contact report API at '/Robot_085/joints'
2026-09-17T00:49:29Z [32,023ms] [Warning] [omni.physx.tensors.plugin] Failed to find contact report API at '/Robot_086/joints'
2026-09-17T00:49:29Z [32,023ms] [Warning] [omni.physx.tensors.plugin] Failed to find contact report API at '/Robot_087/joints'
2026-09-17T00:49:29Z [32,023ms] [Warning] [omni.physx.tensors.plugin] Failed to find contact report API at '/Robot_088/joints'
2026-09-17T00:49:29Z [32,023ms] [Warning] [omni.physx.tensors.plugin] Failed to find contact report API at '/Robot_089/joints'
2026-09-17T00:49:29Z [32,023ms] [Warning] [omni.physx.tensors.plugin] Failed to find contact report API at '/Robot_090/joints'
2026-09-17T00:49:29Z [32,023ms] [Warning] [omni.physx.tensors.plugin] Failed to find contact report API at '/Robot_091/joints'
2026-09-17T00:49:29Z [32,023ms] [Warning] [omni.physx.tensors.plugin] Failed to find contact report API at '/Robot_092/joints'
2026-09-17T00:49:29Z [32,023ms] [Warning] [omni.physx.tensors.plugin] Failed to find contact report API at '/Robot_093/joints'
2026-09-17T00:49:29Z [32,023ms] [Warning] [omni.physx.tensors.plugin] Failed to find contact report API at '/Robot_094/joints'
2026-09-17T00:49:29Z [32,023ms] [Warning] [omni.physx.tensors.plugin] Failed to find contact report API at '/Robot_095/joints'
2026-09-17T00:49:29Z [32,023ms] [Warning] [omni.physx.tensors.plugin] Failed to find contact report API at '/Robot_096/joints'
2026-09-17T00:49:29Z [32,023ms] [Warning] [omni.physx.tensors.plugin] Failed to find contact report API at '/Robot_097/joints'
2026-09-17T00:49:29Z [32,023ms] [Warning] [omni.physx.tensors.plugin] Failed to find contact report API at '/Robot_098/joints'
2026-09-17T00:49:29Z [32,023ms] [Warning] [omni.physx.tensors.plugin] Failed to find contact report API at '/Robot_099/joints'
2026-09-17T00:49:29Z [32,023ms] [Warning] [omni.physx.tensors.plugin] Failed to find contact report API at '/Robot_100/joints'
2026-09-17T00:49:29Z [32,023ms] [Warning] [omni.physx.tensors.plugin] Failed to find contact report API at '/Robot_101/joints'
2026-09-17T00:49:29Z [32,023ms] [Warning] [omni.physx.tensors.plugin] Failed to find contact report API at '/Robot_102/joints'
2026-09-17T00:49:29Z [32,023ms] [Warning] [omni.physx.tensors.plugin] Failed to find contact report API at '/Robot_103/joints'
2026-09-17T00:49:29Z [32,023ms] [Warning] [omni.physx.tensors.plugin] Failed to find contact report API at '/Robot_104/joints'
2026-09-17T00:49:29Z [32,023ms] [Warning] [omni.physx.tensors.plugin] Failed to find contact report API at '/Robot_105/joints'
2026-09-17T00:49:29Z [32,023ms] [Warning] [omni.physx.tensors.plugin] Failed to find contact report API at '/Robot_106/joints'
2026-09-17T00:49:29Z [32,023ms] [Warning] [omni.physx.tensors.plugin] Failed to find contact report API at '/Robot_107/joints'
2026-09-17T00:49:29Z [32,023ms] [Warning] [omni.physx.tensors.plugin] Failed to find contact report API at '/Robot_108/joints'
2026-09-17T00:49:29Z [32,023ms] [Warning] [omni.physx.tensors.plugin] Failed to find contact report API at '/Robot_109/joints'
2026-09-17T00:49:29Z [32,023ms] [Warning] [omni.physx.tensors.plugin] Failed to find contact report API at '/Robot_110/joints'
2026-09-17T00:49:29Z [32,023ms] [Warning] [omni.physx.tensors.plugin] Failed to find contact report API at '/Robot_111/joints'
2026-09-17T00:49:29Z [32,024ms] [Warning] [omni.physx.tensors.plugin] Failed to find contact report API at '/Robot_112/joints'
2026-09-17T00:49:29Z [32,024ms] [Warning] [omni.physx.tensors.plugin] Failed to find contact report API at '/Robot_113/joints'
2026-09-17T00:49:29Z [32,024ms] [Warning] [omni.physx.tensors.plugin] Failed to find contact report API at '/Robot_114/joints'
2026-09-17T00:49:29Z [32,024ms] [Warning] [omni.physx.tensors.plugin] Failed to find contact report API at '/Robot_115/joints'
2026-09-17T00:49:29Z [32,024ms] [Warning] [omni.physx.tensors.plugin] Failed to find contact report API at '/Robot_116/joints'
2026-09-17T00:49:29Z [32,024ms] [Warning] [omni.physx.tensors.plugin] Failed to find contact report API at '/Robot_117/joints'
2026-09-17T00:49:29Z [32,024ms] [Warning] [omni.physx.tensors.plugin] Failed to find contact report API at '/Robot_118/joints'
2026-09-17T00:49:29Z [32,024ms] [Warning] [omni.physx.tensors.plugin] Failed to find contact report API at '/Robot_119/joints'
2026-09-17T00:49:29Z [32,024ms] [Warning] [omni.physx.tensors.plugin] Failed to find contact report API at '/Robot_120/joints'
2026-09-17T00:49:29Z [32,024ms] [Warning] [omni.physx.tensors.plugin] Failed to find contact report API at '/Robot_121/joints'
2026-09-17T00:49:29Z [32,024ms] [Warning] [omni.physx.tensors.plugin] Failed to find contact report API at '/Robot_122/joints'
2026-09-17T00:49:29Z [32,024ms] [Warning] [omni.physx.tensors.plugin] Failed to find contact report API at '/Robot_123/joints'
2026-09-17T00:49:29Z [32,024ms] [Warning] [omni.physx.tensors.plugin] Failed to find contact report API at '/Robot_124/joints'
2026-09-17T00:49:29Z [32,024ms] [Warning] [omni.physx.tensors.plugin] Failed to find contact report API at '/Robot_125/joints'
2026-09-17T00:49:29Z [32,024ms] [Warning] [omni.physx.tensors.plugin] Failed to find contact report API at '/Robot_126/joints'
2026-09-17T00:49:29Z [32,024ms] [Warning] [omni.physx.tensors.plugin] Failed to find contact report API at '/Robot_127/joints'
--------------------------------------------------------------------------------
Resolved observation sets: 
	 actor :  ['policy']
	 critic :  ['critic']
--------------------------------------------------------------------------------
Actor Model: MLPModel(
  (obs_normalizer): EmpiricalNormalization()
  (distribution): GaussianDistribution()
  (mlp): MLP(
    (0): Linear(in_features=231, out_features=256, bias=True)
    (1): ELU(alpha=1.0)
    (2): Linear(in_features=256, out_features=256, bias=True)
    (3): ELU(alpha=1.0)
    (4): Linear(in_features=256, out_features=128, bias=True)
    (5): ELU(alpha=1.0)
    (6): Linear(in_features=128, out_features=18, bias=True)
  )
)
Critic Model: MLPModel(
  (obs_normalizer): EmpiricalNormalization()
  (mlp): MLP(
    (0): Linear(in_features=234, out_features=256, bias=True)
    (1): ELU(alpha=1.0)
    (2): Linear(in_features=256, out_features=256, bias=True)
    (3): ELU(alpha=1.0)
    (4): Linear(in_features=256, out_features=128, bias=True)
    (5): ELU(alpha=1.0)
    (6): Linear(in_features=128, out_features=1, bias=True)
  )
)
Could not find git repository in /workspace/isaaclab/_isaac_sim/kit/python/lib/python3.12/site-packages/rsl_rl/__init__.py. Skipping.
/source/train.py:143: UserWarning: Converting a tensor with requires_grad=True to a scalar may lead to unexpected behavior.
Consider using tensor.detach() first. (Triggered internally at /pytorch/torch/csrc/autograd/generated/python_variable_methods.cpp:836.)
  'mean_action_std': float(values['action_std'].mean()),
################################################################################
[1m                             Learning iteration 0/2                             [0m 

                            Total steps: 3072 
                       Steps per second: 813 
                        Collection time: 3.582s 
                          Learning time: 0.196s 
                        Mean value loss: 10.3609
                    Mean surrogate loss: 0.0921
                      Mean entropy loss: -8.5954
                        Mean action std: 0.15
--------------------------------------------------------------------------------
                         Iteration time: 3.78s
                           Time elapsed: 00:00:03
                                    ETA: 00:00:03

################################################################################
[1m                             Learning iteration 1/2                             [0m 

                            Total steps: 6144 
                       Steps per second: 927 
                        Collection time: 3.209s 
                          Learning time: 0.104s 
                        Mean value loss: 11.4408
                    Mean surrogate loss: -0.0112
                      Mean entropy loss: -8.5919
                        Mean action std: 0.15
--------------------------------------------------------------------------------
                         Iteration time: 3.31s
                           Time elapsed: 00:00:07
                                    ETA: 00:00:00

