2026-09-05T21:11:00.170110476Z Loading user config located at: '/isaac-sim/kit/data/Kit/IsaacLab/3.0/user.config.json'
2026-09-05T21:11:00.170174268Z 2026-09-05T21:10:58Z [0ms] [Warning] [omni.ext.plugin] [ext: isaaclab_visualizers] Extensions config 'extension.toml' doesn't exist '/workspace/isaaclab/source/isaaclab_visualizers' or '/workspace/isaaclab/source/isaaclab_visualizers/config'
2026-09-05T21:11:00.170178828Z 2026-09-05T21:10:58Z [116ms] [Warning] [carb.omniclient.plugin]  125: OmniHub: ThreadId(02) Hub encountered error. Trying to reconnect to Hub. retry_reason="Hub failed to launch: Io(\"child exited with exit status: 1 without writing file \\\"/tmp/hub-ubuntu-1EE4A5B2.config.json\\\"\")"
2026-09-05T21:11:00.170181804Z 2026-09-05T21:10:58Z [187ms] [Warning] [carb.omniclient.plugin]  125: OmniHub: ThreadId(02) Hub encountered error. Trying to reconnect to Hub. retry_reason="Hub failed to launch: Io(\"child exited with exit status: 1 without writing file \\\"/tmp/hub-ubuntu-1EE4A5B2.config.json\\\"\")"
2026-09-05T21:11:00.170184348Z 2026-09-05T21:10:58Z [269ms] [Warning] [carb.omniclient.plugin]  125: OmniHub: ThreadId(02) Hub encountered error. Trying to reconnect to Hub. retry_reason="Hub failed to launch: Io(\"child exited with exit status: 1 without writing file \\\"/tmp/hub-ubuntu-1EE4A5B2.config.json\\\"\")"
2026-09-05T21:11:00.170186716Z 2026-09-05T21:10:58Z [361ms] [Warning] [carb.omniclient.plugin]  125: OmniHub: ThreadId(02) Hub encountered error. Trying to reconnect to Hub. retry_reason="Hub failed to launch: Io(\"child exited with exit status: 1 without writing file \\\"/tmp/hub-ubuntu-1EE4A5B2.config.json\\\"\")"
2026-09-05T21:11:00.170189036Z 2026-09-05T21:10:58Z [463ms] [Warning] [carb.omniclient.plugin]  125: OmniHub: ThreadId(02) Hub encountered error. Trying to reconnect to Hub. retry_reason="Hub failed to launch: Io(\"child exited with exit status: 1 without writing file \\\"/tmp/hub-ubuntu-1EE4A5B2.config.json\\\"\")"
2026-09-05T21:11:00.170192316Z 2026-09-05T21:10:58Z [574ms] [Warning] [carb.omniclient.plugin]  125: OmniHub: ThreadId(02) Hub encountered error. Trying to reconnect to Hub. retry_reason="Hub failed to launch: Io(\"child exited with exit status: 1 without writing file \\\"/tmp/hub-ubuntu-1EE4A5B2.config.json\\\"\")"
2026-09-05T21:11:00.170194588Z 2026-09-05T21:10:59Z [695ms] [Warning] [carb.omniclient.plugin]  125: OmniHub: ThreadId(02) Hub encountered error. Trying to reconnect to Hub. retry_reason="Hub failed to launch: Io(\"child exited with exit status: 1 without writing file \\\"/tmp/hub-ubuntu-1EE4A5B2.config.json\\\"\")"
2026-09-05T21:11:00.170196796Z 2026-09-05T21:10:59Z [827ms] [Warning] [carb.omniclient.plugin]  125: OmniHub: ThreadId(02) Hub encountered error. Trying to reconnect to Hub. retry_reason="Hub failed to launch: Io(\"child exited with exit status: 1 without writing file \\\"/tmp/hub-ubuntu-1EE4A5B2.config.json\\\"\")"
2026-09-05T21:11:00.170198924Z 2026-09-05T21:10:59Z [969ms] [Warning] [carb.omniclient.plugin]  125: OmniHub: ThreadId(02) Hub encountered error. Trying to reconnect to Hub. retry_reason="Hub failed to launch: Io(\"child exited with exit status: 1 without writing file \\\"/tmp/hub-ubuntu-1EE4A5B2.config.json\\\"\")"
2026-09-05T21:11:00.170201084Z 2026-09-05T21:10:59Z [1,120ms] [Warning] [carb.omniclient.plugin]  125: OmniHub: ThreadId(02) Hub encountered error. Trying to reconnect to Hub. retry_reason="Hub failed to launch: Io(\"child exited with exit status: 1 without writing file \\\"/tmp/hub-ubuntu-1EE4A5B2.config.json\\\"\")"
2026-09-05T21:11:00.170208428Z 2026-09-05T21:10:59Z [1,281ms] [Warning] [carb.omniclient.plugin]  125: OmniHub: ThreadId(02) Hub encountered error. Trying to reconnect to Hub. retry_reason="Hub failed to launch: Io(\"child exited with exit status: 1 without writing file \\\"/tmp/hub-ubuntu-1EE4A5B2.config.json\\\"\")"
2026-09-05T21:11:00.170210844Z 2026-09-05T21:10:59Z [1,454ms] [Warning] [carb.omniclient.plugin]  125: OmniHub: ThreadId(02) Hub encountered error. Trying to reconnect to Hub. retry_reason="Hub failed to launch: Io(\"child exited with exit status: 1 without writing file \\\"/tmp/hub-ubuntu-1EE4A5B2.config.json\\\"\")"
2026-09-05T21:11:00.170213052Z 2026-09-05T21:10:59Z [1,635ms] [Warning] [carb.omniclient.plugin]  125: OmniHub: ThreadId(02) Hub encountered error. Trying to reconnect to Hub. retry_reason="Hub failed to launch: Io(\"child exited with exit status: 1 without writing file \\\"/tmp/hub-ubuntu-1EE4A5B2.config.json\\\"\")"
2026-09-05T21:11:00.170215436Z 2026-09-05T21:11:00Z [1,827ms] [Warning] [carb.omniclient.plugin]  125: OmniHub: ThreadId(02) Hub encountered error. Trying to reconnect to Hub. retry_reason="Hub failed to launch: Io(\"child exited with exit status: 1 without writing file \\\"/tmp/hub-ubuntu-1EE4A5B2.config.json\\\"\")"
2026-09-05T21:11:04.246940003Z 2026-09-05T21:11:00Z [2,030ms] [Warning] [carb.omniclient.plugin]  125: OmniHub: ThreadId(02) Hub encountered error. Trying to reconnect to Hub. retry_reason="Hub failed to launch: Io(\"child exited with exit status: 1 without writing file \\\"/tmp/hub-ubuntu-1EE4A5B2.config.json\\\"\")"
2026-09-05T21:11:04.246980963Z 2026-09-05T21:11:00Z [2,242ms] [Warning] [carb.omniclient.plugin]  125: OmniHub: ThreadId(02) Hub encountered error. Trying to reconnect to Hub. retry_reason="Hub failed to launch: Io(\"child exited with exit status: 1 without writing file \\\"/tmp/hub-ubuntu-1EE4A5B2.config.json\\\"\")"
2026-09-05T21:11:04.246984275Z 2026-09-05T21:11:00Z [2,463ms] [Warning] [carb.omniclient.plugin]  125: OmniHub: ThreadId(02) Hub encountered error. Trying to reconnect to Hub. retry_reason="Hub failed to launch: Io(\"child exited with exit status: 1 without writing file \\\"/tmp/hub-ubuntu-1EE4A5B2.config.json\\\"\")"
2026-09-05T21:11:04.246987059Z 2026-09-05T21:11:01Z [2,694ms] [Warning] [carb.omniclient.plugin]  125: OmniHub: ThreadId(02) Hub encountered error. Trying to reconnect to Hub. retry_reason="Hub failed to launch: Io(\"child exited with exit status: 1 without writing file \\\"/tmp/hub-ubuntu-1EE4A5B2.config.json\\\"\")"
2026-09-05T21:11:04.246989427Z 2026-09-05T21:11:01Z [2,936ms] [Warning] [carb.omniclient.plugin]  125: OmniHub: ThreadId(02) Hub encountered error. Trying to reconnect to Hub. retry_reason="Hub failed to launch: Io(\"child exited with exit status: 1 without writing file \\\"/tmp/hub-ubuntu-1EE4A5B2.config.json\\\"\")"
2026-09-05T21:11:04.246991779Z 2026-09-05T21:11:01Z [3,187ms] [Warning] [carb.omniclient.plugin]  125: OmniHub: ThreadId(02) Hub encountered error. Trying to reconnect to Hub. retry_reason="Hub failed to launch: Io(\"child exited with exit status: 1 without writing file \\\"/tmp/hub-ubuntu-1EE4A5B2.config.json\\\"\")"
2026-09-05T21:11:04.246993907Z 2026-09-05T21:11:01Z [3,450ms] [Warning] [carb.omniclient.plugin]  125: OmniHub: ThreadId(02) Hub encountered error. Trying to reconnect to Hub. retry_reason="Hub failed to launch: Io(\"child exited with exit status: 1 without writing file \\\"/tmp/hub-ubuntu-1EE4A5B2.config.json\\\"\")"
2026-09-05T21:11:04.247027859Z 2026-09-05T21:11:02Z [3,722ms] [Warning] [carb.omniclient.plugin]  125: OmniHub: ThreadId(02) Hub encountered error. Trying to reconnect to Hub. retry_reason="Hub failed to launch: Io(\"child exited with exit status: 1 without writing file \\\"/tmp/hub-ubuntu-1EE4A5B2.config.json\\\"\")"
2026-09-05T21:11:04.247032403Z 2026-09-05T21:11:02Z [4,004ms] [Warning] [carb.omniclient.plugin]  125: OmniHub: ThreadId(02) Hub encountered error. Trying to reconnect to Hub. retry_reason="Hub failed to launch: Io(\"child exited with exit status: 1 without writing file \\\"/tmp/hub-ubuntu-1EE4A5B2.config.json\\\"\")"
2026-09-05T21:11:04.247034755Z 2026-09-05T21:11:02Z [4,297ms] [Warning] [carb.omniclient.plugin]  125: OmniHub: ThreadId(02) Hub encountered error. Trying to reconnect to Hub. retry_reason="Hub failed to launch: Io(\"child exited with exit status: 1 without writing file \\\"/tmp/hub-ubuntu-1EE4A5B2.config.json\\\"\")"
2026-09-05T21:11:04.247036963Z 2026-09-05T21:11:02Z [4,598ms] [Warning] [carb.omniclient.plugin]  125: OmniHub: ThreadId(02) Hub encountered error. Trying to reconnect to Hub. retry_reason="Hub failed to launch: Io(\"child exited with exit status: 1 without writing file \\\"/tmp/hub-ubuntu-1EE4A5B2.config.json\\\"\")"
2026-09-05T21:11:04.247039059Z 2026-09-05T21:11:03Z [4,909ms] [Warning] [carb.omniclient.plugin]  125: OmniHub: ThreadId(02) Hub encountered error. Trying to reconnect to Hub. retry_reason="Hub failed to launch: Io(\"child exited with exit status: 1 without writing file \\\"/tmp/hub-ubuntu-1EE4A5B2.config.json\\\"\")"
2026-09-05T21:11:04.247041155Z 2026-09-05T21:11:03Z [5,230ms] [Warning] [carb.omniclient.plugin]  125: OmniHub: ThreadId(02) Hub encountered error. Trying to reconnect to Hub. retry_reason="Hub failed to launch: Io(\"child exited with exit status: 1 without writing file \\\"/tmp/hub-ubuntu-1EE4A5B2.config.json\\\"\")"
2026-09-05T21:11:04.247046244Z 2026-09-05T21:11:03Z [5,563ms] [Warning] [carb.omniclient.plugin]  125: OmniHub: ThreadId(02) Hub encountered error. Trying to reconnect to Hub. retry_reason="Hub failed to launch: Io(\"child exited with exit status: 1 without writing file \\\"/tmp/hub-ubuntu-1EE4A5B2.config.json\\\"\")"
2026-09-05T21:11:04.247048724Z 2026-09-05T21:11:04Z [5,904ms] [Warning] [carb.omniclient.plugin]  125: OmniHub: ThreadId(02) Hub encountered error. Trying to reconnect to Hub. retry_reason="Hub failed to launch: Io(\"child exited with exit status: 1 without writing file \\\"/tmp/hub-ubuntu-1EE4A5B2.config.json\\\"\")"
2026-09-05T21:11:08.672549326Z WARNING: All log messages before absl::InitializeLog() is called are written to STDERR
2026-09-05T21:11:08.672586318Z E0000 00:00:1788642668.672329      26 descriptor_database.cc:633] File already exists in database: grpc/health/v1/health.proto
2026-09-05T21:11:08.672589390Z W0000 00:00:1788642668.672356      26 message.cc:301] Protobuf GeneratedMessageFactory: File is already registered: grpc/health/v1/health.proto
2026-09-05T21:11:09.854325375Z /workspace/isaaclab/_isaac_sim/kit/python/lib/python3.12/site-packages/torch/cuda/__init__.py:435: UserWarning: 
2026-09-05T21:11:09.854362911Z     Found GPU0 NVIDIA GB10 which is of cuda capability 12.1.
2026-09-05T21:11:09.854365391Z     Minimum and Maximum cuda capability supported by this version of PyTorch is
2026-09-05T21:11:09.854384783Z     (8.0) - (12.0)
2026-09-05T21:11:09.854386975Z     
2026-09-05T21:11:09.854388543Z   queued_call()
2026-09-05T21:11:09.855487160Z [ISAACLAB] AppLauncher initialization complete
2026-09-05T21:11:10.944458358Z [INFO]: Parsing configuration from: hexapod_rl.tasks.mkii_fourbar_v1:HexapodMkiiFourbarV1EnvCfg
2026-09-05T21:11:10.944496454Z [INFO]: Base environment:
2026-09-05T21:11:10.944499206Z 	Environment device    : cuda:0
2026-09-05T21:11:10.944501478Z 	Environment seed      : 0
2026-09-05T21:11:10.944503318Z 	Physics step-size     : 0.00125
2026-09-05T21:11:10.944505062Z 	Rendering step-size   : 0.02
2026-09-05T21:11:10.944506678Z 	Environment step-size : 0.02
2026-09-05T21:11:10.944508374Z [INFO]: Registered backend 'physx' for factory Articulation.
2026-09-05T21:11:11.040150390Z [INFO]: Registered backend 'physx' for factory ContactSensor.
2026-09-05T21:11:12.053912293Z [INFO]: Physics scene prim path: /physicsScene
2026-09-05T21:11:17.388542281Z [INFO]: Time taken for scene creation Last: 1.235543 s, Mean: 1.235543 s, Std: 0.000000 s, N: 1
2026-09-05T21:11:17.388584569Z [INFO]: Scene manager:  <class InteractiveScene>
2026-09-05T21:11:17.388587481Z 	Number of environments: 2
2026-09-05T21:11:17.388589641Z 	Environment spacing   : 2.0
2026-09-05T21:11:17.388591481Z 	Source prim name      : /World/envs/env_0
2026-09-05T21:11:17.388593097Z 	Global prim paths     : ['/World/ground']
2026-09-05T21:11:17.388594697Z 	Replicate physics     : True
2026-09-05T21:11:17.388596361Z [INFO]: Starting the simulation. This may take a few seconds. Please wait...
2026-09-05T21:11:17.388598201Z [INFO]: Simulation parameters for joints in /World/envs/env_.*/Robot:
2026-09-05T21:11:17.388600105Z +---------------------------------------------------------------------------------------------------------------------------------------------------------------------------+
2026-09-05T21:11:17.388602057Z |                                                     Simulation Joint Information (Prim path: /World/envs/env_.*/Robot)                                                    |
2026-09-05T21:11:17.388604393Z +-------+----------------------+-----------+---------+----------+-----------------+------------------+------------------+-----------------+-----------------+---------------+
2026-09-05T21:11:17.388606425Z | Index | Name                 | Stiffness | Damping | Armature | Static Friction | Dynamic Friction | Viscous Friction | Position Limits | Velocity Limits | Effort Limits |
2026-09-05T21:11:17.388608233Z +-------+----------------------+-----------+---------+----------+-----------------+------------------+------------------+-----------------+-----------------+---------------+
2026-09-05T21:11:17.388610009Z |   0   | lf_coxa_yaw          |   0.000   |  0.000  |  0.001   |      0.010      |      0.010       |      0.002       | [-0.873, 0.873] |      50.265     |     5.500     |
2026-09-05T21:11:17.388630937Z |   1   | lm_coxa_yaw          |   0.000   |  0.000  |  0.001   |      0.010      |      0.010       |      0.002       | [-0.873, 0.873] |      50.265     |     5.500     |
2026-09-05T21:11:17.388633033Z |   2   | lr_coxa_yaw          |   0.000   |  0.000  |  0.001   |      0.010      |      0.010       |      0.002       | [-0.873, 0.873] |      50.265     |     5.500     |
2026-09-05T21:11:17.388634873Z |   3   | rf_coxa_yaw          |   0.000   |  0.000  |  0.001   |      0.010      |      0.010       |      0.002       | [-0.873, 0.873] |      50.265     |     5.500     |
2026-09-05T21:11:17.388637722Z |   4   | rm_coxa_yaw          |   0.000   |  0.000  |  0.001   |      0.010      |      0.010       |      0.002       | [-0.873, 0.873] |      50.265     |     5.500     |
2026-09-05T21:11:17.388639498Z |   5   | rr_coxa_yaw          |   0.000   |  0.000  |  0.001   |      0.010      |      0.010       |      0.002       | [-0.873, 0.873] |      50.265     |     5.500     |
2026-09-05T21:11:17.388641290Z |   6   | lf_femur_pitch       |   0.000   |  0.000  |  0.001   |      0.010      |      0.010       |      0.002       | [-1.745, 0.550] |      50.265     |     5.500     |
2026-09-05T21:11:17.388643082Z |   7   | lm_femur_pitch       |   0.000   |  0.000  |  0.001   |      0.010      |      0.010       |      0.002       | [-1.745, 0.550] |      50.265     |     5.500     |
2026-09-05T21:11:17.388644842Z |   8   | lr_femur_pitch       |   0.000   |  0.000  |  0.001   |      0.010      |      0.010       |      0.002       | [-1.745, 0.550] |      50.265     |     5.500     |
2026-09-05T21:11:17.388646602Z |   9   | rf_femur_pitch       |   0.000   |  0.000  |  0.001   |      0.010      |      0.010       |      0.002       | [-1.745, 0.550] |      50.265     |     5.500     |
2026-09-05T21:11:17.388648410Z |   10  | rm_femur_pitch       |   0.000   |  0.000  |  0.001   |      0.010      |      0.010       |      0.002       | [-1.745, 0.550] |      50.265     |     5.500     |
2026-09-05T21:11:17.388650266Z |   11  | rr_femur_pitch       |   0.000   |  0.000  |  0.001   |      0.010      |      0.010       |      0.002       | [-1.745, 0.550] |      50.265     |     5.500     |
2026-09-05T21:11:17.388652026Z |   12  | lf_tibia_lever_pivot |   0.000   |  0.000  |  0.001   |      0.010      |      0.010       |      0.002       | [-0.978, 1.722] |      50.265     |     5.500     |
2026-09-05T21:11:17.388653850Z |   13  | lf_tibia_pitch       |   0.000   |  0.000  |  0.000   |      0.000      |      0.000       |      0.000       | [-0.978, 1.722] |     1.7e+04     |     0.000     |
2026-09-05T21:11:17.388655610Z |   14  | lm_tibia_lever_pivot |   0.000   |  0.000  |  0.001   |      0.010      |      0.010       |      0.002       | [-0.990, 1.710] |      50.265     |     5.500     |
2026-09-05T21:11:17.388657626Z |   15  | lm_tibia_pitch       |   0.000   |  0.000  |  0.000   |      0.000      |      0.000       |      0.000       | [-0.990, 1.710] |     1.7e+04     |     0.000     |
2026-09-05T21:11:17.388659386Z |   16  | lr_tibia_lever_pivot |   0.000   |  0.000  |  0.001   |      0.010      |      0.010       |      0.002       | [-0.971, 1.729] |      50.265     |     5.500     |
2026-09-05T21:11:17.388661210Z |   17  | lr_tibia_pitch       |   0.000   |  0.000  |  0.000   |      0.000      |      0.000       |      0.000       | [-0.971, 1.729] |     1.7e+04     |     0.000     |
2026-09-05T21:11:17.388665706Z |   18  | rf_tibia_lever_pivot |   0.000   |  0.000  |  0.001   |      0.010      |      0.010       |      0.002       | [-0.950, 1.750] |      50.265     |     5.500     |
2026-09-05T21:11:17.388667610Z |   19  | rf_tibia_pitch       |   0.000   |  0.000  |  0.000   |      0.000      |      0.000       |      0.000       | [-0.950, 1.750] |     1.7e+04     |     0.000     |
2026-09-05T21:11:17.388669386Z |   20  | rm_tibia_lever_pivot |   0.000   |  0.000  |  0.001   |      0.010      |      0.010       |      0.002       | [-0.913, 1.787] |      50.265     |     5.500     |
2026-09-05T21:11:17.388671146Z |   21  | rm_tibia_pitch       |   0.000   |  0.000  |  0.000   |      0.000      |      0.000       |      0.000       | [-0.913, 1.787] |     1.7e+04     |     0.000     |
2026-09-05T21:11:17.388672922Z |   22  | rr_tibia_lever_pivot |   0.000   |  0.000  |  0.001   |      0.010      |      0.010       |      0.002       | [-0.950, 1.750] |      50.265     |     5.500     |
2026-09-05T21:11:17.388674666Z |   23  | rr_tibia_pitch       |   0.000   |  0.000  |  0.000   |      0.000      |      0.000       |      0.000       | [-0.950, 1.750] |     1.7e+04     |     0.000     |
2026-09-05T21:11:17.388676426Z |   24  | lf_tibia_rod_pivot   |   0.000   |  0.000  |  0.000   |      0.000      |      0.000       |      0.000       | [-1.722, 0.978] |     1.7e+04     |     0.000     |
2026-09-05T21:11:17.388678426Z |   25  | lm_tibia_rod_pivot   |   0.000   |  0.000  |  0.000   |      0.000      |      0.000       |      0.000       | [-1.710, 0.990] |     1.7e+04     |     0.000     |
2026-09-05T21:11:17.388680202Z |   26  | lr_tibia_rod_pivot   |   0.000   |  0.000  |  0.000   |      0.000      |      0.000       |      0.000       | [-1.729, 0.971] |     1.7e+04     |     0.000     |
2026-09-05T21:11:17.388682106Z |   27  | rf_tibia_rod_pivot   |   0.000   |  0.000  |  0.000   |      0.000      |      0.000       |      0.000       | [-1.750, 0.950] |     1.7e+04     |     0.000     |
2026-09-05T21:11:17.388683930Z |   28  | rm_tibia_rod_pivot   |   0.000   |  0.000  |  0.000   |      0.000      |      0.000       |      0.000       | [-1.787, 0.913] |     1.7e+04     |     0.000     |
2026-09-05T21:11:17.388686762Z |   29  | rr_tibia_rod_pivot   |   0.000   |  0.000  |  0.000   |      0.000      |      0.000       |      0.000       | [-1.750, 0.950] |     1.7e+04     |     0.000     |
2026-09-05T21:11:17.388688602Z +-------+----------------------+-----------+---------+----------+-----------------+------------------+------------------+-----------------+-----------------+---------------+
2026-09-05T21:11:20.478718508Z [INFO]: Time taken for simulation start Last: 5.514267 s, Mean: 5.514267 s, Std: 0.000000 s, N: 1
2026-09-05T21:11:20.478737148Z [INFO]: Completed setting up the environment...
2026-09-05T21:11:20.478738492Z ROBOT_PAIR_CONTROL_RESULT {"case": "filtered", "fixture_complete": false, "control_expectation_met": false, "pair_control_success": null, "errors": ["NotImplementedError: \"compare_cuda\" not implemented for 'UInt32'"]}
2026-09-05T21:11:20.907583372Z [INFO]: SimulationContext cleared
2026-09-05T21:11:20.918660464Z Traceback (most recent call last):
2026-09-05T21:11:20.918687216Z   File "/workspace/isaaclab/source/isaaclab_tasks/isaaclab_tasks/utils/sim_launcher.py", line 499, in launch_simulation
2026-09-05T21:11:20.918704704Z     yield
2026-09-05T21:11:20.918706112Z   File "/workspace/overlap_fixture/live_robot_pair.py", line 325, in main
2026-09-05T21:11:20.918707184Z     if ground.shape != (2, 6, 3) or bool((count < 0).any()):
2026-09-05T21:11:20.918708352Z                                           ^^^^^^^^^
2026-09-05T21:11:20.918709296Z NotImplementedError: "compare_cuda" not implemented for 'UInt32'
2026-09-05T21:11:21.004258760Z 2026-09-05T21:11:04Z [6,257ms] [Warning] [carb.omniclient.plugin]  125: OmniHub: ThreadId(02) Hub encountered error. Trying to reconnect to Hub. retry_reason="Hub failed to launch: Io(\"child exited with exit status: 1 without writing file \\\"/tmp/hub-ubuntu-1EE4A5B2.config.json\\\"\")"
2026-09-05T21:11:21.004282072Z 2026-09-05T21:11:04Z [6,618ms] [Warning] [carb.omniclient.plugin]  125: OmniHub: ThreadId(02) Hub encountered error. Trying to reconnect to Hub. retry_reason="Hub failed to launch: Io(\"child exited with exit status: 1 without writing file \\\"/tmp/hub-ubuntu-1EE4A5B2.config.json\\\"\")"
2026-09-05T21:11:21.004283832Z 2026-09-05T21:11:05Z [6,990ms] [Warning] [carb.omniclient.plugin]  125: OmniHub: ThreadId(02) Hub encountered error. Trying to reconnect to Hub. retry_reason="Hub failed to launch: Io(\"child exited with exit status: 1 without writing file \\\"/tmp/hub-ubuntu-1EE4A5B2.config.json\\\"\")"
2026-09-05T21:11:21.004285272Z 2026-09-05T21:11:05Z [7,373ms] [Warning] [carb.omniclient.plugin]  125: OmniHub: ThreadId(02) Hub encountered error. Trying to reconnect to Hub. retry_reason="Hub failed to launch: Io(\"child exited with exit status: 1 without writing file \\\"/tmp/hub-ubuntu-1EE4A5B2.config.json\\\"\")"
2026-09-05T21:11:21.004286568Z 2026-09-05T21:11:06Z [7,764ms] [Warning] [carb.omniclient.plugin]  125: OmniHub: ThreadId(02) Hub encountered error. Trying to reconnect to Hub. retry_reason="Hub failed to launch: Io(\"child exited with exit status: 1 without writing file \\\"/tmp/hub-ubuntu-1EE4A5B2.config.json\\\"\")"
2026-09-05T21:11:21.004287784Z 2026-09-05T21:11:06Z [8,167ms] [Warning] [carb.omniclient.plugin]  125: OmniHub: ThreadId(02) Hub encountered error. Trying to reconnect to Hub. retry_reason="Hub failed to launch: Io(\"child exited with exit status: 1 without writing file \\\"/tmp/hub-ubuntu-1EE4A5B2.config.json\\\"\")"
2026-09-05T21:11:21.004289000Z 2026-09-05T21:11:06Z [8,578ms] [Warning] [carb.omniclient.plugin]  125: OmniHub: ThreadId(02) Hub encountered error. Trying to reconnect to Hub. retry_reason="Hub failed to launch: Io(\"child exited with exit status: 1 without writing file \\\"/tmp/hub-ubuntu-1EE4A5B2.config.json\\\"\")"
2026-09-05T21:11:21.004291400Z 2026-09-05T21:11:07Z [8,999ms] [Warning] [carb.omniclient.plugin]  125: OmniHub: ThreadId(02) Hub encountered error. Trying to reconnect to Hub. retry_reason="Hub failed to launch: Io(\"child exited with exit status: 1 without writing file \\\"/tmp/hub-ubuntu-1EE4A5B2.config.json\\\"\")"
2026-09-05T21:11:21.004292664Z 2026-09-05T21:11:07Z [9,431ms] [Warning] [carb.omniclient.plugin]  125: OmniHub: ThreadId(02) Hub encountered error. Trying to reconnect to Hub. retry_reason="Hub failed to launch: Io(\"child exited with exit status: 1 without writing file \\\"/tmp/hub-ubuntu-1EE4A5B2.config.json\\\"\")"
2026-09-05T21:11:21.004308440Z 2026-09-05T21:11:08Z [9,873ms] [Warning] [carb.omniclient.plugin]  125: OmniHub: ThreadId(02) Hub encountered error. Trying to reconnect to Hub. retry_reason="Hub failed to launch: Io(\"child exited with exit status: 1 without writing file \\\"/tmp/hub-ubuntu-1EE4A5B2.config.json\\\"\")"
2026-09-05T21:11:21.004309640Z 2026-09-05T21:11:08Z [10,345ms] [Warning] [omni.usd_config.extension] Enable omni.materialx.libs extension to use MaterialX
2026-09-05T21:11:21.004310824Z 2026-09-05T21:11:13Z [14,940ms] [Warning] [usdrt.population.plugin] Last global time was not created. Did you call setEnableUsdNoticeHandling?
2026-09-05T21:11:21.004311928Z 2026-09-05T21:11:17Z [19,042ms] [Warning] [isaaclab_physx.assets.articulation.articulation] Not all actuators are configured! Total number of actuated joints not equal to number of joints available: 18 != 30.
