2026-09-05T20:32:35.430032705Z Loading user config located at: '/isaac-sim/kit/data/Kit/IsaacLab/3.0/user.config.json'
2026-09-05T20:32:35.430100771Z 2026-09-05T20:32:33Z [0ms] [Warning] [omni.ext.plugin] [ext: isaaclab_visualizers] Extensions config 'extension.toml' doesn't exist '/workspace/isaaclab/source/isaaclab_visualizers' or '/workspace/isaaclab/source/isaaclab_visualizers/config'
2026-09-05T20:32:35.430105475Z 2026-09-05T20:32:33Z [114ms] [Warning] [carb.omniclient.plugin]  117: OmniHub: ThreadId(02) Hub encountered error. Trying to reconnect to Hub. retry_reason="Hub failed to launch: Io(\"child exited with exit status: 1 without writing file \\\"/tmp/hub-ubuntu-6B58AEED.config.json\\\"\")"
2026-09-05T20:32:35.430108323Z 2026-09-05T20:32:33Z [185ms] [Warning] [carb.omniclient.plugin]  117: OmniHub: ThreadId(02) Hub encountered error. Trying to reconnect to Hub. retry_reason="Hub failed to launch: Io(\"child exited with exit status: 1 without writing file \\\"/tmp/hub-ubuntu-6B58AEED.config.json\\\"\")"
2026-09-05T20:32:35.430110787Z 2026-09-05T20:32:33Z [267ms] [Warning] [carb.omniclient.plugin]  117: OmniHub: ThreadId(02) Hub encountered error. Trying to reconnect to Hub. retry_reason="Hub failed to launch: Io(\"child exited with exit status: 1 without writing file \\\"/tmp/hub-ubuntu-6B58AEED.config.json\\\"\")"
2026-09-05T20:32:35.430113091Z 2026-09-05T20:32:33Z [359ms] [Warning] [carb.omniclient.plugin]  117: OmniHub: ThreadId(02) Hub encountered error. Trying to reconnect to Hub. retry_reason="Hub failed to launch: Io(\"child exited with exit status: 1 without writing file \\\"/tmp/hub-ubuntu-6B58AEED.config.json\\\"\")"
2026-09-05T20:32:35.430115395Z 2026-09-05T20:32:34Z [462ms] [Warning] [carb.omniclient.plugin]  117: OmniHub: ThreadId(02) Hub encountered error. Trying to reconnect to Hub. retry_reason="Hub failed to launch: Io(\"child exited with exit status: 1 without writing file \\\"/tmp/hub-ubuntu-6B58AEED.config.json\\\"\")"
2026-09-05T20:32:35.430118996Z 2026-09-05T20:32:34Z [574ms] [Warning] [carb.omniclient.plugin]  117: OmniHub: ThreadId(02) Hub encountered error. Trying to reconnect to Hub. retry_reason="Hub failed to launch: Io(\"child exited with exit status: 1 without writing file \\\"/tmp/hub-ubuntu-6B58AEED.config.json\\\"\")"
2026-09-05T20:32:35.430121268Z 2026-09-05T20:32:34Z [697ms] [Warning] [carb.omniclient.plugin]  117: OmniHub: ThreadId(02) Hub encountered error. Trying to reconnect to Hub. retry_reason="Hub failed to launch: Io(\"child exited with exit status: 1 without writing file \\\"/tmp/hub-ubuntu-6B58AEED.config.json\\\"\")"
2026-09-05T20:32:35.430123428Z 2026-09-05T20:32:34Z [829ms] [Warning] [carb.omniclient.plugin]  117: OmniHub: ThreadId(02) Hub encountered error. Trying to reconnect to Hub. retry_reason="Hub failed to launch: Io(\"child exited with exit status: 1 without writing file \\\"/tmp/hub-ubuntu-6B58AEED.config.json\\\"\")"
2026-09-05T20:32:35.430125668Z 2026-09-05T20:32:34Z [972ms] [Warning] [carb.omniclient.plugin]  117: OmniHub: ThreadId(02) Hub encountered error. Trying to reconnect to Hub. retry_reason="Hub failed to launch: Io(\"child exited with exit status: 1 without writing file \\\"/tmp/hub-ubuntu-6B58AEED.config.json\\\"\")"
2026-09-05T20:32:35.430127860Z 2026-09-05T20:32:34Z [1,124ms] [Warning] [carb.omniclient.plugin]  117: OmniHub: ThreadId(02) Hub encountered error. Trying to reconnect to Hub. retry_reason="Hub failed to launch: Io(\"child exited with exit status: 1 without writing file \\\"/tmp/hub-ubuntu-6B58AEED.config.json\\\"\")"
2026-09-05T20:32:35.430136644Z 2026-09-05T20:32:34Z [1,286ms] [Warning] [carb.omniclient.plugin]  117: OmniHub: ThreadId(02) Hub encountered error. Trying to reconnect to Hub. retry_reason="Hub failed to launch: Io(\"child exited with exit status: 1 without writing file \\\"/tmp/hub-ubuntu-6B58AEED.config.json\\\"\")"
2026-09-05T20:32:35.430139044Z 2026-09-05T20:32:35Z [1,459ms] [Warning] [carb.omniclient.plugin]  117: OmniHub: ThreadId(02) Hub encountered error. Trying to reconnect to Hub. retry_reason="Hub failed to launch: Io(\"child exited with exit status: 1 without writing file \\\"/tmp/hub-ubuntu-6B58AEED.config.json\\\"\")"
2026-09-05T20:32:35.430141380Z 2026-09-05T20:32:35Z [1,641ms] [Warning] [carb.omniclient.plugin]  117: OmniHub: ThreadId(02) Hub encountered error. Trying to reconnect to Hub. retry_reason="Hub failed to launch: Io(\"child exited with exit status: 1 without writing file \\\"/tmp/hub-ubuntu-6B58AEED.config.json\\\"\")"
2026-09-05T20:32:35.430143876Z 2026-09-05T20:32:35Z [1,832ms] [Warning] [carb.omniclient.plugin]  117: OmniHub: ThreadId(02) Hub encountered error. Trying to reconnect to Hub. retry_reason="Hub failed to launch: Io(\"child exited with exit status: 1 without writing file \\\"/tmp/hub-ubuntu-6B58AEED.config.json\\\"\")"
2026-09-05T20:32:39.507055478Z 2026-09-05T20:32:35Z [2,035ms] [Warning] [carb.omniclient.plugin]  117: OmniHub: ThreadId(02) Hub encountered error. Trying to reconnect to Hub. retry_reason="Hub failed to launch: Io(\"child exited with exit status: 1 without writing file \\\"/tmp/hub-ubuntu-6B58AEED.config.json\\\"\")"
2026-09-05T20:32:39.507103191Z 2026-09-05T20:32:35Z [2,247ms] [Warning] [carb.omniclient.plugin]  117: OmniHub: ThreadId(02) Hub encountered error. Trying to reconnect to Hub. retry_reason="Hub failed to launch: Io(\"child exited with exit status: 1 without writing file \\\"/tmp/hub-ubuntu-6B58AEED.config.json\\\"\")"
2026-09-05T20:32:39.507106759Z 2026-09-05T20:32:36Z [2,469ms] [Warning] [carb.omniclient.plugin]  117: OmniHub: ThreadId(02) Hub encountered error. Trying to reconnect to Hub. retry_reason="Hub failed to launch: Io(\"child exited with exit status: 1 without writing file \\\"/tmp/hub-ubuntu-6B58AEED.config.json\\\"\")"
2026-09-05T20:32:39.507109463Z 2026-09-05T20:32:36Z [2,700ms] [Warning] [carb.omniclient.plugin]  117: OmniHub: ThreadId(02) Hub encountered error. Trying to reconnect to Hub. retry_reason="Hub failed to launch: Io(\"child exited with exit status: 1 without writing file \\\"/tmp/hub-ubuntu-6B58AEED.config.json\\\"\")"
2026-09-05T20:32:39.507112023Z 2026-09-05T20:32:36Z [2,942ms] [Warning] [carb.omniclient.plugin]  117: OmniHub: ThreadId(02) Hub encountered error. Trying to reconnect to Hub. retry_reason="Hub failed to launch: Io(\"child exited with exit status: 1 without writing file \\\"/tmp/hub-ubuntu-6B58AEED.config.json\\\"\")"
2026-09-05T20:32:39.507114439Z 2026-09-05T20:32:36Z [3,194ms] [Warning] [carb.omniclient.plugin]  117: OmniHub: ThreadId(02) Hub encountered error. Trying to reconnect to Hub. retry_reason="Hub failed to launch: Io(\"child exited with exit status: 1 without writing file \\\"/tmp/hub-ubuntu-6B58AEED.config.json\\\"\")"
2026-09-05T20:32:39.507116807Z 2026-09-05T20:32:37Z [3,456ms] [Warning] [carb.omniclient.plugin]  117: OmniHub: ThreadId(02) Hub encountered error. Trying to reconnect to Hub. retry_reason="Hub failed to launch: Io(\"child exited with exit status: 1 without writing file \\\"/tmp/hub-ubuntu-6B58AEED.config.json\\\"\")"
2026-09-05T20:32:39.507139816Z 2026-09-05T20:32:37Z [3,727ms] [Warning] [carb.omniclient.plugin]  117: OmniHub: ThreadId(02) Hub encountered error. Trying to reconnect to Hub. retry_reason="Hub failed to launch: Io(\"child exited with exit status: 1 without writing file \\\"/tmp/hub-ubuntu-6B58AEED.config.json\\\"\")"
2026-09-05T20:32:39.507142392Z 2026-09-05T20:32:37Z [4,008ms] [Warning] [carb.omniclient.plugin]  117: OmniHub: ThreadId(02) Hub encountered error. Trying to reconnect to Hub. retry_reason="Hub failed to launch: Io(\"child exited with exit status: 1 without writing file \\\"/tmp/hub-ubuntu-6B58AEED.config.json\\\"\")"
2026-09-05T20:32:39.507144632Z 2026-09-05T20:32:37Z [4,299ms] [Warning] [carb.omniclient.plugin]  117: OmniHub: ThreadId(02) Hub encountered error. Trying to reconnect to Hub. retry_reason="Hub failed to launch: Io(\"child exited with exit status: 1 without writing file \\\"/tmp/hub-ubuntu-6B58AEED.config.json\\\"\")"
2026-09-05T20:32:39.507146792Z 2026-09-05T20:32:38Z [4,601ms] [Warning] [carb.omniclient.plugin]  117: OmniHub: ThreadId(02) Hub encountered error. Trying to reconnect to Hub. retry_reason="Hub failed to launch: Io(\"child exited with exit status: 1 without writing file \\\"/tmp/hub-ubuntu-6B58AEED.config.json\\\"\")"
2026-09-05T20:32:39.507148952Z 2026-09-05T20:32:38Z [4,913ms] [Warning] [carb.omniclient.plugin]  117: OmniHub: ThreadId(02) Hub encountered error. Trying to reconnect to Hub. retry_reason="Hub failed to launch: Io(\"child exited with exit status: 1 without writing file \\\"/tmp/hub-ubuntu-6B58AEED.config.json\\\"\")"
2026-09-05T20:32:39.507151000Z 2026-09-05T20:32:38Z [5,235ms] [Warning] [carb.omniclient.plugin]  117: OmniHub: ThreadId(02) Hub encountered error. Trying to reconnect to Hub. retry_reason="Hub failed to launch: Io(\"child exited with exit status: 1 without writing file \\\"/tmp/hub-ubuntu-6B58AEED.config.json\\\"\")"
2026-09-05T20:32:39.507153160Z 2026-09-05T20:32:39Z [5,568ms] [Warning] [carb.omniclient.plugin]  117: OmniHub: ThreadId(02) Hub encountered error. Trying to reconnect to Hub. retry_reason="Hub failed to launch: Io(\"child exited with exit status: 1 without writing file \\\"/tmp/hub-ubuntu-6B58AEED.config.json\\\"\")"
2026-09-05T20:32:39.507155480Z 2026-09-05T20:32:39Z [5,909ms] [Warning] [carb.omniclient.plugin]  117: OmniHub: ThreadId(02) Hub encountered error. Trying to reconnect to Hub. retry_reason="Hub failed to launch: Io(\"child exited with exit status: 1 without writing file \\\"/tmp/hub-ubuntu-6B58AEED.config.json\\\"\")"
2026-09-05T20:32:43.934785444Z WARNING: All log messages before absl::InitializeLog() is called are written to STDERR
2026-09-05T20:32:43.934824405Z E0000 00:00:1788640363.934559      25 descriptor_database.cc:633] File already exists in database: grpc/health/v1/health.proto
2026-09-05T20:32:43.934827189Z W0000 00:00:1788640363.934588      25 message.cc:301] Protobuf GeneratedMessageFactory: File is already registered: grpc/health/v1/health.proto
2026-09-05T20:32:45.165738950Z /workspace/isaaclab/_isaac_sim/kit/python/lib/python3.12/site-packages/torch/cuda/__init__.py:435: UserWarning: 
2026-09-05T20:32:45.165780631Z     Found GPU0 NVIDIA GB10 which is of cuda capability 12.1.
2026-09-05T20:32:45.165783383Z     Minimum and Maximum cuda capability supported by this version of PyTorch is
2026-09-05T20:32:45.165804232Z     (8.0) - (12.0)
2026-09-05T20:32:45.165806152Z     
2026-09-05T20:32:45.165807720Z   queued_call()
2026-09-05T20:32:45.166979814Z [ISAACLAB] AppLauncher initialization complete
2026-09-05T20:32:48.041994741Z [INFO]: Parsing configuration from: hexapod_rl.tasks.mkii_fourbar_v1:HexapodMkiiFourbarV1EnvCfg
2026-09-05T20:32:48.042060935Z [INFO]: Base environment:
2026-09-05T20:32:48.042065639Z 	Environment device    : cuda:0
2026-09-05T20:32:48.042068007Z 	Environment seed      : 0
2026-09-05T20:32:48.042069799Z 	Physics step-size     : 0.00125
2026-09-05T20:32:48.042071431Z 	Rendering step-size   : 0.02
2026-09-05T20:32:48.042073063Z 	Environment step-size : 0.02
2026-09-05T20:32:48.042074792Z [INFO]: Registered backend 'physx' for factory Articulation.
2026-09-05T20:32:48.103025184Z [INFO]: Registered backend 'physx' for factory ContactSensor.
2026-09-05T20:32:54.321434630Z [INFO]: Time taken for scene creation Last: 1.266970 s, Mean: 1.266970 s, Std: 0.000000 s, N: 1
2026-09-05T20:32:54.321478919Z [INFO]: Scene manager:  <class InteractiveScene>
2026-09-05T20:32:54.321482743Z 	Number of environments: 1
2026-09-05T20:32:54.321485383Z 	Environment spacing   : 2.0
2026-09-05T20:32:54.321488807Z 	Source prim name      : /World/envs/env_0
2026-09-05T20:32:54.321491000Z 	Global prim paths     : []
2026-09-05T20:32:54.321493448Z 	Replicate physics     : True
2026-09-05T20:32:54.321495608Z [INFO]: Starting the simulation. This may take a few seconds. Please wait...
2026-09-05T20:32:54.321497896Z [INFO]: Simulation parameters for joints in /World/envs/env_.*/Robot:
2026-09-05T20:32:54.321500200Z +---------------------------------------------------------------------------------------------------------------------------------------------------------------------------+
2026-09-05T20:32:54.321502728Z |                                                     Simulation Joint Information (Prim path: /World/envs/env_.*/Robot)                                                    |
2026-09-05T20:32:54.321505160Z +-------+----------------------+-----------+---------+----------+-----------------+------------------+------------------+-----------------+-----------------+---------------+
2026-09-05T20:32:54.321507512Z | Index | Name                 | Stiffness | Damping | Armature | Static Friction | Dynamic Friction | Viscous Friction | Position Limits | Velocity Limits | Effort Limits |
2026-09-05T20:32:54.321509896Z +-------+----------------------+-----------+---------+----------+-----------------+------------------+------------------+-----------------+-----------------+---------------+
2026-09-05T20:32:54.321512312Z |   0   | lf_coxa_yaw          |   0.000   |  0.000  |  0.001   |      0.010      |      0.010       |      0.002       | [-0.873, 0.873] |      50.265     |     5.500     |
2026-09-05T20:32:54.321514600Z |   1   | lm_coxa_yaw          |   0.000   |  0.000  |  0.001   |      0.010      |      0.010       |      0.002       | [-0.873, 0.873] |      50.265     |     5.500     |
2026-09-05T20:32:54.321533129Z |   2   | lr_coxa_yaw          |   0.000   |  0.000  |  0.001   |      0.010      |      0.010       |      0.002       | [-0.873, 0.873] |      50.265     |     5.500     |
2026-09-05T20:32:54.321535049Z |   3   | rf_coxa_yaw          |   0.000   |  0.000  |  0.001   |      0.010      |      0.010       |      0.002       | [-0.873, 0.873] |      50.265     |     5.500     |
2026-09-05T20:32:54.321538169Z |   4   | rm_coxa_yaw          |   0.000   |  0.000  |  0.001   |      0.010      |      0.010       |      0.002       | [-0.873, 0.873] |      50.265     |     5.500     |
2026-09-05T20:32:54.321539961Z |   5   | rr_coxa_yaw          |   0.000   |  0.000  |  0.001   |      0.010      |      0.010       |      0.002       | [-0.873, 0.873] |      50.265     |     5.500     |
2026-09-05T20:32:54.321541801Z |   6   | lf_femur_pitch       |   0.000   |  0.000  |  0.001   |      0.010      |      0.010       |      0.002       | [-1.745, 0.550] |      50.265     |     5.500     |
2026-09-05T20:32:54.321543561Z |   7   | lm_femur_pitch       |   0.000   |  0.000  |  0.001   |      0.010      |      0.010       |      0.002       | [-1.745, 0.550] |      50.265     |     5.500     |
2026-09-05T20:32:54.321545593Z |   8   | lr_femur_pitch       |   0.000   |  0.000  |  0.001   |      0.010      |      0.010       |      0.002       | [-1.745, 0.550] |      50.265     |     5.500     |
2026-09-05T20:32:54.321547545Z |   9   | rf_femur_pitch       |   0.000   |  0.000  |  0.001   |      0.010      |      0.010       |      0.002       | [-1.745, 0.550] |      50.265     |     5.500     |
2026-09-05T20:32:54.321549497Z |   10  | rm_femur_pitch       |   0.000   |  0.000  |  0.001   |      0.010      |      0.010       |      0.002       | [-1.745, 0.550] |      50.265     |     5.500     |
2026-09-05T20:32:54.321551257Z |   11  | rr_femur_pitch       |   0.000   |  0.000  |  0.001   |      0.010      |      0.010       |      0.002       | [-1.745, 0.550] |      50.265     |     5.500     |
2026-09-05T20:32:54.321553017Z |   12  | lf_tibia_lever_pivot |   0.000   |  0.000  |  0.001   |      0.010      |      0.010       |      0.002       | [-0.978, 1.722] |      50.265     |     5.500     |
2026-09-05T20:32:54.321554777Z |   13  | lf_tibia_pitch       |   0.000   |  0.000  |  0.000   |      0.000      |      0.000       |      0.000       | [-0.978, 1.722] |     1.7e+04     |     0.000     |
2026-09-05T20:32:54.321556489Z |   14  | lm_tibia_lever_pivot |   0.000   |  0.000  |  0.001   |      0.010      |      0.010       |      0.002       | [-0.990, 1.710] |      50.265     |     5.500     |
2026-09-05T20:32:54.321558617Z |   15  | lm_tibia_pitch       |   0.000   |  0.000  |  0.000   |      0.000      |      0.000       |      0.000       | [-0.990, 1.710] |     1.7e+04     |     0.000     |
2026-09-05T20:32:54.321560473Z |   16  | lr_tibia_lever_pivot |   0.000   |  0.000  |  0.001   |      0.010      |      0.010       |      0.002       | [-0.971, 1.729] |      50.265     |     5.500     |
2026-09-05T20:32:54.321562217Z |   17  | lr_tibia_pitch       |   0.000   |  0.000  |  0.000   |      0.000      |      0.000       |      0.000       | [-0.971, 1.729] |     1.7e+04     |     0.000     |
2026-09-05T20:32:54.321563945Z |   18  | rf_tibia_lever_pivot |   0.000   |  0.000  |  0.001   |      0.010      |      0.010       |      0.002       | [-0.950, 1.750] |      50.265     |     5.500     |
2026-09-05T20:32:54.321568265Z |   19  | rf_tibia_pitch       |   0.000   |  0.000  |  0.000   |      0.000      |      0.000       |      0.000       | [-0.950, 1.750] |     1.7e+04     |     0.000     |
2026-09-05T20:32:54.321570090Z |   20  | rm_tibia_lever_pivot |   0.000   |  0.000  |  0.001   |      0.010      |      0.010       |      0.002       | [-0.913, 1.787] |      50.265     |     5.500     |
2026-09-05T20:32:54.321571898Z |   21  | rm_tibia_pitch       |   0.000   |  0.000  |  0.000   |      0.000      |      0.000       |      0.000       | [-0.913, 1.787] |     1.7e+04     |     0.000     |
2026-09-05T20:32:54.321573690Z |   22  | rr_tibia_lever_pivot |   0.000   |  0.000  |  0.001   |      0.010      |      0.010       |      0.002       | [-0.950, 1.750] |      50.265     |     5.500     |
2026-09-05T20:32:54.321575434Z |   23  | rr_tibia_pitch       |   0.000   |  0.000  |  0.000   |      0.000      |      0.000       |      0.000       | [-0.950, 1.750] |     1.7e+04     |     0.000     |
2026-09-05T20:32:54.321577178Z |   24  | lf_tibia_rod_pivot   |   0.000   |  0.000  |  0.000   |      0.000      |      0.000       |      0.000       | [-1.722, 0.978] |     1.7e+04     |     0.000     |
2026-09-05T20:32:54.321578954Z |   25  | lm_tibia_rod_pivot   |   0.000   |  0.000  |  0.000   |      0.000      |      0.000       |      0.000       | [-1.710, 0.990] |     1.7e+04     |     0.000     |
2026-09-05T20:32:54.321580682Z |   26  | lr_tibia_rod_pivot   |   0.000   |  0.000  |  0.000   |      0.000      |      0.000       |      0.000       | [-1.729, 0.971] |     1.7e+04     |     0.000     |
2026-09-05T20:32:54.321582650Z |   27  | rf_tibia_rod_pivot   |   0.000   |  0.000  |  0.000   |      0.000      |      0.000       |      0.000       | [-1.750, 0.950] |     1.7e+04     |     0.000     |
2026-09-05T20:32:54.321584426Z |   28  | rm_tibia_rod_pivot   |   0.000   |  0.000  |  0.000   |      0.000      |      0.000       |      0.000       | [-1.787, 0.913] |     1.7e+04     |     0.000     |
2026-09-05T20:32:54.321586186Z |   29  | rr_tibia_rod_pivot   |   0.000   |  0.000  |  0.000   |      0.000      |      0.000       |      0.000       | [-1.750, 0.950] |     1.7e+04     |     0.000     |
2026-09-05T20:32:54.321587930Z +-------+----------------------+-----------+---------+----------+-----------------+------------------+------------------+-----------------+-----------------+---------------+
