2026-09-05T21:05:53.861405534Z Loading user config located at: '/isaac-sim/kit/data/Kit/IsaacLab/3.0/user.config.json'
2026-09-05T21:05:53.861454718Z 2026-09-05T21:05:52Z [0ms] [Warning] [omni.ext.plugin] [ext: isaaclab_visualizers] Extensions config 'extension.toml' doesn't exist '/workspace/isaaclab/source/isaaclab_visualizers' or '/workspace/isaaclab/source/isaaclab_visualizers/config'
2026-09-05T21:05:53.861458670Z 2026-09-05T21:05:52Z [119ms] [Warning] [carb.omniclient.plugin]  124: OmniHub: ThreadId(02) Hub encountered error. Trying to reconnect to Hub. retry_reason="Hub failed to launch: Io(\"child exited with exit status: 1 without writing file \\\"/tmp/hub-ubuntu-7646AF6.config.json\\\"\")"
2026-09-05T21:05:53.861460430Z 2026-09-05T21:05:52Z [191ms] [Warning] [carb.omniclient.plugin]  124: OmniHub: ThreadId(02) Hub encountered error. Trying to reconnect to Hub. retry_reason="Hub failed to launch: Io(\"child exited with exit status: 1 without writing file \\\"/tmp/hub-ubuntu-7646AF6.config.json\\\"\")"
2026-09-05T21:05:53.861461790Z 2026-09-05T21:05:52Z [273ms] [Warning] [carb.omniclient.plugin]  124: OmniHub: ThreadId(02) Hub encountered error. Trying to reconnect to Hub. retry_reason="Hub failed to launch: Io(\"child exited with exit status: 1 without writing file \\\"/tmp/hub-ubuntu-7646AF6.config.json\\\"\")"
2026-09-05T21:05:53.861463182Z 2026-09-05T21:05:52Z [365ms] [Warning] [carb.omniclient.plugin]  124: OmniHub: ThreadId(02) Hub encountered error. Trying to reconnect to Hub. retry_reason="Hub failed to launch: Io(\"child exited with exit status: 1 without writing file \\\"/tmp/hub-ubuntu-7646AF6.config.json\\\"\")"
2026-09-05T21:05:53.861464510Z 2026-09-05T21:05:52Z [466ms] [Warning] [carb.omniclient.plugin]  124: OmniHub: ThreadId(02) Hub encountered error. Trying to reconnect to Hub. retry_reason="Hub failed to launch: Io(\"child exited with exit status: 1 without writing file \\\"/tmp/hub-ubuntu-7646AF6.config.json\\\"\")"
2026-09-05T21:05:53.861465726Z 2026-09-05T21:05:52Z [578ms] [Warning] [carb.omniclient.plugin]  124: OmniHub: ThreadId(02) Hub encountered error. Trying to reconnect to Hub. retry_reason="Hub failed to launch: Io(\"child exited with exit status: 1 without writing file \\\"/tmp/hub-ubuntu-7646AF6.config.json\\\"\")"
2026-09-05T21:05:53.861467534Z 2026-09-05T21:05:52Z [699ms] [Warning] [carb.omniclient.plugin]  124: OmniHub: ThreadId(02) Hub encountered error. Trying to reconnect to Hub. retry_reason="Hub failed to launch: Io(\"child exited with exit status: 1 without writing file \\\"/tmp/hub-ubuntu-7646AF6.config.json\\\"\")"
2026-09-05T21:05:53.861468798Z 2026-09-05T21:05:52Z [831ms] [Warning] [carb.omniclient.plugin]  124: OmniHub: ThreadId(02) Hub encountered error. Trying to reconnect to Hub. retry_reason="Hub failed to launch: Io(\"child exited with exit status: 1 without writing file \\\"/tmp/hub-ubuntu-7646AF6.config.json\\\"\")"
2026-09-05T21:05:53.861470094Z 2026-09-05T21:05:53Z [974ms] [Warning] [carb.omniclient.plugin]  124: OmniHub: ThreadId(02) Hub encountered error. Trying to reconnect to Hub. retry_reason="Hub failed to launch: Io(\"child exited with exit status: 1 without writing file \\\"/tmp/hub-ubuntu-7646AF6.config.json\\\"\")"
2026-09-05T21:05:53.861471246Z 2026-09-05T21:05:53Z [1,126ms] [Warning] [carb.omniclient.plugin]  124: OmniHub: ThreadId(02) Hub encountered error. Trying to reconnect to Hub. retry_reason="Hub failed to launch: Io(\"child exited with exit status: 1 without writing file \\\"/tmp/hub-ubuntu-7646AF6.config.json\\\"\")"
2026-09-05T21:05:53.861475966Z 2026-09-05T21:05:53Z [1,288ms] [Warning] [carb.omniclient.plugin]  124: OmniHub: ThreadId(02) Hub encountered error. Trying to reconnect to Hub. retry_reason="Hub failed to launch: Io(\"child exited with exit status: 1 without writing file \\\"/tmp/hub-ubuntu-7646AF6.config.json\\\"\")"
2026-09-05T21:05:53.861477710Z 2026-09-05T21:05:53Z [1,460ms] [Warning] [carb.omniclient.plugin]  124: OmniHub: ThreadId(02) Hub encountered error. Trying to reconnect to Hub. retry_reason="Hub failed to launch: Io(\"child exited with exit status: 1 without writing file \\\"/tmp/hub-ubuntu-7646AF6.config.json\\\"\")"
2026-09-05T21:05:53.861479022Z 2026-09-05T21:05:53Z [1,641ms] [Warning] [carb.omniclient.plugin]  124: OmniHub: ThreadId(02) Hub encountered error. Trying to reconnect to Hub. retry_reason="Hub failed to launch: Io(\"child exited with exit status: 1 without writing file \\\"/tmp/hub-ubuntu-7646AF6.config.json\\\"\")"
2026-09-05T21:05:53.861480350Z 2026-09-05T21:05:53Z [1,832ms] [Warning] [carb.omniclient.plugin]  124: OmniHub: ThreadId(02) Hub encountered error. Trying to reconnect to Hub. retry_reason="Hub failed to launch: Io(\"child exited with exit status: 1 without writing file \\\"/tmp/hub-ubuntu-7646AF6.config.json\\\"\")"
2026-09-05T21:05:57.941561633Z 2026-09-05T21:05:54Z [2,034ms] [Warning] [carb.omniclient.plugin]  124: OmniHub: ThreadId(02) Hub encountered error. Trying to reconnect to Hub. retry_reason="Hub failed to launch: Io(\"child exited with exit status: 1 without writing file \\\"/tmp/hub-ubuntu-7646AF6.config.json\\\"\")"
2026-09-05T21:05:57.941598513Z 2026-09-05T21:05:54Z [2,246ms] [Warning] [carb.omniclient.plugin]  124: OmniHub: ThreadId(02) Hub encountered error. Trying to reconnect to Hub. retry_reason="Hub failed to launch: Io(\"child exited with exit status: 1 without writing file \\\"/tmp/hub-ubuntu-7646AF6.config.json\\\"\")"
2026-09-05T21:05:57.941601889Z 2026-09-05T21:05:54Z [2,467ms] [Warning] [carb.omniclient.plugin]  124: OmniHub: ThreadId(02) Hub encountered error. Trying to reconnect to Hub. retry_reason="Hub failed to launch: Io(\"child exited with exit status: 1 without writing file \\\"/tmp/hub-ubuntu-7646AF6.config.json\\\"\")"
2026-09-05T21:05:57.941604433Z 2026-09-05T21:05:54Z [2,700ms] [Warning] [carb.omniclient.plugin]  124: OmniHub: ThreadId(02) Hub encountered error. Trying to reconnect to Hub. retry_reason="Hub failed to launch: Io(\"child exited with exit status: 1 without writing file \\\"/tmp/hub-ubuntu-7646AF6.config.json\\\"\")"
2026-09-05T21:05:57.941606929Z 2026-09-05T21:05:54Z [2,941ms] [Warning] [carb.omniclient.plugin]  124: OmniHub: ThreadId(02) Hub encountered error. Trying to reconnect to Hub. retry_reason="Hub failed to launch: Io(\"child exited with exit status: 1 without writing file \\\"/tmp/hub-ubuntu-7646AF6.config.json\\\"\")"
2026-09-05T21:05:57.941609441Z 2026-09-05T21:05:55Z [3,194ms] [Warning] [carb.omniclient.plugin]  124: OmniHub: ThreadId(02) Hub encountered error. Trying to reconnect to Hub. retry_reason="Hub failed to launch: Io(\"child exited with exit status: 1 without writing file \\\"/tmp/hub-ubuntu-7646AF6.config.json\\\"\")"
2026-09-05T21:05:57.941611825Z 2026-09-05T21:05:55Z [3,456ms] [Warning] [carb.omniclient.plugin]  124: OmniHub: ThreadId(02) Hub encountered error. Trying to reconnect to Hub. retry_reason="Hub failed to launch: Io(\"child exited with exit status: 1 without writing file \\\"/tmp/hub-ubuntu-7646AF6.config.json\\\"\")"
2026-09-05T21:05:57.941636098Z 2026-09-05T21:05:55Z [3,727ms] [Warning] [carb.omniclient.plugin]  124: OmniHub: ThreadId(02) Hub encountered error. Trying to reconnect to Hub. retry_reason="Hub failed to launch: Io(\"child exited with exit status: 1 without writing file \\\"/tmp/hub-ubuntu-7646AF6.config.json\\\"\")"
2026-09-05T21:05:57.941638626Z 2026-09-05T21:05:56Z [4,008ms] [Warning] [carb.omniclient.plugin]  124: OmniHub: ThreadId(02) Hub encountered error. Trying to reconnect to Hub. retry_reason="Hub failed to launch: Io(\"child exited with exit status: 1 without writing file \\\"/tmp/hub-ubuntu-7646AF6.config.json\\\"\")"
2026-09-05T21:05:57.941641058Z 2026-09-05T21:05:56Z [4,301ms] [Warning] [carb.omniclient.plugin]  124: OmniHub: ThreadId(02) Hub encountered error. Trying to reconnect to Hub. retry_reason="Hub failed to launch: Io(\"child exited with exit status: 1 without writing file \\\"/tmp/hub-ubuntu-7646AF6.config.json\\\"\")"
2026-09-05T21:05:57.941643234Z 2026-09-05T21:05:56Z [4,603ms] [Warning] [carb.omniclient.plugin]  124: OmniHub: ThreadId(02) Hub encountered error. Trying to reconnect to Hub. retry_reason="Hub failed to launch: Io(\"child exited with exit status: 1 without writing file \\\"/tmp/hub-ubuntu-7646AF6.config.json\\\"\")"
2026-09-05T21:05:57.941645362Z 2026-09-05T21:05:56Z [4,915ms] [Warning] [carb.omniclient.plugin]  124: OmniHub: ThreadId(02) Hub encountered error. Trying to reconnect to Hub. retry_reason="Hub failed to launch: Io(\"child exited with exit status: 1 without writing file \\\"/tmp/hub-ubuntu-7646AF6.config.json\\\"\")"
2026-09-05T21:05:57.941647538Z 2026-09-05T21:05:57Z [5,237ms] [Warning] [carb.omniclient.plugin]  124: OmniHub: ThreadId(02) Hub encountered error. Trying to reconnect to Hub. retry_reason="Hub failed to launch: Io(\"child exited with exit status: 1 without writing file \\\"/tmp/hub-ubuntu-7646AF6.config.json\\\"\")"
2026-09-05T21:05:57.941649586Z 2026-09-05T21:05:57Z [5,570ms] [Warning] [carb.omniclient.plugin]  124: OmniHub: ThreadId(02) Hub encountered error. Trying to reconnect to Hub. retry_reason="Hub failed to launch: Io(\"child exited with exit status: 1 without writing file \\\"/tmp/hub-ubuntu-7646AF6.config.json\\\"\")"
2026-09-05T21:05:57.941651938Z 2026-09-05T21:05:57Z [5,912ms] [Warning] [carb.omniclient.plugin]  124: OmniHub: ThreadId(02) Hub encountered error. Trying to reconnect to Hub. retry_reason="Hub failed to launch: Io(\"child exited with exit status: 1 without writing file \\\"/tmp/hub-ubuntu-7646AF6.config.json\\\"\")"
2026-09-05T21:06:02.369096298Z WARNING: All log messages before absl::InitializeLog() is called are written to STDERR
2026-09-05T21:06:02.369124842Z E0000 00:00:1788642362.368734      25 descriptor_database.cc:633] File already exists in database: grpc/health/v1/health.proto
2026-09-05T21:06:02.369127866Z W0000 00:00:1788642362.368763      25 message.cc:301] Protobuf GeneratedMessageFactory: File is already registered: grpc/health/v1/health.proto
2026-09-05T21:06:03.610935715Z /workspace/isaaclab/_isaac_sim/kit/python/lib/python3.12/site-packages/torch/cuda/__init__.py:435: UserWarning: 
2026-09-05T21:06:03.610980068Z     Found GPU0 NVIDIA GB10 which is of cuda capability 12.1.
2026-09-05T21:06:03.610982820Z     Minimum and Maximum cuda capability supported by this version of PyTorch is
2026-09-05T21:06:03.610985012Z     (8.0) - (12.0)
2026-09-05T21:06:03.611009012Z     
2026-09-05T21:06:03.611026628Z   queued_call()
2026-09-05T21:06:03.612319851Z [ISAACLAB] AppLauncher initialization complete
2026-09-05T21:06:06.484304822Z [INFO]: Parsing configuration from: hexapod_rl.tasks.mkii_fourbar_v1:HexapodMkiiFourbarV1EnvCfg
2026-09-05T21:06:06.484335046Z [INFO]: Base environment:
2026-09-05T21:06:06.484337702Z 	Environment device    : cuda:0
2026-09-05T21:06:06.484340134Z 	Environment seed      : 0
2026-09-05T21:06:06.484341894Z 	Physics step-size     : 0.00125
2026-09-05T21:06:06.484343718Z 	Rendering step-size   : 0.02
2026-09-05T21:06:06.484345510Z 	Environment step-size : 0.02
2026-09-05T21:06:06.484347190Z [INFO]: Registered backend 'physx' for factory Articulation.
2026-09-05T21:06:06.571500201Z [INFO]: Registered backend 'physx' for factory ContactSensor.
2026-09-05T21:06:12.436237051Z [INFO]: Time taken for scene creation Last: 1.171601 s, Mean: 1.171601 s, Std: 0.000000 s, N: 1
2026-09-05T21:06:12.436279579Z [INFO]: Scene manager:  <class InteractiveScene>
2026-09-05T21:06:12.436282363Z 	Number of environments: 1
2026-09-05T21:06:12.436284459Z 	Environment spacing   : 2.0
2026-09-05T21:06:12.436286235Z 	Source prim name      : /World/envs/env_0
2026-09-05T21:06:12.436287995Z 	Global prim paths     : []
2026-09-05T21:06:12.436289995Z 	Replicate physics     : True
2026-09-05T21:06:12.436291755Z [INFO]: Starting the simulation. This may take a few seconds. Please wait...
2026-09-05T21:06:12.436293467Z [INFO]: Simulation parameters for joints in /World/envs/env_.*/Robot:
2026-09-05T21:06:12.436295387Z +---------------------------------------------------------------------------------------------------------------------------------------------------------------------------+
2026-09-05T21:06:12.436297291Z |                                                     Simulation Joint Information (Prim path: /World/envs/env_.*/Robot)                                                    |
2026-09-05T21:06:12.436299387Z +-------+----------------------+-----------+---------+----------+-----------------+------------------+------------------+-----------------+-----------------+---------------+
2026-09-05T21:06:12.436301323Z | Index | Name                 | Stiffness | Damping | Armature | Static Friction | Dynamic Friction | Viscous Friction | Position Limits | Velocity Limits | Effort Limits |
2026-09-05T21:06:12.436303275Z +-------+----------------------+-----------+---------+----------+-----------------+------------------+------------------+-----------------+-----------------+---------------+
2026-09-05T21:06:12.436305259Z |   0   | lf_coxa_yaw          |   0.000   |  0.000  |  0.001   |      0.010      |      0.010       |      0.002       | [-0.873, 0.873] |      50.265     |     5.500     |
2026-09-05T21:06:12.436307227Z |   1   | lm_coxa_yaw          |   0.000   |  0.000  |  0.001   |      0.010      |      0.010       |      0.002       | [-0.873, 0.873] |      50.265     |     5.500     |
2026-09-05T21:06:12.436326651Z |   2   | lr_coxa_yaw          |   0.000   |  0.000  |  0.001   |      0.010      |      0.010       |      0.002       | [-0.873, 0.873] |      50.265     |     5.500     |
2026-09-05T21:06:12.436328667Z |   3   | rf_coxa_yaw          |   0.000   |  0.000  |  0.001   |      0.010      |      0.010       |      0.002       | [-0.873, 0.873] |      50.265     |     5.500     |
2026-09-05T21:06:12.436331611Z |   4   | rm_coxa_yaw          |   0.000   |  0.000  |  0.001   |      0.010      |      0.010       |      0.002       | [-0.873, 0.873] |      50.265     |     5.500     |
2026-09-05T21:06:12.436333499Z |   5   | rr_coxa_yaw          |   0.000   |  0.000  |  0.001   |      0.010      |      0.010       |      0.002       | [-0.873, 0.873] |      50.265     |     5.500     |
2026-09-05T21:06:12.436335275Z |   6   | lf_femur_pitch       |   0.000   |  0.000  |  0.001   |      0.010      |      0.010       |      0.002       | [-1.745, 0.550] |      50.265     |     5.500     |
2026-09-05T21:06:12.436337003Z |   7   | lm_femur_pitch       |   0.000   |  0.000  |  0.001   |      0.010      |      0.010       |      0.002       | [-1.745, 0.550] |      50.265     |     5.500     |
2026-09-05T21:06:12.436338763Z |   8   | lr_femur_pitch       |   0.000   |  0.000  |  0.001   |      0.010      |      0.010       |      0.002       | [-1.745, 0.550] |      50.265     |     5.500     |
2026-09-05T21:06:12.436340587Z |   9   | rf_femur_pitch       |   0.000   |  0.000  |  0.001   |      0.010      |      0.010       |      0.002       | [-1.745, 0.550] |      50.265     |     5.500     |
2026-09-05T21:06:12.436343115Z |   10  | rm_femur_pitch       |   0.000   |  0.000  |  0.001   |      0.010      |      0.010       |      0.002       | [-1.745, 0.550] |      50.265     |     5.500     |
2026-09-05T21:06:12.436344891Z |   11  | rr_femur_pitch       |   0.000   |  0.000  |  0.001   |      0.010      |      0.010       |      0.002       | [-1.745, 0.550] |      50.265     |     5.500     |
2026-09-05T21:06:12.436346635Z |   12  | lf_tibia_lever_pivot |   0.000   |  0.000  |  0.001   |      0.010      |      0.010       |      0.002       | [-0.978, 1.722] |      50.265     |     5.500     |
2026-09-05T21:06:12.436348363Z |   13  | lf_tibia_pitch       |   0.000   |  0.000  |  0.000   |      0.000      |      0.000       |      0.000       | [-0.978, 1.722] |     1.7e+04     |     0.000     |
2026-09-05T21:06:12.436350171Z |   14  | lm_tibia_lever_pivot |   0.000   |  0.000  |  0.001   |      0.010      |      0.010       |      0.002       | [-0.990, 1.710] |      50.265     |     5.500     |
2026-09-05T21:06:12.436352155Z |   15  | lm_tibia_pitch       |   0.000   |  0.000  |  0.000   |      0.000      |      0.000       |      0.000       | [-0.990, 1.710] |     1.7e+04     |     0.000     |
2026-09-05T21:06:12.436353931Z |   16  | lr_tibia_lever_pivot |   0.000   |  0.000  |  0.001   |      0.010      |      0.010       |      0.002       | [-0.971, 1.729] |      50.265     |     5.500     |
2026-09-05T21:06:12.436355675Z |   17  | lr_tibia_pitch       |   0.000   |  0.000  |  0.000   |      0.000      |      0.000       |      0.000       | [-0.971, 1.729] |     1.7e+04     |     0.000     |
2026-09-05T21:06:12.436357435Z |   18  | rf_tibia_lever_pivot |   0.000   |  0.000  |  0.001   |      0.010      |      0.010       |      0.002       | [-0.950, 1.750] |      50.265     |     5.500     |
2026-09-05T21:06:12.436362380Z |   19  | rf_tibia_pitch       |   0.000   |  0.000  |  0.000   |      0.000      |      0.000       |      0.000       | [-0.950, 1.750] |     1.7e+04     |     0.000     |
2026-09-05T21:06:12.436364236Z |   20  | rm_tibia_lever_pivot |   0.000   |  0.000  |  0.001   |      0.010      |      0.010       |      0.002       | [-0.913, 1.787] |      50.265     |     5.500     |
2026-09-05T21:06:12.436366172Z |   21  | rm_tibia_pitch       |   0.000   |  0.000  |  0.000   |      0.000      |      0.000       |      0.000       | [-0.913, 1.787] |     1.7e+04     |     0.000     |
2026-09-05T21:06:12.436367868Z |   22  | rr_tibia_lever_pivot |   0.000   |  0.000  |  0.001   |      0.010      |      0.010       |      0.002       | [-0.950, 1.750] |      50.265     |     5.500     |
2026-09-05T21:06:12.436369628Z |   23  | rr_tibia_pitch       |   0.000   |  0.000  |  0.000   |      0.000      |      0.000       |      0.000       | [-0.950, 1.750] |     1.7e+04     |     0.000     |
2026-09-05T21:06:12.436371388Z |   24  | lf_tibia_rod_pivot   |   0.000   |  0.000  |  0.000   |      0.000      |      0.000       |      0.000       | [-1.722, 0.978] |     1.7e+04     |     0.000     |
2026-09-05T21:06:12.436373180Z |   25  | lm_tibia_rod_pivot   |   0.000   |  0.000  |  0.000   |      0.000      |      0.000       |      0.000       | [-1.710, 0.990] |     1.7e+04     |     0.000     |
2026-09-05T21:06:12.436374988Z |   26  | lr_tibia_rod_pivot   |   0.000   |  0.000  |  0.000   |      0.000      |      0.000       |      0.000       | [-1.729, 0.971] |     1.7e+04     |     0.000     |
2026-09-05T21:06:12.436376972Z |   27  | rf_tibia_rod_pivot   |   0.000   |  0.000  |  0.000   |      0.000      |      0.000       |      0.000       | [-1.750, 0.950] |     1.7e+04     |     0.000     |
2026-09-05T21:06:12.436378668Z |   28  | rm_tibia_rod_pivot   |   0.000   |  0.000  |  0.000   |      0.000      |      0.000       |      0.000       | [-1.787, 0.913] |     1.7e+04     |     0.000     |
2026-09-05T21:06:12.436380524Z |   29  | rr_tibia_rod_pivot   |   0.000   |  0.000  |  0.000   |      0.000      |      0.000       |      0.000       | [-1.750, 0.950] |     1.7e+04     |     0.000     |
2026-09-05T21:06:12.436382396Z +-------+----------------------+-----------+---------+----------+-----------------+------------------+------------------+-----------------+-----------------+---------------+
2026-09-05T21:08:50.943786812Z [INFO]: Time taken for simulation start Last: 5.070171 s, Mean: 5.070171 s, Std: 0.000000 s, N: 1
2026-09-05T21:08:50.943832781Z [INFO]: Completed setting up the environment...
2026-09-05T21:08:50.943836861Z FOURBAR_DIAGNOSTIC_SEGMENT {"segment": {"phase": "standing", "motors": [], "offset_rad": 0.0, "steps": 200}, "metrics": {"substeps": 2560, "height_sum": 347.41029566526413, "min_height_m": 0.135697603225708, "max_applied_nm": 0.968124508857727, "max_demand_nm": 0.968124508857727, "max_closure_point_m": 7.980124792084098e-07, "max_closure_axis_chord": 6.761353574802342e-07, "min_nonfoot_clearance_m": 0.02532404661178589, "nonfoot_contact_env_substeps": 0.0, "min_support": 5.0, "max_envelope_excess_nm": 0.0, "max_continuous_excess_nm": 0.0, "min_burst_headroom": 0.5007126927375793, "invalid_samples": 0.0, "max_passive_relation_error_rad": 3.3736228942871094e-05, "mean_height_m": 0.1357071467442438}}
2026-09-05T21:08:50.945392151Z FOURBAR_DIAGNOSTIC_RESULT {"diagnostic_complete": true, "pass": false, "errors": [], "physical_gate_errors": [], "trace_samples": 3200}
2026-09-05T21:08:51.367098602Z [INFO]: SimulationContext cleared
2026-09-05T21:08:51.416149794Z 2026-09-05T21:05:58Z [6,264ms] [Warning] [carb.omniclient.plugin]  124: OmniHub: ThreadId(02) Hub encountered error. Trying to reconnect to Hub. retry_reason="Hub failed to launch: Io(\"child exited with exit status: 1 without writing file \\\"/tmp/hub-ubuntu-7646AF6.config.json\\\"\")"
2026-09-05T21:08:51.416185426Z 2026-09-05T21:05:58Z [6,626ms] [Warning] [carb.omniclient.plugin]  124: OmniHub: ThreadId(02) Hub encountered error. Trying to reconnect to Hub. retry_reason="Hub failed to launch: Io(\"child exited with exit status: 1 without writing file \\\"/tmp/hub-ubuntu-7646AF6.config.json\\\"\")"
2026-09-05T21:08:51.416188754Z 2026-09-05T21:05:59Z [6,998ms] [Warning] [carb.omniclient.plugin]  124: OmniHub: ThreadId(02) Hub encountered error. Trying to reconnect to Hub. retry_reason="Hub failed to launch: Io(\"child exited with exit status: 1 without writing file \\\"/tmp/hub-ubuntu-7646AF6.config.json\\\"\")"
2026-09-05T21:08:51.416191570Z 2026-09-05T21:05:59Z [7,379ms] [Warning] [carb.omniclient.plugin]  124: OmniHub: ThreadId(02) Hub encountered error. Trying to reconnect to Hub. retry_reason="Hub failed to launch: Io(\"child exited with exit status: 1 without writing file \\\"/tmp/hub-ubuntu-7646AF6.config.json\\\"\")"
2026-09-05T21:08:51.416193970Z 2026-09-05T21:05:59Z [7,771ms] [Warning] [carb.omniclient.plugin]  124: OmniHub: ThreadId(02) Hub encountered error. Trying to reconnect to Hub. retry_reason="Hub failed to launch: Io(\"child exited with exit status: 1 without writing file \\\"/tmp/hub-ubuntu-7646AF6.config.json\\\"\")"
2026-09-05T21:08:51.416196435Z 2026-09-05T21:06:00Z [8,173ms] [Warning] [carb.omniclient.plugin]  124: OmniHub: ThreadId(02) Hub encountered error. Trying to reconnect to Hub. retry_reason="Hub failed to launch: Io(\"child exited with exit status: 1 without writing file \\\"/tmp/hub-ubuntu-7646AF6.config.json\\\"\")"
2026-09-05T21:08:51.416198739Z 2026-09-05T21:06:00Z [8,585ms] [Warning] [carb.omniclient.plugin]  124: OmniHub: ThreadId(02) Hub encountered error. Trying to reconnect to Hub. retry_reason="Hub failed to launch: Io(\"child exited with exit status: 1 without writing file \\\"/tmp/hub-ubuntu-7646AF6.config.json\\\"\")"
2026-09-05T21:08:51.416202003Z 2026-09-05T21:06:01Z [9,007ms] [Warning] [carb.omniclient.plugin]  124: OmniHub: ThreadId(02) Hub encountered error. Trying to reconnect to Hub. retry_reason="Hub failed to launch: Io(\"child exited with exit status: 1 without writing file \\\"/tmp/hub-ubuntu-7646AF6.config.json\\\"\")"
2026-09-05T21:08:51.416204387Z 2026-09-05T21:06:01Z [9,439ms] [Warning] [carb.omniclient.plugin]  124: OmniHub: ThreadId(02) Hub encountered error. Trying to reconnect to Hub. retry_reason="Hub failed to launch: Io(\"child exited with exit status: 1 without writing file \\\"/tmp/hub-ubuntu-7646AF6.config.json\\\"\")"
2026-09-05T21:08:51.416206627Z 2026-09-05T21:06:01Z [9,882ms] [Warning] [carb.omniclient.plugin]  124: OmniHub: ThreadId(02) Hub encountered error. Trying to reconnect to Hub. retry_reason="Hub failed to launch: Io(\"child exited with exit status: 1 without writing file \\\"/tmp/hub-ubuntu-7646AF6.config.json\\\"\")"
2026-09-05T21:08:51.416227811Z 2026-09-05T21:06:02Z [10,357ms] [Warning] [omni.usd_config.extension] Enable omni.materialx.libs extension to use MaterialX
2026-09-05T21:08:51.416230003Z 2026-09-05T21:06:08Z [16,824ms] [Warning] [usdrt.population.plugin] Last global time was not created. Did you call setEnableUsdNoticeHandling?
2026-09-05T21:08:51.416231811Z 2026-09-05T21:06:12Z [20,403ms] [Warning] [isaaclab_physx.assets.articulation.articulation] Not all actuators are configured! Total number of actuated joints not equal to number of joints available: 18 != 30.
