2026-09-05T20:52:38.660755949Z Loading user config located at: '/isaac-sim/kit/data/Kit/IsaacLab/3.0/user.config.json'
2026-09-05T20:52:38.660820540Z 2026-09-05T20:52:36Z [0ms] [Warning] [omni.ext.plugin] [ext: isaaclab_visualizers] Extensions config 'extension.toml' doesn't exist '/workspace/isaaclab/source/isaaclab_visualizers' or '/workspace/isaaclab/source/isaaclab_visualizers/config'
2026-09-05T20:52:38.660825500Z 2026-09-05T20:52:36Z [116ms] [Warning] [carb.omniclient.plugin]  125: OmniHub: ThreadId(02) Hub encountered error. Trying to reconnect to Hub. retry_reason="Hub failed to launch: Io(\"child exited with exit status: 1 without writing file \\\"/tmp/hub-ubuntu-BC7EFC7F.config.json\\\"\")"
2026-09-05T20:52:38.660828412Z 2026-09-05T20:52:37Z [188ms] [Warning] [carb.omniclient.plugin]  125: OmniHub: ThreadId(02) Hub encountered error. Trying to reconnect to Hub. retry_reason="Hub failed to launch: Io(\"child exited with exit status: 1 without writing file \\\"/tmp/hub-ubuntu-BC7EFC7F.config.json\\\"\")"
2026-09-05T20:52:38.660830764Z 2026-09-05T20:52:37Z [270ms] [Warning] [carb.omniclient.plugin]  125: OmniHub: ThreadId(02) Hub encountered error. Trying to reconnect to Hub. retry_reason="Hub failed to launch: Io(\"child exited with exit status: 1 without writing file \\\"/tmp/hub-ubuntu-BC7EFC7F.config.json\\\"\")"
2026-09-05T20:52:38.660833068Z 2026-09-05T20:52:37Z [362ms] [Warning] [carb.omniclient.plugin]  125: OmniHub: ThreadId(02) Hub encountered error. Trying to reconnect to Hub. retry_reason="Hub failed to launch: Io(\"child exited with exit status: 1 without writing file \\\"/tmp/hub-ubuntu-BC7EFC7F.config.json\\\"\")"
2026-09-05T20:52:38.660836220Z 2026-09-05T20:52:37Z [463ms] [Warning] [carb.omniclient.plugin]  125: OmniHub: ThreadId(02) Hub encountered error. Trying to reconnect to Hub. retry_reason="Hub failed to launch: Io(\"child exited with exit status: 1 without writing file \\\"/tmp/hub-ubuntu-BC7EFC7F.config.json\\\"\")"
2026-09-05T20:52:38.660840236Z 2026-09-05T20:52:37Z [575ms] [Warning] [carb.omniclient.plugin]  125: OmniHub: ThreadId(02) Hub encountered error. Trying to reconnect to Hub. retry_reason="Hub failed to launch: Io(\"child exited with exit status: 1 without writing file \\\"/tmp/hub-ubuntu-BC7EFC7F.config.json\\\"\")"
2026-09-05T20:52:38.660842492Z 2026-09-05T20:52:37Z [697ms] [Warning] [carb.omniclient.plugin]  125: OmniHub: ThreadId(02) Hub encountered error. Trying to reconnect to Hub. retry_reason="Hub failed to launch: Io(\"child exited with exit status: 1 without writing file \\\"/tmp/hub-ubuntu-BC7EFC7F.config.json\\\"\")"
2026-09-05T20:52:38.660844620Z 2026-09-05T20:52:37Z [830ms] [Warning] [carb.omniclient.plugin]  125: OmniHub: ThreadId(02) Hub encountered error. Trying to reconnect to Hub. retry_reason="Hub failed to launch: Io(\"child exited with exit status: 1 without writing file \\\"/tmp/hub-ubuntu-BC7EFC7F.config.json\\\"\")"
2026-09-05T20:52:38.660846780Z 2026-09-05T20:52:37Z [972ms] [Warning] [carb.omniclient.plugin]  125: OmniHub: ThreadId(02) Hub encountered error. Trying to reconnect to Hub. retry_reason="Hub failed to launch: Io(\"child exited with exit status: 1 without writing file \\\"/tmp/hub-ubuntu-BC7EFC7F.config.json\\\"\")"
2026-09-05T20:52:38.660848844Z 2026-09-05T20:52:37Z [1,124ms] [Warning] [carb.omniclient.plugin]  125: OmniHub: ThreadId(02) Hub encountered error. Trying to reconnect to Hub. retry_reason="Hub failed to launch: Io(\"child exited with exit status: 1 without writing file \\\"/tmp/hub-ubuntu-BC7EFC7F.config.json\\\"\")"
2026-09-05T20:52:38.660857788Z 2026-09-05T20:52:38Z [1,286ms] [Warning] [carb.omniclient.plugin]  125: OmniHub: ThreadId(02) Hub encountered error. Trying to reconnect to Hub. retry_reason="Hub failed to launch: Io(\"child exited with exit status: 1 without writing file \\\"/tmp/hub-ubuntu-BC7EFC7F.config.json\\\"\")"
2026-09-05T20:52:38.660860140Z 2026-09-05T20:52:38Z [1,458ms] [Warning] [carb.omniclient.plugin]  125: OmniHub: ThreadId(02) Hub encountered error. Trying to reconnect to Hub. retry_reason="Hub failed to launch: Io(\"child exited with exit status: 1 without writing file \\\"/tmp/hub-ubuntu-BC7EFC7F.config.json\\\"\")"
2026-09-05T20:52:38.660862252Z 2026-09-05T20:52:38Z [1,639ms] [Warning] [carb.omniclient.plugin]  125: OmniHub: ThreadId(02) Hub encountered error. Trying to reconnect to Hub. retry_reason="Hub failed to launch: Io(\"child exited with exit status: 1 without writing file \\\"/tmp/hub-ubuntu-BC7EFC7F.config.json\\\"\")"
2026-09-05T20:52:38.660864876Z 2026-09-05T20:52:38Z [1,832ms] [Warning] [carb.omniclient.plugin]  125: OmniHub: ThreadId(02) Hub encountered error. Trying to reconnect to Hub. retry_reason="Hub failed to launch: Io(\"child exited with exit status: 1 without writing file \\\"/tmp/hub-ubuntu-BC7EFC7F.config.json\\\"\")"
2026-09-05T20:52:42.742762630Z 2026-09-05T20:52:38Z [2,034ms] [Warning] [carb.omniclient.plugin]  125: OmniHub: ThreadId(02) Hub encountered error. Trying to reconnect to Hub. retry_reason="Hub failed to launch: Io(\"child exited with exit status: 1 without writing file \\\"/tmp/hub-ubuntu-BC7EFC7F.config.json\\\"\")"
2026-09-05T20:52:42.742805285Z 2026-09-05T20:52:39Z [2,245ms] [Warning] [carb.omniclient.plugin]  125: OmniHub: ThreadId(02) Hub encountered error. Trying to reconnect to Hub. retry_reason="Hub failed to launch: Io(\"child exited with exit status: 1 without writing file \\\"/tmp/hub-ubuntu-BC7EFC7F.config.json\\\"\")"
2026-09-05T20:52:42.742808693Z 2026-09-05T20:52:39Z [2,468ms] [Warning] [carb.omniclient.plugin]  125: OmniHub: ThreadId(02) Hub encountered error. Trying to reconnect to Hub. retry_reason="Hub failed to launch: Io(\"child exited with exit status: 1 without writing file \\\"/tmp/hub-ubuntu-BC7EFC7F.config.json\\\"\")"
2026-09-05T20:52:42.742811381Z 2026-09-05T20:52:39Z [2,700ms] [Warning] [carb.omniclient.plugin]  125: OmniHub: ThreadId(02) Hub encountered error. Trying to reconnect to Hub. retry_reason="Hub failed to launch: Io(\"child exited with exit status: 1 without writing file \\\"/tmp/hub-ubuntu-BC7EFC7F.config.json\\\"\")"
2026-09-05T20:52:42.742813797Z 2026-09-05T20:52:39Z [2,942ms] [Warning] [carb.omniclient.plugin]  125: OmniHub: ThreadId(02) Hub encountered error. Trying to reconnect to Hub. retry_reason="Hub failed to launch: Io(\"child exited with exit status: 1 without writing file \\\"/tmp/hub-ubuntu-BC7EFC7F.config.json\\\"\")"
2026-09-05T20:52:42.742816277Z 2026-09-05T20:52:40Z [3,194ms] [Warning] [carb.omniclient.plugin]  125: OmniHub: ThreadId(02) Hub encountered error. Trying to reconnect to Hub. retry_reason="Hub failed to launch: Io(\"child exited with exit status: 1 without writing file \\\"/tmp/hub-ubuntu-BC7EFC7F.config.json\\\"\")"
2026-09-05T20:52:42.742818821Z 2026-09-05T20:52:40Z [3,456ms] [Warning] [carb.omniclient.plugin]  125: OmniHub: ThreadId(02) Hub encountered error. Trying to reconnect to Hub. retry_reason="Hub failed to launch: Io(\"child exited with exit status: 1 without writing file \\\"/tmp/hub-ubuntu-BC7EFC7F.config.json\\\"\")"
2026-09-05T20:52:42.742843189Z 2026-09-05T20:52:40Z [3,728ms] [Warning] [carb.omniclient.plugin]  125: OmniHub: ThreadId(02) Hub encountered error. Trying to reconnect to Hub. retry_reason="Hub failed to launch: Io(\"child exited with exit status: 1 without writing file \\\"/tmp/hub-ubuntu-BC7EFC7F.config.json\\\"\")"
2026-09-05T20:52:42.742845717Z 2026-09-05T20:52:40Z [4,010ms] [Warning] [carb.omniclient.plugin]  125: OmniHub: ThreadId(02) Hub encountered error. Trying to reconnect to Hub. retry_reason="Hub failed to launch: Io(\"child exited with exit status: 1 without writing file \\\"/tmp/hub-ubuntu-BC7EFC7F.config.json\\\"\")"
2026-09-05T20:52:42.742847877Z 2026-09-05T20:52:41Z [4,302ms] [Warning] [carb.omniclient.plugin]  125: OmniHub: ThreadId(02) Hub encountered error. Trying to reconnect to Hub. retry_reason="Hub failed to launch: Io(\"child exited with exit status: 1 without writing file \\\"/tmp/hub-ubuntu-BC7EFC7F.config.json\\\"\")"
2026-09-05T20:52:42.742849973Z 2026-09-05T20:52:41Z [4,605ms] [Warning] [carb.omniclient.plugin]  125: OmniHub: ThreadId(02) Hub encountered error. Trying to reconnect to Hub. retry_reason="Hub failed to launch: Io(\"child exited with exit status: 1 without writing file \\\"/tmp/hub-ubuntu-BC7EFC7F.config.json\\\"\")"
2026-09-05T20:52:42.742852053Z 2026-09-05T20:52:41Z [4,918ms] [Warning] [carb.omniclient.plugin]  125: OmniHub: ThreadId(02) Hub encountered error. Trying to reconnect to Hub. retry_reason="Hub failed to launch: Io(\"child exited with exit status: 1 without writing file \\\"/tmp/hub-ubuntu-BC7EFC7F.config.json\\\"\")"
2026-09-05T20:52:42.742854133Z 2026-09-05T20:52:42Z [5,240ms] [Warning] [carb.omniclient.plugin]  125: OmniHub: ThreadId(02) Hub encountered error. Trying to reconnect to Hub. retry_reason="Hub failed to launch: Io(\"child exited with exit status: 1 without writing file \\\"/tmp/hub-ubuntu-BC7EFC7F.config.json\\\"\")"
2026-09-05T20:52:42.742857349Z 2026-09-05T20:52:42Z [5,572ms] [Warning] [carb.omniclient.plugin]  125: OmniHub: ThreadId(02) Hub encountered error. Trying to reconnect to Hub. retry_reason="Hub failed to launch: Io(\"child exited with exit status: 1 without writing file \\\"/tmp/hub-ubuntu-BC7EFC7F.config.json\\\"\")"
2026-09-05T20:52:42.742859781Z 2026-09-05T20:52:42Z [5,914ms] [Warning] [carb.omniclient.plugin]  125: OmniHub: ThreadId(02) Hub encountered error. Trying to reconnect to Hub. retry_reason="Hub failed to launch: Io(\"child exited with exit status: 1 without writing file \\\"/tmp/hub-ubuntu-BC7EFC7F.config.json\\\"\")"
2026-09-05T20:52:47.171373151Z WARNING: All log messages before absl::InitializeLog() is called are written to STDERR
2026-09-05T20:52:47.171405502Z E0000 00:00:1788641567.171234      26 descriptor_database.cc:633] File already exists in database: grpc/health/v1/health.proto
2026-09-05T20:52:47.171408462Z W0000 00:00:1788641567.171264      26 message.cc:301] Protobuf GeneratedMessageFactory: File is already registered: grpc/health/v1/health.proto
2026-09-05T20:52:48.421634994Z /workspace/isaaclab/_isaac_sim/kit/python/lib/python3.12/site-packages/torch/cuda/__init__.py:435: UserWarning: 
2026-09-05T20:52:48.421672322Z     Found GPU0 NVIDIA GB10 which is of cuda capability 12.1.
2026-09-05T20:52:48.421674834Z     Minimum and Maximum cuda capability supported by this version of PyTorch is
2026-09-05T20:52:48.421692930Z     (8.0) - (12.0)
2026-09-05T20:52:48.421694914Z     
2026-09-05T20:52:48.421696466Z   queued_call()
2026-09-05T20:52:48.422976465Z [ISAACLAB] AppLauncher initialization complete
2026-09-05T20:52:51.336174709Z [INFO]: Parsing configuration from: hexapod_rl.tasks.mkii_fourbar_v1:HexapodMkiiFourbarV1EnvCfg
2026-09-05T20:52:51.336213844Z [INFO]: Base environment:
2026-09-05T20:52:51.336216500Z 	Environment device    : cuda:0
2026-09-05T20:52:51.336218804Z 	Environment seed      : 0
2026-09-05T20:52:51.336220596Z 	Physics step-size     : 0.00125
2026-09-05T20:52:51.336222228Z 	Rendering step-size   : 0.02
2026-09-05T20:52:51.336224004Z 	Environment step-size : 0.02
2026-09-05T20:52:51.336225700Z [INFO]: Registered backend 'physx' for factory Articulation.
2026-09-05T20:52:51.476220876Z [INFO]: Registered backend 'physx' for factory ContactSensor.
2026-09-05T20:52:57.579938983Z [INFO]: Time taken for scene creation Last: 1.191138 s, Mean: 1.191138 s, Std: 0.000000 s, N: 1
2026-09-05T20:52:57.579982855Z [INFO]: Scene manager:  <class InteractiveScene>
2026-09-05T20:52:57.579985671Z 	Number of environments: 8
2026-09-05T20:52:57.579988103Z 	Environment spacing   : 2.0
2026-09-05T20:52:57.579989863Z 	Source prim name      : /World/envs/env_0
2026-09-05T20:52:57.579991671Z 	Global prim paths     : []
2026-09-05T20:52:57.579993447Z 	Replicate physics     : True
2026-09-05T20:52:57.579995207Z [INFO]: Starting the simulation. This may take a few seconds. Please wait...
2026-09-05T20:52:57.579996998Z [INFO]: Simulation parameters for joints in /World/envs/env_.*/Robot:
2026-09-05T20:52:57.579998806Z +---------------------------------------------------------------------------------------------------------------------------------------------------------------------------+
2026-09-05T20:52:57.580000854Z |                                                     Simulation Joint Information (Prim path: /World/envs/env_.*/Robot)                                                    |
2026-09-05T20:52:57.580002710Z +-------+----------------------+-----------+---------+----------+-----------------+------------------+------------------+-----------------+-----------------+---------------+
2026-09-05T20:52:57.580004550Z | Index | Name                 | Stiffness | Damping | Armature | Static Friction | Dynamic Friction | Viscous Friction | Position Limits | Velocity Limits | Effort Limits |
2026-09-05T20:52:57.580006406Z +-------+----------------------+-----------+---------+----------+-----------------+------------------+------------------+-----------------+-----------------+---------------+
2026-09-05T20:52:57.580008294Z |   0   | lf_coxa_yaw          |   0.000   |  0.000  |  0.001   |      0.010      |      0.010       |      0.002       | [-0.873, 0.873] |      50.265     |     5.500     |
2026-09-05T20:52:57.580025254Z |   1   | lm_coxa_yaw          |   0.000   |  0.000  |  0.001   |      0.010      |      0.010       |      0.002       | [-0.873, 0.873] |      50.265     |     5.500     |
2026-09-05T20:52:57.580047126Z |   2   | lr_coxa_yaw          |   0.000   |  0.000  |  0.001   |      0.010      |      0.010       |      0.002       | [-0.873, 0.873] |      50.265     |     5.500     |
2026-09-05T20:52:57.580049430Z |   3   | rf_coxa_yaw          |   0.000   |  0.000  |  0.001   |      0.010      |      0.010       |      0.002       | [-0.873, 0.873] |      50.265     |     5.500     |
2026-09-05T20:52:57.580052582Z |   4   | rm_coxa_yaw          |   0.000   |  0.000  |  0.001   |      0.010      |      0.010       |      0.002       | [-0.873, 0.873] |      50.265     |     5.500     |
2026-09-05T20:52:57.580054470Z |   5   | rr_coxa_yaw          |   0.000   |  0.000  |  0.001   |      0.010      |      0.010       |      0.002       | [-0.873, 0.873] |      50.265     |     5.500     |
2026-09-05T20:52:57.580056246Z |   6   | lf_femur_pitch       |   0.000   |  0.000  |  0.001   |      0.010      |      0.010       |      0.002       | [-1.745, 0.550] |      50.265     |     5.500     |
2026-09-05T20:52:57.580058006Z |   7   | lm_femur_pitch       |   0.000   |  0.000  |  0.001   |      0.010      |      0.010       |      0.002       | [-1.745, 0.550] |      50.265     |     5.500     |
2026-09-05T20:52:57.580059798Z |   8   | lr_femur_pitch       |   0.000   |  0.000  |  0.001   |      0.010      |      0.010       |      0.002       | [-1.745, 0.550] |      50.265     |     5.500     |
2026-09-05T20:52:57.580061558Z |   9   | rf_femur_pitch       |   0.000   |  0.000  |  0.001   |      0.010      |      0.010       |      0.002       | [-1.745, 0.550] |      50.265     |     5.500     |
2026-09-05T20:52:57.580063334Z |   10  | rm_femur_pitch       |   0.000   |  0.000  |  0.001   |      0.010      |      0.010       |      0.002       | [-1.745, 0.550] |      50.265     |     5.500     |
2026-09-05T20:52:57.580065078Z |   11  | rr_femur_pitch       |   0.000   |  0.000  |  0.001   |      0.010      |      0.010       |      0.002       | [-1.745, 0.550] |      50.265     |     5.500     |
2026-09-05T20:52:57.580066790Z |   12  | lf_tibia_lever_pivot |   0.000   |  0.000  |  0.001   |      0.010      |      0.010       |      0.002       | [-0.978, 1.722] |      50.265     |     5.500     |
2026-09-05T20:52:57.580068662Z |   13  | lf_tibia_pitch       |   0.000   |  0.000  |  0.000   |      0.000      |      0.000       |      0.000       | [-0.978, 1.722] |     1.7e+04     |     0.000     |
2026-09-05T20:52:57.580070454Z |   14  | lm_tibia_lever_pivot |   0.000   |  0.000  |  0.001   |      0.010      |      0.010       |      0.002       | [-0.990, 1.710] |      50.265     |     5.500     |
2026-09-05T20:52:57.580072518Z |   15  | lm_tibia_pitch       |   0.000   |  0.000  |  0.000   |      0.000      |      0.000       |      0.000       | [-0.990, 1.710] |     1.7e+04     |     0.000     |
2026-09-05T20:52:57.580074294Z |   16  | lr_tibia_lever_pivot |   0.000   |  0.000  |  0.001   |      0.010      |      0.010       |      0.002       | [-0.971, 1.729] |      50.265     |     5.500     |
2026-09-05T20:52:57.580076037Z |   17  | lr_tibia_pitch       |   0.000   |  0.000  |  0.000   |      0.000      |      0.000       |      0.000       | [-0.971, 1.729] |     1.7e+04     |     0.000     |
2026-09-05T20:52:57.580077797Z |   18  | rf_tibia_lever_pivot |   0.000   |  0.000  |  0.001   |      0.010      |      0.010       |      0.002       | [-0.950, 1.750] |      50.265     |     5.500     |
2026-09-05T20:52:57.580081813Z |   19  | rf_tibia_pitch       |   0.000   |  0.000  |  0.000   |      0.000      |      0.000       |      0.000       | [-0.950, 1.750] |     1.7e+04     |     0.000     |
2026-09-05T20:52:57.580083637Z |   20  | rm_tibia_lever_pivot |   0.000   |  0.000  |  0.001   |      0.010      |      0.010       |      0.002       | [-0.913, 1.787] |      50.265     |     5.500     |
2026-09-05T20:52:57.580086661Z |   21  | rm_tibia_pitch       |   0.000   |  0.000  |  0.000   |      0.000      |      0.000       |      0.000       | [-0.913, 1.787] |     1.7e+04     |     0.000     |
2026-09-05T20:52:57.580088373Z |   22  | rr_tibia_lever_pivot |   0.000   |  0.000  |  0.001   |      0.010      |      0.010       |      0.002       | [-0.950, 1.750] |      50.265     |     5.500     |
2026-09-05T20:52:57.580090133Z |   23  | rr_tibia_pitch       |   0.000   |  0.000  |  0.000   |      0.000      |      0.000       |      0.000       | [-0.950, 1.750] |     1.7e+04     |     0.000     |
2026-09-05T20:52:57.580091877Z |   24  | lf_tibia_rod_pivot   |   0.000   |  0.000  |  0.000   |      0.000      |      0.000       |      0.000       | [-1.722, 0.978] |     1.7e+04     |     0.000     |
2026-09-05T20:52:57.580093637Z |   25  | lm_tibia_rod_pivot   |   0.000   |  0.000  |  0.000   |      0.000      |      0.000       |      0.000       | [-1.710, 0.990] |     1.7e+04     |     0.000     |
2026-09-05T20:52:57.580095429Z |   26  | lr_tibia_rod_pivot   |   0.000   |  0.000  |  0.000   |      0.000      |      0.000       |      0.000       | [-1.729, 0.971] |     1.7e+04     |     0.000     |
2026-09-05T20:52:57.580097605Z |   27  | rf_tibia_rod_pivot   |   0.000   |  0.000  |  0.000   |      0.000      |      0.000       |      0.000       | [-1.750, 0.950] |     1.7e+04     |     0.000     |
2026-09-05T20:52:57.580099349Z |   28  | rm_tibia_rod_pivot   |   0.000   |  0.000  |  0.000   |      0.000      |      0.000       |      0.000       | [-1.787, 0.913] |     1.7e+04     |     0.000     |
2026-09-05T20:52:57.580101141Z |   29  | rr_tibia_rod_pivot   |   0.000   |  0.000  |  0.000   |      0.000      |      0.000       |      0.000       | [-1.750, 0.950] |     1.7e+04     |     0.000     |
2026-09-05T20:52:57.580102901Z +-------+----------------------+-----------+---------+----------+-----------------+------------------+------------------+-----------------+-----------------+---------------+
2026-09-05T20:55:34.656580665Z [INFO]: Time taken for simulation start Last: 5.473794 s, Mean: 5.473794 s, Std: 0.000000 s, N: 1
2026-09-05T20:55:34.656629272Z [INFO]: Completed setting up the environment...
2026-09-05T20:55:34.656637208Z FOURBAR_DIAGNOSTIC_SEGMENT {"segment": {"phase": "standing", "motors": [], "offset_rad": 0.0, "steps": 200}, "metrics": {"substeps": 2560, "height_sum": 2779.4373492002487, "min_height_m": 0.135697603225708, "max_applied_nm": 0.968124508857727, "max_demand_nm": 0.968124508857727, "max_closure_point_m": 8.616943318884296e-07, "max_closure_axis_chord": 7.83741484156053e-07, "min_nonfoot_clearance_m": 0.02532404661178589, "nonfoot_contact_env_substeps": 0.0, "min_support": 5.0, "max_envelope_excess_nm": 0.0, "max_continuous_excess_nm": 0.0, "min_burst_headroom": 0.5006889700889587, "invalid_samples": 0.0, "max_passive_relation_error_rad": 3.3736228942871094e-05, "mean_height_m": 0.1357147143164184}}
2026-09-05T20:55:34.659316455Z FOURBAR_DIAGNOSTIC_RESULT {"diagnostic_complete": true, "pass": false, "errors": [], "physical_gate_errors": [], "trace_samples": 3200}
2026-09-05T20:55:35.064479494Z [INFO]: SimulationContext cleared
2026-09-05T20:55:35.109595955Z 2026-09-05T20:52:43Z [6,266ms] [Warning] [carb.omniclient.plugin]  125: OmniHub: ThreadId(02) Hub encountered error. Trying to reconnect to Hub. retry_reason="Hub failed to launch: Io(\"child exited with exit status: 1 without writing file \\\"/tmp/hub-ubuntu-BC7EFC7F.config.json\\\"\")"
2026-09-05T20:55:35.109634723Z 2026-09-05T20:52:43Z [6,627ms] [Warning] [carb.omniclient.plugin]  125: OmniHub: ThreadId(02) Hub encountered error. Trying to reconnect to Hub. retry_reason="Hub failed to launch: Io(\"child exited with exit status: 1 without writing file \\\"/tmp/hub-ubuntu-BC7EFC7F.config.json\\\"\")"
2026-09-05T20:55:35.109638467Z 2026-09-05T20:52:43Z [7,000ms] [Warning] [carb.omniclient.plugin]  125: OmniHub: ThreadId(02) Hub encountered error. Trying to reconnect to Hub. retry_reason="Hub failed to launch: Io(\"child exited with exit status: 1 without writing file \\\"/tmp/hub-ubuntu-BC7EFC7F.config.json\\\"\")"
2026-09-05T20:55:35.109641315Z 2026-09-05T20:52:44Z [7,381ms] [Warning] [carb.omniclient.plugin]  125: OmniHub: ThreadId(02) Hub encountered error. Trying to reconnect to Hub. retry_reason="Hub failed to launch: Io(\"child exited with exit status: 1 without writing file \\\"/tmp/hub-ubuntu-BC7EFC7F.config.json\\\"\")"
2026-09-05T20:55:35.109643859Z 2026-09-05T20:52:44Z [7,774ms] [Warning] [carb.omniclient.plugin]  125: OmniHub: ThreadId(02) Hub encountered error. Trying to reconnect to Hub. retry_reason="Hub failed to launch: Io(\"child exited with exit status: 1 without writing file \\\"/tmp/hub-ubuntu-BC7EFC7F.config.json\\\"\")"
2026-09-05T20:55:35.109646547Z 2026-09-05T20:52:45Z [8,175ms] [Warning] [carb.omniclient.plugin]  125: OmniHub: ThreadId(02) Hub encountered error. Trying to reconnect to Hub. retry_reason="Hub failed to launch: Io(\"child exited with exit status: 1 without writing file \\\"/tmp/hub-ubuntu-BC7EFC7F.config.json\\\"\")"
2026-09-05T20:55:35.109649043Z 2026-09-05T20:52:45Z [8,589ms] [Warning] [carb.omniclient.plugin]  125: OmniHub: ThreadId(02) Hub encountered error. Trying to reconnect to Hub. retry_reason="Hub failed to launch: Io(\"child exited with exit status: 1 without writing file \\\"/tmp/hub-ubuntu-BC7EFC7F.config.json\\\"\")"
2026-09-05T20:55:35.109652387Z 2026-09-05T20:52:45Z [9,011ms] [Warning] [carb.omniclient.plugin]  125: OmniHub: ThreadId(02) Hub encountered error. Trying to reconnect to Hub. retry_reason="Hub failed to launch: Io(\"child exited with exit status: 1 without writing file \\\"/tmp/hub-ubuntu-BC7EFC7F.config.json\\\"\")"
2026-09-05T20:55:35.109654787Z 2026-09-05T20:52:46Z [9,442ms] [Warning] [carb.omniclient.plugin]  125: OmniHub: ThreadId(02) Hub encountered error. Trying to reconnect to Hub. retry_reason="Hub failed to launch: Io(\"child exited with exit status: 1 without writing file \\\"/tmp/hub-ubuntu-BC7EFC7F.config.json\\\"\")"
2026-09-05T20:55:35.109657075Z 2026-09-05T20:52:46Z [9,885ms] [Warning] [carb.omniclient.plugin]  125: OmniHub: ThreadId(02) Hub encountered error. Trying to reconnect to Hub. retry_reason="Hub failed to launch: Io(\"child exited with exit status: 1 without writing file \\\"/tmp/hub-ubuntu-BC7EFC7F.config.json\\\"\")"
2026-09-05T20:55:35.109675954Z 2026-09-05T20:52:47Z [10,360ms] [Warning] [omni.usd_config.extension] Enable omni.materialx.libs extension to use MaterialX
2026-09-05T20:55:35.109677986Z 2026-09-05T20:52:53Z [16,869ms] [Warning] [usdrt.population.plugin] Last global time was not created. Did you call setEnableUsdNoticeHandling?
2026-09-05T20:55:35.109679954Z 2026-09-05T20:52:57Z [20,747ms] [Warning] [isaaclab_physx.assets.articulation.articulation] Not all actuators are configured! Total number of actuated joints not equal to number of joints available: 18 != 30.
