2026-09-06T02:15:22.816992862Z Loading user config located at: '/isaac-sim/kit/data/Kit/IsaacLab/3.0/user.config.json'
2026-09-06T02:15:22.817101999Z 2026-09-06T02:15:20Z [0ms] [Warning] [omni.ext.plugin] [ext: isaaclab_visualizers] Extensions config 'extension.toml' doesn't exist '/workspace/isaaclab/source/isaaclab_visualizers' or '/workspace/isaaclab/source/isaaclab_visualizers/config'
2026-09-06T02:15:22.817108271Z 2026-09-06T02:15:21Z [279ms] [Warning] [carb.omniclient.plugin]  125: OmniHub: ThreadId(02) Hub encountered error. Trying to reconnect to Hub. retry_reason="Hub failed to launch: Io(\"child exited with exit status: 1 without writing file \\\"/tmp/hub-ubuntu-A30C6229.config.json\\\"\")"
2026-09-06T02:15:22.817111151Z 2026-09-06T02:15:21Z [351ms] [Warning] [carb.omniclient.plugin]  125: OmniHub: ThreadId(02) Hub encountered error. Trying to reconnect to Hub. retry_reason="Hub failed to launch: Io(\"child exited with exit status: 1 without writing file \\\"/tmp/hub-ubuntu-A30C6229.config.json\\\"\")"
2026-09-06T02:15:22.817114447Z 2026-09-06T02:15:21Z [433ms] [Warning] [carb.omniclient.plugin]  125: OmniHub: ThreadId(02) Hub encountered error. Trying to reconnect to Hub. retry_reason="Hub failed to launch: Io(\"child exited with exit status: 1 without writing file \\\"/tmp/hub-ubuntu-A30C6229.config.json\\\"\")"
2026-09-06T02:15:22.817117039Z 2026-09-06T02:15:21Z [525ms] [Warning] [carb.omniclient.plugin]  125: OmniHub: ThreadId(02) Hub encountered error. Trying to reconnect to Hub. retry_reason="Hub failed to launch: Io(\"child exited with exit status: 1 without writing file \\\"/tmp/hub-ubuntu-A30C6229.config.json\\\"\")"
2026-09-06T02:15:22.817119839Z 2026-09-06T02:15:21Z [627ms] [Warning] [carb.omniclient.plugin]  125: OmniHub: ThreadId(02) Hub encountered error. Trying to reconnect to Hub. retry_reason="Hub failed to launch: Io(\"child exited with exit status: 1 without writing file \\\"/tmp/hub-ubuntu-A30C6229.config.json\\\"\")"
2026-09-06T02:15:22.817124223Z 2026-09-06T02:15:21Z [739ms] [Warning] [carb.omniclient.plugin]  125: OmniHub: ThreadId(02) Hub encountered error. Trying to reconnect to Hub. retry_reason="Hub failed to launch: Io(\"child exited with exit status: 1 without writing file \\\"/tmp/hub-ubuntu-A30C6229.config.json\\\"\")"
2026-09-06T02:15:22.817126687Z 2026-09-06T02:15:21Z [861ms] [Warning] [carb.omniclient.plugin]  125: OmniHub: ThreadId(02) Hub encountered error. Trying to reconnect to Hub. retry_reason="Hub failed to launch: Io(\"child exited with exit status: 1 without writing file \\\"/tmp/hub-ubuntu-A30C6229.config.json\\\"\")"
2026-09-06T02:15:22.817128879Z 2026-09-06T02:15:21Z [994ms] [Warning] [carb.omniclient.plugin]  125: OmniHub: ThreadId(02) Hub encountered error. Trying to reconnect to Hub. retry_reason="Hub failed to launch: Io(\"child exited with exit status: 1 without writing file \\\"/tmp/hub-ubuntu-A30C6229.config.json\\\"\")"
2026-09-06T02:15:22.817131183Z 2026-09-06T02:15:21Z [1,136ms] [Warning] [carb.omniclient.plugin]  125: OmniHub: ThreadId(02) Hub encountered error. Trying to reconnect to Hub. retry_reason="Hub failed to launch: Io(\"child exited with exit status: 1 without writing file \\\"/tmp/hub-ubuntu-A30C6229.config.json\\\"\")"
2026-09-06T02:15:22.817133311Z 2026-09-06T02:15:22Z [1,288ms] [Warning] [carb.omniclient.plugin]  125: OmniHub: ThreadId(02) Hub encountered error. Trying to reconnect to Hub. retry_reason="Hub failed to launch: Io(\"child exited with exit status: 1 without writing file \\\"/tmp/hub-ubuntu-A30C6229.config.json\\\"\")"
2026-09-06T02:15:22.817143023Z 2026-09-06T02:15:22Z [1,449ms] [Warning] [carb.omniclient.plugin]  125: OmniHub: ThreadId(02) Hub encountered error. Trying to reconnect to Hub. retry_reason="Hub failed to launch: Io(\"child exited with exit status: 1 without writing file \\\"/tmp/hub-ubuntu-A30C6229.config.json\\\"\")"
2026-09-06T02:15:22.817145263Z 2026-09-06T02:15:22Z [1,622ms] [Warning] [carb.omniclient.plugin]  125: OmniHub: ThreadId(02) Hub encountered error. Trying to reconnect to Hub. retry_reason="Hub failed to launch: Io(\"child exited with exit status: 1 without writing file \\\"/tmp/hub-ubuntu-A30C6229.config.json\\\"\")"
2026-09-06T02:15:22.817147520Z 2026-09-06T02:15:22Z [1,804ms] [Warning] [carb.omniclient.plugin]  125: OmniHub: ThreadId(02) Hub encountered error. Trying to reconnect to Hub. retry_reason="Hub failed to launch: Io(\"child exited with exit status: 1 without writing file \\\"/tmp/hub-ubuntu-A30C6229.config.json\\\"\")"
2026-09-06T02:15:22.817149952Z 2026-09-06T02:15:22Z [1,995ms] [Warning] [carb.omniclient.plugin]  125: OmniHub: ThreadId(02) Hub encountered error. Trying to reconnect to Hub. retry_reason="Hub failed to launch: Io(\"child exited with exit status: 1 without writing file \\\"/tmp/hub-ubuntu-A30C6229.config.json\\\"\")"
2026-09-06T02:15:26.896550714Z 2026-09-06T02:15:23Z [2,198ms] [Warning] [carb.omniclient.plugin]  125: OmniHub: ThreadId(02) Hub encountered error. Trying to reconnect to Hub. retry_reason="Hub failed to launch: Io(\"child exited with exit status: 1 without writing file \\\"/tmp/hub-ubuntu-A30C6229.config.json\\\"\")"
2026-09-06T02:15:26.896601098Z 2026-09-06T02:15:23Z [2,410ms] [Warning] [carb.omniclient.plugin]  125: OmniHub: ThreadId(02) Hub encountered error. Trying to reconnect to Hub. retry_reason="Hub failed to launch: Io(\"child exited with exit status: 1 without writing file \\\"/tmp/hub-ubuntu-A30C6229.config.json\\\"\")"
2026-09-06T02:15:26.896604474Z 2026-09-06T02:15:23Z [2,632ms] [Warning] [carb.omniclient.plugin]  125: OmniHub: ThreadId(02) Hub encountered error. Trying to reconnect to Hub. retry_reason="Hub failed to launch: Io(\"child exited with exit status: 1 without writing file \\\"/tmp/hub-ubuntu-A30C6229.config.json\\\"\")"
2026-09-06T02:15:26.896607290Z 2026-09-06T02:15:23Z [2,864ms] [Warning] [carb.omniclient.plugin]  125: OmniHub: ThreadId(02) Hub encountered error. Trying to reconnect to Hub. retry_reason="Hub failed to launch: Io(\"child exited with exit status: 1 without writing file \\\"/tmp/hub-ubuntu-A30C6229.config.json\\\"\")"
2026-09-06T02:15:26.896609770Z 2026-09-06T02:15:23Z [3,107ms] [Warning] [carb.omniclient.plugin]  125: OmniHub: ThreadId(02) Hub encountered error. Trying to reconnect to Hub. retry_reason="Hub failed to launch: Io(\"child exited with exit status: 1 without writing file \\\"/tmp/hub-ubuntu-A30C6229.config.json\\\"\")"
2026-09-06T02:15:26.896612762Z 2026-09-06T02:15:24Z [3,359ms] [Warning] [carb.omniclient.plugin]  125: OmniHub: ThreadId(02) Hub encountered error. Trying to reconnect to Hub. retry_reason="Hub failed to launch: Io(\"child exited with exit status: 1 without writing file \\\"/tmp/hub-ubuntu-A30C6229.config.json\\\"\")"
2026-09-06T02:15:26.896615242Z 2026-09-06T02:15:24Z [3,620ms] [Warning] [carb.omniclient.plugin]  125: OmniHub: ThreadId(02) Hub encountered error. Trying to reconnect to Hub. retry_reason="Hub failed to launch: Io(\"child exited with exit status: 1 without writing file \\\"/tmp/hub-ubuntu-A30C6229.config.json\\\"\")"
2026-09-06T02:15:26.896645514Z 2026-09-06T02:15:24Z [3,891ms] [Warning] [carb.omniclient.plugin]  125: OmniHub: ThreadId(02) Hub encountered error. Trying to reconnect to Hub. retry_reason="Hub failed to launch: Io(\"child exited with exit status: 1 without writing file \\\"/tmp/hub-ubuntu-A30C6229.config.json\\\"\")"
2026-09-06T02:15:26.896648139Z 2026-09-06T02:15:24Z [4,174ms] [Warning] [carb.omniclient.plugin]  125: OmniHub: ThreadId(02) Hub encountered error. Trying to reconnect to Hub. retry_reason="Hub failed to launch: Io(\"child exited with exit status: 1 without writing file \\\"/tmp/hub-ubuntu-A30C6229.config.json\\\"\")"
2026-09-06T02:15:26.896650299Z 2026-09-06T02:15:25Z [4,466ms] [Warning] [carb.omniclient.plugin]  125: OmniHub: ThreadId(02) Hub encountered error. Trying to reconnect to Hub. retry_reason="Hub failed to launch: Io(\"child exited with exit status: 1 without writing file \\\"/tmp/hub-ubuntu-A30C6229.config.json\\\"\")"
2026-09-06T02:15:26.896652475Z 2026-09-06T02:15:25Z [4,768ms] [Warning] [carb.omniclient.plugin]  125: OmniHub: ThreadId(02) Hub encountered error. Trying to reconnect to Hub. retry_reason="Hub failed to launch: Io(\"child exited with exit status: 1 without writing file \\\"/tmp/hub-ubuntu-A30C6229.config.json\\\"\")"
2026-09-06T02:15:26.896654603Z 2026-09-06T02:15:25Z [5,080ms] [Warning] [carb.omniclient.plugin]  125: OmniHub: ThreadId(02) Hub encountered error. Trying to reconnect to Hub. retry_reason="Hub failed to launch: Io(\"child exited with exit status: 1 without writing file \\\"/tmp/hub-ubuntu-A30C6229.config.json\\\"\")"
2026-09-06T02:15:26.896656731Z 2026-09-06T02:15:26Z [5,401ms] [Warning] [carb.omniclient.plugin]  125: OmniHub: ThreadId(02) Hub encountered error. Trying to reconnect to Hub. retry_reason="Hub failed to launch: Io(\"child exited with exit status: 1 without writing file \\\"/tmp/hub-ubuntu-A30C6229.config.json\\\"\")"
2026-09-06T02:15:26.896658875Z 2026-09-06T02:15:26Z [5,733ms] [Warning] [carb.omniclient.plugin]  125: OmniHub: ThreadId(02) Hub encountered error. Trying to reconnect to Hub. retry_reason="Hub failed to launch: Io(\"child exited with exit status: 1 without writing file \\\"/tmp/hub-ubuntu-A30C6229.config.json\\\"\")"
2026-09-06T02:15:26.896661243Z 2026-09-06T02:15:26Z [6,075ms] [Warning] [carb.omniclient.plugin]  125: OmniHub: ThreadId(02) Hub encountered error. Trying to reconnect to Hub. retry_reason="Hub failed to launch: Io(\"child exited with exit status: 1 without writing file \\\"/tmp/hub-ubuntu-A30C6229.config.json\\\"\")"
2026-09-06T02:15:31.338167109Z WARNING: All log messages before absl::InitializeLog() is called are written to STDERR
2026-09-06T02:15:31.338212934Z E0000 00:00:1788660931.337960      26 descriptor_database.cc:633] File already exists in database: grpc/health/v1/health.proto
2026-09-06T02:15:31.338215734Z W0000 00:00:1788660931.338036      26 message.cc:301] Protobuf GeneratedMessageFactory: File is already registered: grpc/health/v1/health.proto
2026-09-06T02:15:34.143997117Z /workspace/isaaclab/_isaac_sim/kit/python/lib/python3.12/site-packages/torch/cuda/__init__.py:435: UserWarning: 
2026-09-06T02:15:34.144053390Z     Found GPU0 NVIDIA GB10 which is of cuda capability 12.1.
2026-09-06T02:15:34.144056398Z     Minimum and Maximum cuda capability supported by this version of PyTorch is
2026-09-06T02:15:34.144077230Z     (8.0) - (12.0)
2026-09-06T02:15:34.144079326Z     
2026-09-06T02:15:34.144081006Z   queued_call()
2026-09-06T02:15:34.147879038Z [ISAACLAB] AppLauncher initialization complete
2026-09-06T02:15:39.824533477Z [INFO]: Parsing configuration from: hexapod_rl.tasks.mkii_fourbar_v1:HexapodMkiiFourbarV1EnvCfg
2026-09-06T02:15:39.824581573Z [INFO]: Base environment:
2026-09-06T02:15:39.824584021Z 	Environment device    : cuda:0
2026-09-06T02:15:39.824586341Z 	Environment seed      : 0
2026-09-06T02:15:39.824588069Z 	Physics step-size     : 0.00125
2026-09-06T02:15:39.824589925Z 	Rendering step-size   : 0.02
2026-09-06T02:15:39.824591494Z 	Environment step-size : 0.02
2026-09-06T02:15:39.824593158Z [INFO]: Registered backend 'physx' for factory Articulation.
2026-09-06T02:15:40.012771956Z [INFO]: Registered backend 'physx' for factory ContactSensor.
2026-09-06T02:15:41.004626424Z [INFO]: Physics scene prim path: /physicsScene
2026-09-06T02:15:50.206821253Z [INFO]: Time taken for scene creation Last: 1.427859 s, Mean: 1.427859 s, Std: 0.000000 s, N: 1
2026-09-06T02:15:50.206862630Z [INFO]: Scene manager:  <class InteractiveScene>
2026-09-06T02:15:50.206865782Z 	Number of environments: 1
2026-09-06T02:15:50.206867862Z 	Environment spacing   : 2.0
2026-09-06T02:15:50.206869766Z 	Source prim name      : /World/envs/env_0
2026-09-06T02:15:50.206871430Z 	Global prim paths     : ['/World/ground']
2026-09-06T02:15:50.206873238Z 	Replicate physics     : True
2026-09-06T02:15:50.206875654Z [INFO]: Starting the simulation. This may take a few seconds. Please wait...
2026-09-06T02:15:50.206877510Z [INFO]: Simulation parameters for joints in /World/envs/env_.*/Robot:
2026-09-06T02:15:50.206879318Z +---------------------------------------------------------------------------------------------------------------------------------------------------------------------------+
2026-09-06T02:15:50.206881334Z |                                                     Simulation Joint Information (Prim path: /World/envs/env_.*/Robot)                                                    |
2026-09-06T02:15:50.206883350Z +-------+----------------------+-----------+---------+----------+-----------------+------------------+------------------+-----------------+-----------------+---------------+
2026-09-06T02:15:50.206885414Z | Index | Name                 | Stiffness | Damping | Armature | Static Friction | Dynamic Friction | Viscous Friction | Position Limits | Velocity Limits | Effort Limits |
2026-09-06T02:15:50.206887398Z +-------+----------------------+-----------+---------+----------+-----------------+------------------+------------------+-----------------+-----------------+---------------+
2026-09-06T02:15:50.206889302Z |   0   | lf_coxa_yaw          |   0.000   |  0.000  |  0.001   |      0.010      |      0.010       |      0.002       | [-0.873, 0.873] |      50.265     |     5.500     |
2026-09-06T02:15:50.206915126Z |   1   | lm_coxa_yaw          |   0.000   |  0.000  |  0.001   |      0.010      |      0.010       |      0.002       | [-0.873, 0.873] |      50.265     |     5.500     |
2026-09-06T02:15:50.206917238Z |   2   | lr_coxa_yaw          |   0.000   |  0.000  |  0.001   |      0.010      |      0.010       |      0.002       | [-0.873, 0.873] |      50.265     |     5.500     |
2026-09-06T02:15:50.206919062Z |   3   | rf_coxa_yaw          |   0.000   |  0.000  |  0.001   |      0.010      |      0.010       |      0.002       | [-0.873, 0.873] |      50.265     |     5.500     |
2026-09-06T02:15:50.206922374Z |   4   | rm_coxa_yaw          |   0.000   |  0.000  |  0.001   |      0.010      |      0.010       |      0.002       | [-0.873, 0.873] |      50.265     |     5.500     |
2026-09-06T02:15:50.206924230Z |   5   | rr_coxa_yaw          |   0.000   |  0.000  |  0.001   |      0.010      |      0.010       |      0.002       | [-0.873, 0.873] |      50.265     |     5.500     |
2026-09-06T02:15:50.206926118Z |   6   | lf_femur_pitch       |   0.000   |  0.000  |  0.001   |      0.010      |      0.010       |      0.002       | [-1.745, 0.550] |      50.265     |     5.500     |
2026-09-06T02:15:50.206927958Z |   7   | lm_femur_pitch       |   0.000   |  0.000  |  0.001   |      0.010      |      0.010       |      0.002       | [-1.745, 0.550] |      50.265     |     5.500     |
2026-09-06T02:15:50.206929782Z |   8   | lr_femur_pitch       |   0.000   |  0.000  |  0.001   |      0.010      |      0.010       |      0.002       | [-1.745, 0.550] |      50.265     |     5.500     |
2026-09-06T02:15:50.206931606Z |   9   | rf_femur_pitch       |   0.000   |  0.000  |  0.001   |      0.010      |      0.010       |      0.002       | [-1.745, 0.550] |      50.265     |     5.500     |
2026-09-06T02:15:50.206933558Z |   10  | rm_femur_pitch       |   0.000   |  0.000  |  0.001   |      0.010      |      0.010       |      0.002       | [-1.745, 0.550] |      50.265     |     5.500     |
2026-09-06T02:15:50.206935286Z |   11  | rr_femur_pitch       |   0.000   |  0.000  |  0.001   |      0.010      |      0.010       |      0.002       | [-1.745, 0.550] |      50.265     |     5.500     |
2026-09-06T02:15:50.206937190Z |   12  | lf_tibia_lever_pivot |   0.000   |  0.000  |  0.001   |      0.010      |      0.010       |      0.002       | [-0.978, 1.722] |      50.265     |     5.500     |
2026-09-06T02:15:50.206938982Z |   13  | lf_tibia_pitch       |   0.000   |  0.000  |  0.000   |      0.000      |      0.000       |      0.000       | [-0.978, 1.722] |     1.7e+04     |     0.000     |
2026-09-06T02:15:50.206940806Z |   14  | lm_tibia_lever_pivot |   0.000   |  0.000  |  0.001   |      0.010      |      0.010       |      0.002       | [-0.990, 1.710] |      50.265     |     5.500     |
2026-09-06T02:15:50.206942870Z |   15  | lm_tibia_pitch       |   0.000   |  0.000  |  0.000   |      0.000      |      0.000       |      0.000       | [-0.990, 1.710] |     1.7e+04     |     0.000     |
2026-09-06T02:15:50.206944726Z |   16  | lr_tibia_lever_pivot |   0.000   |  0.000  |  0.001   |      0.010      |      0.010       |      0.002       | [-0.971, 1.729] |      50.265     |     5.500     |
2026-09-06T02:15:50.206946502Z |   17  | lr_tibia_pitch       |   0.000   |  0.000  |  0.000   |      0.000      |      0.000       |      0.000       | [-0.971, 1.729] |     1.7e+04     |     0.000     |
2026-09-06T02:15:50.206951142Z |   18  | rf_tibia_lever_pivot |   0.000   |  0.000  |  0.001   |      0.010      |      0.010       |      0.002       | [-0.950, 1.750] |      50.265     |     5.500     |
2026-09-06T02:15:50.206953110Z |   19  | rf_tibia_pitch       |   0.000   |  0.000  |  0.000   |      0.000      |      0.000       |      0.000       | [-0.950, 1.750] |     1.7e+04     |     0.000     |
2026-09-06T02:15:50.206954886Z |   20  | rm_tibia_lever_pivot |   0.000   |  0.000  |  0.001   |      0.010      |      0.010       |      0.002       | [-0.913, 1.787] |      50.265     |     5.500     |
2026-09-06T02:15:50.206956710Z |   21  | rm_tibia_pitch       |   0.000   |  0.000  |  0.000   |      0.000      |      0.000       |      0.000       | [-0.913, 1.787] |     1.7e+04     |     0.000     |
2026-09-06T02:15:50.206958502Z |   22  | rr_tibia_lever_pivot |   0.000   |  0.000  |  0.001   |      0.010      |      0.010       |      0.002       | [-0.950, 1.750] |      50.265     |     5.500     |
2026-09-06T02:15:50.206960311Z |   23  | rr_tibia_pitch       |   0.000   |  0.000  |  0.000   |      0.000      |      0.000       |      0.000       | [-0.950, 1.750] |     1.7e+04     |     0.000     |
2026-09-06T02:15:50.206962103Z |   24  | lf_tibia_rod_pivot   |   0.000   |  0.000  |  0.000   |      0.000      |      0.000       |      0.000       | [-1.722, 0.978] |     1.7e+04     |     0.000     |
2026-09-06T02:15:50.206963815Z |   25  | lm_tibia_rod_pivot   |   0.000   |  0.000  |  0.000   |      0.000      |      0.000       |      0.000       | [-1.710, 0.990] |     1.7e+04     |     0.000     |
2026-09-06T02:15:50.206965623Z |   26  | lr_tibia_rod_pivot   |   0.000   |  0.000  |  0.000   |      0.000      |      0.000       |      0.000       | [-1.729, 0.971] |     1.7e+04     |     0.000     |
2026-09-06T02:15:50.206967543Z |   27  | rf_tibia_rod_pivot   |   0.000   |  0.000  |  0.000   |      0.000      |      0.000       |      0.000       | [-1.750, 0.950] |     1.7e+04     |     0.000     |
2026-09-06T02:15:50.206969479Z |   28  | rm_tibia_rod_pivot   |   0.000   |  0.000  |  0.000   |      0.000      |      0.000       |      0.000       | [-1.787, 0.913] |     1.7e+04     |     0.000     |
2026-09-06T02:15:50.206971223Z |   29  | rr_tibia_rod_pivot   |   0.000   |  0.000  |  0.000   |      0.000      |      0.000       |      0.000       | [-1.750, 0.950] |     1.7e+04     |     0.000     |
2026-09-06T02:15:50.206973047Z +-------+----------------------+-----------+---------+----------+-----------------+------------------+------------------+-----------------+-----------------+---------------+
2026-09-06T02:15:58.690253632Z [INFO]: Time taken for simulation start Last: 9.583584 s, Mean: 9.583584 s, Std: 0.000000 s, N: 1
2026-09-06T02:15:58.690307169Z [INFO]: Completed setting up the environment...
2026-09-06T02:15:58.690313185Z FOURBAR_STANDING step=1/100 metrics={"substeps": 16, "height_sum": 2.2760376930236816, "min_height_m": 0.14100608229637146, "max_applied_nm": 2.222236283877521e-11, "max_demand_nm": 2.222236283877521e-11, "max_closure_point_m": 8.940696716308594e-08, "max_closure_axis_chord": 2.677412567209103e-07, "min_nonfoot_clearance_m": 0.02827128767967224, "nonfoot_contact_env_substeps": 0.0, "min_support": 0.0, "max_envelope_excess_nm": 0.0, "max_continuous_excess_nm": 0.0, "min_burst_headroom": 0.5000417232513428, "invalid_samples": 0.0, "max_passive_relation_error_rad": 0.0, "max_passive_velocity_relation_error_rad_s": 3.899820136959997e-12, "passive_velocity_relation_squared_sum": 3.5787319497351804e-22, "max_closure_relative_point_velocity_m_s": 1.0299980269731779e-13, "closure_relative_point_velocity_squared_norm_sum": 2.5641631413784267e-25, "mean_height_m": 0.1422523558139801, "passive_velocity_relation_samples": 192, "closure_relative_point_velocity_samples": 96, "rms_passive_velocity_relation_error_rad_s": 1.3652556136076032e-12, "rms_closure_relative_point_velocity_m_s": 5.168174989557914e-14}
2026-09-06T02:17:38.348765668Z FOURBAR_STANDING step=100/100 metrics={"substeps": 1280, "height_sum": 173.7154103219509, "min_height_m": 0.1357119083404541, "max_applied_nm": 0.7012261152267456, "max_demand_nm": 0.7012261152267456, "max_closure_point_m": 6.743907192685583e-07, "max_closure_axis_chord": 6.493439741461771e-07, "min_nonfoot_clearance_m": 0.0253688246011734, "nonfoot_contact_env_substeps": 0.0, "min_support": 6, "max_envelope_excess_nm": 0.0, "max_continuous_excess_nm": 0.0, "min_burst_headroom": 0.5007005333900452, "invalid_samples": 0.0, "max_passive_relation_error_rad": 1.1742115020751953e-05, "max_passive_velocity_relation_error_rad_s": 0.019164562225341797, "passive_velocity_relation_squared_sum": 0.01592972604102916, "max_closure_relative_point_velocity_m_s": 0.0016231280751526356, "closure_relative_point_velocity_squared_norm_sum": 5.281042504993396e-05, "mean_height_m": 0.13571516431402414, "passive_velocity_relation_samples": 15360, "closure_relative_point_velocity_samples": 7680, "rms_passive_velocity_relation_error_rad_s": 0.0010183769140792139, "rms_closure_relative_point_velocity_m_s": 8.29238049559764e-05}
2026-09-06T02:17:38.363192527Z FOURBAR_VALIDATION_RESULT pass=True errors=[]
2026-09-06T02:17:38.847787380Z [INFO]: SimulationContext cleared
2026-09-06T02:17:38.896983687Z 2026-09-06T02:15:27Z [6,426ms] [Warning] [carb.omniclient.plugin]  125: OmniHub: ThreadId(02) Hub encountered error. Trying to reconnect to Hub. retry_reason="Hub failed to launch: Io(\"child exited with exit status: 1 without writing file \\\"/tmp/hub-ubuntu-A30C6229.config.json\\\"\")"
2026-09-06T02:17:38.897255977Z 2026-09-06T02:15:27Z [6,789ms] [Warning] [carb.omniclient.plugin]  125: OmniHub: ThreadId(02) Hub encountered error. Trying to reconnect to Hub. retry_reason="Hub failed to launch: Io(\"child exited with exit status: 1 without writing file \\\"/tmp/hub-ubuntu-A30C6229.config.json\\\"\")"
2026-09-06T02:17:38.897269689Z 2026-09-06T02:15:27Z [7,160ms] [Warning] [carb.omniclient.plugin]  125: OmniHub: ThreadId(02) Hub encountered error. Trying to reconnect to Hub. retry_reason="Hub failed to launch: Io(\"child exited with exit status: 1 without writing file \\\"/tmp/hub-ubuntu-A30C6229.config.json\\\"\")"
2026-09-06T02:17:38.897273417Z 2026-09-06T02:15:28Z [7,543ms] [Warning] [carb.omniclient.plugin]  125: OmniHub: ThreadId(02) Hub encountered error. Trying to reconnect to Hub. retry_reason="Hub failed to launch: Io(\"child exited with exit status: 1 without writing file \\\"/tmp/hub-ubuntu-A30C6229.config.json\\\"\")"
2026-09-06T02:17:38.897276377Z 2026-09-06T02:15:28Z [7,934ms] [Warning] [carb.omniclient.plugin]  125: OmniHub: ThreadId(02) Hub encountered error. Trying to reconnect to Hub. retry_reason="Hub failed to launch: Io(\"child exited with exit status: 1 without writing file \\\"/tmp/hub-ubuntu-A30C6229.config.json\\\"\")"
2026-09-06T02:17:38.897279513Z 2026-09-06T02:15:29Z [8,335ms] [Warning] [carb.omniclient.plugin]  125: OmniHub: ThreadId(02) Hub encountered error. Trying to reconnect to Hub. retry_reason="Hub failed to launch: Io(\"child exited with exit status: 1 without writing file \\\"/tmp/hub-ubuntu-A30C6229.config.json\\\"\")"
2026-09-06T02:17:38.897304153Z 2026-09-06T02:15:29Z [8,748ms] [Warning] [carb.omniclient.plugin]  125: OmniHub: ThreadId(02) Hub encountered error. Trying to reconnect to Hub. retry_reason="Hub failed to launch: Io(\"child exited with exit status: 1 without writing file \\\"/tmp/hub-ubuntu-A30C6229.config.json\\\"\")"
2026-09-06T02:17:38.897309433Z 2026-09-06T02:15:29Z [9,169ms] [Warning] [carb.omniclient.plugin]  125: OmniHub: ThreadId(02) Hub encountered error. Trying to reconnect to Hub. retry_reason="Hub failed to launch: Io(\"child exited with exit status: 1 without writing file \\\"/tmp/hub-ubuntu-A30C6229.config.json\\\"\")"
2026-09-06T02:17:38.897312201Z 2026-09-06T02:15:30Z [9,602ms] [Warning] [carb.omniclient.plugin]  125: OmniHub: ThreadId(02) Hub encountered error. Trying to reconnect to Hub. retry_reason="Hub failed to launch: Io(\"child exited with exit status: 1 without writing file \\\"/tmp/hub-ubuntu-A30C6229.config.json\\\"\")"
2026-09-06T02:17:38.897314409Z 2026-09-06T02:15:30Z [10,043ms] [Warning] [carb.omniclient.plugin]  125: OmniHub: ThreadId(02) Hub encountered error. Trying to reconnect to Hub. retry_reason="Hub failed to launch: Io(\"child exited with exit status: 1 without writing file \\\"/tmp/hub-ubuntu-A30C6229.config.json\\\"\")"
2026-09-06T02:17:38.897316601Z 2026-09-06T02:15:31Z [10,577ms] [Warning] [omni.usd_config.extension] Enable omni.materialx.libs extension to use MaterialX
2026-09-06T02:17:38.897318425Z 2026-09-06T02:15:42Z [21,670ms] [Warning] [usdrt.population.plugin] Last global time was not created. Did you call setEnableUsdNoticeHandling?
2026-09-06T02:17:38.897320137Z 2026-09-06T02:15:42Z [21,675ms] [Warning] [omni.physx.plugin] Detected an articulation at /World/envs/env_0/Robot/Geometry/body with more than 4 velocity iterations being added to a TGS scene.The related behavior changed recently, please consult the changelog. This warning will only print once.
2026-09-06T02:17:38.897322217Z 2026-09-06T02:15:50Z [29,375ms] [Warning] [isaaclab_physx.assets.articulation.articulation] Not all actuators are configured! Total number of actuated joints not equal to number of joints available: 18 != 30.
