2026-09-05T21:15:19.720423127Z Loading user config located at: '/isaac-sim/kit/data/Kit/IsaacLab/3.0/user.config.json'
2026-09-05T21:15:19.720502728Z 2026-09-05T21:15:17Z [0ms] [Warning] [omni.ext.plugin] [ext: isaaclab_visualizers] Extensions config 'extension.toml' doesn't exist '/workspace/isaaclab/source/isaaclab_visualizers' or '/workspace/isaaclab/source/isaaclab_visualizers/config'
2026-09-05T21:15:19.720507784Z 2026-09-05T21:15:18Z [114ms] [Warning] [carb.omniclient.plugin]  118: OmniHub: ThreadId(02) Hub encountered error. Trying to reconnect to Hub. retry_reason="Hub failed to launch: Io(\"child exited with exit status: 1 without writing file \\\"/tmp/hub-ubuntu-57F94BB3.config.json\\\"\")"
2026-09-05T21:15:19.720510712Z 2026-09-05T21:15:18Z [186ms] [Warning] [carb.omniclient.plugin]  118: OmniHub: ThreadId(02) Hub encountered error. Trying to reconnect to Hub. retry_reason="Hub failed to launch: Io(\"child exited with exit status: 1 without writing file \\\"/tmp/hub-ubuntu-57F94BB3.config.json\\\"\")"
2026-09-05T21:15:19.720513160Z 2026-09-05T21:15:18Z [268ms] [Warning] [carb.omniclient.plugin]  118: OmniHub: ThreadId(02) Hub encountered error. Trying to reconnect to Hub. retry_reason="Hub failed to launch: Io(\"child exited with exit status: 1 without writing file \\\"/tmp/hub-ubuntu-57F94BB3.config.json\\\"\")"
2026-09-05T21:15:19.720515400Z 2026-09-05T21:15:18Z [360ms] [Warning] [carb.omniclient.plugin]  118: OmniHub: ThreadId(02) Hub encountered error. Trying to reconnect to Hub. retry_reason="Hub failed to launch: Io(\"child exited with exit status: 1 without writing file \\\"/tmp/hub-ubuntu-57F94BB3.config.json\\\"\")"
2026-09-05T21:15:19.720517544Z 2026-09-05T21:15:18Z [463ms] [Warning] [carb.omniclient.plugin]  118: OmniHub: ThreadId(02) Hub encountered error. Trying to reconnect to Hub. retry_reason="Hub failed to launch: Io(\"child exited with exit status: 1 without writing file \\\"/tmp/hub-ubuntu-57F94BB3.config.json\\\"\")"
2026-09-05T21:15:19.720521368Z 2026-09-05T21:15:18Z [575ms] [Warning] [carb.omniclient.plugin]  118: OmniHub: ThreadId(02) Hub encountered error. Trying to reconnect to Hub. retry_reason="Hub failed to launch: Io(\"child exited with exit status: 1 without writing file \\\"/tmp/hub-ubuntu-57F94BB3.config.json\\\"\")"
2026-09-05T21:15:19.720523576Z 2026-09-05T21:15:18Z [697ms] [Warning] [carb.omniclient.plugin]  118: OmniHub: ThreadId(02) Hub encountered error. Trying to reconnect to Hub. retry_reason="Hub failed to launch: Io(\"child exited with exit status: 1 without writing file \\\"/tmp/hub-ubuntu-57F94BB3.config.json\\\"\")"
2026-09-05T21:15:19.720525688Z 2026-09-05T21:15:18Z [829ms] [Warning] [carb.omniclient.plugin]  118: OmniHub: ThreadId(02) Hub encountered error. Trying to reconnect to Hub. retry_reason="Hub failed to launch: Io(\"child exited with exit status: 1 without writing file \\\"/tmp/hub-ubuntu-57F94BB3.config.json\\\"\")"
2026-09-05T21:15:19.720527816Z 2026-09-05T21:15:18Z [970ms] [Warning] [carb.omniclient.plugin]  118: OmniHub: ThreadId(02) Hub encountered error. Trying to reconnect to Hub. retry_reason="Hub failed to launch: Io(\"child exited with exit status: 1 without writing file \\\"/tmp/hub-ubuntu-57F94BB3.config.json\\\"\")"
2026-09-05T21:15:19.720529912Z 2026-09-05T21:15:19Z [1,122ms] [Warning] [carb.omniclient.plugin]  118: OmniHub: ThreadId(02) Hub encountered error. Trying to reconnect to Hub. retry_reason="Hub failed to launch: Io(\"child exited with exit status: 1 without writing file \\\"/tmp/hub-ubuntu-57F94BB3.config.json\\\"\")"
2026-09-05T21:15:19.720537912Z 2026-09-05T21:15:19Z [1,284ms] [Warning] [carb.omniclient.plugin]  118: OmniHub: ThreadId(02) Hub encountered error. Trying to reconnect to Hub. retry_reason="Hub failed to launch: Io(\"child exited with exit status: 1 without writing file \\\"/tmp/hub-ubuntu-57F94BB3.config.json\\\"\")"
2026-09-05T21:15:19.720540136Z 2026-09-05T21:15:19Z [1,456ms] [Warning] [carb.omniclient.plugin]  118: OmniHub: ThreadId(02) Hub encountered error. Trying to reconnect to Hub. retry_reason="Hub failed to launch: Io(\"child exited with exit status: 1 without writing file \\\"/tmp/hub-ubuntu-57F94BB3.config.json\\\"\")"
2026-09-05T21:15:19.720542552Z 2026-09-05T21:15:19Z [1,638ms] [Warning] [carb.omniclient.plugin]  118: OmniHub: ThreadId(02) Hub encountered error. Trying to reconnect to Hub. retry_reason="Hub failed to launch: Io(\"child exited with exit status: 1 without writing file \\\"/tmp/hub-ubuntu-57F94BB3.config.json\\\"\")"
2026-09-05T21:15:19.720545160Z 2026-09-05T21:15:19Z [1,830ms] [Warning] [carb.omniclient.plugin]  118: OmniHub: ThreadId(02) Hub encountered error. Trying to reconnect to Hub. retry_reason="Hub failed to launch: Io(\"child exited with exit status: 1 without writing file \\\"/tmp/hub-ubuntu-57F94BB3.config.json\\\"\")"
2026-09-05T21:15:23.799904338Z 2026-09-05T21:15:19Z [2,032ms] [Warning] [carb.omniclient.plugin]  118: OmniHub: ThreadId(02) Hub encountered error. Trying to reconnect to Hub. retry_reason="Hub failed to launch: Io(\"child exited with exit status: 1 without writing file \\\"/tmp/hub-ubuntu-57F94BB3.config.json\\\"\")"
2026-09-05T21:15:23.799948898Z 2026-09-05T21:15:20Z [2,243ms] [Warning] [carb.omniclient.plugin]  118: OmniHub: ThreadId(02) Hub encountered error. Trying to reconnect to Hub. retry_reason="Hub failed to launch: Io(\"child exited with exit status: 1 without writing file \\\"/tmp/hub-ubuntu-57F94BB3.config.json\\\"\")"
2026-09-05T21:15:23.799952562Z 2026-09-05T21:15:20Z [2,465ms] [Warning] [carb.omniclient.plugin]  118: OmniHub: ThreadId(02) Hub encountered error. Trying to reconnect to Hub. retry_reason="Hub failed to launch: Io(\"child exited with exit status: 1 without writing file \\\"/tmp/hub-ubuntu-57F94BB3.config.json\\\"\")"
2026-09-05T21:15:23.799955314Z 2026-09-05T21:15:20Z [2,697ms] [Warning] [carb.omniclient.plugin]  118: OmniHub: ThreadId(02) Hub encountered error. Trying to reconnect to Hub. retry_reason="Hub failed to launch: Io(\"child exited with exit status: 1 without writing file \\\"/tmp/hub-ubuntu-57F94BB3.config.json\\\"\")"
2026-09-05T21:15:23.799957874Z 2026-09-05T21:15:20Z [2,939ms] [Warning] [carb.omniclient.plugin]  118: OmniHub: ThreadId(02) Hub encountered error. Trying to reconnect to Hub. retry_reason="Hub failed to launch: Io(\"child exited with exit status: 1 without writing file \\\"/tmp/hub-ubuntu-57F94BB3.config.json\\\"\")"
2026-09-05T21:15:23.799960194Z 2026-09-05T21:15:21Z [3,191ms] [Warning] [carb.omniclient.plugin]  118: OmniHub: ThreadId(02) Hub encountered error. Trying to reconnect to Hub. retry_reason="Hub failed to launch: Io(\"child exited with exit status: 1 without writing file \\\"/tmp/hub-ubuntu-57F94BB3.config.json\\\"\")"
2026-09-05T21:15:23.799963586Z 2026-09-05T21:15:21Z [3,453ms] [Warning] [carb.omniclient.plugin]  118: OmniHub: ThreadId(02) Hub encountered error. Trying to reconnect to Hub. retry_reason="Hub failed to launch: Io(\"child exited with exit status: 1 without writing file \\\"/tmp/hub-ubuntu-57F94BB3.config.json\\\"\")"
2026-09-05T21:15:23.799983362Z 2026-09-05T21:15:21Z [3,725ms] [Warning] [carb.omniclient.plugin]  118: OmniHub: ThreadId(02) Hub encountered error. Trying to reconnect to Hub. retry_reason="Hub failed to launch: Io(\"child exited with exit status: 1 without writing file \\\"/tmp/hub-ubuntu-57F94BB3.config.json\\\"\")"
2026-09-05T21:15:23.799985746Z 2026-09-05T21:15:21Z [4,007ms] [Warning] [carb.omniclient.plugin]  118: OmniHub: ThreadId(02) Hub encountered error. Trying to reconnect to Hub. retry_reason="Hub failed to launch: Io(\"child exited with exit status: 1 without writing file \\\"/tmp/hub-ubuntu-57F94BB3.config.json\\\"\")"
2026-09-05T21:15:23.799987922Z 2026-09-05T21:15:22Z [4,299ms] [Warning] [carb.omniclient.plugin]  118: OmniHub: ThreadId(02) Hub encountered error. Trying to reconnect to Hub. retry_reason="Hub failed to launch: Io(\"child exited with exit status: 1 without writing file \\\"/tmp/hub-ubuntu-57F94BB3.config.json\\\"\")"
2026-09-05T21:15:23.799990002Z 2026-09-05T21:15:22Z [4,601ms] [Warning] [carb.omniclient.plugin]  118: OmniHub: ThreadId(02) Hub encountered error. Trying to reconnect to Hub. retry_reason="Hub failed to launch: Io(\"child exited with exit status: 1 without writing file \\\"/tmp/hub-ubuntu-57F94BB3.config.json\\\"\")"
2026-09-05T21:15:23.799992082Z 2026-09-05T21:15:22Z [4,913ms] [Warning] [carb.omniclient.plugin]  118: OmniHub: ThreadId(02) Hub encountered error. Trying to reconnect to Hub. retry_reason="Hub failed to launch: Io(\"child exited with exit status: 1 without writing file \\\"/tmp/hub-ubuntu-57F94BB3.config.json\\\"\")"
2026-09-05T21:15:23.799994146Z 2026-09-05T21:15:23Z [5,235ms] [Warning] [carb.omniclient.plugin]  118: OmniHub: ThreadId(02) Hub encountered error. Trying to reconnect to Hub. retry_reason="Hub failed to launch: Io(\"child exited with exit status: 1 without writing file \\\"/tmp/hub-ubuntu-57F94BB3.config.json\\\"\")"
2026-09-05T21:15:23.799996322Z 2026-09-05T21:15:23Z [5,567ms] [Warning] [carb.omniclient.plugin]  118: OmniHub: ThreadId(02) Hub encountered error. Trying to reconnect to Hub. retry_reason="Hub failed to launch: Io(\"child exited with exit status: 1 without writing file \\\"/tmp/hub-ubuntu-57F94BB3.config.json\\\"\")"
2026-09-05T21:15:23.799998530Z 2026-09-05T21:15:23Z [5,910ms] [Warning] [carb.omniclient.plugin]  118: OmniHub: ThreadId(02) Hub encountered error. Trying to reconnect to Hub. retry_reason="Hub failed to launch: Io(\"child exited with exit status: 1 without writing file \\\"/tmp/hub-ubuntu-57F94BB3.config.json\\\"\")"
2026-09-05T21:15:28.229028777Z WARNING: All log messages before absl::InitializeLog() is called are written to STDERR
2026-09-05T21:15:28.229067882Z E0000 00:00:1788642928.228637      26 descriptor_database.cc:633] File already exists in database: grpc/health/v1/health.proto
2026-09-05T21:15:28.229070906Z W0000 00:00:1788642928.228667      26 message.cc:301] Protobuf GeneratedMessageFactory: File is already registered: grpc/health/v1/health.proto
2026-09-05T21:15:29.497364512Z /workspace/isaaclab/_isaac_sim/kit/python/lib/python3.12/site-packages/torch/cuda/__init__.py:435: UserWarning: 
2026-09-05T21:15:29.497411024Z     Found GPU0 NVIDIA GB10 which is of cuda capability 12.1.
2026-09-05T21:15:29.497413632Z     Minimum and Maximum cuda capability supported by this version of PyTorch is
2026-09-05T21:15:29.497446497Z     (8.0) - (12.0)
2026-09-05T21:15:29.497448385Z     
2026-09-05T21:15:29.497450129Z   queued_call()
2026-09-05T21:15:29.498877229Z [ISAACLAB] AppLauncher initialization complete
2026-09-05T21:15:30.618808814Z [INFO]: Parsing configuration from: hexapod_rl.tasks.mkii_fourbar_v1:HexapodMkiiFourbarV1EnvCfg
2026-09-05T21:15:30.618846526Z [INFO]: Base environment:
2026-09-05T21:15:30.618849070Z 	Environment device    : cuda:0
2026-09-05T21:15:30.618852126Z 	Environment seed      : 0
2026-09-05T21:15:30.618854046Z 	Physics step-size     : 0.00125
2026-09-05T21:15:30.618855694Z 	Rendering step-size   : 0.02
2026-09-05T21:15:30.618857550Z 	Environment step-size : 0.02
2026-09-05T21:15:30.618859262Z [INFO]: Registered backend 'physx' for factory Articulation.
2026-09-05T21:15:30.706821281Z [INFO]: Registered backend 'physx' for factory ContactSensor.
2026-09-05T21:15:31.724281670Z [INFO]: Physics scene prim path: /physicsScene
2026-09-05T21:15:36.837387723Z [INFO]: Time taken for scene creation Last: 1.231833 s, Mean: 1.231833 s, Std: 0.000000 s, N: 1
2026-09-05T21:15:36.837432172Z [INFO]: Scene manager:  <class InteractiveScene>
2026-09-05T21:15:36.837435516Z 	Number of environments: 2
2026-09-05T21:15:36.837437500Z 	Environment spacing   : 2.0
2026-09-05T21:15:36.837439564Z 	Source prim name      : /World/envs/env_0
2026-09-05T21:15:36.837441260Z 	Global prim paths     : ['/World/ground']
2026-09-05T21:15:36.837442844Z 	Replicate physics     : True
2026-09-05T21:15:36.837444556Z [INFO]: Starting the simulation. This may take a few seconds. Please wait...
2026-09-05T21:15:36.837446268Z [INFO]: Simulation parameters for joints in /World/envs/env_.*/Robot:
2026-09-05T21:15:36.837447932Z +---------------------------------------------------------------------------------------------------------------------------------------------------------------------------+
2026-09-05T21:15:36.837449932Z |                                                     Simulation Joint Information (Prim path: /World/envs/env_.*/Robot)                                                    |
2026-09-05T21:15:36.837452188Z +-------+----------------------+-----------+---------+----------+-----------------+------------------+------------------+-----------------+-----------------+---------------+
2026-09-05T21:15:36.837455004Z | Index | Name                 | Stiffness | Damping | Armature | Static Friction | Dynamic Friction | Viscous Friction | Position Limits | Velocity Limits | Effort Limits |
2026-09-05T21:15:36.837456988Z +-------+----------------------+-----------+---------+----------+-----------------+------------------+------------------+-----------------+-----------------+---------------+
2026-09-05T21:15:36.837458940Z |   0   | lf_coxa_yaw          |   0.000   |  0.000  |  0.001   |      0.010      |      0.010       |      0.002       | [-0.873, 0.873] |      50.265     |     5.500     |
2026-09-05T21:15:36.837479420Z |   1   | lm_coxa_yaw          |   0.000   |  0.000  |  0.001   |      0.010      |      0.010       |      0.002       | [-0.873, 0.873] |      50.265     |     5.500     |
2026-09-05T21:15:36.837481420Z |   2   | lr_coxa_yaw          |   0.000   |  0.000  |  0.001   |      0.010      |      0.010       |      0.002       | [-0.873, 0.873] |      50.265     |     5.500     |
2026-09-05T21:15:36.837483196Z |   3   | rf_coxa_yaw          |   0.000   |  0.000  |  0.001   |      0.010      |      0.010       |      0.002       | [-0.873, 0.873] |      50.265     |     5.500     |
2026-09-05T21:15:36.837486348Z |   4   | rm_coxa_yaw          |   0.000   |  0.000  |  0.001   |      0.010      |      0.010       |      0.002       | [-0.873, 0.873] |      50.265     |     5.500     |
2026-09-05T21:15:36.837488172Z |   5   | rr_coxa_yaw          |   0.000   |  0.000  |  0.001   |      0.010      |      0.010       |      0.002       | [-0.873, 0.873] |      50.265     |     5.500     |
2026-09-05T21:15:36.837489948Z |   6   | lf_femur_pitch       |   0.000   |  0.000  |  0.001   |      0.010      |      0.010       |      0.002       | [-1.745, 0.550] |      50.265     |     5.500     |
2026-09-05T21:15:36.837491692Z |   7   | lm_femur_pitch       |   0.000   |  0.000  |  0.001   |      0.010      |      0.010       |      0.002       | [-1.745, 0.550] |      50.265     |     5.500     |
2026-09-05T21:15:36.837493500Z |   8   | lr_femur_pitch       |   0.000   |  0.000  |  0.001   |      0.010      |      0.010       |      0.002       | [-1.745, 0.550] |      50.265     |     5.500     |
2026-09-05T21:15:36.837495292Z |   9   | rf_femur_pitch       |   0.000   |  0.000  |  0.001   |      0.010      |      0.010       |      0.002       | [-1.745, 0.550] |      50.265     |     5.500     |
2026-09-05T21:15:36.837497020Z |   10  | rm_femur_pitch       |   0.000   |  0.000  |  0.001   |      0.010      |      0.010       |      0.002       | [-1.745, 0.550] |      50.265     |     5.500     |
2026-09-05T21:15:36.837498796Z |   11  | rr_femur_pitch       |   0.000   |  0.000  |  0.001   |      0.010      |      0.010       |      0.002       | [-1.745, 0.550] |      50.265     |     5.500     |
2026-09-05T21:15:36.837500540Z |   12  | lf_tibia_lever_pivot |   0.000   |  0.000  |  0.001   |      0.010      |      0.010       |      0.002       | [-0.978, 1.722] |      50.265     |     5.500     |
2026-09-05T21:15:36.837502332Z |   13  | lf_tibia_pitch       |   0.000   |  0.000  |  0.000   |      0.000      |      0.000       |      0.000       | [-0.978, 1.722] |     1.7e+04     |     0.000     |
2026-09-05T21:15:36.837504108Z |   14  | lm_tibia_lever_pivot |   0.000   |  0.000  |  0.001   |      0.010      |      0.010       |      0.002       | [-0.990, 1.710] |      50.265     |     5.500     |
2026-09-05T21:15:36.837506188Z |   15  | lm_tibia_pitch       |   0.000   |  0.000  |  0.000   |      0.000      |      0.000       |      0.000       | [-0.990, 1.710] |     1.7e+04     |     0.000     |
2026-09-05T21:15:36.837508140Z |   16  | lr_tibia_lever_pivot |   0.000   |  0.000  |  0.001   |      0.010      |      0.010       |      0.002       | [-0.971, 1.729] |      50.265     |     5.500     |
2026-09-05T21:15:36.837509884Z |   17  | lr_tibia_pitch       |   0.000   |  0.000  |  0.000   |      0.000      |      0.000       |      0.000       | [-0.971, 1.729] |     1.7e+04     |     0.000     |
2026-09-05T21:15:36.837514124Z |   18  | rf_tibia_lever_pivot |   0.000   |  0.000  |  0.001   |      0.010      |      0.010       |      0.002       | [-0.950, 1.750] |      50.265     |     5.500     |
2026-09-05T21:15:36.837516140Z |   19  | rf_tibia_pitch       |   0.000   |  0.000  |  0.000   |      0.000      |      0.000       |      0.000       | [-0.950, 1.750] |     1.7e+04     |     0.000     |
2026-09-05T21:15:36.837517900Z |   20  | rm_tibia_lever_pivot |   0.000   |  0.000  |  0.001   |      0.010      |      0.010       |      0.002       | [-0.913, 1.787] |      50.265     |     5.500     |
2026-09-05T21:15:36.837519676Z |   21  | rm_tibia_pitch       |   0.000   |  0.000  |  0.000   |      0.000      |      0.000       |      0.000       | [-0.913, 1.787] |     1.7e+04     |     0.000     |
2026-09-05T21:15:36.837521644Z |   22  | rr_tibia_lever_pivot |   0.000   |  0.000  |  0.001   |      0.010      |      0.010       |      0.002       | [-0.950, 1.750] |      50.265     |     5.500     |
2026-09-05T21:15:36.837523420Z |   23  | rr_tibia_pitch       |   0.000   |  0.000  |  0.000   |      0.000      |      0.000       |      0.000       | [-0.950, 1.750] |     1.7e+04     |     0.000     |
2026-09-05T21:15:36.837525212Z |   24  | lf_tibia_rod_pivot   |   0.000   |  0.000  |  0.000   |      0.000      |      0.000       |      0.000       | [-1.722, 0.978] |     1.7e+04     |     0.000     |
2026-09-05T21:15:36.837526988Z |   25  | lm_tibia_rod_pivot   |   0.000   |  0.000  |  0.000   |      0.000      |      0.000       |      0.000       | [-1.710, 0.990] |     1.7e+04     |     0.000     |
2026-09-05T21:15:36.837531452Z |   26  | lr_tibia_rod_pivot   |   0.000   |  0.000  |  0.000   |      0.000      |      0.000       |      0.000       | [-1.729, 0.971] |     1.7e+04     |     0.000     |
2026-09-05T21:15:36.837533500Z |   27  | rf_tibia_rod_pivot   |   0.000   |  0.000  |  0.000   |      0.000      |      0.000       |      0.000       | [-1.750, 0.950] |     1.7e+04     |     0.000     |
2026-09-05T21:15:36.837535260Z |   28  | rm_tibia_rod_pivot   |   0.000   |  0.000  |  0.000   |      0.000      |      0.000       |      0.000       | [-1.787, 0.913] |     1.7e+04     |     0.000     |
2026-09-05T21:15:36.837537068Z |   29  | rr_tibia_rod_pivot   |   0.000   |  0.000  |  0.000   |      0.000      |      0.000       |      0.000       | [-1.750, 0.950] |     1.7e+04     |     0.000     |
2026-09-05T21:15:36.837538844Z +-------+----------------------+-----------+---------+----------+-----------------+------------------+------------------+-----------------+-----------------+---------------+
2026-09-05T21:15:52.342901390Z [INFO]: Time taken for simulation start Last: 5.308110 s, Mean: 5.308110 s, Std: 0.000000 s, N: 1
2026-09-05T21:15:52.342931582Z [INFO]: Completed setting up the environment...
2026-09-05T21:15:52.342934446Z ROBOT_PAIR_CONTROL_RESULT {"case": "filtered", "fixture_complete": true, "control_expectation_met": true, "pair_control_success": null, "errors": []}
2026-09-05T21:15:52.773965329Z [INFO]: SimulationContext cleared
2026-09-05T21:15:52.787930810Z 2026-09-05T21:15:24Z [6,262ms] [Warning] [carb.omniclient.plugin]  118: OmniHub: ThreadId(02) Hub encountered error. Trying to reconnect to Hub. retry_reason="Hub failed to launch: Io(\"child exited with exit status: 1 without writing file \\\"/tmp/hub-ubuntu-57F94BB3.config.json\\\"\")"
2026-09-05T21:15:52.787989803Z 2026-09-05T21:15:24Z [6,624ms] [Warning] [carb.omniclient.plugin]  118: OmniHub: ThreadId(02) Hub encountered error. Trying to reconnect to Hub. retry_reason="Hub failed to launch: Io(\"child exited with exit status: 1 without writing file \\\"/tmp/hub-ubuntu-57F94BB3.config.json\\\"\")"
2026-09-05T21:15:52.787993563Z 2026-09-05T21:15:24Z [6,996ms] [Warning] [carb.omniclient.plugin]  118: OmniHub: ThreadId(02) Hub encountered error. Trying to reconnect to Hub. retry_reason="Hub failed to launch: Io(\"child exited with exit status: 1 without writing file \\\"/tmp/hub-ubuntu-57F94BB3.config.json\\\"\")"
2026-09-05T21:15:52.787996171Z 2026-09-05T21:15:25Z [7,378ms] [Warning] [carb.omniclient.plugin]  118: OmniHub: ThreadId(02) Hub encountered error. Trying to reconnect to Hub. retry_reason="Hub failed to launch: Io(\"child exited with exit status: 1 without writing file \\\"/tmp/hub-ubuntu-57F94BB3.config.json\\\"\")"
2026-09-05T21:15:52.787998411Z 2026-09-05T21:15:25Z [7,770ms] [Warning] [carb.omniclient.plugin]  118: OmniHub: ThreadId(02) Hub encountered error. Trying to reconnect to Hub. retry_reason="Hub failed to launch: Io(\"child exited with exit status: 1 without writing file \\\"/tmp/hub-ubuntu-57F94BB3.config.json\\\"\")"
2026-09-05T21:15:52.788000603Z 2026-09-05T21:15:26Z [8,172ms] [Warning] [carb.omniclient.plugin]  118: OmniHub: ThreadId(02) Hub encountered error. Trying to reconnect to Hub. retry_reason="Hub failed to launch: Io(\"child exited with exit status: 1 without writing file \\\"/tmp/hub-ubuntu-57F94BB3.config.json\\\"\")"
2026-09-05T21:15:52.788002763Z 2026-09-05T21:15:26Z [8,584ms] [Warning] [carb.omniclient.plugin]  118: OmniHub: ThreadId(02) Hub encountered error. Trying to reconnect to Hub. retry_reason="Hub failed to launch: Io(\"child exited with exit status: 1 without writing file \\\"/tmp/hub-ubuntu-57F94BB3.config.json\\\"\")"
2026-09-05T21:15:52.788006043Z 2026-09-05T21:15:26Z [9,006ms] [Warning] [carb.omniclient.plugin]  118: OmniHub: ThreadId(02) Hub encountered error. Trying to reconnect to Hub. retry_reason="Hub failed to launch: Io(\"child exited with exit status: 1 without writing file \\\"/tmp/hub-ubuntu-57F94BB3.config.json\\\"\")"
2026-09-05T21:15:52.788008459Z 2026-09-05T21:15:27Z [9,438ms] [Warning] [carb.omniclient.plugin]  118: OmniHub: ThreadId(02) Hub encountered error. Trying to reconnect to Hub. retry_reason="Hub failed to launch: Io(\"child exited with exit status: 1 without writing file \\\"/tmp/hub-ubuntu-57F94BB3.config.json\\\"\")"
2026-09-05T21:15:52.788018219Z 2026-09-05T21:15:27Z [9,881ms] [Warning] [carb.omniclient.plugin]  118: OmniHub: ThreadId(02) Hub encountered error. Trying to reconnect to Hub. retry_reason="Hub failed to launch: Io(\"child exited with exit status: 1 without writing file \\\"/tmp/hub-ubuntu-57F94BB3.config.json\\\"\")"
2026-09-05T21:15:52.788022603Z 2026-09-05T21:15:28Z [10,357ms] [Warning] [omni.usd_config.extension] Enable omni.materialx.libs extension to use MaterialX
2026-09-05T21:15:52.788024507Z 2026-09-05T21:15:32Z [14,977ms] [Warning] [usdrt.population.plugin] Last global time was not created. Did you call setEnableUsdNoticeHandling?
2026-09-05T21:15:52.788026283Z 2026-09-05T21:15:36Z [18,943ms] [Warning] [isaaclab_physx.assets.articulation.articulation] Not all actuators are configured! Total number of actuated joints not equal to number of joints available: 18 != 30.
