2026-09-05T00:18:46.596017727Z Loading user config located at: '/isaac-sim/kit/data/Kit/IsaacLab/3.0/user.config.json'
2026-09-05T00:18:46.596075648Z 2026-09-05T00:18:45Z [0ms] [Warning] [omni.ext.plugin] [ext: isaaclab] Extensions config 'extension.toml' doesn't exist '/workspace/hexapod/isaaclab' or '/workspace/hexapod/isaaclab/config'
2026-09-05T00:18:46.596079552Z 2026-09-05T00:18:45Z [0ms] [Warning] [omni.ext.plugin] [ext: isaaclab_visualizers] Extensions config 'extension.toml' doesn't exist '/workspace/isaaclab/source/isaaclab_visualizers' or '/workspace/isaaclab/source/isaaclab_visualizers/config'
2026-09-05T00:18:46.596082048Z 2026-09-05T00:18:45Z [0ms] [Warning] [omni.ext.plugin] [ext: packages] Extensions config 'extension.toml' doesn't exist '/workspace/hexapod/packages' or '/workspace/hexapod/packages/config'
2026-09-05T00:18:46.596084192Z 2026-09-05T00:18:45Z [0ms] [Warning] [omni.ext.plugin] [ext: robot] Extensions config 'extension.toml' doesn't exist '/workspace/hexapod/robot' or '/workspace/hexapod/robot/config'
2026-09-05T00:18:46.596086048Z 2026-09-05T00:18:45Z [0ms] [Warning] [omni.ext.plugin] [ext: configs] Extensions config 'extension.toml' doesn't exist '/workspace/hexapod/configs' or '/workspace/hexapod/configs/config'
2026-09-05T00:18:46.596088016Z 2026-09-05T00:18:45Z [0ms] [Warning] [omni.ext.plugin] [ext: tools] Extensions config 'extension.toml' doesn't exist '/workspace/hexapod/tools' or '/workspace/hexapod/tools/config'
2026-09-05T00:18:46.596090048Z 2026-09-05T00:18:45Z [109ms] [Warning] [carb.omniclient.plugin]  116: OmniHub: ThreadId(02) Hub encountered error. Trying to reconnect to Hub. retry_reason="Hub failed to launch: Io(\"child exited with exit status: 1 without writing file \\\"/tmp/hub-ubuntu-8EBCA78A.config.json\\\"\")"
2026-09-05T00:18:46.596092576Z 2026-09-05T00:18:45Z [181ms] [Warning] [carb.omniclient.plugin]  116: OmniHub: ThreadId(02) Hub encountered error. Trying to reconnect to Hub. retry_reason="Hub failed to launch: Io(\"child exited with exit status: 1 without writing file \\\"/tmp/hub-ubuntu-8EBCA78A.config.json\\\"\")"
2026-09-05T00:18:46.596096320Z 2026-09-05T00:18:45Z [263ms] [Warning] [carb.omniclient.plugin]  116: OmniHub: ThreadId(02) Hub encountered error. Trying to reconnect to Hub. retry_reason="Hub failed to launch: Io(\"child exited with exit status: 1 without writing file \\\"/tmp/hub-ubuntu-8EBCA78A.config.json\\\"\")"
2026-09-05T00:18:46.596098720Z 2026-09-05T00:18:45Z [356ms] [Warning] [carb.omniclient.plugin]  116: OmniHub: ThreadId(02) Hub encountered error. Trying to reconnect to Hub. retry_reason="Hub failed to launch: Io(\"child exited with exit status: 1 without writing file \\\"/tmp/hub-ubuntu-8EBCA78A.config.json\\\"\")"
2026-09-05T00:18:46.596100928Z 2026-09-05T00:18:45Z [459ms] [Warning] [carb.omniclient.plugin]  116: OmniHub: ThreadId(02) Hub encountered error. Trying to reconnect to Hub. retry_reason="Hub failed to launch: Io(\"child exited with exit status: 1 without writing file \\\"/tmp/hub-ubuntu-8EBCA78A.config.json\\\"\")"
2026-09-05T00:18:46.596103280Z 2026-09-05T00:18:46Z [572ms] [Warning] [carb.omniclient.plugin]  116: OmniHub: ThreadId(02) Hub encountered error. Trying to reconnect to Hub. retry_reason="Hub failed to launch: Io(\"child exited with exit status: 1 without writing file \\\"/tmp/hub-ubuntu-8EBCA78A.config.json\\\"\")"
2026-09-05T00:18:46.596105424Z 2026-09-05T00:18:46Z [697ms] [Warning] [carb.omniclient.plugin]  116: OmniHub: ThreadId(02) Hub encountered error. Trying to reconnect to Hub. retry_reason="Hub failed to launch: Io(\"child exited with exit status: 1 without writing file \\\"/tmp/hub-ubuntu-8EBCA78A.config.json\\\"\")"
2026-09-05T00:18:46.596112512Z 2026-09-05T00:18:46Z [831ms] [Warning] [carb.omniclient.plugin]  116: OmniHub: ThreadId(02) Hub encountered error. Trying to reconnect to Hub. retry_reason="Hub failed to launch: Io(\"child exited with exit status: 1 without writing file \\\"/tmp/hub-ubuntu-8EBCA78A.config.json\\\"\")"
2026-09-05T00:18:46.596114832Z 2026-09-05T00:18:46Z [974ms] [Warning] [carb.omniclient.plugin]  116: OmniHub: ThreadId(02) Hub encountered error. Trying to reconnect to Hub. retry_reason="Hub failed to launch: Io(\"child exited with exit status: 1 without writing file \\\"/tmp/hub-ubuntu-8EBCA78A.config.json\\\"\")"
2026-09-05T00:18:46.596117248Z 2026-09-05T00:18:46Z [1,127ms] [Warning] [carb.omniclient.plugin]  116: OmniHub: ThreadId(02) Hub encountered error. Trying to reconnect to Hub. retry_reason="Hub failed to launch: Io(\"child exited with exit status: 1 without writing file \\\"/tmp/hub-ubuntu-8EBCA78A.config.json\\\"\")"
2026-09-05T00:18:50.086356862Z 2026-09-05T00:18:46Z [1,290ms] [Warning] [carb.omniclient.plugin]  116: OmniHub: ThreadId(02) Hub encountered error. Trying to reconnect to Hub. retry_reason="Hub failed to launch: Io(\"child exited with exit status: 1 without writing file \\\"/tmp/hub-ubuntu-8EBCA78A.config.json\\\"\")"
2026-09-05T00:18:50.086392542Z 2026-09-05T00:18:46Z [1,463ms] [Warning] [carb.omniclient.plugin]  116: OmniHub: ThreadId(02) Hub encountered error. Trying to reconnect to Hub. retry_reason="Hub failed to launch: Io(\"child exited with exit status: 1 without writing file \\\"/tmp/hub-ubuntu-8EBCA78A.config.json\\\"\")"
2026-09-05T00:18:50.086395646Z 2026-09-05T00:18:47Z [1,647ms] [Warning] [carb.omniclient.plugin]  116: OmniHub: ThreadId(02) Hub encountered error. Trying to reconnect to Hub. retry_reason="Hub failed to launch: Io(\"child exited with exit status: 1 without writing file \\\"/tmp/hub-ubuntu-8EBCA78A.config.json\\\"\")"
2026-09-05T00:18:50.086398366Z 2026-09-05T00:18:47Z [1,839ms] [Warning] [carb.omniclient.plugin]  116: OmniHub: ThreadId(02) Hub encountered error. Trying to reconnect to Hub. retry_reason="Hub failed to launch: Io(\"child exited with exit status: 1 without writing file \\\"/tmp/hub-ubuntu-8EBCA78A.config.json\\\"\")"
2026-09-05T00:18:50.086400798Z 2026-09-05T00:18:47Z [2,043ms] [Warning] [carb.omniclient.plugin]  116: OmniHub: ThreadId(02) Hub encountered error. Trying to reconnect to Hub. retry_reason="Hub failed to launch: Io(\"child exited with exit status: 1 without writing file \\\"/tmp/hub-ubuntu-8EBCA78A.config.json\\\"\")"
2026-09-05T00:18:50.086403230Z 2026-09-05T00:18:47Z [2,256ms] [Warning] [carb.omniclient.plugin]  116: OmniHub: ThreadId(02) Hub encountered error. Trying to reconnect to Hub. retry_reason="Hub failed to launch: Io(\"child exited with exit status: 1 without writing file \\\"/tmp/hub-ubuntu-8EBCA78A.config.json\\\"\")"
2026-09-05T00:18:50.086405630Z 2026-09-05T00:18:47Z [2,478ms] [Warning] [carb.omniclient.plugin]  116: OmniHub: ThreadId(02) Hub encountered error. Trying to reconnect to Hub. retry_reason="Hub failed to launch: Io(\"child exited with exit status: 1 without writing file \\\"/tmp/hub-ubuntu-8EBCA78A.config.json\\\"\")"
2026-09-05T00:18:50.086408846Z 2026-09-05T00:18:48Z [2,712ms] [Warning] [carb.omniclient.plugin]  116: OmniHub: ThreadId(02) Hub encountered error. Trying to reconnect to Hub. retry_reason="Hub failed to launch: Io(\"child exited with exit status: 1 without writing file \\\"/tmp/hub-ubuntu-8EBCA78A.config.json\\\"\")"
2026-09-05T00:18:50.086430942Z 2026-09-05T00:18:48Z [2,954ms] [Warning] [carb.omniclient.plugin]  116: OmniHub: ThreadId(02) Hub encountered error. Trying to reconnect to Hub. retry_reason="Hub failed to launch: Io(\"child exited with exit status: 1 without writing file \\\"/tmp/hub-ubuntu-8EBCA78A.config.json\\\"\")"
2026-09-05T00:18:50.086433550Z 2026-09-05T00:18:48Z [3,209ms] [Warning] [carb.omniclient.plugin]  116: OmniHub: ThreadId(02) Hub encountered error. Trying to reconnect to Hub. retry_reason="Hub failed to launch: Io(\"child exited with exit status: 1 without writing file \\\"/tmp/hub-ubuntu-8EBCA78A.config.json\\\"\")"
2026-09-05T00:18:50.086435822Z 2026-09-05T00:18:48Z [3,470ms] [Warning] [carb.omniclient.plugin]  116: OmniHub: ThreadId(02) Hub encountered error. Trying to reconnect to Hub. retry_reason="Hub failed to launch: Io(\"child exited with exit status: 1 without writing file \\\"/tmp/hub-ubuntu-8EBCA78A.config.json\\\"\")"
2026-09-05T00:18:50.086437934Z 2026-09-05T00:18:49Z [3,745ms] [Warning] [carb.omniclient.plugin]  116: OmniHub: ThreadId(02) Hub encountered error. Trying to reconnect to Hub. retry_reason="Hub failed to launch: Io(\"child exited with exit status: 1 without writing file \\\"/tmp/hub-ubuntu-8EBCA78A.config.json\\\"\")"
2026-09-05T00:18:50.086440062Z 2026-09-05T00:18:49Z [4,029ms] [Warning] [carb.omniclient.plugin]  116: OmniHub: ThreadId(02) Hub encountered error. Trying to reconnect to Hub. retry_reason="Hub failed to launch: Io(\"child exited with exit status: 1 without writing file \\\"/tmp/hub-ubuntu-8EBCA78A.config.json\\\"\")"
2026-09-05T00:18:50.086442254Z 2026-09-05T00:18:49Z [4,323ms] [Warning] [carb.omniclient.plugin]  116: OmniHub: ThreadId(02) Hub encountered error. Trying to reconnect to Hub. retry_reason="Hub failed to launch: Io(\"child exited with exit status: 1 without writing file \\\"/tmp/hub-ubuntu-8EBCA78A.config.json\\\"\")"
2026-09-05T00:18:50.086444590Z 2026-09-05T00:18:50Z [4,627ms] [Warning] [carb.omniclient.plugin]  116: OmniHub: ThreadId(02) Hub encountered error. Trying to reconnect to Hub. retry_reason="Hub failed to launch: Io(\"child exited with exit status: 1 without writing file \\\"/tmp/hub-ubuntu-8EBCA78A.config.json\\\"\")"
2026-09-05T00:18:55.834763209Z WARNING: All log messages before absl::InitializeLog() is called are written to STDERR
2026-09-05T00:18:55.834796921Z E0000 00:00:1788567535.834466      24 descriptor_database.cc:633] File already exists in database: grpc/health/v1/health.proto
2026-09-05T00:18:55.834799737Z W0000 00:00:1788567535.834487      24 message.cc:301] Protobuf GeneratedMessageFactory: File is already registered: grpc/health/v1/health.proto
2026-09-05T00:18:55.848897514Z 2026-09-05T00:18:50Z [4,939ms] [Warning] [carb.omniclient.plugin]  116: OmniHub: ThreadId(02) Hub encountered error. Trying to reconnect to Hub. retry_reason="Hub failed to launch: Io(\"child exited with exit status: 1 without writing file \\\"/tmp/hub-ubuntu-8EBCA78A.config.json\\\"\")"
2026-09-05T00:18:55.848917754Z 2026-09-05T00:18:50Z [5,263ms] [Warning] [carb.omniclient.plugin]  116: OmniHub: ThreadId(02) Hub encountered error. Trying to reconnect to Hub. retry_reason="Hub failed to launch: Io(\"child exited with exit status: 1 without writing file \\\"/tmp/hub-ubuntu-8EBCA78A.config.json\\\"\")"
2026-09-05T00:18:55.848931962Z 2026-09-05T00:18:51Z [5,597ms] [Warning] [carb.omniclient.plugin]  116: OmniHub: ThreadId(02) Hub encountered error. Trying to reconnect to Hub. retry_reason="Hub failed to launch: Io(\"child exited with exit status: 1 without writing file \\\"/tmp/hub-ubuntu-8EBCA78A.config.json\\\"\")"
2026-09-05T00:18:55.848934762Z 2026-09-05T00:18:51Z [5,940ms] [Warning] [carb.omniclient.plugin]  116: OmniHub: ThreadId(02) Hub encountered error. Trying to reconnect to Hub. retry_reason="Hub failed to launch: Io(\"child exited with exit status: 1 without writing file \\\"/tmp/hub-ubuntu-8EBCA78A.config.json\\\"\")"
2026-09-05T00:18:55.848937162Z 2026-09-05T00:18:51Z [6,293ms] [Warning] [carb.omniclient.plugin]  116: OmniHub: ThreadId(02) Hub encountered error. Trying to reconnect to Hub. retry_reason="Hub failed to launch: Io(\"child exited with exit status: 1 without writing file \\\"/tmp/hub-ubuntu-8EBCA78A.config.json\\\"\")"
2026-09-05T00:18:55.848939402Z 2026-09-05T00:18:52Z [6,654ms] [Warning] [carb.omniclient.plugin]  116: OmniHub: ThreadId(02) Hub encountered error. Trying to reconnect to Hub. retry_reason="Hub failed to launch: Io(\"child exited with exit status: 1 without writing file \\\"/tmp/hub-ubuntu-8EBCA78A.config.json\\\"\")"
2026-09-05T00:18:55.848941690Z 2026-09-05T00:18:52Z [7,025ms] [Warning] [carb.omniclient.plugin]  116: OmniHub: ThreadId(02) Hub encountered error. Trying to reconnect to Hub. retry_reason="Hub failed to launch: Io(\"child exited with exit status: 1 without writing file \\\"/tmp/hub-ubuntu-8EBCA78A.config.json\\\"\")"
2026-09-05T00:18:55.848944826Z 2026-09-05T00:18:52Z [7,408ms] [Warning] [carb.omniclient.plugin]  116: OmniHub: ThreadId(02) Hub encountered error. Trying to reconnect to Hub. retry_reason="Hub failed to launch: Io(\"child exited with exit status: 1 without writing file \\\"/tmp/hub-ubuntu-8EBCA78A.config.json\\\"\")"
2026-09-05T00:18:55.848946938Z 2026-09-05T00:18:53Z [7,802ms] [Warning] [carb.omniclient.plugin]  116: OmniHub: ThreadId(02) Hub encountered error. Trying to reconnect to Hub. retry_reason="Hub failed to launch: Io(\"child exited with exit status: 1 without writing file \\\"/tmp/hub-ubuntu-8EBCA78A.config.json\\\"\")"
2026-09-05T00:18:55.848949370Z 2026-09-05T00:18:53Z [8,204ms] [Warning] [carb.omniclient.plugin]  116: OmniHub: ThreadId(02) Hub encountered error. Trying to reconnect to Hub. retry_reason="Hub failed to launch: Io(\"child exited with exit status: 1 without writing file \\\"/tmp/hub-ubuntu-8EBCA78A.config.json\\\"\")"
2026-09-05T00:18:55.848951514Z 2026-09-05T00:18:54Z [8,616ms] [Warning] [carb.omniclient.plugin]  116: OmniHub: ThreadId(02) Hub encountered error. Trying to reconnect to Hub. retry_reason="Hub failed to launch: Io(\"child exited with exit status: 1 without writing file \\\"/tmp/hub-ubuntu-8EBCA78A.config.json\\\"\")"
2026-09-05T00:18:55.848953674Z 2026-09-05T00:18:54Z [9,039ms] [Warning] [carb.omniclient.plugin]  116: OmniHub: ThreadId(02) Hub encountered error. Trying to reconnect to Hub. retry_reason="Hub failed to launch: Io(\"child exited with exit status: 1 without writing file \\\"/tmp/hub-ubuntu-8EBCA78A.config.json\\\"\")"
2026-09-05T00:18:55.848955770Z 2026-09-05T00:18:54Z [9,472ms] [Warning] [carb.omniclient.plugin]  116: OmniHub: ThreadId(02) Hub encountered error. Trying to reconnect to Hub. retry_reason="Hub failed to launch: Io(\"child exited with exit status: 1 without writing file \\\"/tmp/hub-ubuntu-8EBCA78A.config.json\\\"\")"
2026-09-05T00:18:55.848983130Z 2026-09-05T00:18:55Z [9,916ms] [Warning] [carb.omniclient.plugin]  116: OmniHub: ThreadId(02) Hub encountered error. Trying to reconnect to Hub. retry_reason="Hub failed to launch: Io(\"child exited with exit status: 1 without writing file \\\"/tmp/hub-ubuntu-8EBCA78A.config.json\\\"\")"
2026-09-05T00:18:55.848985642Z 2026-09-05T00:18:55Z [10,389ms] [Warning] [omni.usd_config.extension] Enable omni.materialx.libs extension to use MaterialX
2026-09-05T00:18:56.942305548Z /workspace/isaaclab/_isaac_sim/kit/python/lib/python3.12/site-packages/torch/cuda/__init__.py:435: UserWarning: 
2026-09-05T00:18:56.942326364Z     Found GPU0 NVIDIA GB10 which is of cuda capability 12.1.
2026-09-05T00:18:56.942328348Z     Minimum and Maximum cuda capability supported by this version of PyTorch is
2026-09-05T00:18:56.942329452Z     (8.0) - (12.0)
2026-09-05T00:18:56.942330572Z     
2026-09-05T00:18:56.942331596Z   queued_call()
2026-09-05T00:18:56.943410658Z [ISAACLAB] AppLauncher initialization complete
2026-09-05T00:18:58.418318375Z [INFO]: Parsing configuration from: hexapod_rl.tasks.mkii_v2:HexapodMkiiV2FlatEnvCfg
2026-09-05T00:18:58.418351847Z [INFO]: Base environment:
2026-09-05T00:18:58.418354183Z 	Environment device    : cuda:0
2026-09-05T00:18:58.418356503Z 	Environment seed      : 0
2026-09-05T00:18:58.418358295Z 	Physics step-size     : 0.005
2026-09-05T00:18:58.418359911Z 	Rendering step-size   : 0.02
2026-09-05T00:18:58.418361639Z 	Environment step-size : 0.02
2026-09-05T00:18:58.418363287Z [INFO]: Registered backend 'physx' for factory Articulation.
2026-09-05T00:18:58.741039705Z [INFO]: Registered backend 'physx' for factory ContactSensor.
2026-09-05T00:19:05.932965465Z [INFO]: Time taken for scene creation Last: 1.360882 s, Mean: 1.360882 s, Std: 0.000000 s, N: 1
2026-09-05T00:19:05.933003961Z [INFO]: Scene manager:  <class InteractiveScene>
2026-09-05T00:19:05.933006697Z 	Number of environments: 32
2026-09-05T00:19:05.933008745Z 	Environment spacing   : 2.0
2026-09-05T00:19:05.933024073Z 	Source prim name      : /World/envs/env_0
2026-09-05T00:19:05.933026185Z 	Global prim paths     : []
2026-09-05T00:19:05.933027993Z 	Replicate physics     : True
2026-09-05T00:19:05.933029641Z [INFO]: Starting the simulation. This may take a few seconds. Please wait...
2026-09-05T00:19:05.933031689Z [INFO]: Simulation parameters for joints in /World/envs/env_.*/Robot:
2026-09-05T00:19:05.933033529Z +---------------------------------------------------------------------------------------------------------------------------------------------------------------------+
2026-09-05T00:19:05.933035545Z |                                                  Simulation Joint Information (Prim path: /World/envs/env_.*/Robot)                                                 |
2026-09-05T00:19:05.933053561Z +-------+----------------+-----------+---------+----------+-----------------+------------------+------------------+-----------------+-----------------+---------------+
2026-09-05T00:19:05.933056729Z | Index | Name           | Stiffness | Damping | Armature | Static Friction | Dynamic Friction | Viscous Friction | Position Limits | Velocity Limits | Effort Limits |
2026-09-05T00:19:05.933058585Z +-------+----------------+-----------+---------+----------+-----------------+------------------+------------------+-----------------+-----------------+---------------+
2026-09-05T00:19:05.933060649Z |   0   | lf_coxa_yaw    |   0.000   |  0.000  |  0.001   |      0.010      |      0.010       |      0.002       | [-0.873, 0.873] |      55.292     |     5.500     |
2026-09-05T00:19:05.933062649Z |   1   | lm_coxa_yaw    |   0.000   |  0.000  |  0.001   |      0.010      |      0.010       |      0.002       | [-0.873, 0.873] |      55.292     |     5.500     |
2026-09-05T00:19:05.933064441Z |   2   | lr_coxa_yaw    |   0.000   |  0.000  |  0.001   |      0.010      |      0.010       |      0.002       | [-0.873, 0.873] |      55.292     |     5.500     |
2026-09-05T00:19:05.933066121Z |   3   | rf_coxa_yaw    |   0.000   |  0.000  |  0.001   |      0.010      |      0.010       |      0.002       | [-0.873, 0.873] |      55.292     |     5.500     |
2026-09-05T00:19:05.933069289Z |   4   | rm_coxa_yaw    |   0.000   |  0.000  |  0.001   |      0.010      |      0.010       |      0.002       | [-0.873, 0.873] |      55.292     |     5.500     |
2026-09-05T00:19:05.933071049Z |   5   | rr_coxa_yaw    |   0.000   |  0.000  |  0.001   |      0.010      |      0.010       |      0.002       | [-0.873, 0.873] |      55.292     |     5.500     |
2026-09-05T00:19:05.933072857Z |   6   | lf_femur_pitch |   0.000   |  0.000  |  0.001   |      0.010      |      0.010       |      0.002       | [-1.745, 0.550] |      55.292     |     5.500     |
2026-09-05T00:19:05.933074585Z |   7   | lm_femur_pitch |   0.000   |  0.000  |  0.001   |      0.010      |      0.010       |      0.002       | [-1.745, 0.550] |      55.292     |     5.500     |
2026-09-05T00:19:05.933076313Z |   8   | lr_femur_pitch |   0.000   |  0.000  |  0.001   |      0.010      |      0.010       |      0.002       | [-1.745, 0.550] |      55.292     |     5.500     |
2026-09-05T00:19:05.933078089Z |   9   | rf_femur_pitch |   0.000   |  0.000  |  0.001   |      0.010      |      0.010       |      0.002       | [-1.745, 0.550] |      55.292     |     5.500     |
2026-09-05T00:19:05.933079833Z |   10  | rm_femur_pitch |   0.000   |  0.000  |  0.001   |      0.010      |      0.010       |      0.002       | [-1.745, 0.550] |      55.292     |     5.500     |
2026-09-05T00:19:05.933081577Z |   11  | rr_femur_pitch |   0.000   |  0.000  |  0.001   |      0.010      |      0.010       |      0.002       | [-1.745, 0.550] |      55.292     |     5.500     |
2026-09-05T00:19:05.933083353Z |   12  | lf_tibia_pitch |   0.000   |  0.000  |  0.001   |      0.010      |      0.010       |      0.002       | [-0.950, 1.750] |      55.292     |     5.500     |
2026-09-05T00:19:05.933085081Z |   13  | lm_tibia_pitch |   0.000   |  0.000  |  0.001   |      0.010      |      0.010       |      0.002       | [-0.950, 1.750] |      55.292     |     5.500     |
2026-09-05T00:19:05.933086809Z |   14  | lr_tibia_pitch |   0.000   |  0.000  |  0.001   |      0.010      |      0.010       |      0.002       | [-0.950, 1.750] |      55.292     |     5.500     |
2026-09-05T00:19:05.933091129Z |   15  | rf_tibia_pitch |   0.000   |  0.000  |  0.001   |      0.010      |      0.010       |      0.002       | [-0.950, 1.750] |      55.292     |     5.500     |
2026-09-05T00:19:05.933093625Z |   16  | rm_tibia_pitch |   0.000   |  0.000  |  0.001   |      0.010      |      0.010       |      0.002       | [-0.950, 1.750] |      55.292     |     5.500     |
2026-09-05T00:19:05.933095417Z |   17  | rr_tibia_pitch |   0.000   |  0.000  |  0.001   |      0.010      |      0.010       |      0.002       | [-0.950, 1.750] |      55.292     |     5.500     |
2026-09-05T00:19:05.933097337Z +-------+----------------+-----------+---------+----------+-----------------+------------------+------------------+-----------------+-----------------+---------------+
2026-09-05T00:19:08.712229420Z [INFO]: Time taken for simulation start Last: 6.798399 s, Mean: 6.798399 s, Std: 0.000000 s, N: 1
2026-09-05T00:19:08.712255517Z [INFO] Event Manager:  <EventManager> contains 1 active terms.
2026-09-05T00:19:08.712256973Z +--------------------------------------+
2026-09-05T00:19:08.712258093Z | Active Event Terms in Mode: 'startup' |
2026-09-05T00:19:08.712259261Z +----------+---------------------------+
2026-09-05T00:19:08.712260333Z |  Index   | Name                      |
2026-09-05T00:19:08.712261293Z +----------+---------------------------+
2026-09-05T00:19:08.712262333Z |    0     | physics_material          |
2026-09-05T00:19:08.712263341Z +----------+---------------------------+
2026-09-05T00:19:08.712264397Z 
2026-09-05T00:19:08.712265453Z [INFO]: Completed setting up the environment...
2026-09-05T00:19:08.712267293Z MKII_V2_JOINT_NAMES ["lf_coxa_yaw", "lm_coxa_yaw", "lr_coxa_yaw", "rf_coxa_yaw", "rm_coxa_yaw", "rr_coxa_yaw", "lf_femur_pitch", "lm_femur_pitch", "lr_femur_pitch", "rf_femur_pitch", "rm_femur_pitch", "rr_femur_pitch", "lf_tibia_pitch", "lm_tibia_pitch", "lr_tibia_pitch", "rf_tibia_pitch", "rm_tibia_pitch", "rr_tibia_pitch"]
2026-09-05T00:19:09.054982386Z MKII_V2_PROGRESS step=1/1000 min_height=0.140255 computed=0.173254
2026-09-05T00:19:12.035417559Z MKII_V2_PROGRESS step=100/1000 min_height=0.135602 computed=0.879357
2026-09-05T00:19:15.229674339Z MKII_V2_PROGRESS step=200/1000 min_height=0.135602 computed=0.879310
2026-09-05T00:19:18.454391553Z MKII_V2_PROGRESS step=300/1000 min_height=0.135602 computed=0.879166
2026-09-05T00:19:21.765893186Z MKII_V2_PROGRESS step=400/1000 min_height=0.135602 computed=0.878971
2026-09-05T00:19:24.954577368Z MKII_V2_PROGRESS step=500/1000 min_height=0.135602 computed=0.878873
2026-09-05T00:19:28.054591303Z MKII_V2_PROGRESS step=600/1000 min_height=0.135602 computed=0.879181
2026-09-05T00:19:31.315455871Z MKII_V2_PROGRESS step=700/1000 min_height=0.135602 computed=0.879241
2026-09-05T00:19:34.558563398Z MKII_V2_PROGRESS step=800/1000 min_height=0.135602 computed=0.879313
2026-09-05T00:19:37.606203361Z MKII_V2_PROGRESS step=900/1000 min_height=0.135602 computed=0.878890
2026-09-05T00:19:40.806195479Z MKII_V2_PROGRESS step=1000/1000 min_height=0.135602 computed=0.878927
2026-09-05T00:19:40.807584095Z MKII_V2_VALIDATION_PASS report=/workspace/validation_artifacts/report.json
2026-09-05T00:19:41.336605666Z [INFO]: SimulationContext cleared
2026-09-05T00:19:41.433537853Z 2026-09-05T00:18:58Z [12,843ms] [Warning] [isaaclab_physx.physics.physx_manager] TGS solver with enable_external_forces_every_iteration=False may cause noisy velocities.
2026-09-05T00:19:41.433558349Z 2026-09-05T00:19:01Z [15,830ms] [Warning] [usdrt.population.plugin] Last global time was not created. Did you call setEnableUsdNoticeHandling?
