/Users/andreboufama/Documents/CUPI/HEXAPOD/tmp/omni_reference_wave_004/serial_geometry.py:10: UserWarning: Creating a tensor from a list of numpy.ndarrays is extremely slow. Please consider converting the list to a single numpy.ndarray with numpy.array() before converting to a tensor. (Triggered internally at /Users/runner/work/pytorch/pytorch/pytorch/torch/csrc/utils/tensor_new.cpp:256.)
  def tensor(x):return torch.as_tensor(x,dtype=DTYPE,device='cpu')
stand PASS v 0.0 a 0.0 touchdowns 0 stop None
translation_0 PASS v 0.9363 a 1.8581 touchdowns 10 stop 5.540000000000152
translation_22.5 PASS v 0.8314 a 1.93 touchdowns 10 stop 5.4800000000001425
translation_45 PASS v 0.8968 a 2.2547 touchdowns 10 stop 5.340000000000121
translation_67.5 PASS v 1.1029 a 2.6869 touchdowns 10 stop 5.4800000000001425
translation_90 PASS v 1.1925 a 2.8778 touchdowns 10 stop 5.540000000000152
translation_112.5 PASS v 1.1488 a 2.7842 touchdowns 10 stop 5.4800000000001425
translation_135 PASS v 0.98 a 2.4279 touchdowns 10 stop 5.340000000000121
translation_157.5 PASS v 0.8308 a 1.9801 touchdowns 10 stop 5.4800000000001425
translation_180 PASS v 0.9258 a 1.8876 touchdowns 10 stop 5.540000000000152
translation_202.5 PASS v 0.9393 a 2.0081 touchdowns 10 stop 5.4800000000001425
translation_225 PASS v 0.8468 a 2.1732 touchdowns 10 stop 5.340000000000121
translation_247.5 PASS v 0.855 a 2.108 touchdowns 10 stop 5.4800000000001425
translation_270 PASS v 0.9411 a 2.7064 touchdowns 10 stop 5.540000000000152
translation_292.5 PASS v 1.0072 a 2.3964 touchdowns 10 stop 5.4800000000001425
translation_315 PASS v 0.9557 a 2.3452 touchdowns 10 stop 5.340000000000121
translation_337.5 PASS v 0.9625 a 2.1227 touchdowns 10 stop 5.4800000000001425
yaw_left PASS v 0.6685 a 1.5362 touchdowns 10 stop 6.120000000000243
yaw_right PASS v 0.6872 a 1.6372 touchdowns 10 stop 6.120000000000243
arc_0_-0.01 PASS v 1.1993 a 2.4101 touchdowns 10 stop 5.900000000000208
arc_0_+0.01 PASS v 1.4065 a 2.8161 touchdowns 10 stop 5.900000000000208
arc_90_-0.01 PASS v 1.2333 a 3.2388 touchdowns 10 stop 5.900000000000208
arc_90_+0.01 PASS v 1.2151 a 3.0124 touchdowns 10 stop 5.900000000000208
