{"build_returncode": 0, "build_stdout": "{\n  \"source_manifest_sha256\": \"aa70659d33243f1e28e9c71b1a7f9d33341642db770fd7356192573a26fe904e\",\n  \"files\": 599,\n  \"plan_sha256\": \"b2286828148c89fb34624d38beaf84b389584f7bda4d2648512e017da4b50acb\",\n  \"origin_sha256\": \"850aa811e702dcfd0284862c0c27f475e82a5335aab06b96e0ea21ea51e6f8b7\"\n}\n", "build_stderr": ""}
{
  "verified": true,
  "pins": {
    "source_manifest_sha256": "aa70659d33243f1e28e9c71b1a7f9d33341642db770fd7356192573a26fe904e",
    "files": 599,
    "plan_sha256": "b2286828148c89fb34624d38beaf84b389584f7bda4d2648512e017da4b50acb",
    "origin_sha256": "850aa811e702dcfd0284862c0c27f475e82a5335aab06b96e0ea21ea51e6f8b7"
  },
  "native_freeze_sha256": "0bdd2abf3811e68ac59e4fbc325eb5d2bb96afd2183eb84c4d37faeb86ff9e9f",
  "native_payloads": 28,
  "parent_files": 589,
  "source_files": 599,
  "changed": {
    "robot/hexapod_mkii_length_study/training_plan.json": {
      "before": "2875245e92806a1cf96cccf14d25a0887474eda98d5a81de9d99b9656e90280c",
      "after": "b2286828148c89fb34624d38beaf84b389584f7bda4d2648512e017da4b50acb"
    },
    "source_origin.json": {
      "before": "300d7c87045d2590a71e4f19f11fae0783e9ba9b016477127562370753611afe",
      "after": "850aa811e702dcfd0284862c0c27f475e82a5335aab06b96e0ea21ea51e6f8b7"
    },
    "tools/caps.py": {
      "before": null,
      "after": "f5da55eb07a73c630e6627cf0356d0fb72b6e2891e38907e1b31492452bd6688"
    },
    "tools/caps_ppo.py": {
      "before": null,
      "after": "71fad6622649709b4f3fafd2037dbca93dcd0fc5f20ec9e4ab620626dd0b5643"
    },
    "tools/curriculum.py": {
      "before": null,
      "after": "cbc5c2a3b19f856d753a3b9b722f87d95ecdd893aa853c3fe8797df57e7af0f1"
    },
    "tools/direct_config.py": {
      "before": null,
      "after": "0a9313e102da527b5129008295a8e7460eb1ff40d58abe6998c42bc0e4cfe6f7"
    },
    "tools/direct_contract.py": {
      "before": null,
      "after": "4c2c19ad8fccb37e289c84d05db5afca282d95c7118d3b72e6bcab062705f114"
    },
    "tools/direct_quiet_metrics.py": {
      "before": null,
      "after": "e1e7ecc4d8e17e3c67c405dd412b0822fba4396dea784e58a6bb8f793b4efd05"
    },
    "tools/direct_stop_evaluation.py": {
      "before": null,
      "after": "6d424d01ec8fb22f3c10c64f6cfc4080dfe2a653dca46dd399a1aa7f620d79b3"
    },
    "tools/direct_training.py": {
      "before": null,
      "after": "ac52869e510c3dd97cd48bc4d2d4dcf70b8d0593974a549107524c054717227a"
    },
    "tools/gradient_diagnostics.py": {
      "before": null,
      "after": "2b8bc99b155d8d3ae181664776e4b3ebb5e6d4bef370bae644b3841569b569e3"
    },
    "tools/inputs/RSL_LICENSE": {
      "before": null,
      "after": "3f58bb6b9272e416b8ccbe65889463f75a2fdf66e0e5722513f8622fb23dc778"
    },
    "tools/train_length_study.py": {
      "before": "893e1b56b6ff443f47b4963dcb5e1ec549133913086d9aa54a25ab4124c46c5b",
      "after": "1f0b7d04ba539da146d08756be474ade4dba8fbb3f542daaf63a3529c66eff70"
    }
  },
  "removed": []
}
