Total number of variables............................:     5448
                     variables with only lower bounds:        0
                variables with lower and upper bounds:        0
                     variables with only upper bounds:        0
Total number of equality constraints.................:     4406
Total number of inequality constraints...............:     7714
        inequality constraints with only lower bounds:      120
   inequality constraints with lower and upper bounds:     7360
        inequality constraints with only upper bounds:      234


Number of Iterations....: 154

                                   (scaled)                 (unscaled)
Objective...............:   3.6083008119148156e-02    3.6083008119148156e-02
Dual infeasibility......:   1.7652766422834431e-09    1.7652766422834431e-09
Constraint violation....:   1.5062434854939966e-08    1.5062434854939966e-08
Variable bound violation:   0.0000000000000000e+00    0.0000000000000000e+00
Complementarity.........:   9.2956715585371329e-08    9.2956715585371329e-08
Overall NLP error.......:   9.2956715585371329e-08    9.2956715585371329e-08


Number of objective function evaluations             = 233
Number of objective gradient evaluations             = 155
Number of equality constraint evaluations            = 233
Number of inequality constraint evaluations          = 233
Number of equality constraint Jacobian evaluations   = 156
Number of inequality constraint Jacobian evaluations = 156
Number of Lagrangian Hessian evaluations             = 154
Total seconds in IPOPT                               = 70.037

EXIT: Optimal Solution Found.
{
  "status": "solved",
  "solver_status": "Solve_Succeeded",
  "solver_iterations": 154,
  "wall_seconds": 92.06234154093545,
  "audit": {
    "constraint_violation": {
      "root_force_moment": 9.378760146283582e-08,
      "position_integration": 1.1059458470547012e-13,
      "velocity_integration": 6.002143226879753e-16,
      "periodic_position": 1.6757428777935957e-14,
      "periodic_velocity": 6.938893903907228e-17,
      "stance_position": 5.400624392137843e-11,
      "swing_clearance": 1.0305645226083016e-13,
      "swing_force": 2.3855058143506942e-17,
      "negative_normal_force": 1.7317354728872056e-17,
      "friction": 3.9319368352902544e-17,
      "torque_cap": 0.0,
      "cyclic_target_slew": 0.0,
      "target_range": 0.0,
      "joint_position": 0.0
    },
    "passed": true,
    "maximum_motor_torque_nm": 1.2906442233218947,
    "maximum_target_step_rad": 0.022318212248562397,
    "mean_root_velocity_native_mps": [
      3.047590234149564e-05,
      -0.04957763117884342,
      -0.0007111501142799883
    ],
    "scope": "CPU collocation feasibility; native 400 Hz replay and mesh contacts remain required."
  },
  "trajectory_sha256": "a76e093075ce471210a66bf4ae3835a1dca94406b930e4a791a028941a502ec1",
  "stage2_complete": false
}
