Total number of variables............................:     5448
                     variables with only lower bounds:        0
                variables with lower and upper bounds:        0
                     variables with only upper bounds:        0
Total number of equality constraints.................:     4406
Total number of inequality constraints...............:     7714
        inequality constraints with only lower bounds:      120
   inequality constraints with lower and upper bounds:     7360
        inequality constraints with only upper bounds:      234


Number of Iterations....: 154

                                   (scaled)                 (unscaled)
Objective...............:   3.6083008119148156e-02    3.6083008119148156e-02
Dual infeasibility......:   1.7652766422834431e-09    1.7652766422834431e-09
Constraint violation....:   1.5062434854939966e-08    1.5062434854939966e-08
Variable bound violation:   0.0000000000000000e+00    0.0000000000000000e+00
Complementarity.........:   9.2956715585371329e-08    9.2956715585371329e-08
Overall NLP error.......:   9.2956715585371329e-08    9.2956715585371329e-08


Number of objective function evaluations             = 233
Number of objective gradient evaluations             = 155
Number of equality constraint evaluations            = 233
Number of inequality constraint evaluations          = 233
Number of equality constraint Jacobian evaluations   = 156
Number of inequality constraint Jacobian evaluations = 156
Number of Lagrangian Hessian evaluations             = 154
Total seconds in IPOPT                               = 70.026

EXIT: Optimal Solution Found.
