/Users/andreboufama/Documents/CUPI/HEXAPOD/tmp/reference_pair_motion_adapter_001/source_pair_motion_001/tools/paired_runtime/oracle/serial_geometry.py:10: UserWarning: Creating a tensor from a list of numpy.ndarrays is extremely slow. Please consider converting the list to a single numpy.ndarray with numpy.array() before converting to a tensor. (Triggered internally at /Users/runner/work/pytorch/pytorch/torch/csrc/utils/tensor_new.cpp:255.)
  def tensor(x):return torch.as_tensor(x,dtype=DTYPE,device='cpu')
{
  "remote_status": "rejected",
  "failure": null,
  "controls": 2400,
  "poststartup_torque_peak": {
    "abs_nm": 1.3970317840576172,
    "runtime_joint": "revolute_2_3",
    "physics_index": 2575,
    "time_s": 6.4375,
    "applied_nm": -1.3970317840576172
  },
  "last_contact_state": {
    "time_s": 48.0,
    "distal_contact": [
      true,
      true,
      true,
      true,
      true,
      true
    ],
    "valid_points": [
      true,
      true,
      true,
      true,
      true,
      true
    ],
    "normal_forces_world_n": [
      [
        2.014104893532931e-06,
        0.0,
        14.990490913391113
      ],
      [
        1.6298398577418993e-06,
        0.0,
        12.130499839782715
      ],
      [
        1.7904262676893268e-06,
        0.0,
        13.325704574584961
      ],
      [
        1.661312353462563e-06,
        0.0,
        12.364741325378418
      ],
      [
        1.6899526826819056e-06,
        0.0,
        12.57790470123291
      ],
      [
        2.10253369914426e-06,
        0.0,
        15.648645401000977
      ]
    ]
  }
}
