time="2026-09-14T15:15:12-05:00" level=warning msg="No services to build"
time="2026-09-14T15:15:12-05:00" level=warning msg="No services to build"
 Container hexapod-reference-physics-bac5e47a493443829ef3aba1338a221c Creating 
 Container hexapod-reference-physics-bac5e47a493443829ef3aba1338a221c Created 
Loading user config located at: '/isaac-sim/kit/data/Kit/IsaacLab/3.0/user.config.json'
2026-09-14T20:15:12Z [Info] [carb] Logging to file: /isaac-sim/kit/logs/Kit/IsaacLab/3.0/kit_20260914_201512.log
2026-09-14T20:15:12Z [2ms] [Warning] [omni.ext.plugin] [ext: standing] Extensions config 'extension.toml' doesn't exist '/output/standing' or '/output/standing/config'
2026-09-14T20:15:12Z [2ms] [Warning] [omni.ext.plugin] [ext: jobs] Extensions config 'extension.toml' doesn't exist '/output/jobs' or '/output/jobs/config'
2026-09-14T20:15:12Z [2ms] [Warning] [omni.ext.plugin] [ext: logs] Extensions config 'extension.toml' doesn't exist '/output/logs' or '/output/logs/config'
2026-09-14T20:15:12Z [2ms] [Warning] [omni.ext.plugin] [ext: isaaclab_visualizers] Extensions config 'extension.toml' doesn't exist '/workspace/isaaclab/source/isaaclab_visualizers' or '/workspace/isaaclab/source/isaaclab_visualizers/config'
2026-09-14T20:15:12Z [202ms] [Warning] [carb.omniclient.plugin]  45: OmniHub: ThreadId(02) Hub encountered error. Trying to reconnect to Hub. retry_reason="Hub failed to launch: Io(\"child exited with exit status: 1 without writing file \\\"/tmp/hub-ubuntu-4A812B25.config.json\\\"\")"
2026-09-14T20:15:13Z [274ms] [Warning] [carb.omniclient.plugin]  45: OmniHub: ThreadId(02) Hub encountered error. Trying to reconnect to Hub. retry_reason="Hub failed to launch: Io(\"child exited with exit status: 1 without writing file \\\"/tmp/hub-ubuntu-4A812B25.config.json\\\"\")"
2026-09-14T20:15:13Z [356ms] [Warning] [carb.omniclient.plugin]  45: OmniHub: ThreadId(02) Hub encountered error. Trying to reconnect to Hub. retry_reason="Hub failed to launch: Io(\"child exited with exit status: 1 without writing file \\\"/tmp/hub-ubuntu-4A812B25.config.json\\\"\")"
2026-09-14T20:15:13Z [449ms] [Warning] [carb.omniclient.plugin]  45: OmniHub: ThreadId(02) Hub encountered error. Trying to reconnect to Hub. retry_reason="Hub failed to launch: Io(\"child exited with exit status: 1 without writing file \\\"/tmp/hub-ubuntu-4A812B25.config.json\\\"\")"
2026-09-14T20:15:13Z [551ms] [Warning] [carb.omniclient.plugin]  45: OmniHub: ThreadId(02) Hub encountered error. Trying to reconnect to Hub. retry_reason="Hub failed to launch: Io(\"child exited with exit status: 1 without writing file \\\"/tmp/hub-ubuntu-4A812B25.config.json\\\"\")"
2026-09-14T20:15:13Z [665ms] [Warning] [carb.omniclient.plugin]  45: OmniHub: ThreadId(02) Hub encountered error. Trying to reconnect to Hub. retry_reason="Hub failed to launch: Io(\"child exited with exit status: 1 without writing file \\\"/tmp/hub-ubuntu-4A812B25.config.json\\\"\")"
2026-09-14T20:15:13Z [788ms] [Warning] [carb.omniclient.plugin]  45: OmniHub: ThreadId(02) Hub encountered error. Trying to reconnect to Hub. retry_reason="Hub failed to launch: Io(\"child exited with exit status: 1 without writing file \\\"/tmp/hub-ubuntu-4A812B25.config.json\\\"\")"
2026-09-14T20:15:13Z [921ms] [Warning] [carb.omniclient.plugin]  45: OmniHub: ThreadId(02) Hub encountered error. Trying to reconnect to Hub. retry_reason="Hub failed to launch: Io(\"child exited with exit status: 1 without writing file \\\"/tmp/hub-ubuntu-4A812B25.config.json\\\"\")"
2026-09-14T20:15:13Z [1,064ms] [Warning] [carb.omniclient.plugin]  45: OmniHub: ThreadId(02) Hub encountered error. Trying to reconnect to Hub. retry_reason="Hub failed to launch: Io(\"child exited with exit status: 1 without writing file \\\"/tmp/hub-ubuntu-4A812B25.config.json\\\"\")"
2026-09-14T20:15:13Z [1,215ms] [Warning] [carb.omniclient.plugin]  45: OmniHub: ThreadId(02) Hub encountered error. Trying to reconnect to Hub. retry_reason="Hub failed to launch: Io(\"child exited with exit status: 1 without writing file \\\"/tmp/hub-ubuntu-4A812B25.config.json\\\"\")"
2026-09-14T20:15:14Z [1,379ms] [Warning] [carb.omniclient.plugin]  45: OmniHub: ThreadId(02) Hub encountered error. Trying to reconnect to Hub. retry_reason="Hub failed to launch: Io(\"child exited with exit status: 1 without writing file \\\"/tmp/hub-ubuntu-4A812B25.config.json\\\"\")"
2026-09-14T20:15:14Z [1,551ms] [Warning] [carb.omniclient.plugin]  45: OmniHub: ThreadId(02) Hub encountered error. Trying to reconnect to Hub. retry_reason="Hub failed to launch: Io(\"child exited with exit status: 1 without writing file \\\"/tmp/hub-ubuntu-4A812B25.config.json\\\"\")"
2026-09-14T20:15:14Z [1,734ms] [Warning] [carb.omniclient.plugin]  45: OmniHub: ThreadId(02) Hub encountered error. Trying to reconnect to Hub. retry_reason="Hub failed to launch: Io(\"child exited with exit status: 1 without writing file \\\"/tmp/hub-ubuntu-4A812B25.config.json\\\"\")"
2026-09-14T20:15:14Z [1,927ms] [Warning] [carb.omniclient.plugin]  45: OmniHub: ThreadId(02) Hub encountered error. Trying to reconnect to Hub. retry_reason="Hub failed to launch: Io(\"child exited with exit status: 1 without writing file \\\"/tmp/hub-ubuntu-4A812B25.config.json\\\"\")"
2026-09-14T20:15:14Z [2,131ms] [Warning] [carb.omniclient.plugin]  45: OmniHub: ThreadId(02) Hub encountered error. Trying to reconnect to Hub. retry_reason="Hub failed to launch: Io(\"child exited with exit status: 1 without writing file \\\"/tmp/hub-ubuntu-4A812B25.config.json\\\"\")"
2026-09-14T20:15:15Z [2,343ms] [Warning] [carb.omniclient.plugin]  45: OmniHub: ThreadId(02) Hub encountered error. Trying to reconnect to Hub. retry_reason="Hub failed to launch: Io(\"child exited with exit status: 1 without writing file \\\"/tmp/hub-ubuntu-4A812B25.config.json\\\"\")"
2026-09-14T20:15:15Z [2,566ms] [Warning] [carb.omniclient.plugin]  45: OmniHub: ThreadId(02) Hub encountered error. Trying to reconnect to Hub. retry_reason="Hub failed to launch: Io(\"child exited with exit status: 1 without writing file \\\"/tmp/hub-ubuntu-4A812B25.config.json\\\"\")"
2026-09-14T20:15:15Z [2,797ms] [Warning] [carb.omniclient.plugin]  45: OmniHub: ThreadId(02) Hub encountered error. Trying to reconnect to Hub. retry_reason="Hub failed to launch: Io(\"child exited with exit status: 1 without writing file \\\"/tmp/hub-ubuntu-4A812B25.config.json\\\"\")"
2026-09-14T20:15:15Z [3,040ms] [Warning] [carb.omniclient.plugin]  45: OmniHub: ThreadId(02) Hub encountered error. Trying to reconnect to Hub. retry_reason="Hub failed to launch: Io(\"child exited with exit status: 1 without writing file \\\"/tmp/hub-ubuntu-4A812B25.config.json\\\"\")"
2026-09-14T20:15:16Z [3,292ms] [Warning] [carb.omniclient.plugin]  45: OmniHub: ThreadId(02) Hub encountered error. Trying to reconnect to Hub. retry_reason="Hub failed to launch: Io(\"child exited with exit status: 1 without writing file \\\"/tmp/hub-ubuntu-4A812B25.config.json\\\"\")"
2026-09-14T20:15:16Z [3,555ms] [Warning] [carb.omniclient.plugin]  45: OmniHub: ThreadId(02) Hub encountered error. Trying to reconnect to Hub. retry_reason="Hub failed to launch: Io(\"child exited with exit status: 1 without writing file \\\"/tmp/hub-ubuntu-4A812B25.config.json\\\"\")"
2026-09-14T20:15:16Z [3,829ms] [Warning] [carb.omniclient.plugin]  45: OmniHub: ThreadId(02) Hub encountered error. Trying to reconnect to Hub. retry_reason="Hub failed to launch: Io(\"child exited with exit status: 1 without writing file \\\"/tmp/hub-ubuntu-4A812B25.config.json\\\"\")"
2026-09-14T20:15:16Z [4,111ms] [Warning] [carb.omniclient.plugin]  45: OmniHub: ThreadId(02) Hub encountered error. Trying to reconnect to Hub. retry_reason="Hub failed to launch: Io(\"child exited with exit status: 1 without writing file \\\"/tmp/hub-ubuntu-4A812B25.config.json\\\"\")"
2026-09-14T20:15:17Z [4,403ms] [Warning] [carb.omniclient.plugin]  45: OmniHub: ThreadId(02) Hub encountered error. Trying to reconnect to Hub. retry_reason="Hub failed to launch: Io(\"child exited with exit status: 1 without writing file \\\"/tmp/hub-ubuntu-4A812B25.config.json\\\"\")"
2026-09-14T20:15:17Z [4,706ms] [Warning] [carb.omniclient.plugin]  45: OmniHub: ThreadId(02) Hub encountered error. Trying to reconnect to Hub. retry_reason="Hub failed to launch: Io(\"child exited with exit status: 1 without writing file \\\"/tmp/hub-ubuntu-4A812B25.config.json\\\"\")"
2026-09-14T20:15:17Z [5,019ms] [Warning] [carb.omniclient.plugin]  45: OmniHub: ThreadId(02) Hub encountered error. Trying to reconnect to Hub. retry_reason="Hub failed to launch: Io(\"child exited with exit status: 1 without writing file \\\"/tmp/hub-ubuntu-4A812B25.config.json\\\"\")"
2026-09-14T20:15:18Z [5,342ms] [Warning] [carb.omniclient.plugin]  45: OmniHub: ThreadId(02) Hub encountered error. Trying to reconnect to Hub. retry_reason="Hub failed to launch: Io(\"child exited with exit status: 1 without writing file \\\"/tmp/hub-ubuntu-4A812B25.config.json\\\"\")"
2026-09-14T20:15:18Z [5,675ms] [Warning] [carb.omniclient.plugin]  45: OmniHub: ThreadId(02) Hub encountered error. Trying to reconnect to Hub. retry_reason="Hub failed to launch: Io(\"child exited with exit status: 1 without writing file \\\"/tmp/hub-ubuntu-4A812B25.config.json\\\"\")"
2026-09-14T20:15:18Z [6,018ms] [Warning] [carb.omniclient.plugin]  45: OmniHub: ThreadId(02) Hub encountered error. Trying to reconnect to Hub. retry_reason="Hub failed to launch: Io(\"child exited with exit status: 1 without writing file \\\"/tmp/hub-ubuntu-4A812B25.config.json\\\"\")"
2026-09-14T20:15:19Z [6,371ms] [Warning] [carb.omniclient.plugin]  45: OmniHub: ThreadId(02) Hub encountered error. Trying to reconnect to Hub. retry_reason="Hub failed to launch: Io(\"child exited with exit status: 1 without writing file \\\"/tmp/hub-ubuntu-4A812B25.config.json\\\"\")"
2026-09-14T20:15:19Z [6,733ms] [Warning] [carb.omniclient.plugin]  45: OmniHub: ThreadId(02) Hub encountered error. Trying to reconnect to Hub. retry_reason="Hub failed to launch: Io(\"child exited with exit status: 1 without writing file \\\"/tmp/hub-ubuntu-4A812B25.config.json\\\"\")"
2026-09-14T20:15:19Z [7,106ms] [Warning] [carb.omniclient.plugin]  45: OmniHub: ThreadId(02) Hub encountered error. Trying to reconnect to Hub. retry_reason="Hub failed to launch: Io(\"child exited with exit status: 1 without writing file \\\"/tmp/hub-ubuntu-4A812B25.config.json\\\"\")"
2026-09-14T20:15:20Z [7,489ms] [Warning] [carb.omniclient.plugin]  45: OmniHub: ThreadId(02) Hub encountered error. Trying to reconnect to Hub. retry_reason="Hub failed to launch: Io(\"child exited with exit status: 1 without writing file \\\"/tmp/hub-ubuntu-4A812B25.config.json\\\"\")"
2026-09-14T20:15:20Z [7,881ms] [Warning] [carb.omniclient.plugin]  45: OmniHub: ThreadId(02) Hub encountered error. Trying to reconnect to Hub. retry_reason="Hub failed to launch: Io(\"child exited with exit status: 1 without writing file \\\"/tmp/hub-ubuntu-4A812B25.config.json\\\"\")"
2026-09-14T20:15:21Z [8,284ms] [Warning] [carb.omniclient.plugin]  45: OmniHub: ThreadId(02) Hub encountered error. Trying to reconnect to Hub. retry_reason="Hub failed to launch: Io(\"child exited with exit status: 1 without writing file \\\"/tmp/hub-ubuntu-4A812B25.config.json\\\"\")"
2026-09-14T20:15:21Z [8,698ms] [Warning] [carb.omniclient.plugin]  45: OmniHub: ThreadId(02) Hub encountered error. Trying to reconnect to Hub. retry_reason="Hub failed to launch: Io(\"child exited with exit status: 1 without writing file \\\"/tmp/hub-ubuntu-4A812B25.config.json\\\"\")"
2026-09-14T20:15:21Z [9,122ms] [Warning] [carb.omniclient.plugin]  45: OmniHub: ThreadId(02) Hub encountered error. Trying to reconnect to Hub. retry_reason="Hub failed to launch: Io(\"child exited with exit status: 1 without writing file \\\"/tmp/hub-ubuntu-4A812B25.config.json\\\"\")"
2026-09-14T20:15:22Z [9,553ms] [Warning] [carb.omniclient.plugin]  45: OmniHub: ThreadId(02) Hub encountered error. Trying to reconnect to Hub. retry_reason="Hub failed to launch: Io(\"child exited with exit status: 1 without writing file \\\"/tmp/hub-ubuntu-4A812B25.config.json\\\"\")"
2026-09-14T20:15:22Z [9,995ms] [Warning] [carb.omniclient.plugin]  45: OmniHub: ThreadId(02) Hub encountered error. Trying to reconnect to Hub. retry_reason="Hub failed to launch: Io(\"child exited with exit status: 1 without writing file \\\"/tmp/hub-ubuntu-4A812B25.config.json\\\"\")"
WARNING: All log messages before absl::InitializeLog() is called are written to STDERR
E0000 00:00:1789416923.180347      11 descriptor_database.cc:633] File already exists in database: grpc/health/v1/health.proto
W0000 00:00:1789416923.180368      11 message.cc:301] Protobuf GeneratedMessageFactory: File is already registered: grpc/health/v1/health.proto
2026-09-14T20:15:23Z [10,475ms] [Warning] [omni.platforminfo.plugin] failed to open the default display.  Can't verify X Server version.

|---------------------------------------------------------------------------------------------|
| Driver Version: 580.173.02    | Graphics API: Vulkan
|=============================================================================================|
| GPU | Name                             | Active | LDA | GPU Memory | Vendor-ID | LUID       |
|     |                                  |        |     |            | Device-ID | UUID       |
|     |                                  |        |     |            | Bus-ID    |            |
|---------------------------------------------------------------------------------------------|
| 0   | NVIDIA GB10                      | Yes: 0 |     | 93457   MB | 10de      | 0          |
|     |                                  |        |     |            | 2e12      | 2166d556.. |
|     |                                  |        |     |            | 1         |            |
|=============================================================================================|
| OS: 24.04.3 LTS (Noble Numbat) ubuntu, Version: 24.04.3, Kernel: 6.17.0-1031-nvidia
| Processor: Cortex-A725
| Cores: 20 | Logical Cores: 20
|---------------------------------------------------------------------------------------------|
| Total Memory (MB): 124609 | Free Memory: 120121
| Total Page/Swap (MB): 16383 | Free Page/Swap: 0
|---------------------------------------------------------------------------------------------|
2026-09-14T20:15:24Z [12,059ms] [Warning] [carb.windowing-glfw.plugin] GLFW initialization failed.
2026-09-14T20:15:24Z [12,059ms] [Warning] [carb] Failed to startup plugin carb.windowing-glfw.plugin (interfaces: [carb::windowing::IGLContext v1.0],[carb::windowing::IWindowing v1.5]) (impl: carb.windowing-glfw.plugin)
2026-09-14T20:15:24Z [12,156ms] [Warning] [carb.windowing-glfw.plugin] GLFW initialization failed.
2026-09-14T20:15:24Z [12,156ms] [Warning] [carb] Failed to startup plugin carb.windowing-glfw.plugin (interfaces: [carb::windowing::IGLContext v1.0],[carb::windowing::IWindowing v1.5]) (impl: carb.windowing-glfw.plugin)
2026-09-14T20:15:24Z [12,157ms] [Warning] [carb.windowing-glfw.plugin] GLFW initialization failed.
2026-09-14T20:15:24Z [12,157ms] [Warning] [carb] Failed to startup plugin carb.windowing-glfw.plugin (interfaces: [carb::windowing::IGLContext v1.0],[carb::windowing::IWindowing v1.5]) (impl: carb.windowing-glfw.plugin)
2026-09-14T20:15:25Z [12,442ms] [Warning] [omni.log] Source: omni.hydra was already registered.
2026-09-14T20:15:26Z [13,738ms] [Warning] [pxr.Semantics] pxr.Semantics is deprecated - please use Semantics instead
2026-09-14T20:15:26Z [13,881ms] [Warning] [omni.replicator.core.scripts.extension] No material configuration file, adding configuration to material settings directly.
2026-09-14T20:15:27Z [15,197ms] [Warning] [rtx.hydra] RenderDelegate : Warning /rtx/hydra/readTransformsFromFabricInRenderDelegate and geometry streaming are enabled together but this can cause issues with dynamic objects not streaming correctly due to problems in the transform update.
/workspace/isaaclab/_isaac_sim/kit/python/lib/python3.12/site-packages/torch/cuda/__init__.py:435: UserWarning: 
    Found GPU0 NVIDIA GB10 which is of cuda capability 12.1.
    Minimum and Maximum cuda capability supported by this version of PyTorch is
    (8.0) - (12.0)
    
  queued_call()
[ISAACLAB] AppLauncher initialization complete
REFERENCE_SCREEN_APP_READY
[INFO]: Registered backend 'kit' for factory Visualizer.
2026-09-14T20:15:31Z [18,714ms] [Warning] [omni.physx.tensors.plugin] Failed to find contact report API at '/Robot_000/joints'
2026-09-14T20:15:32Z [19,784ms] [Warning] [omni.syntheticdata.plugin] OgnSdPostRenderVarToHost : rendervar copy from texture directly to host buffer is counter-performant. Please use copy from texture to device buffer first.
2026-09-14T20:15:33Z [20,430ms] [Warning] [omni.kit.material.library.material_extensions] Could not initialize context menu integration: No module named 'omni.kit.context_menu'
PAPER_EVALUATION {"probe_index": 0, "probe_count": 13, "case_ids": ["learning:translate_0.05_0deg"], "controls": 100, "requested_controls": 1000}
PAPER_EVALUATION {"probe_index": 0, "probe_count": 13, "case_ids": ["learning:translate_0.05_0deg"], "controls": 200, "requested_controls": 1000}
PAPER_EVALUATION {"probe_index": 0, "probe_count": 13, "case_ids": ["learning:translate_0.05_0deg"], "controls": 300, "requested_controls": 1000}
PAPER_EVALUATION {"probe_index": 0, "probe_count": 13, "case_ids": ["learning:translate_0.05_0deg"], "controls": 400, "requested_controls": 1000}
PAPER_EVALUATION {"probe_index": 0, "probe_count": 13, "case_ids": ["learning:translate_0.05_0deg"], "controls": 500, "requested_controls": 1000}
PAPER_EVALUATION {"probe_index": 0, "probe_count": 13, "case_ids": ["learning:translate_0.05_0deg"], "controls": 600, "requested_controls": 1000}
PAPER_EVALUATION {"probe_index": 0, "probe_count": 13, "case_ids": ["learning:translate_0.05_0deg"], "controls": 700, "requested_controls": 1000}
PAPER_EVALUATION {"probe_index": 0, "probe_count": 13, "case_ids": ["learning:translate_0.05_0deg"], "controls": 800, "requested_controls": 1000}
PAPER_EVALUATION {"probe_index": 0, "probe_count": 13, "case_ids": ["learning:translate_0.05_0deg"], "controls": 900, "requested_controls": 1000}
PAPER_EVALUATION {"probe_index": 0, "probe_count": 13, "case_ids": ["learning:translate_0.05_0deg"], "controls": 1000, "requested_controls": 1000}
PAPER_EVALUATION {"probe_index": 1, "probe_count": 13, "case_ids": ["learning:translate_0.05_45deg"], "controls": 100, "requested_controls": 1000}
PAPER_EVALUATION {"probe_index": 1, "probe_count": 13, "case_ids": ["learning:translate_0.05_45deg"], "controls": 200, "requested_controls": 1000}
PAPER_EVALUATION {"probe_index": 1, "probe_count": 13, "case_ids": ["learning:translate_0.05_45deg"], "controls": 300, "requested_controls": 1000}
PAPER_EVALUATION {"probe_index": 1, "probe_count": 13, "case_ids": ["learning:translate_0.05_45deg"], "controls": 400, "requested_controls": 1000}
PAPER_EVALUATION {"probe_index": 1, "probe_count": 13, "case_ids": ["learning:translate_0.05_45deg"], "controls": 500, "requested_controls": 1000}
PAPER_EVALUATION {"probe_index": 1, "probe_count": 13, "case_ids": ["learning:translate_0.05_45deg"], "controls": 600, "requested_controls": 1000}
PAPER_EVALUATION {"probe_index": 1, "probe_count": 13, "case_ids": ["learning:translate_0.05_45deg"], "controls": 700, "requested_controls": 1000}
PAPER_EVALUATION {"probe_index": 1, "probe_count": 13, "case_ids": ["learning:translate_0.05_45deg"], "controls": 800, "requested_controls": 1000}
PAPER_EVALUATION {"probe_index": 1, "probe_count": 13, "case_ids": ["learning:translate_0.05_45deg"], "controls": 900, "requested_controls": 1000}
PAPER_EVALUATION {"probe_index": 1, "probe_count": 13, "case_ids": ["learning:translate_0.05_45deg"], "controls": 1000, "requested_controls": 1000}
PAPER_EVALUATION {"probe_index": 2, "probe_count": 13, "case_ids": ["learning:translate_0.05_90deg"], "controls": 100, "requested_controls": 1000}
PAPER_EVALUATION {"probe_index": 2, "probe_count": 13, "case_ids": ["learning:translate_0.05_90deg"], "controls": 200, "requested_controls": 1000}
PAPER_EVALUATION {"probe_index": 2, "probe_count": 13, "case_ids": ["learning:translate_0.05_90deg"], "controls": 300, "requested_controls": 1000}
PAPER_EVALUATION {"probe_index": 2, "probe_count": 13, "case_ids": ["learning:translate_0.05_90deg"], "controls": 400, "requested_controls": 1000}
PAPER_EVALUATION {"probe_index": 2, "probe_count": 13, "case_ids": ["learning:translate_0.05_90deg"], "controls": 500, "requested_controls": 1000}
PAPER_EVALUATION {"probe_index": 2, "probe_count": 13, "case_ids": ["learning:translate_0.05_90deg"], "controls": 600, "requested_controls": 1000}
PAPER_EVALUATION {"probe_index": 2, "probe_count": 13, "case_ids": ["learning:translate_0.05_90deg"], "controls": 700, "requested_controls": 1000}
PAPER_EVALUATION {"probe_index": 2, "probe_count": 13, "case_ids": ["learning:translate_0.05_90deg"], "controls": 800, "requested_controls": 1000}
PAPER_EVALUATION {"probe_index": 2, "probe_count": 13, "case_ids": ["learning:translate_0.05_90deg"], "controls": 900, "requested_controls": 1000}
PAPER_EVALUATION {"probe_index": 2, "probe_count": 13, "case_ids": ["learning:translate_0.05_90deg"], "controls": 1000, "requested_controls": 1000}
PAPER_EVALUATION {"probe_index": 3, "probe_count": 13, "case_ids": ["learning:translate_0.05_135deg"], "controls": 100, "requested_controls": 1000}
PAPER_EVALUATION {"probe_index": 3, "probe_count": 13, "case_ids": ["learning:translate_0.05_135deg"], "controls": 200, "requested_controls": 1000}
PAPER_EVALUATION {"probe_index": 3, "probe_count": 13, "case_ids": ["learning:translate_0.05_135deg"], "controls": 300, "requested_controls": 1000}
PAPER_EVALUATION {"probe_index": 3, "probe_count": 13, "case_ids": ["learning:translate_0.05_135deg"], "controls": 400, "requested_controls": 1000}
PAPER_EVALUATION {"probe_index": 3, "probe_count": 13, "case_ids": ["learning:translate_0.05_135deg"], "controls": 500, "requested_controls": 1000}
PAPER_EVALUATION {"probe_index": 3, "probe_count": 13, "case_ids": ["learning:translate_0.05_135deg"], "controls": 600, "requested_controls": 1000}
PAPER_EVALUATION {"probe_index": 3, "probe_count": 13, "case_ids": ["learning:translate_0.05_135deg"], "controls": 700, "requested_controls": 1000}
PAPER_EVALUATION {"probe_index": 3, "probe_count": 13, "case_ids": ["learning:translate_0.05_135deg"], "controls": 800, "requested_controls": 1000}
PAPER_EVALUATION {"probe_index": 3, "probe_count": 13, "case_ids": ["learning:translate_0.05_135deg"], "controls": 900, "requested_controls": 1000}
PAPER_EVALUATION {"probe_index": 3, "probe_count": 13, "case_ids": ["learning:translate_0.05_135deg"], "controls": 1000, "requested_controls": 1000}

