/Users/andreboufama/Documents/CUPI/HEXAPOD/tmp/omni_reference_wave_001/serial_geometry.py:10: UserWarning: Creating a tensor from a list of numpy.ndarrays is extremely slow. Please consider converting the list to a single numpy.ndarray with numpy.array() before converting to a tensor. (Triggered internally at /Users/runner/work/pytorch/pytorch/pytorch/torch/csrc/utils/tensor_new.cpp:256.)
  def tensor(x):return torch.as_tensor(x,dtype=DTYPE,device='cpu')
stand PASS v 0.0 a 0.0 touchdowns 0 stop None
translation_0 PASS v 0.7276 a 1.1704 touchdowns 11 stop 5.540000000000152
translation_22.5 PASS v 0.6439 a 1.2112 touchdowns 11 stop 5.4800000000001425
translation_45 PASS v 0.6636 a 1.409 touchdowns 11 stop 5.340000000000121
translation_67.5 PASS v 0.8197 a 1.6795 touchdowns 11 stop 5.4800000000001425
translation_90 PASS v 0.8879 a 1.7991 touchdowns 11 stop 5.540000000000152
translation_112.5 PASS v 0.8547 a 1.7404 touchdowns 11 stop 5.4800000000001425
translation_135 PASS v 0.7262 a 1.5174 touchdowns 11 stop 5.340000000000121
translation_157.5 PASS v 0.6427 a 1.2418 touchdowns 11 stop 5.4800000000001425
translation_180 PASS v 0.7191 a 1.1894 touchdowns 11 stop 5.540000000000152
translation_202.5 PASS v 0.7305 a 1.2644 touchdowns 11 stop 5.4800000000001425
translation_225 PASS v 0.6563 a 1.3638 touchdowns 11 stop 5.340000000000121
translation_247.5 PASS v 0.6963 a 1.4552 touchdowns 11 stop 5.4800000000001425
translation_270 PASS v 0.7664 a 1.8053 touchdowns 11 stop 5.540000000000152
translation_292.5 PASS v 0.7424 a 1.5928 touchdowns 11 stop 5.4800000000001425
translation_315 PASS v 0.7035 a 1.4677 touchdowns 11 stop 5.340000000000121
translation_337.5 PASS v 0.7482 a 1.3353 touchdowns 11 stop 5.4800000000001425
yaw_left PASS v 0.5195 a 0.9626 touchdowns 11 stop 6.120000000000243
yaw_right PASS v 0.534 a 1.031 touchdowns 11 stop 6.120000000000243
arc_0_-0.01 PASS v 0.9304 a 1.5184 touchdowns 11 stop 5.900000000000208
arc_0_+0.01 PASS v 1.0916 a 1.7672 touchdowns 11 stop 5.900000000000208
arc_90_-0.01 PASS v 0.9217 a 2.0227 touchdowns 11 stop 5.900000000000208
arc_90_+0.01 PASS v 0.9082 a 1.8841 touchdowns 11 stop 5.900000000000208
