VERIFIED 0 forecast_pause/restore.lock
VERIFIED 154 forecast_pause/restored.json
VERIFIED 265 run/standing_immutable.sha256.json
VERIFIED 331 run/jobs/final_constant_contact_data_audit.json
VERIFIED 331 run/jobs/final_stop_contact_data_audit.json
VERIFIED 331 run/jobs/initial_constant_contact_data_audit.json
VERIFIED 331 run/jobs/initial_stop_contact_data_audit.json
VERIFIED 331 run/jobs/standing_contact_data_audit.json
VERIFIED 331 run/jobs/train_contact_data_audit.json
VERIFIED 344 run/standing_accepted.json
VERIFIED 444 run/final_stop_immutable.sha256.json
VERIFIED 444 run/initial_stop_immutable.sha256.json
VERIFIED 445 run/final_constant_immutable.sha256.json
VERIFIED 445 run/initial_constant_immutable.sha256.json
VERIFIED 529 run/train_accepted.json
VERIFIED 602 run/final_constant_accepted.json
VERIFIED 604 run/initial_constant_accepted.json
VERIFIED 1004 run/final_stop_accepted.json
VERIFIED 1006 run/initial_stop_accepted.json
VERIFIED 1185 run/final_constant/agent.yaml
VERIFIED 1185 run/final_stop/agent.yaml
VERIFIED 1185 run/initial_constant/agent.yaml
VERIFIED 1185 run/initial_stop/agent.yaml
VERIFIED 1230 run/jobs/train.json
VERIFIED 1235 run/jobs/standing.json
VERIFIED 1236 run/jobs/final_stop.json
VERIFIED 1238 run/jobs/initial_stop.json
VERIFIED 1239 run/jobs/final_constant.json
VERIFIED 1242 run/jobs/initial_constant.json
VERIFIED 1303 run/train/agent.yaml
VERIFIED 1385 forecast_pause/launch.json
VERIFIED 1525 run/train/repair_initialization.json
VERIFIED 1737 run/standing/admission.json
VERIFIED 1828 forecast_pause/pause.json
VERIFIED 2199 forecast_pause/resume_forecasting.py
VERIFIED 5805 run/final_stop/state.json
VERIFIED 5806 run/initial_stop/state.json
VERIFIED 5809 run/final_constant/state.json
VERIFIED 5810 run/initial_constant/state.json
VERIFIED 5944 run/train_immutable.sha256.json
VERIFIED 6252 run/standing/state.json
VERIFIED 7642 run/campaign.json
VERIFIED 18684 run/logs/standing.log
VERIFIED 19882 run/logs/initial_constant.log
VERIFIED 20235 run/logs/initial_stop.log
VERIFIED 20411 run/logs/final_constant.log
VERIFIED 20760 run/logs/final_stop.log
VERIFIED 41363 run/final_constant/environment.yaml
VERIFIED 41363 run/final_stop/environment.yaml
VERIFIED 41363 run/initial_constant/environment.yaml
VERIFIED 41363 run/initial_stop/environment.yaml
VERIFIED 41363 run/standing/environment.yaml
VERIFIED 41365 run/train/environment.yaml
VERIFIED 113788 run/train/policy/events.out.tfevents.1789057856.spark-e26c.11.0
VERIFIED 124094 run/train/training_receipt.json
VERIFIED 131843 run/logs/train.log
VERIFIED 143700 run/train/state.json
VERIFIED 471522 run/initial_constant/diagnostics.json
VERIFIED 471728 run/final_constant/diagnostics.json
VERIFIED 826285 run/initial_stop/stop_diagnostics.json
VERIFIED 826390 run/final_stop/stop_diagnostics.json
VERIFIED 5975154 run/train/training_events.json
VERIFIED 4693534 run/final_constant/diagnostic_trace.npz
VERIFIED 4694835 run/initial_constant/diagnostic_trace.npz
VERIFIED 52102578 run/initial_stop/stop_trace.npz
VERIFIED 52131490 run/final_stop/stop_trace.npz
VERIFIED 3524934 run/train/training_joint_trace.npz
VERIFIED 79362907 run/train/training_trace.npz
VERIFIED 4376667 run/train/policy/final.pt
VERIFIED 4379765 run/train/policy/decision_010.pt
VERIFIED 4379765 run/train/policy/decision_025.pt
VERIFIED 4379765 run/train/policy/decision_050.pt
CURATED_FETCH_COMPLETE 72 223532373
