{
  "command": [
    "/opt/wx/venv-models/bin/python",
    "-B",
    "/home/orionh/HEXAPOD_runs/mock_length_study_20260909/direct_omni_train_analysis_004/analyze.py",
    "--campaign",
    "/home/orionh/HEXAPOD_runs/mock_length_study_20260909/direct_omni_train_extended_caps_002",
    "--cold",
    "/home/orionh/HEXAPOD_runs/mock_length_study_20260909/direct_omni_cold_001",
    "--output",
    "/home/orionh/HEXAPOD_runs/mock_length_study_20260909/direct_omni_extended_caps002_analysis_001/analysis"
  ],
  "started_unix": 1789069404.9621503,
  "analyzer_freeze_sha256": "be6625b977aa8ee333ecf1aa744bed99ba16d991dca0f3679c53414bbdc8bd94",
  "campaign_sha256": "fcf09c70705a02c588ebae0285e8e2737b0ad6f9745d5270bad5db4eff90403c",
  "python": "/opt/wx/venv-models/bin/python",
  "threads": 1,
  "GPU_dispatched": false,
  "Stage2_complete": false,
  "remote_full_analysis_attempted": true,
  "exit_code": 0,
  "finished_unix": 1789069412.494318,
  "wall_seconds": 7.532168865203857,
  "max_rss_kib_linux": 1470640,
  "complete_raw_trees_unchanged": true,
  "analyzer_unchanged": true,
  "terminal_audit_unchanged": true,
  "analyzer_evidence_verified": true,
  "analyzer_errors": [],
  "analyzer_report_sha256": "9660e25404aa586900de9345bfe5f0e125faf222793d1b3a9f9c1a3586b40956",
  "analysis_outputs_sha256": {
    "REPORT.md": "9d594e1a96978f4c137fcaf34db0c0de5fbbd87423046b5b06b31b0bda7a524c",
    "report.json": "9660e25404aa586900de9345bfe5f0e125faf222793d1b3a9f9c1a3586b40956",
    "INPUTS_SHA256.json": "c02ab5cacd0ab8c73b09a3dc3b23556dc47351c7d0836b976ee328ae0ea8f70b"
  },
  "analysis_outputs_complete": true,
  "execution_receipt_passed": true,
  "scope": "CPU analysis receipt, not policy quality, root terminal-audit replacement or local replay of omitted raw."
}
