2026-09-05T21:31:26.233060377Z Loading user config located at: '/isaac-sim/kit/data/Kit/IsaacLab/3.0/user.config.json'
2026-09-05T21:31:26.233124794Z 2026-09-05T21:31:24Z [0ms] [Warning] [omni.ext.plugin] [ext: isaaclab_visualizers] Extensions config 'extension.toml' doesn't exist '/workspace/isaaclab/source/isaaclab_visualizers' or '/workspace/isaaclab/source/isaaclab_visualizers/config'
2026-09-05T21:31:26.233129370Z 2026-09-05T21:31:24Z [120ms] [Warning] [carb.omniclient.plugin]  124: OmniHub: ThreadId(02) Hub encountered error. Trying to reconnect to Hub. retry_reason="Hub failed to launch: Io(\"child exited with exit status: 1 without writing file \\\"/tmp/hub-ubuntu-23F75973.config.json\\\"\")"
2026-09-05T21:31:26.233132170Z 2026-09-05T21:31:24Z [192ms] [Warning] [carb.omniclient.plugin]  124: OmniHub: ThreadId(02) Hub encountered error. Trying to reconnect to Hub. retry_reason="Hub failed to launch: Io(\"child exited with exit status: 1 without writing file \\\"/tmp/hub-ubuntu-23F75973.config.json\\\"\")"
2026-09-05T21:31:26.233134570Z 2026-09-05T21:31:24Z [274ms] [Warning] [carb.omniclient.plugin]  124: OmniHub: ThreadId(02) Hub encountered error. Trying to reconnect to Hub. retry_reason="Hub failed to launch: Io(\"child exited with exit status: 1 without writing file \\\"/tmp/hub-ubuntu-23F75973.config.json\\\"\")"
2026-09-05T21:31:26.233137114Z 2026-09-05T21:31:24Z [366ms] [Warning] [carb.omniclient.plugin]  124: OmniHub: ThreadId(02) Hub encountered error. Trying to reconnect to Hub. retry_reason="Hub failed to launch: Io(\"child exited with exit status: 1 without writing file \\\"/tmp/hub-ubuntu-23F75973.config.json\\\"\")"
2026-09-05T21:31:26.233139386Z 2026-09-05T21:31:24Z [468ms] [Warning] [carb.omniclient.plugin]  124: OmniHub: ThreadId(02) Hub encountered error. Trying to reconnect to Hub. retry_reason="Hub failed to launch: Io(\"child exited with exit status: 1 without writing file \\\"/tmp/hub-ubuntu-23F75973.config.json\\\"\")"
2026-09-05T21:31:26.233142826Z 2026-09-05T21:31:24Z [579ms] [Warning] [carb.omniclient.plugin]  124: OmniHub: ThreadId(02) Hub encountered error. Trying to reconnect to Hub. retry_reason="Hub failed to launch: Io(\"child exited with exit status: 1 without writing file \\\"/tmp/hub-ubuntu-23F75973.config.json\\\"\")"
2026-09-05T21:31:26.233145082Z 2026-09-05T21:31:25Z [702ms] [Warning] [carb.omniclient.plugin]  124: OmniHub: ThreadId(02) Hub encountered error. Trying to reconnect to Hub. retry_reason="Hub failed to launch: Io(\"child exited with exit status: 1 without writing file \\\"/tmp/hub-ubuntu-23F75973.config.json\\\"\")"
2026-09-05T21:31:26.233147290Z 2026-09-05T21:31:25Z [834ms] [Warning] [carb.omniclient.plugin]  124: OmniHub: ThreadId(02) Hub encountered error. Trying to reconnect to Hub. retry_reason="Hub failed to launch: Io(\"child exited with exit status: 1 without writing file \\\"/tmp/hub-ubuntu-23F75973.config.json\\\"\")"
2026-09-05T21:31:26.233149562Z 2026-09-05T21:31:25Z [976ms] [Warning] [carb.omniclient.plugin]  124: OmniHub: ThreadId(02) Hub encountered error. Trying to reconnect to Hub. retry_reason="Hub failed to launch: Io(\"child exited with exit status: 1 without writing file \\\"/tmp/hub-ubuntu-23F75973.config.json\\\"\")"
2026-09-05T21:31:26.233151706Z 2026-09-05T21:31:25Z [1,129ms] [Warning] [carb.omniclient.plugin]  124: OmniHub: ThreadId(02) Hub encountered error. Trying to reconnect to Hub. retry_reason="Hub failed to launch: Io(\"child exited with exit status: 1 without writing file \\\"/tmp/hub-ubuntu-23F75973.config.json\\\"\")"
2026-09-05T21:31:26.233159722Z 2026-09-05T21:31:25Z [1,291ms] [Warning] [carb.omniclient.plugin]  124: OmniHub: ThreadId(02) Hub encountered error. Trying to reconnect to Hub. retry_reason="Hub failed to launch: Io(\"child exited with exit status: 1 without writing file \\\"/tmp/hub-ubuntu-23F75973.config.json\\\"\")"
2026-09-05T21:31:26.233162170Z 2026-09-05T21:31:25Z [1,464ms] [Warning] [carb.omniclient.plugin]  124: OmniHub: ThreadId(02) Hub encountered error. Trying to reconnect to Hub. retry_reason="Hub failed to launch: Io(\"child exited with exit status: 1 without writing file \\\"/tmp/hub-ubuntu-23F75973.config.json\\\"\")"
2026-09-05T21:31:26.233164554Z 2026-09-05T21:31:26Z [1,646ms] [Warning] [carb.omniclient.plugin]  124: OmniHub: ThreadId(02) Hub encountered error. Trying to reconnect to Hub. retry_reason="Hub failed to launch: Io(\"child exited with exit status: 1 without writing file \\\"/tmp/hub-ubuntu-23F75973.config.json\\\"\")"
2026-09-05T21:31:26.233167082Z 2026-09-05T21:31:26Z [1,838ms] [Warning] [carb.omniclient.plugin]  124: OmniHub: ThreadId(02) Hub encountered error. Trying to reconnect to Hub. retry_reason="Hub failed to launch: Io(\"child exited with exit status: 1 without writing file \\\"/tmp/hub-ubuntu-23F75973.config.json\\\"\")"
2026-09-05T21:31:30.309160585Z 2026-09-05T21:31:26Z [2,039ms] [Warning] [carb.omniclient.plugin]  124: OmniHub: ThreadId(02) Hub encountered error. Trying to reconnect to Hub. retry_reason="Hub failed to launch: Io(\"child exited with exit status: 1 without writing file \\\"/tmp/hub-ubuntu-23F75973.config.json\\\"\")"
2026-09-05T21:31:30.309199322Z 2026-09-05T21:31:26Z [2,251ms] [Warning] [carb.omniclient.plugin]  124: OmniHub: ThreadId(02) Hub encountered error. Trying to reconnect to Hub. retry_reason="Hub failed to launch: Io(\"child exited with exit status: 1 without writing file \\\"/tmp/hub-ubuntu-23F75973.config.json\\\"\")"
2026-09-05T21:31:30.309203290Z 2026-09-05T21:31:26Z [2,473ms] [Warning] [carb.omniclient.plugin]  124: OmniHub: ThreadId(02) Hub encountered error. Trying to reconnect to Hub. retry_reason="Hub failed to launch: Io(\"child exited with exit status: 1 without writing file \\\"/tmp/hub-ubuntu-23F75973.config.json\\\"\")"
2026-09-05T21:31:30.309206394Z 2026-09-05T21:31:27Z [2,704ms] [Warning] [carb.omniclient.plugin]  124: OmniHub: ThreadId(02) Hub encountered error. Trying to reconnect to Hub. retry_reason="Hub failed to launch: Io(\"child exited with exit status: 1 without writing file \\\"/tmp/hub-ubuntu-23F75973.config.json\\\"\")"
2026-09-05T21:31:30.309209322Z 2026-09-05T21:31:27Z [2,946ms] [Warning] [carb.omniclient.plugin]  124: OmniHub: ThreadId(02) Hub encountered error. Trying to reconnect to Hub. retry_reason="Hub failed to launch: Io(\"child exited with exit status: 1 without writing file \\\"/tmp/hub-ubuntu-23F75973.config.json\\\"\")"
2026-09-05T21:31:30.309211786Z 2026-09-05T21:31:27Z [3,199ms] [Warning] [carb.omniclient.plugin]  124: OmniHub: ThreadId(02) Hub encountered error. Trying to reconnect to Hub. retry_reason="Hub failed to launch: Io(\"child exited with exit status: 1 without writing file \\\"/tmp/hub-ubuntu-23F75973.config.json\\\"\")"
2026-09-05T21:31:30.309214330Z 2026-09-05T21:31:27Z [3,461ms] [Warning] [carb.omniclient.plugin]  124: OmniHub: ThreadId(02) Hub encountered error. Trying to reconnect to Hub. retry_reason="Hub failed to launch: Io(\"child exited with exit status: 1 without writing file \\\"/tmp/hub-ubuntu-23F75973.config.json\\\"\")"
2026-09-05T21:31:30.309231578Z 2026-09-05T21:31:28Z [3,733ms] [Warning] [carb.omniclient.plugin]  124: OmniHub: ThreadId(02) Hub encountered error. Trying to reconnect to Hub. retry_reason="Hub failed to launch: Io(\"child exited with exit status: 1 without writing file \\\"/tmp/hub-ubuntu-23F75973.config.json\\\"\")"
2026-09-05T21:31:30.309234282Z 2026-09-05T21:31:28Z [4,015ms] [Warning] [carb.omniclient.plugin]  124: OmniHub: ThreadId(02) Hub encountered error. Trying to reconnect to Hub. retry_reason="Hub failed to launch: Io(\"child exited with exit status: 1 without writing file \\\"/tmp/hub-ubuntu-23F75973.config.json\\\"\")"
2026-09-05T21:31:30.309236538Z 2026-09-05T21:31:28Z [4,307ms] [Warning] [carb.omniclient.plugin]  124: OmniHub: ThreadId(02) Hub encountered error. Trying to reconnect to Hub. retry_reason="Hub failed to launch: Io(\"child exited with exit status: 1 without writing file \\\"/tmp/hub-ubuntu-23F75973.config.json\\\"\")"
2026-09-05T21:31:30.309238730Z 2026-09-05T21:31:29Z [4,608ms] [Warning] [carb.omniclient.plugin]  124: OmniHub: ThreadId(02) Hub encountered error. Trying to reconnect to Hub. retry_reason="Hub failed to launch: Io(\"child exited with exit status: 1 without writing file \\\"/tmp/hub-ubuntu-23F75973.config.json\\\"\")"
2026-09-05T21:31:30.309240938Z 2026-09-05T21:31:29Z [4,919ms] [Warning] [carb.omniclient.plugin]  124: OmniHub: ThreadId(02) Hub encountered error. Trying to reconnect to Hub. retry_reason="Hub failed to launch: Io(\"child exited with exit status: 1 without writing file \\\"/tmp/hub-ubuntu-23F75973.config.json\\\"\")"
2026-09-05T21:31:30.309243098Z 2026-09-05T21:31:29Z [5,241ms] [Warning] [carb.omniclient.plugin]  124: OmniHub: ThreadId(02) Hub encountered error. Trying to reconnect to Hub. retry_reason="Hub failed to launch: Io(\"child exited with exit status: 1 without writing file \\\"/tmp/hub-ubuntu-23F75973.config.json\\\"\")"
2026-09-05T21:31:30.309245226Z 2026-09-05T21:31:29Z [5,573ms] [Warning] [carb.omniclient.plugin]  124: OmniHub: ThreadId(02) Hub encountered error. Trying to reconnect to Hub. retry_reason="Hub failed to launch: Io(\"child exited with exit status: 1 without writing file \\\"/tmp/hub-ubuntu-23F75973.config.json\\\"\")"
2026-09-05T21:31:30.309247610Z 2026-09-05T21:31:30Z [5,915ms] [Warning] [carb.omniclient.plugin]  124: OmniHub: ThreadId(02) Hub encountered error. Trying to reconnect to Hub. retry_reason="Hub failed to launch: Io(\"child exited with exit status: 1 without writing file \\\"/tmp/hub-ubuntu-23F75973.config.json\\\"\")"
2026-09-05T21:31:34.735422638Z WARNING: All log messages before absl::InitializeLog() is called are written to STDERR
2026-09-05T21:31:34.735461599Z E0000 00:00:1788643894.735174      26 descriptor_database.cc:633] File already exists in database: grpc/health/v1/health.proto
2026-09-05T21:31:34.735464303Z W0000 00:00:1788643894.735209      26 message.cc:301] Protobuf GeneratedMessageFactory: File is already registered: grpc/health/v1/health.proto
2026-09-05T21:31:35.983641112Z /workspace/isaaclab/_isaac_sim/kit/python/lib/python3.12/site-packages/torch/cuda/__init__.py:435: UserWarning: 
2026-09-05T21:31:35.983672632Z     Found GPU0 NVIDIA GB10 which is of cuda capability 12.1.
2026-09-05T21:31:35.983675384Z     Minimum and Maximum cuda capability supported by this version of PyTorch is
2026-09-05T21:31:35.983696505Z     (8.0) - (12.0)
2026-09-05T21:31:35.983698457Z     
2026-09-05T21:31:35.983700073Z   queued_call()
2026-09-05T21:31:35.984850502Z [ISAACLAB] AppLauncher initialization complete
2026-09-05T21:31:38.933372111Z [INFO]: Parsing configuration from: hexapod_rl.tasks.mkii_fourbar_v1:HexapodMkiiFourbarV1EnvCfg
2026-09-05T21:31:38.933414704Z [INFO]: Base environment:
2026-09-05T21:31:38.933417136Z 	Environment device    : cuda:0
2026-09-05T21:31:38.933419808Z 	Environment seed      : 0
2026-09-05T21:31:38.933421648Z 	Physics step-size     : 0.00125
2026-09-05T21:31:38.933423344Z 	Rendering step-size   : 0.02
2026-09-05T21:31:38.933425104Z 	Environment step-size : 0.02
2026-09-05T21:31:38.933426848Z [INFO]: Registered backend 'physx' for factory Articulation.
2026-09-05T21:31:39.060345055Z [INFO]: Registered backend 'physx' for factory ContactSensor.
2026-09-05T21:31:40.019469910Z [INFO]: Physics scene prim path: /physicsScene
2026-09-05T21:31:45.391029622Z [INFO]: Time taken for scene creation Last: 1.258525 s, Mean: 1.258525 s, Std: 0.000000 s, N: 1
2026-09-05T21:31:45.391079766Z [INFO]: Scene manager:  <class InteractiveScene>
2026-09-05T21:31:45.391082758Z 	Number of environments: 8
2026-09-05T21:31:45.391084662Z 	Environment spacing   : 2.0
2026-09-05T21:31:45.391086694Z 	Source prim name      : /World/envs/env_0
2026-09-05T21:31:45.391088550Z 	Global prim paths     : ['/World/ground']
2026-09-05T21:31:45.391090391Z 	Replicate physics     : True
2026-09-05T21:31:45.391092487Z [INFO]: Starting the simulation. This may take a few seconds. Please wait...
2026-09-05T21:31:45.391094247Z [INFO]: Simulation parameters for joints in /World/envs/env_.*/Robot:
2026-09-05T21:31:45.391095975Z +---------------------------------------------------------------------------------------------------------------------------------------------------------------------------+
2026-09-05T21:31:45.391097895Z |                                                     Simulation Joint Information (Prim path: /World/envs/env_.*/Robot)                                                    |
2026-09-05T21:31:45.391099703Z +-------+----------------------+-----------+---------+----------+-----------------+------------------+------------------+-----------------+-----------------+---------------+
2026-09-05T21:31:45.391101655Z | Index | Name                 | Stiffness | Damping | Armature | Static Friction | Dynamic Friction | Viscous Friction | Position Limits | Velocity Limits | Effort Limits |
2026-09-05T21:31:45.391103687Z +-------+----------------------+-----------+---------+----------+-----------------+------------------+------------------+-----------------+-----------------+---------------+
2026-09-05T21:31:45.391105687Z |   0   | lf_coxa_yaw          |   0.000   |  0.000  |  0.001   |      0.010      |      0.010       |      0.002       | [-0.873, 0.873] |      50.265     |     5.500     |
2026-09-05T21:31:45.391128375Z |   1   | lm_coxa_yaw          |   0.000   |  0.000  |  0.001   |      0.010      |      0.010       |      0.002       | [-0.873, 0.873] |      50.265     |     5.500     |
2026-09-05T21:31:45.391130455Z |   2   | lr_coxa_yaw          |   0.000   |  0.000  |  0.001   |      0.010      |      0.010       |      0.002       | [-0.873, 0.873] |      50.265     |     5.500     |
2026-09-05T21:31:45.391132263Z |   3   | rf_coxa_yaw          |   0.000   |  0.000  |  0.001   |      0.010      |      0.010       |      0.002       | [-0.873, 0.873] |      50.265     |     5.500     |
2026-09-05T21:31:45.391135447Z |   4   | rm_coxa_yaw          |   0.000   |  0.000  |  0.001   |      0.010      |      0.010       |      0.002       | [-0.873, 0.873] |      50.265     |     5.500     |
2026-09-05T21:31:45.391137335Z |   5   | rr_coxa_yaw          |   0.000   |  0.000  |  0.001   |      0.010      |      0.010       |      0.002       | [-0.873, 0.873] |      50.265     |     5.500     |
2026-09-05T21:31:45.391139191Z |   6   | lf_femur_pitch       |   0.000   |  0.000  |  0.001   |      0.010      |      0.010       |      0.002       | [-1.745, 0.550] |      50.265     |     5.500     |
2026-09-05T21:31:45.391140983Z |   7   | lm_femur_pitch       |   0.000   |  0.000  |  0.001   |      0.010      |      0.010       |      0.002       | [-1.745, 0.550] |      50.265     |     5.500     |
2026-09-05T21:31:45.391142775Z |   8   | lr_femur_pitch       |   0.000   |  0.000  |  0.001   |      0.010      |      0.010       |      0.002       | [-1.745, 0.550] |      50.265     |     5.500     |
2026-09-05T21:31:45.391144599Z |   9   | rf_femur_pitch       |   0.000   |  0.000  |  0.001   |      0.010      |      0.010       |      0.002       | [-1.745, 0.550] |      50.265     |     5.500     |
2026-09-05T21:31:45.391146583Z |   10  | rm_femur_pitch       |   0.000   |  0.000  |  0.001   |      0.010      |      0.010       |      0.002       | [-1.745, 0.550] |      50.265     |     5.500     |
2026-09-05T21:31:45.391148375Z |   11  | rr_femur_pitch       |   0.000   |  0.000  |  0.001   |      0.010      |      0.010       |      0.002       | [-1.745, 0.550] |      50.265     |     5.500     |
2026-09-05T21:31:45.391150151Z |   12  | lf_tibia_lever_pivot |   0.000   |  0.000  |  0.001   |      0.010      |      0.010       |      0.002       | [-0.978, 1.722] |      50.265     |     5.500     |
2026-09-05T21:31:45.391151927Z |   13  | lf_tibia_pitch       |   0.000   |  0.000  |  0.000   |      0.000      |      0.000       |      0.000       | [-0.978, 1.722] |     1.7e+04     |     0.000     |
2026-09-05T21:31:45.391153687Z |   14  | lm_tibia_lever_pivot |   0.000   |  0.000  |  0.001   |      0.010      |      0.010       |      0.002       | [-0.990, 1.710] |      50.265     |     5.500     |
2026-09-05T21:31:45.391155847Z |   15  | lm_tibia_pitch       |   0.000   |  0.000  |  0.000   |      0.000      |      0.000       |      0.000       | [-0.990, 1.710] |     1.7e+04     |     0.000     |
2026-09-05T21:31:45.391157639Z |   16  | lr_tibia_lever_pivot |   0.000   |  0.000  |  0.001   |      0.010      |      0.010       |      0.002       | [-0.971, 1.729] |      50.265     |     5.500     |
2026-09-05T21:31:45.391159719Z |   17  | lr_tibia_pitch       |   0.000   |  0.000  |  0.000   |      0.000      |      0.000       |      0.000       | [-0.971, 1.729] |     1.7e+04     |     0.000     |
2026-09-05T21:31:45.391164215Z |   18  | rf_tibia_lever_pivot |   0.000   |  0.000  |  0.001   |      0.010      |      0.010       |      0.002       | [-0.950, 1.750] |      50.265     |     5.500     |
2026-09-05T21:31:45.391166087Z |   19  | rf_tibia_pitch       |   0.000   |  0.000  |  0.000   |      0.000      |      0.000       |      0.000       | [-0.950, 1.750] |     1.7e+04     |     0.000     |
2026-09-05T21:31:45.391167831Z |   20  | rm_tibia_lever_pivot |   0.000   |  0.000  |  0.001   |      0.010      |      0.010       |      0.002       | [-0.913, 1.787] |      50.265     |     5.500     |
2026-09-05T21:31:45.391169623Z |   21  | rm_tibia_pitch       |   0.000   |  0.000  |  0.000   |      0.000      |      0.000       |      0.000       | [-0.913, 1.787] |     1.7e+04     |     0.000     |
2026-09-05T21:31:45.391171383Z |   22  | rr_tibia_lever_pivot |   0.000   |  0.000  |  0.001   |      0.010      |      0.010       |      0.002       | [-0.950, 1.750] |      50.265     |     5.500     |
2026-09-05T21:31:45.391173144Z |   23  | rr_tibia_pitch       |   0.000   |  0.000  |  0.000   |      0.000      |      0.000       |      0.000       | [-0.950, 1.750] |     1.7e+04     |     0.000     |
2026-09-05T21:31:45.391174936Z |   24  | lf_tibia_rod_pivot   |   0.000   |  0.000  |  0.000   |      0.000      |      0.000       |      0.000       | [-1.722, 0.978] |     1.7e+04     |     0.000     |
2026-09-05T21:31:45.391176728Z |   25  | lm_tibia_rod_pivot   |   0.000   |  0.000  |  0.000   |      0.000      |      0.000       |      0.000       | [-1.710, 0.990] |     1.7e+04     |     0.000     |
2026-09-05T21:31:45.391178488Z |   26  | lr_tibia_rod_pivot   |   0.000   |  0.000  |  0.000   |      0.000      |      0.000       |      0.000       | [-1.729, 0.971] |     1.7e+04     |     0.000     |
2026-09-05T21:31:45.391180456Z |   27  | rf_tibia_rod_pivot   |   0.000   |  0.000  |  0.000   |      0.000      |      0.000       |      0.000       | [-1.750, 0.950] |     1.7e+04     |     0.000     |
2026-09-05T21:31:45.391182232Z |   28  | rm_tibia_rod_pivot   |   0.000   |  0.000  |  0.000   |      0.000      |      0.000       |      0.000       | [-1.787, 0.913] |     1.7e+04     |     0.000     |
2026-09-05T21:31:45.391184024Z |   29  | rr_tibia_rod_pivot   |   0.000   |  0.000  |  0.000   |      0.000      |      0.000       |      0.000       | [-1.750, 0.950] |     1.7e+04     |     0.000     |
2026-09-05T21:31:45.391185800Z +-------+----------------------+-----------+---------+----------+-----------------+------------------+------------------+-----------------+-----------------+---------------+
2026-09-05T21:34:37.436164589Z [INFO]: Time taken for simulation start Last: 5.629286 s, Mean: 5.629286 s, Std: 0.000000 s, N: 1
2026-09-05T21:34:37.436215742Z [INFO]: Completed setting up the environment...
2026-09-05T21:34:37.436219806Z FOURBAR_DIAGNOSTIC_SEGMENT {"segment": {"phase": "standing", "motors": [], "offset_rad": 0.0, "steps": 200}, "metrics": {"substeps": 2560, "height_sum": 2779.5889217853546, "min_height_m": 0.13571083545684814, "max_applied_nm": 0.7684478163719177, "max_demand_nm": 0.7684478163719177, "max_closure_point_m": 8.642673492431641e-07, "max_closure_axis_chord": 8.01155692897737e-07, "min_nonfoot_clearance_m": 0.025369912385940552, "nonfoot_contact_env_substeps": 0.0, "min_support": 5.0, "max_envelope_excess_nm": 0.0, "max_continuous_excess_nm": 0.0, "min_burst_headroom": 0.5006804466247559, "invalid_samples": 0.0, "max_passive_relation_error_rad": 1.043081283569336e-05, "max_passive_velocity_relation_error_rad_s": 0.09738627076148987, "passive_velocity_relation_squared_sum": 0.26599972881479794, "max_closure_relative_point_velocity_m_s": 0.0034869126975536346, "closure_relative_point_velocity_squared_norm_sum": 0.0006995779848463391, "mean_height_m": 0.1357221153215505, "passive_velocity_relation_samples": 245760, "closure_relative_point_velocity_samples": 122880, "rms_passive_velocity_relation_error_rad_s": 0.001040363238190355, "rms_closure_relative_point_velocity_m_s": 7.54531657070852e-05}}
2026-09-05T21:34:37.438954221Z FOURBAR_DIAGNOSTIC_RESULT {"diagnostic_complete": true, "pass": false, "errors": [], "physical_gate_errors": [], "trace_samples": 3200}
2026-09-05T21:34:37.905026356Z [INFO]: SimulationContext cleared
2026-09-05T21:34:37.979115996Z 2026-09-05T21:31:30Z [6,267ms] [Warning] [carb.omniclient.plugin]  124: OmniHub: ThreadId(02) Hub encountered error. Trying to reconnect to Hub. retry_reason="Hub failed to launch: Io(\"child exited with exit status: 1 without writing file \\\"/tmp/hub-ubuntu-23F75973.config.json\\\"\")"
2026-09-05T21:34:37.979154540Z 2026-09-05T21:31:31Z [6,629ms] [Warning] [carb.omniclient.plugin]  124: OmniHub: ThreadId(02) Hub encountered error. Trying to reconnect to Hub. retry_reason="Hub failed to launch: Io(\"child exited with exit status: 1 without writing file \\\"/tmp/hub-ubuntu-23F75973.config.json\\\"\")"
2026-09-05T21:34:37.979157996Z 2026-09-05T21:31:31Z [7,000ms] [Warning] [carb.omniclient.plugin]  124: OmniHub: ThreadId(02) Hub encountered error. Trying to reconnect to Hub. retry_reason="Hub failed to launch: Io(\"child exited with exit status: 1 without writing file \\\"/tmp/hub-ubuntu-23F75973.config.json\\\"\")"
2026-09-05T21:34:37.979160764Z 2026-09-05T21:31:31Z [7,382ms] [Warning] [carb.omniclient.plugin]  124: OmniHub: ThreadId(02) Hub encountered error. Trying to reconnect to Hub. retry_reason="Hub failed to launch: Io(\"child exited with exit status: 1 without writing file \\\"/tmp/hub-ubuntu-23F75973.config.json\\\"\")"
2026-09-05T21:34:37.979163132Z 2026-09-05T21:31:32Z [7,773ms] [Warning] [carb.omniclient.plugin]  124: OmniHub: ThreadId(02) Hub encountered error. Trying to reconnect to Hub. retry_reason="Hub failed to launch: Io(\"child exited with exit status: 1 without writing file \\\"/tmp/hub-ubuntu-23F75973.config.json\\\"\")"
2026-09-05T21:34:37.979165388Z 2026-09-05T21:31:32Z [8,174ms] [Warning] [carb.omniclient.plugin]  124: OmniHub: ThreadId(02) Hub encountered error. Trying to reconnect to Hub. retry_reason="Hub failed to launch: Io(\"child exited with exit status: 1 without writing file \\\"/tmp/hub-ubuntu-23F75973.config.json\\\"\")"
2026-09-05T21:34:37.979167596Z 2026-09-05T21:31:32Z [8,587ms] [Warning] [carb.omniclient.plugin]  124: OmniHub: ThreadId(02) Hub encountered error. Trying to reconnect to Hub. retry_reason="Hub failed to launch: Io(\"child exited with exit status: 1 without writing file \\\"/tmp/hub-ubuntu-23F75973.config.json\\\"\")"
2026-09-05T21:34:37.979170700Z 2026-09-05T21:31:33Z [9,009ms] [Warning] [carb.omniclient.plugin]  124: OmniHub: ThreadId(02) Hub encountered error. Trying to reconnect to Hub. retry_reason="Hub failed to launch: Io(\"child exited with exit status: 1 without writing file \\\"/tmp/hub-ubuntu-23F75973.config.json\\\"\")"
2026-09-05T21:34:37.979173084Z 2026-09-05T21:31:33Z [9,441ms] [Warning] [carb.omniclient.plugin]  124: OmniHub: ThreadId(02) Hub encountered error. Trying to reconnect to Hub. retry_reason="Hub failed to launch: Io(\"child exited with exit status: 1 without writing file \\\"/tmp/hub-ubuntu-23F75973.config.json\\\"\")"
2026-09-05T21:34:37.979194637Z 2026-09-05T21:31:34Z [9,883ms] [Warning] [carb.omniclient.plugin]  124: OmniHub: ThreadId(02) Hub encountered error. Trying to reconnect to Hub. retry_reason="Hub failed to launch: Io(\"child exited with exit status: 1 without writing file \\\"/tmp/hub-ubuntu-23F75973.config.json\\\"\")"
2026-09-05T21:34:37.979197917Z 2026-09-05T21:31:34Z [10,361ms] [Warning] [omni.usd_config.extension] Enable omni.materialx.libs extension to use MaterialX
2026-09-05T21:34:37.979199693Z 2026-09-05T21:31:40Z [16,204ms] [Warning] [omni.physx.plugin] Detected an articulation at /World/envs/env_0/Robot/Geometry/body with more than 4 velocity iterations being added to a TGS scene.The related behavior changed recently, please consult the changelog. This warning will only print once.
2026-09-05T21:34:37.979201869Z 2026-09-05T21:31:41Z [17,126ms] [Warning] [usdrt.population.plugin] Last global time was not created. Did you call setEnableUsdNoticeHandling?
2026-09-05T21:34:37.979203853Z 2026-09-05T21:31:45Z [20,992ms] [Warning] [isaaclab_physx.assets.articulation.articulation] Not all actuators are configured! Total number of actuated joints not equal to number of joints available: 18 != 30.
