2026-09-06T23:12:53.900487976Z Loading user config located at: '/isaac-sim/kit/data/Kit/IsaacLab/3.0/user.config.json'
2026-09-06T23:12:53.900556744Z 2026-09-06T23:12:51Z [0ms] [Warning] [omni.ext.plugin] [ext: isaaclab_visualizers] Extensions config 'extension.toml' doesn't exist '/workspace/isaaclab/source/isaaclab_visualizers' or '/workspace/isaaclab/source/isaaclab_visualizers/config'
2026-09-06T23:12:53.900561064Z 2026-09-06T23:12:52Z [457ms] [Warning] [carb.omniclient.plugin]  124: OmniHub: ThreadId(02) Hub encountered error. Trying to reconnect to Hub. retry_reason="Hub failed to launch: Io(\"child exited with exit status: 1 without writing file \\\"/tmp/hub-ubuntu-90B3A3D5.config.json\\\"\")"
2026-09-06T23:12:53.900563865Z 2026-09-06T23:12:52Z [529ms] [Warning] [carb.omniclient.plugin]  124: OmniHub: ThreadId(02) Hub encountered error. Trying to reconnect to Hub. retry_reason="Hub failed to launch: Io(\"child exited with exit status: 1 without writing file \\\"/tmp/hub-ubuntu-90B3A3D5.config.json\\\"\")"
2026-09-06T23:12:53.900566393Z 2026-09-06T23:12:52Z [610ms] [Warning] [carb.omniclient.plugin]  124: OmniHub: ThreadId(02) Hub encountered error. Trying to reconnect to Hub. retry_reason="Hub failed to launch: Io(\"child exited with exit status: 1 without writing file \\\"/tmp/hub-ubuntu-90B3A3D5.config.json\\\"\")"
2026-09-06T23:12:53.900568921Z 2026-09-06T23:12:52Z [703ms] [Warning] [carb.omniclient.plugin]  124: OmniHub: ThreadId(02) Hub encountered error. Trying to reconnect to Hub. retry_reason="Hub failed to launch: Io(\"child exited with exit status: 1 without writing file \\\"/tmp/hub-ubuntu-90B3A3D5.config.json\\\"\")"
2026-09-06T23:12:53.900571113Z 2026-09-06T23:12:52Z [805ms] [Warning] [carb.omniclient.plugin]  124: OmniHub: ThreadId(02) Hub encountered error. Trying to reconnect to Hub. retry_reason="Hub failed to launch: Io(\"child exited with exit status: 1 without writing file \\\"/tmp/hub-ubuntu-90B3A3D5.config.json\\\"\")"
2026-09-06T23:12:53.900574409Z 2026-09-06T23:12:52Z [917ms] [Warning] [carb.omniclient.plugin]  124: OmniHub: ThreadId(02) Hub encountered error. Trying to reconnect to Hub. retry_reason="Hub failed to launch: Io(\"child exited with exit status: 1 without writing file \\\"/tmp/hub-ubuntu-90B3A3D5.config.json\\\"\")"
2026-09-06T23:12:53.900576649Z 2026-09-06T23:12:52Z [1,039ms] [Warning] [carb.omniclient.plugin]  124: OmniHub: ThreadId(02) Hub encountered error. Trying to reconnect to Hub. retry_reason="Hub failed to launch: Io(\"child exited with exit status: 1 without writing file \\\"/tmp/hub-ubuntu-90B3A3D5.config.json\\\"\")"
2026-09-06T23:12:53.900578889Z 2026-09-06T23:12:52Z [1,171ms] [Warning] [carb.omniclient.plugin]  124: OmniHub: ThreadId(02) Hub encountered error. Trying to reconnect to Hub. retry_reason="Hub failed to launch: Io(\"child exited with exit status: 1 without writing file \\\"/tmp/hub-ubuntu-90B3A3D5.config.json\\\"\")"
2026-09-06T23:12:53.900581113Z 2026-09-06T23:12:53Z [1,313ms] [Warning] [carb.omniclient.plugin]  124: OmniHub: ThreadId(02) Hub encountered error. Trying to reconnect to Hub. retry_reason="Hub failed to launch: Io(\"child exited with exit status: 1 without writing file \\\"/tmp/hub-ubuntu-90B3A3D5.config.json\\\"\")"
2026-09-06T23:12:53.900583289Z 2026-09-06T23:12:53Z [1,465ms] [Warning] [carb.omniclient.plugin]  124: OmniHub: ThreadId(02) Hub encountered error. Trying to reconnect to Hub. retry_reason="Hub failed to launch: Io(\"child exited with exit status: 1 without writing file \\\"/tmp/hub-ubuntu-90B3A3D5.config.json\\\"\")"
2026-09-06T23:12:53.900592057Z 2026-09-06T23:12:53Z [1,627ms] [Warning] [carb.omniclient.plugin]  124: OmniHub: ThreadId(02) Hub encountered error. Trying to reconnect to Hub. retry_reason="Hub failed to launch: Io(\"child exited with exit status: 1 without writing file \\\"/tmp/hub-ubuntu-90B3A3D5.config.json\\\"\")"
2026-09-06T23:12:53.900594249Z 2026-09-06T23:12:53Z [1,800ms] [Warning] [carb.omniclient.plugin]  124: OmniHub: ThreadId(02) Hub encountered error. Trying to reconnect to Hub. retry_reason="Hub failed to launch: Io(\"child exited with exit status: 1 without writing file \\\"/tmp/hub-ubuntu-90B3A3D5.config.json\\\"\")"
2026-09-06T23:12:53.900596393Z 2026-09-06T23:12:53Z [1,981ms] [Warning] [carb.omniclient.plugin]  124: OmniHub: ThreadId(02) Hub encountered error. Trying to reconnect to Hub. retry_reason="Hub failed to launch: Io(\"child exited with exit status: 1 without writing file \\\"/tmp/hub-ubuntu-90B3A3D5.config.json\\\"\")"
2026-09-06T23:12:53.900598841Z 2026-09-06T23:12:53Z [2,173ms] [Warning] [carb.omniclient.plugin]  124: OmniHub: ThreadId(02) Hub encountered error. Trying to reconnect to Hub. retry_reason="Hub failed to launch: Io(\"child exited with exit status: 1 without writing file \\\"/tmp/hub-ubuntu-90B3A3D5.config.json\\\"\")"
2026-09-06T23:12:57.980865397Z 2026-09-06T23:12:54Z [2,376ms] [Warning] [carb.omniclient.plugin]  124: OmniHub: ThreadId(02) Hub encountered error. Trying to reconnect to Hub. retry_reason="Hub failed to launch: Io(\"child exited with exit status: 1 without writing file \\\"/tmp/hub-ubuntu-90B3A3D5.config.json\\\"\")"
2026-09-06T23:12:57.980886549Z 2026-09-06T23:12:54Z [2,587ms] [Warning] [carb.omniclient.plugin]  124: OmniHub: ThreadId(02) Hub encountered error. Trying to reconnect to Hub. retry_reason="Hub failed to launch: Io(\"child exited with exit status: 1 without writing file \\\"/tmp/hub-ubuntu-90B3A3D5.config.json\\\"\")"
2026-09-06T23:12:57.980888213Z 2026-09-06T23:12:54Z [2,809ms] [Warning] [carb.omniclient.plugin]  124: OmniHub: ThreadId(02) Hub encountered error. Trying to reconnect to Hub. retry_reason="Hub failed to launch: Io(\"child exited with exit status: 1 without writing file \\\"/tmp/hub-ubuntu-90B3A3D5.config.json\\\"\")"
2026-09-06T23:12:57.980889589Z 2026-09-06T23:12:54Z [3,041ms] [Warning] [carb.omniclient.plugin]  124: OmniHub: ThreadId(02) Hub encountered error. Trying to reconnect to Hub. retry_reason="Hub failed to launch: Io(\"child exited with exit status: 1 without writing file \\\"/tmp/hub-ubuntu-90B3A3D5.config.json\\\"\")"
2026-09-06T23:12:57.980890949Z 2026-09-06T23:12:55Z [3,283ms] [Warning] [carb.omniclient.plugin]  124: OmniHub: ThreadId(02) Hub encountered error. Trying to reconnect to Hub. retry_reason="Hub failed to launch: Io(\"child exited with exit status: 1 without writing file \\\"/tmp/hub-ubuntu-90B3A3D5.config.json\\\"\")"
2026-09-06T23:12:57.980892197Z 2026-09-06T23:12:55Z [3,535ms] [Warning] [carb.omniclient.plugin]  124: OmniHub: ThreadId(02) Hub encountered error. Trying to reconnect to Hub. retry_reason="Hub failed to launch: Io(\"child exited with exit status: 1 without writing file \\\"/tmp/hub-ubuntu-90B3A3D5.config.json\\\"\")"
2026-09-06T23:12:57.980893365Z 2026-09-06T23:12:55Z [3,797ms] [Warning] [carb.omniclient.plugin]  124: OmniHub: ThreadId(02) Hub encountered error. Trying to reconnect to Hub. retry_reason="Hub failed to launch: Io(\"child exited with exit status: 1 without writing file \\\"/tmp/hub-ubuntu-90B3A3D5.config.json\\\"\")"
2026-09-06T23:12:57.980904101Z 2026-09-06T23:12:55Z [4,070ms] [Warning] [carb.omniclient.plugin]  124: OmniHub: ThreadId(02) Hub encountered error. Trying to reconnect to Hub. retry_reason="Hub failed to launch: Io(\"child exited with exit status: 1 without writing file \\\"/tmp/hub-ubuntu-90B3A3D5.config.json\\\"\")"
2026-09-06T23:12:57.980905349Z 2026-09-06T23:12:56Z [4,351ms] [Warning] [carb.omniclient.plugin]  124: OmniHub: ThreadId(02) Hub encountered error. Trying to reconnect to Hub. retry_reason="Hub failed to launch: Io(\"child exited with exit status: 1 without writing file \\\"/tmp/hub-ubuntu-90B3A3D5.config.json\\\"\")"
2026-09-06T23:12:57.980906517Z 2026-09-06T23:12:56Z [4,643ms] [Warning] [carb.omniclient.plugin]  124: OmniHub: ThreadId(02) Hub encountered error. Trying to reconnect to Hub. retry_reason="Hub failed to launch: Io(\"child exited with exit status: 1 without writing file \\\"/tmp/hub-ubuntu-90B3A3D5.config.json\\\"\")"
2026-09-06T23:12:57.980907637Z 2026-09-06T23:12:56Z [4,944ms] [Warning] [carb.omniclient.plugin]  124: OmniHub: ThreadId(02) Hub encountered error. Trying to reconnect to Hub. retry_reason="Hub failed to launch: Io(\"child exited with exit status: 1 without writing file \\\"/tmp/hub-ubuntu-90B3A3D5.config.json\\\"\")"
2026-09-06T23:12:57.980908757Z 2026-09-06T23:12:56Z [5,257ms] [Warning] [carb.omniclient.plugin]  124: OmniHub: ThreadId(02) Hub encountered error. Trying to reconnect to Hub. retry_reason="Hub failed to launch: Io(\"child exited with exit status: 1 without writing file \\\"/tmp/hub-ubuntu-90B3A3D5.config.json\\\"\")"
2026-09-06T23:12:57.980909973Z 2026-09-06T23:12:57Z [5,579ms] [Warning] [carb.omniclient.plugin]  124: OmniHub: ThreadId(02) Hub encountered error. Trying to reconnect to Hub. retry_reason="Hub failed to launch: Io(\"child exited with exit status: 1 without writing file \\\"/tmp/hub-ubuntu-90B3A3D5.config.json\\\"\")"
2026-09-06T23:12:57.980911125Z 2026-09-06T23:12:57Z [5,911ms] [Warning] [carb.omniclient.plugin]  124: OmniHub: ThreadId(02) Hub encountered error. Trying to reconnect to Hub. retry_reason="Hub failed to launch: Io(\"child exited with exit status: 1 without writing file \\\"/tmp/hub-ubuntu-90B3A3D5.config.json\\\"\")"
2026-09-06T23:12:57.980912453Z 2026-09-06T23:12:57Z [6,253ms] [Warning] [carb.omniclient.plugin]  124: OmniHub: ThreadId(02) Hub encountered error. Trying to reconnect to Hub. retry_reason="Hub failed to launch: Io(\"child exited with exit status: 1 without writing file \\\"/tmp/hub-ubuntu-90B3A3D5.config.json\\\"\")"
2026-09-06T23:13:02.442543573Z WARNING: All log messages before absl::InitializeLog() is called are written to STDERR
2026-09-06T23:13:02.442577654Z E0000 00:00:1788736382.441361      25 descriptor_database.cc:633] File already exists in database: grpc/health/v1/health.proto
2026-09-06T23:13:02.442580742Z W0000 00:00:1788736382.442256      25 message.cc:301] Protobuf GeneratedMessageFactory: File is already registered: grpc/health/v1/health.proto
2026-09-06T23:13:05.108632517Z /workspace/isaaclab/_isaac_sim/kit/python/lib/python3.12/site-packages/torch/cuda/__init__.py:435: UserWarning: 
2026-09-06T23:13:05.108649510Z     Found GPU0 NVIDIA GB10 which is of cuda capability 12.1.
2026-09-06T23:13:05.108651030Z     Minimum and Maximum cuda capability supported by this version of PyTorch is
2026-09-06T23:13:05.108656694Z     (8.0) - (12.0)
2026-09-06T23:13:05.108657734Z     
2026-09-06T23:13:05.108658646Z   queued_call()
2026-09-06T23:13:05.110585573Z [ISAACLAB] AppLauncher initialization complete
2026-09-06T23:13:08.905882926Z [INFO]: Parsing configuration from: hexapod_rl.tasks.mkii_fourbar_v1:HexapodMkiiFourbarV1EnvCfg
2026-09-06T23:13:08.905912974Z [INFO]: Base environment:
2026-09-06T23:13:08.905915534Z 	Environment device    : cuda:0
2026-09-06T23:13:08.905917710Z 	Environment seed      : 0
2026-09-06T23:13:08.905919598Z 	Physics step-size     : 0.00125
2026-09-06T23:13:08.905921326Z 	Rendering step-size   : 0.02
2026-09-06T23:13:08.905922990Z 	Environment step-size : 0.02
2026-09-06T23:13:08.905924686Z [INFO]: Registered backend 'physx' for factory Articulation.
2026-09-06T23:13:09.157519620Z [INFO]: Registered backend 'physx' for factory ContactSensor.
2026-09-06T23:13:10.061492719Z [INFO]: Physics scene prim path: /physicsScene
2026-09-06T23:13:15.937167984Z [INFO]: Time taken for scene creation Last: 1.773142 s, Mean: 1.773142 s, Std: 0.000000 s, N: 1
2026-09-06T23:13:15.937203440Z [INFO]: Scene manager:  <class InteractiveScene>
2026-09-06T23:13:15.937206016Z 	Number of environments: 32
2026-09-06T23:13:15.937208464Z 	Environment spacing   : 0.0
2026-09-06T23:13:15.937210176Z 	Source prim name      : /World/envs/env_0
2026-09-06T23:13:15.937212032Z 	Global prim paths     : ['/World/ground']
2026-09-06T23:13:15.937213664Z 	Replicate physics     : True
2026-09-06T23:13:15.937215264Z [INFO]: Starting the simulation. This may take a few seconds. Please wait...
2026-09-06T23:13:15.937217008Z [INFO]: Simulation parameters for joints in /World/envs/env_.*/Robot:
2026-09-06T23:13:15.937218736Z +---------------------------------------------------------------------------------------------------------------------------------------------------------------------------+
2026-09-06T23:13:15.937220720Z |                                                     Simulation Joint Information (Prim path: /World/envs/env_.*/Robot)                                                    |
2026-09-06T23:13:15.937222624Z +-------+----------------------+-----------+---------+----------+-----------------+------------------+------------------+-----------------+-----------------+---------------+
2026-09-06T23:13:15.937224432Z | Index | Name                 | Stiffness | Damping | Armature | Static Friction | Dynamic Friction | Viscous Friction | Position Limits | Velocity Limits | Effort Limits |
2026-09-06T23:13:15.937226352Z +-------+----------------------+-----------+---------+----------+-----------------+------------------+------------------+-----------------+-----------------+---------------+
2026-09-06T23:13:15.937228336Z |   0   | lf_coxa_yaw          |   0.000   |  0.000  |  0.001   |      0.010      |      0.010       |      0.002       | [-0.873, 0.873] |      50.265     |     5.500     |
2026-09-06T23:13:15.937249648Z |   1   | lm_coxa_yaw          |   0.000   |  0.000  |  0.001   |      0.010      |      0.010       |      0.002       | [-0.873, 0.873] |      50.265     |     5.500     |
2026-09-06T23:13:15.937251760Z |   2   | lr_coxa_yaw          |   0.000   |  0.000  |  0.001   |      0.010      |      0.010       |      0.002       | [-0.873, 0.873] |      50.265     |     5.500     |
2026-09-06T23:13:15.937253520Z |   3   | rf_coxa_yaw          |   0.000   |  0.000  |  0.001   |      0.010      |      0.010       |      0.002       | [-0.873, 0.873] |      50.265     |     5.500     |
2026-09-06T23:13:15.937256384Z |   4   | rm_coxa_yaw          |   0.000   |  0.000  |  0.001   |      0.010      |      0.010       |      0.002       | [-0.873, 0.873] |      50.265     |     5.500     |
2026-09-06T23:13:15.937258544Z |   5   | rr_coxa_yaw          |   0.000   |  0.000  |  0.001   |      0.010      |      0.010       |      0.002       | [-0.873, 0.873] |      50.265     |     5.500     |
2026-09-06T23:13:15.937261056Z |   6   | lf_femur_pitch       |   0.000   |  0.000  |  0.001   |      0.010      |      0.010       |      0.002       | [-1.745, 0.550] |      50.265     |     5.500     |
2026-09-06T23:13:15.937262832Z |   7   | lm_femur_pitch       |   0.000   |  0.000  |  0.001   |      0.010      |      0.010       |      0.002       | [-1.745, 0.550] |      50.265     |     5.500     |
2026-09-06T23:13:15.937264592Z |   8   | lr_femur_pitch       |   0.000   |  0.000  |  0.001   |      0.010      |      0.010       |      0.002       | [-1.745, 0.550] |      50.265     |     5.500     |
2026-09-06T23:13:15.937266384Z |   9   | rf_femur_pitch       |   0.000   |  0.000  |  0.001   |      0.010      |      0.010       |      0.002       | [-1.745, 0.550] |      50.265     |     5.500     |
2026-09-06T23:13:15.937268112Z |   10  | rm_femur_pitch       |   0.000   |  0.000  |  0.001   |      0.010      |      0.010       |      0.002       | [-1.745, 0.550] |      50.265     |     5.500     |
2026-09-06T23:13:15.937269856Z |   11  | rr_femur_pitch       |   0.000   |  0.000  |  0.001   |      0.010      |      0.010       |      0.002       | [-1.745, 0.550] |      50.265     |     5.500     |
2026-09-06T23:13:15.937271616Z |   12  | lf_tibia_lever_pivot |   0.000   |  0.000  |  0.001   |      0.010      |      0.010       |      0.002       | [-0.978, 1.722] |      50.265     |     5.500     |
2026-09-06T23:13:15.937273408Z |   13  | lf_tibia_pitch       |   0.000   |  0.000  |  0.000   |      0.000      |      0.000       |      0.000       | [-0.978, 1.722] |     1.7e+04     |     0.000     |
2026-09-06T23:13:15.937275153Z |   14  | lm_tibia_lever_pivot |   0.000   |  0.000  |  0.001   |      0.010      |      0.010       |      0.002       | [-0.990, 1.710] |      50.265     |     5.500     |
2026-09-06T23:13:15.937277185Z |   15  | lm_tibia_pitch       |   0.000   |  0.000  |  0.000   |      0.000      |      0.000       |      0.000       | [-0.990, 1.710] |     1.7e+04     |     0.000     |
2026-09-06T23:13:15.937279009Z |   16  | lr_tibia_lever_pivot |   0.000   |  0.000  |  0.001   |      0.010      |      0.010       |      0.002       | [-0.971, 1.729] |      50.265     |     5.500     |
2026-09-06T23:13:15.937280801Z |   17  | lr_tibia_pitch       |   0.000   |  0.000  |  0.000   |      0.000      |      0.000       |      0.000       | [-0.971, 1.729] |     1.7e+04     |     0.000     |
2026-09-06T23:13:15.937284833Z |   18  | rf_tibia_lever_pivot |   0.000   |  0.000  |  0.001   |      0.010      |      0.010       |      0.002       | [-0.950, 1.750] |      50.265     |     5.500     |
2026-09-06T23:13:15.937286753Z |   19  | rf_tibia_pitch       |   0.000   |  0.000  |  0.000   |      0.000      |      0.000       |      0.000       | [-0.950, 1.750] |     1.7e+04     |     0.000     |
2026-09-06T23:13:15.937288529Z |   20  | rm_tibia_lever_pivot |   0.000   |  0.000  |  0.001   |      0.010      |      0.010       |      0.002       | [-0.913, 1.787] |      50.265     |     5.500     |
2026-09-06T23:13:15.937290353Z |   21  | rm_tibia_pitch       |   0.000   |  0.000  |  0.000   |      0.000      |      0.000       |      0.000       | [-0.913, 1.787] |     1.7e+04     |     0.000     |
2026-09-06T23:13:15.937292081Z |   22  | rr_tibia_lever_pivot |   0.000   |  0.000  |  0.001   |      0.010      |      0.010       |      0.002       | [-0.950, 1.750] |      50.265     |     5.500     |
2026-09-06T23:13:15.937293841Z |   23  | rr_tibia_pitch       |   0.000   |  0.000  |  0.000   |      0.000      |      0.000       |      0.000       | [-0.950, 1.750] |     1.7e+04     |     0.000     |
2026-09-06T23:13:15.937295569Z |   24  | lf_tibia_rod_pivot   |   0.000   |  0.000  |  0.000   |      0.000      |      0.000       |      0.000       | [-1.722, 0.978] |     1.7e+04     |     0.000     |
2026-09-06T23:13:15.937297313Z |   25  | lm_tibia_rod_pivot   |   0.000   |  0.000  |  0.000   |      0.000      |      0.000       |      0.000       | [-1.710, 0.990] |     1.7e+04     |     0.000     |
2026-09-06T23:13:15.937299073Z |   26  | lr_tibia_rod_pivot   |   0.000   |  0.000  |  0.000   |      0.000      |      0.000       |      0.000       | [-1.729, 0.971] |     1.7e+04     |     0.000     |
2026-09-06T23:13:15.937301089Z |   27  | rf_tibia_rod_pivot   |   0.000   |  0.000  |  0.000   |      0.000      |      0.000       |      0.000       | [-1.750, 0.950] |     1.7e+04     |     0.000     |
2026-09-06T23:13:15.937302849Z |   28  | rm_tibia_rod_pivot   |   0.000   |  0.000  |  0.000   |      0.000      |      0.000       |      0.000       | [-1.787, 0.913] |     1.7e+04     |     0.000     |
2026-09-06T23:13:15.937304609Z |   29  | rr_tibia_rod_pivot   |   0.000   |  0.000  |  0.000   |      0.000      |      0.000       |      0.000       | [-1.750, 0.950] |     1.7e+04     |     0.000     |
2026-09-06T23:13:15.937306385Z +-------+----------------------+-----------+---------+----------+-----------------+------------------+------------------+-----------------+-----------------+---------------+
2026-09-06T23:13:19.839359883Z [INFO]: Time taken for simulation start Last: 6.102205 s, Mean: 6.102205 s, Std: 0.000000 s, N: 1
2026-09-06T23:13:19.839399068Z [INFO]: Completed setting up the environment...
2026-09-06T23:13:19.839404796Z FOURBAR_STANDING step=1/1000 metrics={"substeps": 16, "height_sum": 72.83348846435547, "min_height_m": 0.14100708067417145, "max_applied_nm": 1.138404388117964e-11, "max_demand_nm": 1.138404388117964e-11, "max_closure_point_m": 8.940696716308594e-08, "max_closure_axis_chord": 2.677412567209103e-07, "min_nonfoot_clearance_m": 0.028272271156311035, "nonfoot_contact_env_substeps": 0.0, "min_support": 0.0, "max_envelope_excess_nm": 0.0, "max_continuous_excess_nm": 0.0, "min_burst_headroom": 0.5000417232513428, "invalid_samples": 0.0, "max_passive_relation_error_rad": 0.0, "max_passive_velocity_relation_error_rad_s": 1.767609279432203e-12, "passive_velocity_relation_squared_sum": 2.97704578241486e-21, "max_closure_relative_point_velocity_m_s": 4.666437998816428e-14, "closure_relative_point_velocity_squared_norm_sum": 2.126223414952296e-24, "mean_height_m": 0.14225290715694427, "passive_velocity_relation_samples": 6144, "closure_relative_point_velocity_samples": 3072, "rms_passive_velocity_relation_error_rad_s": 6.960928185102798e-13, "rms_closure_relative_point_velocity_m_s": 2.6308364029109016e-14}
2026-09-06T23:14:37.621048710Z FOURBAR_STANDING step=100/1000 metrics={"substeps": 1600, "height_sum": 6952.096747875214, "min_height_m": 0.13331173360347748, "max_applied_nm": 1.5598702430725098, "max_demand_nm": 1.5598702430725098, "max_closure_point_m": 9.372640761284856e-07, "max_closure_axis_chord": 6.975735686864937e-07, "min_nonfoot_clearance_m": 0.02524203062057495, "nonfoot_contact_env_substeps": 0.0, "min_support": 0.0, "max_envelope_excess_nm": 0.0, "max_continuous_excess_nm": 0.3154052495956421, "min_burst_headroom": 0.5000417232513428, "invalid_samples": 0.0, "max_passive_relation_error_rad": 1.1086463928222656e-05, "max_passive_velocity_relation_error_rad_s": 0.6062872409820557, "passive_velocity_relation_squared_sum": 15.50554567442683, "max_closure_relative_point_velocity_m_s": 0.011186729185283184, "closure_relative_point_velocity_squared_norm_sum": 0.009784350746881451, "mean_height_m": 0.13578313960693777, "passive_velocity_relation_samples": 614400, "closure_relative_point_velocity_samples": 307200, "rms_passive_velocity_relation_error_rad_s": 0.005023633221696964, "rms_closure_relative_point_velocity_m_s": 0.00017846596338659293}
2026-09-06T23:15:56.721292739Z FOURBAR_STANDING step=200/1000 metrics={"substeps": 3200, "height_sum": 13900.99719285965, "min_height_m": 0.13331173360347748, "max_applied_nm": 1.5598702430725098, "max_demand_nm": 1.5598702430725098, "max_closure_point_m": 9.372640761284856e-07, "max_closure_axis_chord": 7.709569445069064e-07, "min_nonfoot_clearance_m": 0.02524203062057495, "nonfoot_contact_env_substeps": 0.0, "min_support": 0.0, "max_envelope_excess_nm": 0.0, "max_continuous_excess_nm": 0.3154052495956421, "min_burst_headroom": 0.5000417232513428, "invalid_samples": 0.0, "max_passive_relation_error_rad": 1.1086463928222656e-05, "max_passive_velocity_relation_error_rad_s": 0.6062872409820557, "passive_velocity_relation_squared_sum": 16.199397726979495, "max_closure_relative_point_velocity_m_s": 0.011186729185283184, "closure_relative_point_velocity_squared_norm_sum": 0.011886130026441082, "mean_height_m": 0.13575192571152, "passive_velocity_relation_samples": 1228800, "closure_relative_point_velocity_samples": 614400, "rms_passive_velocity_relation_error_rad_s": 0.003630854392420767, "rms_closure_relative_point_velocity_m_s": 0.00013908959255306373}
2026-09-06T23:17:14.280197307Z FOURBAR_STANDING step=300/1000 metrics={"substeps": 1600, "height_sum": 6948.918199539185, "min_height_m": 0.13571901619434357, "max_applied_nm": 0.6692685484886169, "max_demand_nm": 0.6692685484886169, "max_closure_point_m": 1.341104507446289e-07, "max_closure_axis_chord": 7.090247891028412e-07, "min_nonfoot_clearance_m": 0.02538423240184784, "nonfoot_contact_env_substeps": 0.0, "min_support": 6, "max_envelope_excess_nm": 0.0, "max_continuous_excess_nm": 0.0, "min_burst_headroom": 0.5007094740867615, "invalid_samples": 0.0, "max_passive_relation_error_rad": 3.5762786865234375e-07, "max_passive_velocity_relation_error_rad_s": 0.006807535421103239, "passive_velocity_relation_squared_sum": 0.6428963347444634, "max_closure_relative_point_velocity_m_s": 0.00038676164695061743, "closure_relative_point_velocity_squared_norm_sum": 0.0018358780624553738, "mean_height_m": 0.1357210585847497, "passive_velocity_relation_samples": 614400, "closure_relative_point_velocity_samples": 307200, "rms_passive_velocity_relation_error_rad_s": 0.0010229275405251423, "rms_closure_relative_point_velocity_m_s": 7.730566323296493e-05}
2026-09-06T23:18:32.413067420Z FOURBAR_STANDING step=400/1000 metrics={"substeps": 3200, "height_sum": 13897.851569652557, "min_height_m": 0.13571901619434357, "max_applied_nm": 0.6704444885253906, "max_demand_nm": 0.6704444885253906, "max_closure_point_m": 1.341104507446289e-07, "max_closure_axis_chord": 7.090247891028412e-07, "min_nonfoot_clearance_m": 0.025382742285728455, "nonfoot_contact_env_substeps": 0.0, "min_support": 6, "max_envelope_excess_nm": 0.0, "max_continuous_excess_nm": 0.0, "min_burst_headroom": 0.5007094740867615, "invalid_samples": 0.0, "max_passive_relation_error_rad": 1.7285346984863281e-06, "max_passive_velocity_relation_error_rad_s": 0.009722151793539524, "passive_velocity_relation_squared_sum": 1.294140249987267, "max_closure_relative_point_velocity_m_s": 0.0009495702688582242, "closure_relative_point_velocity_squared_norm_sum": 0.003581158439940738, "mean_height_m": 0.13572120673488824, "passive_velocity_relation_samples": 1228800, "closure_relative_point_velocity_samples": 614400, "rms_passive_velocity_relation_error_rad_s": 0.001026242676741305, "rms_closure_relative_point_velocity_m_s": 7.634597827221186e-05}
2026-09-06T23:19:48.927551949Z FOURBAR_STANDING step=500/1000 metrics={"substeps": 4800, "height_sum": 20846.799752235413, "min_height_m": 0.13571901619434357, "max_applied_nm": 0.6704444885253906, "max_demand_nm": 0.6704444885253906, "max_closure_point_m": 1.341104507446289e-07, "max_closure_axis_chord": 7.090247891028412e-07, "min_nonfoot_clearance_m": 0.025382742285728455, "nonfoot_contact_env_substeps": 0.0, "min_support": 6, "max_envelope_excess_nm": 0.0, "max_continuous_excess_nm": 0.0, "min_burst_headroom": 0.5007094740867615, "invalid_samples": 0.0, "max_passive_relation_error_rad": 1.7285346984863281e-06, "max_passive_velocity_relation_error_rad_s": 0.009722151793539524, "passive_velocity_relation_squared_sum": 1.9407190468611388, "max_closure_relative_point_velocity_m_s": 0.0009495702688582242, "closure_relative_point_velocity_squared_norm_sum": 0.0052938187424484895, "mean_height_m": 0.13572135255361598, "passive_velocity_relation_samples": 1843200, "closure_relative_point_velocity_samples": 921600, "rms_passive_velocity_relation_error_rad_s": 0.0010261127954568074, "rms_closure_relative_point_velocity_m_s": 7.579024318379095e-05}
2026-09-06T23:21:12.512348237Z FOURBAR_STANDING step=600/1000 metrics={"substeps": 6400, "height_sum": 27795.742862701416, "min_height_m": 0.13571901619434357, "max_applied_nm": 0.6801174283027649, "max_demand_nm": 0.6801174283027649, "max_closure_point_m": 1.431209852853499e-07, "max_closure_axis_chord": 7.178187502177025e-07, "min_nonfoot_clearance_m": 0.025382742285728455, "nonfoot_contact_env_substeps": 0.0, "min_support": 6, "max_envelope_excess_nm": 0.0, "max_continuous_excess_nm": 0.0, "min_burst_headroom": 0.5007094740867615, "invalid_samples": 0.0, "max_passive_relation_error_rad": 1.7285346984863281e-06, "max_passive_velocity_relation_error_rad_s": 0.01088755577802658, "passive_velocity_relation_squared_sum": 2.597083103020649, "max_closure_relative_point_velocity_m_s": 0.0009495702688582242, "closure_relative_point_velocity_squared_norm_sum": 0.007064085745656763, "mean_height_m": 0.13572140069678426, "passive_velocity_relation_samples": 2457600, "closure_relative_point_velocity_samples": 1228800, "rms_passive_velocity_relation_error_rad_s": 0.0010279862936411171, "rms_closure_relative_point_velocity_m_s": 7.582062843752205e-05}
2026-09-06T23:22:29.625617368Z FOURBAR_STANDING step=700/1000 metrics={"substeps": 8000, "height_sum": 34744.653206825256, "min_height_m": 0.13571764528751373, "max_applied_nm": 0.6801174283027649, "max_demand_nm": 0.6801174283027649, "max_closure_point_m": 2.086162567138672e-07, "max_closure_axis_chord": 7.749044357296953e-07, "min_nonfoot_clearance_m": 0.025381267070770264, "nonfoot_contact_env_substeps": 0.0, "min_support": 6, "max_envelope_excess_nm": 0.0, "max_continuous_excess_nm": 0.0, "min_burst_headroom": 0.5007094740867615, "invalid_samples": 0.0, "max_passive_relation_error_rad": 6.258487701416016e-06, "max_passive_velocity_relation_error_rad_s": 0.01088755577802658, "passive_velocity_relation_squared_sum": 3.2426733987064296, "max_closure_relative_point_velocity_m_s": 0.0009495702688582242, "closure_relative_point_velocity_squared_norm_sum": 0.008679815330882374, "mean_height_m": 0.13572130158916115, "passive_velocity_relation_samples": 3072000, "closure_relative_point_velocity_samples": 1536000, "rms_passive_velocity_relation_error_rad_s": 0.0010274034003130168, "rms_closure_relative_point_velocity_m_s": 7.51726109655408e-05}
2026-09-06T23:23:46.756022994Z FOURBAR_STANDING step=800/1000 metrics={"substeps": 9600, "height_sum": 41693.59161090851, "min_height_m": 0.13571764528751373, "max_applied_nm": 0.6801174283027649, "max_demand_nm": 0.6801174283027649, "max_closure_point_m": 2.086162567138672e-07, "max_closure_axis_chord": 8.041547516768333e-07, "min_nonfoot_clearance_m": 0.025381267070770264, "nonfoot_contact_env_substeps": 0.0, "min_support": 6, "max_envelope_excess_nm": 0.0, "max_continuous_excess_nm": 0.0, "min_burst_headroom": 0.5007094740867615, "invalid_samples": 0.0, "max_passive_relation_error_rad": 6.258487701416016e-06, "max_passive_velocity_relation_error_rad_s": 0.01088755577802658, "passive_velocity_relation_squared_sum": 3.881156364198003, "max_closure_relative_point_velocity_m_s": 0.0009495702688582242, "closure_relative_point_velocity_squared_norm_sum": 0.010328813888651957, "mean_height_m": 0.13572132685842614, "passive_velocity_relation_samples": 3686400, "closure_relative_point_velocity_samples": 1843200, "rms_passive_velocity_relation_error_rad_s": 0.0010260755551983426, "rms_closure_relative_point_velocity_m_s": 7.485813365269549e-05}
2026-09-06T23:25:04.877436692Z FOURBAR_STANDING step=900/1000 metrics={"substeps": 11200, "height_sum": 48642.519536972046, "min_height_m": 0.13571764528751373, "max_applied_nm": 0.6801174283027649, "max_demand_nm": 0.6801174283027649, "max_closure_point_m": 2.086162567138672e-07, "max_closure_axis_chord": 8.041547516768333e-07, "min_nonfoot_clearance_m": 0.025381267070770264, "nonfoot_contact_env_substeps": 0.0, "min_support": 6, "max_envelope_excess_nm": 0.0, "max_continuous_excess_nm": 0.0, "min_burst_headroom": 0.5007094740867615, "invalid_samples": 0.0, "max_passive_relation_error_rad": 6.258487701416016e-06, "max_passive_velocity_relation_error_rad_s": 0.01088755577802658, "passive_velocity_relation_squared_sum": 4.526112375796864, "max_closure_relative_point_velocity_m_s": 0.0009495702688582242, "closure_relative_point_velocity_squared_norm_sum": 0.011948201467034908, "mean_height_m": 0.13572131567235504, "passive_velocity_relation_samples": 4300800, "closure_relative_point_velocity_samples": 2150400, "rms_passive_velocity_relation_error_rad_s": 0.0010258598735867906, "rms_closure_relative_point_velocity_m_s": 7.454038692819732e-05}
2026-09-06T23:26:23.633283557Z FOURBAR_STANDING step=1000/1000 metrics={"substeps": 12800, "height_sum": 55591.445541381836, "min_height_m": 0.13571764528751373, "max_applied_nm": 0.6801174283027649, "max_demand_nm": 0.6801174283027649, "max_closure_point_m": 2.086162567138672e-07, "max_closure_axis_chord": 8.041547516768333e-07, "min_nonfoot_clearance_m": 0.025381267070770264, "nonfoot_contact_env_substeps": 0.0, "min_support": 6, "max_envelope_excess_nm": 0.0, "max_continuous_excess_nm": 0.0, "min_burst_headroom": 0.5007094740867615, "invalid_samples": 0.0, "max_passive_relation_error_rad": 6.258487701416016e-06, "max_passive_velocity_relation_error_rad_s": 0.01088755577802658, "passive_velocity_relation_squared_sum": 5.16883236590521, "max_closure_relative_point_velocity_m_s": 0.0009495702688582242, "closure_relative_point_velocity_squared_norm_sum": 0.01356161378148501, "mean_height_m": 0.13572130259126425, "passive_velocity_relation_samples": 4915200, "closure_relative_point_velocity_samples": 2457600, "rms_passive_velocity_relation_error_rad_s": 0.0010254762976020487, "rms_closure_relative_point_velocity_m_s": 7.428482196496989e-05}
2026-09-06T23:27:41.931775827Z FOURBAR_DRIVEN motor=lf_coxa_yaw positive_minus_negative_rad=0.041598
2026-09-06T23:28:59.804721988Z FOURBAR_DRIVEN motor=lm_coxa_yaw positive_minus_negative_rad=0.040357
2026-09-06T23:30:18.006862034Z FOURBAR_DRIVEN motor=lr_coxa_yaw positive_minus_negative_rad=0.041162
2026-09-06T23:31:35.443005166Z FOURBAR_DRIVEN motor=rf_coxa_yaw positive_minus_negative_rad=0.041555
2026-09-06T23:32:52.076931121Z FOURBAR_DRIVEN motor=rm_coxa_yaw positive_minus_negative_rad=0.040473
2026-09-06T23:34:08.624704727Z FOURBAR_DRIVEN motor=rr_coxa_yaw positive_minus_negative_rad=0.041918
2026-09-06T23:35:25.348157496Z FOURBAR_DRIVEN motor=lf_femur_pitch positive_minus_negative_rad=0.028898
2026-09-06T23:36:41.937438981Z FOURBAR_DRIVEN motor=lm_femur_pitch positive_minus_negative_rad=0.028228
2026-09-06T23:37:58.499539061Z FOURBAR_DRIVEN motor=lr_femur_pitch positive_minus_negative_rad=0.028356
2026-09-06T23:39:15.132828227Z FOURBAR_DRIVEN motor=rf_femur_pitch positive_minus_negative_rad=0.028309
2026-09-06T23:40:32.956233195Z FOURBAR_DRIVEN motor=rm_femur_pitch positive_minus_negative_rad=0.028429
2026-09-06T23:41:51.064500837Z FOURBAR_DRIVEN motor=rr_femur_pitch positive_minus_negative_rad=0.027125
2026-09-06T23:43:16.497179752Z FOURBAR_DRIVEN motor=lf_tibia_lever_pivot positive_minus_negative_rad=0.051967
2026-09-06T23:44:45.800615064Z FOURBAR_DRIVEN motor=lm_tibia_lever_pivot positive_minus_negative_rad=0.017215
2026-09-06T23:46:15.474225684Z FOURBAR_DRIVEN motor=lr_tibia_lever_pivot positive_minus_negative_rad=0.056749
2026-09-06T23:47:43.682082001Z FOURBAR_DRIVEN motor=rf_tibia_lever_pivot positive_minus_negative_rad=0.038115
2026-09-06T23:48:19.272470680Z FOURBAR_VALIDATION_RESULT pass=False errors=['ValueError: Unexpected environment reset']
2026-09-06T23:48:19.809861473Z [INFO]: SimulationContext cleared
2026-09-06T23:48:19.812200057Z Traceback (most recent call last):
2026-09-06T23:48:19.812244409Z   File "/workspace/isaaclab/source/isaaclab_tasks/isaaclab_tasks/utils/sim_launcher.py", line 499, in launch_simulation
2026-09-06T23:48:19.812247785Z     yield
2026-09-06T23:48:19.812250521Z   File "/workspace/hexapod/isaaclab/validate_mkii_fourbar.py", line 421, in main
2026-09-06T23:48:19.812252970Z     step()
2026-09-06T23:48:19.812255690Z   File "/workspace/hexapod/isaaclab/validate_mkii_fourbar.py", line 402, in step
2026-09-06T23:48:19.812281434Z     raise ValueError("Unexpected environment reset")
2026-09-06T23:48:19.812283386Z ValueError: Unexpected environment reset
2026-09-06T23:48:19.825233980Z 2026-09-06T23:12:58Z [6,605ms] [Warning] [carb.omniclient.plugin]  124: OmniHub: ThreadId(02) Hub encountered error. Trying to reconnect to Hub. retry_reason="Hub failed to launch: Io(\"child exited with exit status: 1 without writing file \\\"/tmp/hub-ubuntu-90B3A3D5.config.json\\\"\")"
2026-09-06T23:48:19.825272381Z 2026-09-06T23:12:58Z [6,967ms] [Warning] [carb.omniclient.plugin]  124: OmniHub: ThreadId(02) Hub encountered error. Trying to reconnect to Hub. retry_reason="Hub failed to launch: Io(\"child exited with exit status: 1 without writing file \\\"/tmp/hub-ubuntu-90B3A3D5.config.json\\\"\")"
2026-09-06T23:48:19.825275837Z 2026-09-06T23:12:59Z [7,339ms] [Warning] [carb.omniclient.plugin]  124: OmniHub: ThreadId(02) Hub encountered error. Trying to reconnect to Hub. retry_reason="Hub failed to launch: Io(\"child exited with exit status: 1 without writing file \\\"/tmp/hub-ubuntu-90B3A3D5.config.json\\\"\")"
2026-09-06T23:48:19.825278669Z 2026-09-06T23:12:59Z [7,720ms] [Warning] [carb.omniclient.plugin]  124: OmniHub: ThreadId(02) Hub encountered error. Trying to reconnect to Hub. retry_reason="Hub failed to launch: Io(\"child exited with exit status: 1 without writing file \\\"/tmp/hub-ubuntu-90B3A3D5.config.json\\\"\")"
2026-09-06T23:48:19.825281373Z 2026-09-06T23:12:59Z [8,113ms] [Warning] [carb.omniclient.plugin]  124: OmniHub: ThreadId(02) Hub encountered error. Trying to reconnect to Hub. retry_reason="Hub failed to launch: Io(\"child exited with exit status: 1 without writing file \\\"/tmp/hub-ubuntu-90B3A3D5.config.json\\\"\")"
2026-09-06T23:48:19.825283901Z 2026-09-06T23:13:00Z [8,515ms] [Warning] [carb.omniclient.plugin]  124: OmniHub: ThreadId(02) Hub encountered error. Trying to reconnect to Hub. retry_reason="Hub failed to launch: Io(\"child exited with exit status: 1 without writing file \\\"/tmp/hub-ubuntu-90B3A3D5.config.json\\\"\")"
2026-09-06T23:48:19.825286269Z 2026-09-06T23:13:00Z [8,927ms] [Warning] [carb.omniclient.plugin]  124: OmniHub: ThreadId(02) Hub encountered error. Trying to reconnect to Hub. retry_reason="Hub failed to launch: Io(\"child exited with exit status: 1 without writing file \\\"/tmp/hub-ubuntu-90B3A3D5.config.json\\\"\")"
2026-09-06T23:48:19.825290125Z 2026-09-06T23:13:01Z [9,349ms] [Warning] [carb.omniclient.plugin]  124: OmniHub: ThreadId(02) Hub encountered error. Trying to reconnect to Hub. retry_reason="Hub failed to launch: Io(\"child exited with exit status: 1 without writing file \\\"/tmp/hub-ubuntu-90B3A3D5.config.json\\\"\")"
2026-09-06T23:48:19.825292541Z 2026-09-06T23:13:01Z [9,781ms] [Warning] [carb.omniclient.plugin]  124: OmniHub: ThreadId(02) Hub encountered error. Trying to reconnect to Hub. retry_reason="Hub failed to launch: Io(\"child exited with exit status: 1 without writing file \\\"/tmp/hub-ubuntu-90B3A3D5.config.json\\\"\")"
2026-09-06T23:48:19.825294893Z 2026-09-06T23:13:01Z [10,224ms] [Warning] [carb.omniclient.plugin]  124: OmniHub: ThreadId(02) Hub encountered error. Trying to reconnect to Hub. retry_reason="Hub failed to launch: Io(\"child exited with exit status: 1 without writing file \\\"/tmp/hub-ubuntu-90B3A3D5.config.json\\\"\")"
2026-09-06T23:48:19.825297197Z 2026-09-06T23:13:02Z [10,811ms] [Warning] [omni.usd_config.extension] Enable omni.materialx.libs extension to use MaterialX
2026-09-06T23:48:19.825319965Z 2026-09-06T23:13:10Z [19,193ms] [Warning] [omni.physx.plugin] Detected an articulation at /World/envs/env_0/Robot/Geometry/body with more than 4 velocity iterations being added to a TGS scene.The related behavior changed recently, please consult the changelog. This warning will only print once.
2026-09-06T23:48:19.825322269Z 2026-09-06T23:13:11Z [20,127ms] [Warning] [usdrt.population.plugin] Last global time was not created. Did you call setEnableUsdNoticeHandling?
2026-09-06T23:48:19.825324093Z 2026-09-06T23:13:15Z [24,203ms] [Warning] [isaaclab_physx.assets.articulation.articulation] Not all actuators are configured! Total number of actuated joints not equal to number of joints available: 18 != 30.
