2026-09-05T00:03:47.122266339Z Loading user config located at: '/isaac-sim/kit/data/Kit/IsaacLab/3.0/user.config.json'
2026-09-05T00:03:47.122304132Z 2026-09-05T00:03:45Z [0ms] [Warning] [omni.ext.plugin] [ext: isaaclab] Extensions config 'extension.toml' doesn't exist '/workspace/hexapod/isaaclab' or '/workspace/hexapod/isaaclab/config'
2026-09-05T00:03:47.122306148Z 2026-09-05T00:03:45Z [0ms] [Warning] [omni.ext.plugin] [ext: packages] Extensions config 'extension.toml' doesn't exist '/workspace/hexapod/packages' or '/workspace/hexapod/packages/config'
2026-09-05T00:03:47.122307396Z 2026-09-05T00:03:45Z [0ms] [Warning] [omni.ext.plugin] [ext: robot] Extensions config 'extension.toml' doesn't exist '/workspace/hexapod/robot' or '/workspace/hexapod/robot/config'
2026-09-05T00:03:47.122308580Z 2026-09-05T00:03:45Z [0ms] [Warning] [omni.ext.plugin] [ext: configs] Extensions config 'extension.toml' doesn't exist '/workspace/hexapod/configs' or '/workspace/hexapod/configs/config'
2026-09-05T00:03:47.122309700Z 2026-09-05T00:03:45Z [0ms] [Warning] [omni.ext.plugin] [ext: tools] Extensions config 'extension.toml' doesn't exist '/workspace/hexapod/tools' or '/workspace/hexapod/tools/config'
2026-09-05T00:03:47.122310916Z 2026-09-05T00:03:45Z [0ms] [Warning] [omni.ext.plugin] [ext: isaaclab_visualizers] Extensions config 'extension.toml' doesn't exist '/workspace/isaaclab/source/isaaclab_visualizers' or '/workspace/isaaclab/source/isaaclab_visualizers/config'
2026-09-05T00:03:47.122312292Z 2026-09-05T00:03:46Z [111ms] [Warning] [carb.omniclient.plugin]  116: OmniHub: ThreadId(02) Hub encountered error. Trying to reconnect to Hub. retry_reason="Hub failed to launch: Io(\"child exited with exit status: 1 without writing file \\\"/tmp/hub-ubuntu-FE16AC5.config.json\\\"\")"
2026-09-05T00:03:47.122313860Z 2026-09-05T00:03:46Z [184ms] [Warning] [carb.omniclient.plugin]  116: OmniHub: ThreadId(02) Hub encountered error. Trying to reconnect to Hub. retry_reason="Hub failed to launch: Io(\"child exited with exit status: 1 without writing file \\\"/tmp/hub-ubuntu-FE16AC5.config.json\\\"\")"
2026-09-05T00:03:47.122315764Z 2026-09-05T00:03:46Z [265ms] [Warning] [carb.omniclient.plugin]  116: OmniHub: ThreadId(02) Hub encountered error. Trying to reconnect to Hub. retry_reason="Hub failed to launch: Io(\"child exited with exit status: 1 without writing file \\\"/tmp/hub-ubuntu-FE16AC5.config.json\\\"\")"
2026-09-05T00:03:47.122317172Z 2026-09-05T00:03:46Z [358ms] [Warning] [carb.omniclient.plugin]  116: OmniHub: ThreadId(02) Hub encountered error. Trying to reconnect to Hub. retry_reason="Hub failed to launch: Io(\"child exited with exit status: 1 without writing file \\\"/tmp/hub-ubuntu-FE16AC5.config.json\\\"\")"
2026-09-05T00:03:47.122318372Z 2026-09-05T00:03:46Z [461ms] [Warning] [carb.omniclient.plugin]  116: OmniHub: ThreadId(02) Hub encountered error. Trying to reconnect to Hub. retry_reason="Hub failed to launch: Io(\"child exited with exit status: 1 without writing file \\\"/tmp/hub-ubuntu-FE16AC5.config.json\\\"\")"
2026-09-05T00:03:47.122319636Z 2026-09-05T00:03:46Z [574ms] [Warning] [carb.omniclient.plugin]  116: OmniHub: ThreadId(02) Hub encountered error. Trying to reconnect to Hub. retry_reason="Hub failed to launch: Io(\"child exited with exit status: 1 without writing file \\\"/tmp/hub-ubuntu-FE16AC5.config.json\\\"\")"
2026-09-05T00:03:47.122320804Z 2026-09-05T00:03:46Z [696ms] [Warning] [carb.omniclient.plugin]  116: OmniHub: ThreadId(02) Hub encountered error. Trying to reconnect to Hub. retry_reason="Hub failed to launch: Io(\"child exited with exit status: 1 without writing file \\\"/tmp/hub-ubuntu-FE16AC5.config.json\\\"\")"
2026-09-05T00:03:47.122325924Z 2026-09-05T00:03:46Z [829ms] [Warning] [carb.omniclient.plugin]  116: OmniHub: ThreadId(02) Hub encountered error. Trying to reconnect to Hub. retry_reason="Hub failed to launch: Io(\"child exited with exit status: 1 without writing file \\\"/tmp/hub-ubuntu-FE16AC5.config.json\\\"\")"
2026-09-05T00:03:47.122327140Z 2026-09-05T00:03:46Z [972ms] [Warning] [carb.omniclient.plugin]  116: OmniHub: ThreadId(02) Hub encountered error. Trying to reconnect to Hub. retry_reason="Hub failed to launch: Io(\"child exited with exit status: 1 without writing file \\\"/tmp/hub-ubuntu-FE16AC5.config.json\\\"\")"
2026-09-05T00:03:47.122328516Z 2026-09-05T00:03:47Z [1,124ms] [Warning] [carb.omniclient.plugin]  116: OmniHub: ThreadId(02) Hub encountered error. Trying to reconnect to Hub. retry_reason="Hub failed to launch: Io(\"child exited with exit status: 1 without writing file \\\"/tmp/hub-ubuntu-FE16AC5.config.json\\\"\")"
2026-09-05T00:03:50.607584879Z 2026-09-05T00:03:47Z [1,288ms] [Warning] [carb.omniclient.plugin]  116: OmniHub: ThreadId(02) Hub encountered error. Trying to reconnect to Hub. retry_reason="Hub failed to launch: Io(\"child exited with exit status: 1 without writing file \\\"/tmp/hub-ubuntu-FE16AC5.config.json\\\"\")"
2026-09-05T00:03:50.607608799Z 2026-09-05T00:03:47Z [1,461ms] [Warning] [carb.omniclient.plugin]  116: OmniHub: ThreadId(02) Hub encountered error. Trying to reconnect to Hub. retry_reason="Hub failed to launch: Io(\"child exited with exit status: 1 without writing file \\\"/tmp/hub-ubuntu-FE16AC5.config.json\\\"\")"
2026-09-05T00:03:50.607610607Z 2026-09-05T00:03:47Z [1,643ms] [Warning] [carb.omniclient.plugin]  116: OmniHub: ThreadId(02) Hub encountered error. Trying to reconnect to Hub. retry_reason="Hub failed to launch: Io(\"child exited with exit status: 1 without writing file \\\"/tmp/hub-ubuntu-FE16AC5.config.json\\\"\")"
2026-09-05T00:03:50.607611935Z 2026-09-05T00:03:47Z [1,834ms] [Warning] [carb.omniclient.plugin]  116: OmniHub: ThreadId(02) Hub encountered error. Trying to reconnect to Hub. retry_reason="Hub failed to launch: Io(\"child exited with exit status: 1 without writing file \\\"/tmp/hub-ubuntu-FE16AC5.config.json\\\"\")"
2026-09-05T00:03:50.607613183Z 2026-09-05T00:03:48Z [2,036ms] [Warning] [carb.omniclient.plugin]  116: OmniHub: ThreadId(02) Hub encountered error. Trying to reconnect to Hub. retry_reason="Hub failed to launch: Io(\"child exited with exit status: 1 without writing file \\\"/tmp/hub-ubuntu-FE16AC5.config.json\\\"\")"
2026-09-05T00:03:50.607614383Z 2026-09-05T00:03:48Z [2,249ms] [Warning] [carb.omniclient.plugin]  116: OmniHub: ThreadId(02) Hub encountered error. Trying to reconnect to Hub. retry_reason="Hub failed to launch: Io(\"child exited with exit status: 1 without writing file \\\"/tmp/hub-ubuntu-FE16AC5.config.json\\\"\")"
2026-09-05T00:03:50.607615807Z 2026-09-05T00:03:48Z [2,472ms] [Warning] [carb.omniclient.plugin]  116: OmniHub: ThreadId(02) Hub encountered error. Trying to reconnect to Hub. retry_reason="Hub failed to launch: Io(\"child exited with exit status: 1 without writing file \\\"/tmp/hub-ubuntu-FE16AC5.config.json\\\"\")"
2026-09-05T00:03:50.607617391Z 2026-09-05T00:03:48Z [2,704ms] [Warning] [carb.omniclient.plugin]  116: OmniHub: ThreadId(02) Hub encountered error. Trying to reconnect to Hub. retry_reason="Hub failed to launch: Io(\"child exited with exit status: 1 without writing file \\\"/tmp/hub-ubuntu-FE16AC5.config.json\\\"\")"
2026-09-05T00:03:50.607630303Z 2026-09-05T00:03:48Z [2,947ms] [Warning] [carb.omniclient.plugin]  116: OmniHub: ThreadId(02) Hub encountered error. Trying to reconnect to Hub. retry_reason="Hub failed to launch: Io(\"child exited with exit status: 1 without writing file \\\"/tmp/hub-ubuntu-FE16AC5.config.json\\\"\")"
2026-09-05T00:03:50.607631487Z 2026-09-05T00:03:49Z [3,198ms] [Warning] [carb.omniclient.plugin]  116: OmniHub: ThreadId(02) Hub encountered error. Trying to reconnect to Hub. retry_reason="Hub failed to launch: Io(\"child exited with exit status: 1 without writing file \\\"/tmp/hub-ubuntu-FE16AC5.config.json\\\"\")"
2026-09-05T00:03:50.607632607Z 2026-09-05T00:03:49Z [3,462ms] [Warning] [carb.omniclient.plugin]  116: OmniHub: ThreadId(02) Hub encountered error. Trying to reconnect to Hub. retry_reason="Hub failed to launch: Io(\"child exited with exit status: 1 without writing file \\\"/tmp/hub-ubuntu-FE16AC5.config.json\\\"\")"
2026-09-05T00:03:50.607633759Z 2026-09-05T00:03:49Z [3,733ms] [Warning] [carb.omniclient.plugin]  116: OmniHub: ThreadId(02) Hub encountered error. Trying to reconnect to Hub. retry_reason="Hub failed to launch: Io(\"child exited with exit status: 1 without writing file \\\"/tmp/hub-ubuntu-FE16AC5.config.json\\\"\")"
2026-09-05T00:03:50.607634927Z 2026-09-05T00:03:50Z [4,014ms] [Warning] [carb.omniclient.plugin]  116: OmniHub: ThreadId(02) Hub encountered error. Trying to reconnect to Hub. retry_reason="Hub failed to launch: Io(\"child exited with exit status: 1 without writing file \\\"/tmp/hub-ubuntu-FE16AC5.config.json\\\"\")"
2026-09-05T00:03:50.607636175Z 2026-09-05T00:03:50Z [4,307ms] [Warning] [carb.omniclient.plugin]  116: OmniHub: ThreadId(02) Hub encountered error. Trying to reconnect to Hub. retry_reason="Hub failed to launch: Io(\"child exited with exit status: 1 without writing file \\\"/tmp/hub-ubuntu-FE16AC5.config.json\\\"\")"
2026-09-05T00:03:50.607637471Z 2026-09-05T00:03:50Z [4,609ms] [Warning] [carb.omniclient.plugin]  116: OmniHub: ThreadId(02) Hub encountered error. Trying to reconnect to Hub. retry_reason="Hub failed to launch: Io(\"child exited with exit status: 1 without writing file \\\"/tmp/hub-ubuntu-FE16AC5.config.json\\\"\")"
2026-09-05T00:03:56.345870151Z WARNING: All log messages before absl::InitializeLog() is called are written to STDERR
2026-09-05T00:03:56.345898567Z E0000 00:00:1788566636.345283      24 descriptor_database.cc:633] File already exists in database: grpc/health/v1/health.proto
2026-09-05T00:03:56.345901351Z W0000 00:00:1788566636.345306      24 message.cc:301] Protobuf GeneratedMessageFactory: File is already registered: grpc/health/v1/health.proto
2026-09-05T00:03:56.360863585Z 2026-09-05T00:03:50Z [4,921ms] [Warning] [carb.omniclient.plugin]  116: OmniHub: ThreadId(02) Hub encountered error. Trying to reconnect to Hub. retry_reason="Hub failed to launch: Io(\"child exited with exit status: 1 without writing file \\\"/tmp/hub-ubuntu-FE16AC5.config.json\\\"\")"
2026-09-05T00:03:56.360888753Z 2026-09-05T00:03:51Z [5,244ms] [Warning] [carb.omniclient.plugin]  116: OmniHub: ThreadId(02) Hub encountered error. Trying to reconnect to Hub. retry_reason="Hub failed to launch: Io(\"child exited with exit status: 1 without writing file \\\"/tmp/hub-ubuntu-FE16AC5.config.json\\\"\")"
2026-09-05T00:03:56.360906513Z 2026-09-05T00:03:51Z [5,576ms] [Warning] [carb.omniclient.plugin]  116: OmniHub: ThreadId(02) Hub encountered error. Trying to reconnect to Hub. retry_reason="Hub failed to launch: Io(\"child exited with exit status: 1 without writing file \\\"/tmp/hub-ubuntu-FE16AC5.config.json\\\"\")"
2026-09-05T00:03:56.360909201Z 2026-09-05T00:03:51Z [5,918ms] [Warning] [carb.omniclient.plugin]  116: OmniHub: ThreadId(02) Hub encountered error. Trying to reconnect to Hub. retry_reason="Hub failed to launch: Io(\"child exited with exit status: 1 without writing file \\\"/tmp/hub-ubuntu-FE16AC5.config.json\\\"\")"
2026-09-05T00:03:56.360911617Z 2026-09-05T00:03:52Z [6,270ms] [Warning] [carb.omniclient.plugin]  116: OmniHub: ThreadId(02) Hub encountered error. Trying to reconnect to Hub. retry_reason="Hub failed to launch: Io(\"child exited with exit status: 1 without writing file \\\"/tmp/hub-ubuntu-FE16AC5.config.json\\\"\")"
2026-09-05T00:03:56.360913793Z 2026-09-05T00:03:52Z [6,632ms] [Warning] [carb.omniclient.plugin]  116: OmniHub: ThreadId(02) Hub encountered error. Trying to reconnect to Hub. retry_reason="Hub failed to launch: Io(\"child exited with exit status: 1 without writing file \\\"/tmp/hub-ubuntu-FE16AC5.config.json\\\"\")"
2026-09-05T00:03:56.360916289Z 2026-09-05T00:03:53Z [7,004ms] [Warning] [carb.omniclient.plugin]  116: OmniHub: ThreadId(02) Hub encountered error. Trying to reconnect to Hub. retry_reason="Hub failed to launch: Io(\"child exited with exit status: 1 without writing file \\\"/tmp/hub-ubuntu-FE16AC5.config.json\\\"\")"
2026-09-05T00:03:56.360919393Z 2026-09-05T00:03:53Z [7,386ms] [Warning] [carb.omniclient.plugin]  116: OmniHub: ThreadId(02) Hub encountered error. Trying to reconnect to Hub. retry_reason="Hub failed to launch: Io(\"child exited with exit status: 1 without writing file \\\"/tmp/hub-ubuntu-FE16AC5.config.json\\\"\")"
2026-09-05T00:03:56.360921617Z 2026-09-05T00:03:53Z [7,778ms] [Warning] [carb.omniclient.plugin]  116: OmniHub: ThreadId(02) Hub encountered error. Trying to reconnect to Hub. retry_reason="Hub failed to launch: Io(\"child exited with exit status: 1 without writing file \\\"/tmp/hub-ubuntu-FE16AC5.config.json\\\"\")"
2026-09-05T00:03:56.360923713Z 2026-09-05T00:03:54Z [8,182ms] [Warning] [carb.omniclient.plugin]  116: OmniHub: ThreadId(02) Hub encountered error. Trying to reconnect to Hub. retry_reason="Hub failed to launch: Io(\"child exited with exit status: 1 without writing file \\\"/tmp/hub-ubuntu-FE16AC5.config.json\\\"\")"
2026-09-05T00:03:56.360925761Z 2026-09-05T00:03:54Z [8,594ms] [Warning] [carb.omniclient.plugin]  116: OmniHub: ThreadId(02) Hub encountered error. Trying to reconnect to Hub. retry_reason="Hub failed to launch: Io(\"child exited with exit status: 1 without writing file \\\"/tmp/hub-ubuntu-FE16AC5.config.json\\\"\")"
2026-09-05T00:03:56.360927873Z 2026-09-05T00:03:55Z [9,017ms] [Warning] [carb.omniclient.plugin]  116: OmniHub: ThreadId(02) Hub encountered error. Trying to reconnect to Hub. retry_reason="Hub failed to launch: Io(\"child exited with exit status: 1 without writing file \\\"/tmp/hub-ubuntu-FE16AC5.config.json\\\"\")"
2026-09-05T00:03:56.360929953Z 2026-09-05T00:03:55Z [9,449ms] [Warning] [carb.omniclient.plugin]  116: OmniHub: ThreadId(02) Hub encountered error. Trying to reconnect to Hub. retry_reason="Hub failed to launch: Io(\"child exited with exit status: 1 without writing file \\\"/tmp/hub-ubuntu-FE16AC5.config.json\\\"\")"
2026-09-05T00:03:56.360934449Z 2026-09-05T00:03:55Z [9,891ms] [Warning] [carb.omniclient.plugin]  116: OmniHub: ThreadId(02) Hub encountered error. Trying to reconnect to Hub. retry_reason="Hub failed to launch: Io(\"child exited with exit status: 1 without writing file \\\"/tmp/hub-ubuntu-FE16AC5.config.json\\\"\")"
2026-09-05T00:03:56.360936817Z 2026-09-05T00:03:56Z [10,363ms] [Warning] [omni.usd_config.extension] Enable omni.materialx.libs extension to use MaterialX
2026-09-05T00:03:57.449533373Z /workspace/isaaclab/_isaac_sim/kit/python/lib/python3.12/site-packages/torch/cuda/__init__.py:435: UserWarning: 
2026-09-05T00:03:57.449564749Z     Found GPU0 NVIDIA GB10 which is of cuda capability 12.1.
2026-09-05T00:03:57.449567421Z     Minimum and Maximum cuda capability supported by this version of PyTorch is
2026-09-05T00:03:57.449569613Z     (8.0) - (12.0)
2026-09-05T00:03:57.449571469Z     
2026-09-05T00:03:57.449573053Z   queued_call()
2026-09-05T00:03:57.450604594Z [ISAACLAB] AppLauncher initialization complete
2026-09-05T00:03:58.864950408Z [INFO]: Parsing configuration from: hexapod_rl.tasks.mkii_v2:HexapodMkiiV2FlatEnvCfg
2026-09-05T00:03:58.864972665Z [INFO]: Base environment:
2026-09-05T00:03:58.864973897Z 	Environment device    : cuda:0
2026-09-05T00:03:58.864975177Z 	Environment seed      : 0
2026-09-05T00:03:58.864976201Z 	Physics step-size     : 0.005
2026-09-05T00:03:58.864977257Z 	Rendering step-size   : 0.02
2026-09-05T00:03:58.864978217Z 	Environment step-size : 0.02
2026-09-05T00:03:58.864979225Z [INFO]: Registered backend 'physx' for factory Articulation.
2026-09-05T00:03:58.925118466Z [INFO]: Registered backend 'physx' for factory ContactSensor.
2026-09-05T00:04:07.068583300Z [INFO]: Time taken for scene creation Last: 4.046640 s, Mean: 4.046640 s, Std: 0.000000 s, N: 1
2026-09-05T00:04:07.068608309Z [INFO]: Scene manager:  <class InteractiveScene>
2026-09-05T00:04:07.068609845Z 	Number of environments: 1
2026-09-05T00:04:07.068611045Z 	Environment spacing   : 2.0
2026-09-05T00:04:07.068612165Z 	Source prim name      : /World/envs/env_0
2026-09-05T00:04:07.068613173Z 	Global prim paths     : []
2026-09-05T00:04:07.068614245Z 	Replicate physics     : True
2026-09-05T00:04:07.068615205Z [INFO]: Starting the simulation. This may take a few seconds. Please wait...
2026-09-05T00:04:07.068616309Z [INFO]: Simulation parameters for joints in /World/envs/env_.*/Robot:
2026-09-05T00:04:07.068617317Z +---------------------------------------------------------------------------------------------------------------------------------------------------------------------+
2026-09-05T00:04:07.068618645Z |                                                  Simulation Joint Information (Prim path: /World/envs/env_.*/Robot)                                                 |
2026-09-05T00:04:07.068619877Z +-------+----------------+-----------+---------+----------+-----------------+------------------+------------------+-----------------+-----------------+---------------+
2026-09-05T00:04:07.068634245Z | Index | Name           | Stiffness | Damping | Armature | Static Friction | Dynamic Friction | Viscous Friction | Position Limits | Velocity Limits | Effort Limits |
2026-09-05T00:04:07.068635445Z +-------+----------------+-----------+---------+----------+-----------------+------------------+------------------+-----------------+-----------------+---------------+
2026-09-05T00:04:07.068636661Z |   0   | lf_coxa_yaw    |   0.000   |  0.000  |  0.001   |      0.010      |      0.010       |      0.002       | [-0.873, 0.873] |      55.292     |     5.500     |
2026-09-05T00:04:07.068637685Z |   1   | lm_coxa_yaw    |   0.000   |  0.000  |  0.001   |      0.010      |      0.010       |      0.002       | [-0.873, 0.873] |      55.292     |     5.500     |
2026-09-05T00:04:07.068638805Z |   2   | lr_coxa_yaw    |   0.000   |  0.000  |  0.001   |      0.010      |      0.010       |      0.002       | [-0.873, 0.873] |      55.292     |     5.500     |
2026-09-05T00:04:07.068639813Z |   3   | rf_coxa_yaw    |   0.000   |  0.000  |  0.001   |      0.010      |      0.010       |      0.002       | [-0.873, 0.873] |      55.292     |     5.500     |
2026-09-05T00:04:07.068641621Z |   4   | rm_coxa_yaw    |   0.000   |  0.000  |  0.001   |      0.010      |      0.010       |      0.002       | [-0.873, 0.873] |      55.292     |     5.500     |
2026-09-05T00:04:07.068642789Z |   5   | rr_coxa_yaw    |   0.000   |  0.000  |  0.001   |      0.010      |      0.010       |      0.002       | [-0.873, 0.873] |      55.292     |     5.500     |
2026-09-05T00:04:07.068643797Z |   6   | lf_femur_pitch |   0.000   |  0.000  |  0.001   |      0.010      |      0.010       |      0.002       | [-1.745, 0.550] |      55.292     |     5.500     |
2026-09-05T00:04:07.068644789Z |   7   | lm_femur_pitch |   0.000   |  0.000  |  0.001   |      0.010      |      0.010       |      0.002       | [-1.745, 0.550] |      55.292     |     5.500     |
2026-09-05T00:04:07.068645877Z |   8   | lr_femur_pitch |   0.000   |  0.000  |  0.001   |      0.010      |      0.010       |      0.002       | [-1.745, 0.550] |      55.292     |     5.500     |
2026-09-05T00:04:07.068647125Z |   9   | rf_femur_pitch |   0.000   |  0.000  |  0.001   |      0.010      |      0.010       |      0.002       | [-1.745, 0.550] |      55.292     |     5.500     |
2026-09-05T00:04:07.068648309Z |   10  | rm_femur_pitch |   0.000   |  0.000  |  0.001   |      0.010      |      0.010       |      0.002       | [-1.745, 0.550] |      55.292     |     5.500     |
2026-09-05T00:04:07.068649429Z |   11  | rr_femur_pitch |   0.000   |  0.000  |  0.001   |      0.010      |      0.010       |      0.002       | [-1.745, 0.550] |      55.292     |     5.500     |
2026-09-05T00:04:07.068650421Z |   12  | lf_tibia_pitch |   0.000   |  0.000  |  0.001   |      0.010      |      0.010       |      0.002       | [-0.950, 1.750] |      55.292     |     5.500     |
2026-09-05T00:04:07.068651685Z |   13  | lm_tibia_pitch |   0.000   |  0.000  |  0.001   |      0.010      |      0.010       |      0.002       | [-0.950, 1.750] |      55.292     |     5.500     |
2026-09-05T00:04:07.068652693Z |   14  | lr_tibia_pitch |   0.000   |  0.000  |  0.001   |      0.010      |      0.010       |      0.002       | [-0.950, 1.750] |      55.292     |     5.500     |
2026-09-05T00:04:07.068655813Z |   15  | rf_tibia_pitch |   0.000   |  0.000  |  0.001   |      0.010      |      0.010       |      0.002       | [-0.950, 1.750] |      55.292     |     5.500     |
2026-09-05T00:04:07.068656949Z |   16  | rm_tibia_pitch |   0.000   |  0.000  |  0.001   |      0.010      |      0.010       |      0.002       | [-0.950, 1.750] |      55.292     |     5.500     |
2026-09-05T00:04:07.068658037Z |   17  | rr_tibia_pitch |   0.000   |  0.000  |  0.001   |      0.010      |      0.010       |      0.002       | [-0.950, 1.750] |      55.292     |     5.500     |
2026-09-05T00:04:07.068659285Z +-------+----------------+-----------+---------+----------+-----------------+------------------+------------------+-----------------+-----------------+---------------+
2026-09-05T00:04:09.396130802Z [INFO]: Time taken for simulation start Last: 4.434863 s, Mean: 4.434863 s, Std: 0.000000 s, N: 1
2026-09-05T00:04:09.396155410Z [INFO] Event Manager:  <EventManager> contains 1 active terms.
2026-09-05T00:04:09.396156946Z +--------------------------------------+
2026-09-05T00:04:09.396158098Z | Active Event Terms in Mode: 'startup' |
2026-09-05T00:04:09.396159186Z +----------+---------------------------+
2026-09-05T00:04:09.396160274Z |  Index   | Name                      |
2026-09-05T00:04:09.396161234Z +----------+---------------------------+
2026-09-05T00:04:09.396162354Z |    0     | physics_material          |
2026-09-05T00:04:09.396163394Z |    1     | base_mass                 |
2026-09-05T00:04:09.396164370Z +----------+---------------------------+
2026-09-05T00:04:09.396165538Z 
2026-09-05T00:04:09.396166578Z [INFO]: Completed setting up the environment...
2026-09-05T00:04:09.396167778Z MKII_V2_JOINT_NAMES ["lf_coxa_yaw", "lm_coxa_yaw", "lr_coxa_yaw", "rf_coxa_yaw", "rm_coxa_yaw", "rr_coxa_yaw", "lf_femur_pitch", "lm_femur_pitch", "lr_femur_pitch", "rf_femur_pitch", "rm_femur_pitch", "rr_femur_pitch", "lf_tibia_pitch", "lm_tibia_pitch", "lr_tibia_pitch", "rf_tibia_pitch", "rm_tibia_pitch", "rr_tibia_pitch"]
2026-09-05T00:04:09.549773404Z MKII_V2_PROGRESS step=1/100 min_height=0.140576 computed=0.133393
2026-09-05T00:04:12.461335157Z MKII_V2_PROGRESS step=100/100 min_height=0.135613 computed=0.732527
2026-09-05T00:04:12.810205240Z [INFO]: SimulationContext cleared
2026-09-05T00:04:12.892086383Z 2026-09-05T00:03:58Z [12,766ms] [Warning] [isaaclab_physx.physics.physx_manager] TGS solver with enable_external_forces_every_iteration=False may cause noisy velocities.
2026-09-05T00:04:12.892112671Z 2026-09-05T00:04:03Z [17,819ms] [Warning] [usdrt.population.plugin] Last global time was not created. Did you call setEnableUsdNoticeHandling?
