2026-09-05T01:12:29.061970931Z Loading user config located at: '/isaac-sim/kit/data/Kit/IsaacLab/3.0/user.config.json'
2026-09-05T01:12:29.062042499Z 2026-09-05T01:12:27Z [0ms] [Warning] [omni.ext.plugin] [ext: isaaclab_visualizers] Extensions config 'extension.toml' doesn't exist '/workspace/isaaclab/source/isaaclab_visualizers' or '/workspace/isaaclab/source/isaaclab_visualizers/config'
2026-09-05T01:12:29.062045171Z 2026-09-05T01:12:27Z [0ms] [Warning] [omni.ext.plugin] [ext: configs] Extensions config 'extension.toml' doesn't exist '/workspace/hexapod/configs' or '/workspace/hexapod/configs/config'
2026-09-05T01:12:29.062046467Z 2026-09-05T01:12:27Z [0ms] [Warning] [omni.ext.plugin] [ext: robot] Extensions config 'extension.toml' doesn't exist '/workspace/hexapod/robot' or '/workspace/hexapod/robot/config'
2026-09-05T01:12:29.062047571Z 2026-09-05T01:12:27Z [0ms] [Warning] [omni.ext.plugin] [ext: isaaclab] Extensions config 'extension.toml' doesn't exist '/workspace/hexapod/isaaclab' or '/workspace/hexapod/isaaclab/config'
2026-09-05T01:12:29.062048675Z 2026-09-05T01:12:27Z [0ms] [Warning] [omni.ext.plugin] [ext: tools] Extensions config 'extension.toml' doesn't exist '/workspace/hexapod/tools' or '/workspace/hexapod/tools/config'
2026-09-05T01:12:29.062049699Z 2026-09-05T01:12:27Z [0ms] [Warning] [omni.ext.plugin] [ext: packages] Extensions config 'extension.toml' doesn't exist '/workspace/hexapod/packages' or '/workspace/hexapod/packages/config'
2026-09-05T01:12:29.062050947Z 2026-09-05T01:12:28Z [128ms] [Warning] [carb.omniclient.plugin]  116: OmniHub: ThreadId(02) Hub encountered error. Trying to reconnect to Hub. retry_reason="Hub failed to launch: Io(\"child exited with exit status: 1 without writing file \\\"/tmp/hub-ubuntu-BC651ED0.config.json\\\"\")"
2026-09-05T01:12:29.062052339Z 2026-09-05T01:12:28Z [201ms] [Warning] [carb.omniclient.plugin]  116: OmniHub: ThreadId(02) Hub encountered error. Trying to reconnect to Hub. retry_reason="Hub failed to launch: Io(\"child exited with exit status: 1 without writing file \\\"/tmp/hub-ubuntu-BC651ED0.config.json\\\"\")"
2026-09-05T01:12:29.062054291Z 2026-09-05T01:12:28Z [283ms] [Warning] [carb.omniclient.plugin]  116: OmniHub: ThreadId(02) Hub encountered error. Trying to reconnect to Hub. retry_reason="Hub failed to launch: Io(\"child exited with exit status: 1 without writing file \\\"/tmp/hub-ubuntu-BC651ED0.config.json\\\"\")"
2026-09-05T01:12:29.062055555Z 2026-09-05T01:12:28Z [374ms] [Warning] [carb.omniclient.plugin]  116: OmniHub: ThreadId(02) Hub encountered error. Trying to reconnect to Hub. retry_reason="Hub failed to launch: Io(\"child exited with exit status: 1 without writing file \\\"/tmp/hub-ubuntu-BC651ED0.config.json\\\"\")"
2026-09-05T01:12:29.062056899Z 2026-09-05T01:12:28Z [478ms] [Warning] [carb.omniclient.plugin]  116: OmniHub: ThreadId(02) Hub encountered error. Trying to reconnect to Hub. retry_reason="Hub failed to launch: Io(\"child exited with exit status: 1 without writing file \\\"/tmp/hub-ubuntu-BC651ED0.config.json\\\"\")"
2026-09-05T01:12:29.062058067Z 2026-09-05T01:12:28Z [590ms] [Warning] [carb.omniclient.plugin]  116: OmniHub: ThreadId(02) Hub encountered error. Trying to reconnect to Hub. retry_reason="Hub failed to launch: Io(\"child exited with exit status: 1 without writing file \\\"/tmp/hub-ubuntu-BC651ED0.config.json\\\"\")"
2026-09-05T01:12:29.062059379Z 2026-09-05T01:12:28Z [714ms] [Warning] [carb.omniclient.plugin]  116: OmniHub: ThreadId(02) Hub encountered error. Trying to reconnect to Hub. retry_reason="Hub failed to launch: Io(\"child exited with exit status: 1 without writing file \\\"/tmp/hub-ubuntu-BC651ED0.config.json\\\"\")"
2026-09-05T01:12:29.062064803Z 2026-09-05T01:12:28Z [848ms] [Warning] [carb.omniclient.plugin]  116: OmniHub: ThreadId(02) Hub encountered error. Trying to reconnect to Hub. retry_reason="Hub failed to launch: Io(\"child exited with exit status: 1 without writing file \\\"/tmp/hub-ubuntu-BC651ED0.config.json\\\"\")"
2026-09-05T01:12:29.062066115Z 2026-09-05T01:12:28Z [990ms] [Warning] [carb.omniclient.plugin]  116: OmniHub: ThreadId(02) Hub encountered error. Trying to reconnect to Hub. retry_reason="Hub failed to launch: Io(\"child exited with exit status: 1 without writing file \\\"/tmp/hub-ubuntu-BC651ED0.config.json\\\"\")"
2026-09-05T01:12:29.062067411Z 2026-09-05T01:12:29Z [1,143ms] [Warning] [carb.omniclient.plugin]  116: OmniHub: ThreadId(02) Hub encountered error. Trying to reconnect to Hub. retry_reason="Hub failed to launch: Io(\"child exited with exit status: 1 without writing file \\\"/tmp/hub-ubuntu-BC651ED0.config.json\\\"\")"
2026-09-05T01:12:32.553600362Z 2026-09-05T01:12:29Z [1,305ms] [Warning] [carb.omniclient.plugin]  116: OmniHub: ThreadId(02) Hub encountered error. Trying to reconnect to Hub. retry_reason="Hub failed to launch: Io(\"child exited with exit status: 1 without writing file \\\"/tmp/hub-ubuntu-BC651ED0.config.json\\\"\")"
2026-09-05T01:12:32.553642059Z 2026-09-05T01:12:29Z [1,477ms] [Warning] [carb.omniclient.plugin]  116: OmniHub: ThreadId(02) Hub encountered error. Trying to reconnect to Hub. retry_reason="Hub failed to launch: Io(\"child exited with exit status: 1 without writing file \\\"/tmp/hub-ubuntu-BC651ED0.config.json\\\"\")"
2026-09-05T01:12:32.553645259Z 2026-09-05T01:12:29Z [1,661ms] [Warning] [carb.omniclient.plugin]  116: OmniHub: ThreadId(02) Hub encountered error. Trying to reconnect to Hub. retry_reason="Hub failed to launch: Io(\"child exited with exit status: 1 without writing file \\\"/tmp/hub-ubuntu-BC651ED0.config.json\\\"\")"
2026-09-05T01:12:32.553648427Z 2026-09-05T01:12:29Z [1,854ms] [Warning] [carb.omniclient.plugin]  116: OmniHub: ThreadId(02) Hub encountered error. Trying to reconnect to Hub. retry_reason="Hub failed to launch: Io(\"child exited with exit status: 1 without writing file \\\"/tmp/hub-ubuntu-BC651ED0.config.json\\\"\")"
2026-09-05T01:12:32.553651019Z 2026-09-05T01:12:29Z [2,055ms] [Warning] [carb.omniclient.plugin]  116: OmniHub: ThreadId(02) Hub encountered error. Trying to reconnect to Hub. retry_reason="Hub failed to launch: Io(\"child exited with exit status: 1 without writing file \\\"/tmp/hub-ubuntu-BC651ED0.config.json\\\"\")"
2026-09-05T01:12:32.553653435Z 2026-09-05T01:12:30Z [2,269ms] [Warning] [carb.omniclient.plugin]  116: OmniHub: ThreadId(02) Hub encountered error. Trying to reconnect to Hub. retry_reason="Hub failed to launch: Io(\"child exited with exit status: 1 without writing file \\\"/tmp/hub-ubuntu-BC651ED0.config.json\\\"\")"
2026-09-05T01:12:32.553657131Z 2026-09-05T01:12:30Z [2,491ms] [Warning] [carb.omniclient.plugin]  116: OmniHub: ThreadId(02) Hub encountered error. Trying to reconnect to Hub. retry_reason="Hub failed to launch: Io(\"child exited with exit status: 1 without writing file \\\"/tmp/hub-ubuntu-BC651ED0.config.json\\\"\")"
2026-09-05T01:12:32.553660427Z 2026-09-05T01:12:30Z [2,723ms] [Warning] [carb.omniclient.plugin]  116: OmniHub: ThreadId(02) Hub encountered error. Trying to reconnect to Hub. retry_reason="Hub failed to launch: Io(\"child exited with exit status: 1 without writing file \\\"/tmp/hub-ubuntu-BC651ED0.config.json\\\"\")"
2026-09-05T01:12:32.553681403Z 2026-09-05T01:12:30Z [2,967ms] [Warning] [carb.omniclient.plugin]  116: OmniHub: ThreadId(02) Hub encountered error. Trying to reconnect to Hub. retry_reason="Hub failed to launch: Io(\"child exited with exit status: 1 without writing file \\\"/tmp/hub-ubuntu-BC651ED0.config.json\\\"\")"
2026-09-05T01:12:32.553683835Z 2026-09-05T01:12:31Z [3,221ms] [Warning] [carb.omniclient.plugin]  116: OmniHub: ThreadId(02) Hub encountered error. Trying to reconnect to Hub. retry_reason="Hub failed to launch: Io(\"child exited with exit status: 1 without writing file \\\"/tmp/hub-ubuntu-BC651ED0.config.json\\\"\")"
2026-09-05T01:12:32.553688107Z 2026-09-05T01:12:31Z [3,481ms] [Warning] [carb.omniclient.plugin]  116: OmniHub: ThreadId(02) Hub encountered error. Trying to reconnect to Hub. retry_reason="Hub failed to launch: Io(\"child exited with exit status: 1 without writing file \\\"/tmp/hub-ubuntu-BC651ED0.config.json\\\"\")"
2026-09-05T01:12:32.553690251Z 2026-09-05T01:12:31Z [3,755ms] [Warning] [carb.omniclient.plugin]  116: OmniHub: ThreadId(02) Hub encountered error. Trying to reconnect to Hub. retry_reason="Hub failed to launch: Io(\"child exited with exit status: 1 without writing file \\\"/tmp/hub-ubuntu-BC651ED0.config.json\\\"\")"
2026-09-05T01:12:32.553692219Z 2026-09-05T01:12:31Z [4,038ms] [Warning] [carb.omniclient.plugin]  116: OmniHub: ThreadId(02) Hub encountered error. Trying to reconnect to Hub. retry_reason="Hub failed to launch: Io(\"child exited with exit status: 1 without writing file \\\"/tmp/hub-ubuntu-BC651ED0.config.json\\\"\")"
2026-09-05T01:12:32.553694299Z 2026-09-05T01:12:32Z [4,331ms] [Warning] [carb.omniclient.plugin]  116: OmniHub: ThreadId(02) Hub encountered error. Trying to reconnect to Hub. retry_reason="Hub failed to launch: Io(\"child exited with exit status: 1 without writing file \\\"/tmp/hub-ubuntu-BC651ED0.config.json\\\"\")"
2026-09-05T01:12:32.553696427Z 2026-09-05T01:12:32Z [4,635ms] [Warning] [carb.omniclient.plugin]  116: OmniHub: ThreadId(02) Hub encountered error. Trying to reconnect to Hub. retry_reason="Hub failed to launch: Io(\"child exited with exit status: 1 without writing file \\\"/tmp/hub-ubuntu-BC651ED0.config.json\\\"\")"
2026-09-05T01:12:38.300367105Z WARNING: All log messages before absl::InitializeLog() is called are written to STDERR
2026-09-05T01:12:38.300389457Z E0000 00:00:1788570758.300082      24 descriptor_database.cc:633] File already exists in database: grpc/health/v1/health.proto
2026-09-05T01:12:38.300390945Z W0000 00:00:1788570758.300103      24 message.cc:301] Protobuf GeneratedMessageFactory: File is already registered: grpc/health/v1/health.proto
2026-09-05T01:12:38.314528310Z 2026-09-05T01:12:32Z [4,947ms] [Warning] [carb.omniclient.plugin]  116: OmniHub: ThreadId(02) Hub encountered error. Trying to reconnect to Hub. retry_reason="Hub failed to launch: Io(\"child exited with exit status: 1 without writing file \\\"/tmp/hub-ubuntu-BC651ED0.config.json\\\"\")"
2026-09-05T01:12:38.314541574Z 2026-09-05T01:12:33Z [5,270ms] [Warning] [carb.omniclient.plugin]  116: OmniHub: ThreadId(02) Hub encountered error. Trying to reconnect to Hub. retry_reason="Hub failed to launch: Io(\"child exited with exit status: 1 without writing file \\\"/tmp/hub-ubuntu-BC651ED0.config.json\\\"\")"
2026-09-05T01:12:38.314553142Z 2026-09-05T01:12:33Z [5,604ms] [Warning] [carb.omniclient.plugin]  116: OmniHub: ThreadId(02) Hub encountered error. Trying to reconnect to Hub. retry_reason="Hub failed to launch: Io(\"child exited with exit status: 1 without writing file \\\"/tmp/hub-ubuntu-BC651ED0.config.json\\\"\")"
2026-09-05T01:12:38.314554758Z 2026-09-05T01:12:33Z [5,946ms] [Warning] [carb.omniclient.plugin]  116: OmniHub: ThreadId(02) Hub encountered error. Trying to reconnect to Hub. retry_reason="Hub failed to launch: Io(\"child exited with exit status: 1 without writing file \\\"/tmp/hub-ubuntu-BC651ED0.config.json\\\"\")"
2026-09-05T01:12:38.314556134Z 2026-09-05T01:12:34Z [6,299ms] [Warning] [carb.omniclient.plugin]  116: OmniHub: ThreadId(02) Hub encountered error. Trying to reconnect to Hub. retry_reason="Hub failed to launch: Io(\"child exited with exit status: 1 without writing file \\\"/tmp/hub-ubuntu-BC651ED0.config.json\\\"\")"
2026-09-05T01:12:38.314557430Z 2026-09-05T01:12:34Z [6,662ms] [Warning] [carb.omniclient.plugin]  116: OmniHub: ThreadId(02) Hub encountered error. Trying to reconnect to Hub. retry_reason="Hub failed to launch: Io(\"child exited with exit status: 1 without writing file \\\"/tmp/hub-ubuntu-BC651ED0.config.json\\\"\")"
2026-09-05T01:12:38.314558630Z 2026-09-05T01:12:34Z [7,033ms] [Warning] [carb.omniclient.plugin]  116: OmniHub: ThreadId(02) Hub encountered error. Trying to reconnect to Hub. retry_reason="Hub failed to launch: Io(\"child exited with exit status: 1 without writing file \\\"/tmp/hub-ubuntu-BC651ED0.config.json\\\"\")"
2026-09-05T01:12:38.314560454Z 2026-09-05T01:12:35Z [7,417ms] [Warning] [carb.omniclient.plugin]  116: OmniHub: ThreadId(02) Hub encountered error. Trying to reconnect to Hub. retry_reason="Hub failed to launch: Io(\"child exited with exit status: 1 without writing file \\\"/tmp/hub-ubuntu-BC651ED0.config.json\\\"\")"
2026-09-05T01:12:38.314561670Z 2026-09-05T01:12:35Z [7,810ms] [Warning] [carb.omniclient.plugin]  116: OmniHub: ThreadId(02) Hub encountered error. Trying to reconnect to Hub. retry_reason="Hub failed to launch: Io(\"child exited with exit status: 1 without writing file \\\"/tmp/hub-ubuntu-BC651ED0.config.json\\\"\")"
2026-09-05T01:12:38.314562966Z 2026-09-05T01:12:36Z [8,214ms] [Warning] [carb.omniclient.plugin]  116: OmniHub: ThreadId(02) Hub encountered error. Trying to reconnect to Hub. retry_reason="Hub failed to launch: Io(\"child exited with exit status: 1 without writing file \\\"/tmp/hub-ubuntu-BC651ED0.config.json\\\"\")"
2026-09-05T01:12:38.314564150Z 2026-09-05T01:12:36Z [8,625ms] [Warning] [carb.omniclient.plugin]  116: OmniHub: ThreadId(02) Hub encountered error. Trying to reconnect to Hub. retry_reason="Hub failed to launch: Io(\"child exited with exit status: 1 without writing file \\\"/tmp/hub-ubuntu-BC651ED0.config.json\\\"\")"
2026-09-05T01:12:38.314565446Z 2026-09-05T01:12:36Z [9,049ms] [Warning] [carb.omniclient.plugin]  116: OmniHub: ThreadId(02) Hub encountered error. Trying to reconnect to Hub. retry_reason="Hub failed to launch: Io(\"child exited with exit status: 1 without writing file \\\"/tmp/hub-ubuntu-BC651ED0.config.json\\\"\")"
2026-09-05T01:12:38.314566630Z 2026-09-05T01:12:37Z [9,482ms] [Warning] [carb.omniclient.plugin]  116: OmniHub: ThreadId(02) Hub encountered error. Trying to reconnect to Hub. retry_reason="Hub failed to launch: Io(\"child exited with exit status: 1 without writing file \\\"/tmp/hub-ubuntu-BC651ED0.config.json\\\"\")"
2026-09-05T01:12:38.314569718Z 2026-09-05T01:12:37Z [9,925ms] [Warning] [carb.omniclient.plugin]  116: OmniHub: ThreadId(02) Hub encountered error. Trying to reconnect to Hub. retry_reason="Hub failed to launch: Io(\"child exited with exit status: 1 without writing file \\\"/tmp/hub-ubuntu-BC651ED0.config.json\\\"\")"
2026-09-05T01:12:38.314571014Z 2026-09-05T01:12:38Z [10,396ms] [Warning] [omni.usd_config.extension] Enable omni.materialx.libs extension to use MaterialX
2026-09-05T01:12:39.397848319Z /workspace/isaaclab/_isaac_sim/kit/python/lib/python3.12/site-packages/torch/cuda/__init__.py:435: UserWarning: 
2026-09-05T01:12:39.397880767Z     Found GPU0 NVIDIA GB10 which is of cuda capability 12.1.
2026-09-05T01:12:39.397883231Z     Minimum and Maximum cuda capability supported by this version of PyTorch is
2026-09-05T01:12:39.397885279Z     (8.0) - (12.0)
2026-09-05T01:12:39.397887087Z     
2026-09-05T01:12:39.397888767Z   queued_call()
2026-09-05T01:12:39.398932148Z [ISAACLAB] AppLauncher initialization complete
2026-09-05T01:12:40.879465790Z [INFO]: Parsing configuration from: hexapod_rl.tasks.mkii_v2:HexapodMkiiV2FlatEnvCfg
2026-09-05T01:12:40.879499134Z [INFO]: Base environment:
2026-09-05T01:12:40.879501774Z 	Environment device    : cuda:0
2026-09-05T01:12:40.879503854Z 	Environment seed      : 0
2026-09-05T01:12:40.879505694Z 	Physics step-size     : 0.005
2026-09-05T01:12:40.879507326Z 	Rendering step-size   : 0.02
2026-09-05T01:12:40.879508830Z 	Environment step-size : 0.02
2026-09-05T01:12:40.879510510Z [INFO]: Registered backend 'physx' for factory Articulation.
2026-09-05T01:12:41.206937724Z [INFO]: Registered backend 'physx' for factory ContactSensor.
2026-09-05T01:12:48.354548011Z [INFO]: Time taken for scene creation Last: 1.362795 s, Mean: 1.362795 s, Std: 0.000000 s, N: 1
2026-09-05T01:12:48.354585467Z [INFO]: Scene manager:  <class InteractiveScene>
2026-09-05T01:12:48.354588267Z 	Number of environments: 32
2026-09-05T01:12:48.354590363Z 	Environment spacing   : 2.0
2026-09-05T01:12:48.354592091Z 	Source prim name      : /World/envs/env_0
2026-09-05T01:12:48.354593835Z 	Global prim paths     : []
2026-09-05T01:12:48.354595563Z 	Replicate physics     : True
2026-09-05T01:12:48.354597179Z [INFO]: Starting the simulation. This may take a few seconds. Please wait...
2026-09-05T01:12:48.354598891Z [INFO]: Simulation parameters for joints in /World/envs/env_.*/Robot:
2026-09-05T01:12:48.354600667Z +---------------------------------------------------------------------------------------------------------------------------------------------------------------------+
2026-09-05T01:12:48.354602651Z |                                                  Simulation Joint Information (Prim path: /World/envs/env_.*/Robot)                                                 |
2026-09-05T01:12:48.354622220Z +-------+----------------+-----------+---------+----------+-----------------+------------------+------------------+-----------------+-----------------+---------------+
2026-09-05T01:12:48.354624348Z | Index | Name           | Stiffness | Damping | Armature | Static Friction | Dynamic Friction | Viscous Friction | Position Limits | Velocity Limits | Effort Limits |
2026-09-05T01:12:48.354626156Z +-------+----------------+-----------+---------+----------+-----------------+------------------+------------------+-----------------+-----------------+---------------+
2026-09-05T01:12:48.354627900Z |   0   | lf_coxa_yaw    |   0.000   |  0.000  |  0.001   |      0.010      |      0.010       |      0.002       | [-0.873, 0.873] |      55.292     |     5.500     |
2026-09-05T01:12:48.354629676Z |   1   | lm_coxa_yaw    |   0.000   |  0.000  |  0.001   |      0.010      |      0.010       |      0.002       | [-0.873, 0.873] |      55.292     |     5.500     |
2026-09-05T01:12:48.354631484Z |   2   | lr_coxa_yaw    |   0.000   |  0.000  |  0.001   |      0.010      |      0.010       |      0.002       | [-0.873, 0.873] |      55.292     |     5.500     |
2026-09-05T01:12:48.354633484Z |   3   | rf_coxa_yaw    |   0.000   |  0.000  |  0.001   |      0.010      |      0.010       |      0.002       | [-0.873, 0.873] |      55.292     |     5.500     |
2026-09-05T01:12:48.354636988Z |   4   | rm_coxa_yaw    |   0.000   |  0.000  |  0.001   |      0.010      |      0.010       |      0.002       | [-0.873, 0.873] |      55.292     |     5.500     |
2026-09-05T01:12:48.354638812Z |   5   | rr_coxa_yaw    |   0.000   |  0.000  |  0.001   |      0.010      |      0.010       |      0.002       | [-0.873, 0.873] |      55.292     |     5.500     |
2026-09-05T01:12:48.354640556Z |   6   | lf_femur_pitch |   0.000   |  0.000  |  0.001   |      0.010      |      0.010       |      0.002       | [-1.745, 0.550] |      55.292     |     5.500     |
2026-09-05T01:12:48.354642348Z |   7   | lm_femur_pitch |   0.000   |  0.000  |  0.001   |      0.010      |      0.010       |      0.002       | [-1.745, 0.550] |      55.292     |     5.500     |
2026-09-05T01:12:48.354644108Z |   8   | lr_femur_pitch |   0.000   |  0.000  |  0.001   |      0.010      |      0.010       |      0.002       | [-1.745, 0.550] |      55.292     |     5.500     |
2026-09-05T01:12:48.354645852Z |   9   | rf_femur_pitch |   0.000   |  0.000  |  0.001   |      0.010      |      0.010       |      0.002       | [-1.745, 0.550] |      55.292     |     5.500     |
2026-09-05T01:12:48.354647724Z |   10  | rm_femur_pitch |   0.000   |  0.000  |  0.001   |      0.010      |      0.010       |      0.002       | [-1.745, 0.550] |      55.292     |     5.500     |
2026-09-05T01:12:48.354649468Z |   11  | rr_femur_pitch |   0.000   |  0.000  |  0.001   |      0.010      |      0.010       |      0.002       | [-1.745, 0.550] |      55.292     |     5.500     |
2026-09-05T01:12:48.354651228Z |   12  | lf_tibia_pitch |   0.000   |  0.000  |  0.001   |      0.010      |      0.010       |      0.002       | [-0.950, 1.750] |      55.292     |     5.500     |
2026-09-05T01:12:48.354652988Z |   13  | lm_tibia_pitch |   0.000   |  0.000  |  0.001   |      0.010      |      0.010       |      0.002       | [-0.950, 1.750] |      55.292     |     5.500     |
2026-09-05T01:12:48.354654684Z |   14  | lr_tibia_pitch |   0.000   |  0.000  |  0.001   |      0.010      |      0.010       |      0.002       | [-0.950, 1.750] |      55.292     |     5.500     |
2026-09-05T01:12:48.354658860Z |   15  | rf_tibia_pitch |   0.000   |  0.000  |  0.001   |      0.010      |      0.010       |      0.002       | [-0.950, 1.750] |      55.292     |     5.500     |
2026-09-05T01:12:48.354660940Z |   16  | rm_tibia_pitch |   0.000   |  0.000  |  0.001   |      0.010      |      0.010       |      0.002       | [-0.950, 1.750] |      55.292     |     5.500     |
2026-09-05T01:12:48.354662716Z |   17  | rr_tibia_pitch |   0.000   |  0.000  |  0.001   |      0.010      |      0.010       |      0.002       | [-0.950, 1.750] |      55.292     |     5.500     |
2026-09-05T01:12:48.354664508Z +-------+----------------+-----------+---------+----------+-----------------+------------------+------------------+-----------------+-----------------+---------------+
2026-09-05T01:12:51.195558526Z [INFO]: Time taken for simulation start Last: 6.857607 s, Mean: 6.857607 s, Std: 0.000000 s, N: 1
2026-09-05T01:12:51.195583422Z [INFO] Event Manager:  <EventManager> contains 1 active terms.
2026-09-05T01:12:51.195585006Z +--------------------------------------+
2026-09-05T01:12:51.195586110Z | Active Event Terms in Mode: 'startup' |
2026-09-05T01:12:51.195587230Z +----------+---------------------------+
2026-09-05T01:12:51.195588238Z |  Index   | Name                      |
2026-09-05T01:12:51.195589438Z +----------+---------------------------+
2026-09-05T01:12:51.195590414Z |    0     | physics_material          |
2026-09-05T01:12:51.195591454Z +----------+---------------------------+
2026-09-05T01:12:51.195592430Z 
2026-09-05T01:12:51.195593470Z [INFO]: Completed setting up the environment...
2026-09-05T01:12:51.195595070Z MKII_V2_JOINT_NAMES ["lf_coxa_yaw", "lm_coxa_yaw", "lr_coxa_yaw", "rf_coxa_yaw", "rm_coxa_yaw", "rr_coxa_yaw", "lf_femur_pitch", "lm_femur_pitch", "lr_femur_pitch", "rf_femur_pitch", "rm_femur_pitch", "rr_femur_pitch", "lf_tibia_pitch", "lm_tibia_pitch", "lr_tibia_pitch", "rf_tibia_pitch", "rm_tibia_pitch", "rr_tibia_pitch"]
2026-09-05T01:12:51.561091223Z MKII_V2_PROGRESS step=1/1000 min_height=0.140255 computed=0.893886
2026-09-05T01:12:56.614265411Z MKII_V2_PROGRESS step=100/1000 min_height=0.135602 computed=0.879357
2026-09-05T01:13:02.039856819Z MKII_V2_PROGRESS step=200/1000 min_height=0.135602 computed=0.879310
2026-09-05T01:13:07.306376195Z MKII_V2_PROGRESS step=300/1000 min_height=0.135602 computed=0.879647
2026-09-05T01:13:12.530087753Z MKII_V2_PROGRESS step=400/1000 min_height=0.135602 computed=0.879280
2026-09-05T01:13:17.515064503Z MKII_V2_PROGRESS step=500/1000 min_height=0.135602 computed=0.879483
2026-09-05T01:13:22.687869892Z MKII_V2_PROGRESS step=600/1000 min_height=0.135602 computed=0.879501
2026-09-05T01:13:28.013042898Z MKII_V2_PROGRESS step=700/1000 min_height=0.135602 computed=0.879692
2026-09-05T01:13:33.134161329Z MKII_V2_PROGRESS step=800/1000 min_height=0.135602 computed=0.879313
2026-09-05T01:13:38.178886817Z MKII_V2_PROGRESS step=900/1000 min_height=0.135602 computed=0.879112
2026-09-05T01:13:43.597364975Z MKII_V2_PROGRESS step=1000/1000 min_height=0.135602 computed=0.879188
2026-09-05T01:13:43.599972204Z MKII_V2_VALIDATION_PASS report=/workspace/validation_artifacts/report.json
2026-09-05T01:13:44.135561452Z [INFO]: SimulationContext cleared
2026-09-05T01:13:44.244200193Z 2026-09-05T01:12:40Z [12,847ms] [Warning] [isaaclab_physx.physics.physx_manager] TGS solver with enable_external_forces_every_iteration=False may cause noisy velocities.
2026-09-05T01:13:44.244223041Z 2026-09-05T01:12:43Z [15,795ms] [Warning] [usdrt.population.plugin] Last global time was not created. Did you call setEnableUsdNoticeHandling?
