verified run/learning_recovery_32/raw/reset_clocks.npz
verified run/learning_recovery_32/raw/session.json
verified run/learning_recovery_32/raw/physics_substep_review.json
verified run/learning_recovery_32/raw/learning_ledger/summary.json
verified run/learning_recovery_32/learning_integrity.json
verified run/learning_recovery_32/raw/learning_ledger/00004_bootstrap.npz
verified run/learning_recovery_32/raw/learning_ledger/00012_bootstrap.npz
verified run/learning_recovery_32/raw/learning_ledger/00002_bootstrap.npz
verified run/learning_recovery_32/raw/learning_ledger/00010_bootstrap.npz
verified run/learning_recovery_32/raw/learning_ledger/00008_bootstrap.npz
verified run/learning_recovery_32/raw/episodes.json
verified run/learning_recovery_32/state.json
verified run/learning_recovery_32/environment.yaml
verified run/learning_recovery_32/raw/sensor_clocks.npz
verified run/learning_recovery_32/raw/learning_ledger/00000_history_initialization.npz
verified run/learning_recovery_32/raw/learning_ledger/00011_reset.npz
verified run/learning_recovery_32/raw/learning_ledger/00003_reset.npz
verified run/learning_recovery_32/raw/learning_ledger/00009_reset.npz
verified run/learning_recovery_32/raw/learning_ledger/00001_reset.npz
verified run/learning_recovery_32/raw/learning_ledger/00007_reset.npz
verified run/learning_recovery_32/raw/learning_ledger/00006_history_initialization.npz
verified run/learning_recovery_32/raw/learning_ledger/00005_history_initialization.npz
verified run/learning_recovery_32/solver_comparison.json
verified run/learning_recovery_32/raw/reference_states.npz
verified forecast_pause/restore.lock
verified run/standing/reference_states.json
verified run/standing_accepted.json
verified forecast_pause/restored.json
verified run/jobs/calibration_contact_data_audit.json
verified run/jobs/learning_recovery_32_contact_data_audit.json
verified run/jobs/standing_contact_data_audit.json
verified run/standing_immutable.sha256.json
verified run/jobs/standing.json
verified run/jobs/calibration.json
verified run/jobs/learning_recovery_32.json
verified run/learning_recovery_32/raw/trace.npz
verified run/calibration_immutable.sha256.json
verified forecast_pause/launch.json
verified forecast_pause/pause.json
verified run/calibration/initial.pt.json
verified run/learning_recovery_32/raw/physics_substeps.npz
verified forecast_pause/resume_forecasting.py
verified run/learning_recovery_32_immutable.sha256.json
verified run/calibration_accepted.json
verified preflight/reference_learning_ppo_preflight_001.py
verified preflight/reference_learning_ppo_preflight_001.json
verified run/learning_recovery_32_accepted.json
verified run/campaign.json
verified run/calibration/observation_schema.json
verified run/standing/startup_reference.json
verified run/calibration/reference_state.npz
verified run/calibration/environment.yaml
verified run/standing/environment.yaml
verified run/calibration/sensor_clocks.npz
verified run/inputs/study_before.sha256.json
verified run/calibration/physics_substep_review.json
verified run/standing/physics_substep_review.json
verified run/calibration/state.json
verified run/calibration/final_observation.npz
verified run/logs/standing.log
verified run/logs/learning_recovery_32.log
verified run/logs/calibration.log
verified run/standing/admission.json
verified run/standing/state.json
verified run/calibration/calibration.json
verified run/calibration/solver_comparison.json
verified run/standing/solver_comparison.json
verified run/calibration/initial.pt
verified run/standing/physics_control_integrals.npz
verified run/standing/trace.npz
verified run/standing/physics_substeps.npz
verified run/calibration/physics_control_integrals.npz
verified run/calibration/trace.npz
verified run/calibration/physics_substeps.npz
{"all_remote_payloads_match": true, "raw_payloads": 74, "remote_audit_sha256": "e2845555eab668772f7e750c65eb74012086861856601251d0d3deb09595dda5"}
