Sep 16 19:52:15 spark-e26c systemd[728767]: Started hexapod-vanilla-train-001-20260917.service - /usr/bin/python3 -B -S /home/orionh/HEXAPOD_runs/restart_20260914/ppo_reference_comparison_20260917/vanilla_train_001/source/launch_spark.py --bindings /home/orionh/HEXAPOD_runs/restart_20260914/ppo_reference_comparison_20260917/vanilla_train_001/binding.json --bindings-sha256 5a24812b19c663da82d74ab061457dee0cb15b582648ea1741442ba14d92d053.
Sep 16 21:08:17 spark-e26c python3[3097466]: Traceback (most recent call last):
Sep 16 21:08:17 spark-e26c python3[3097466]:   File "/home/orionh/HEXAPOD_runs/restart_20260914/ppo_reference_comparison_20260917/vanilla_train_001/source/launch_spark.py", line 166, in <module>
Sep 16 21:08:17 spark-e26c python3[3097466]:     if __name__=='__main__':main()
Sep 16 21:08:17 spark-e26c python3[3097466]:                             ^^^^^^
Sep 16 21:08:17 spark-e26c python3[3097466]:   File "/home/orionh/HEXAPOD_runs/restart_20260914/ppo_reference_comparison_20260917/vanilla_train_001/source/launch_spark.py", line 161, in main
Sep 16 21:08:17 spark-e26c python3[3097466]:     cleanup['reservation']=guard.verify_reservation();cleanup['resources']=guard.no_live_compute()
Sep 16 21:08:17 spark-e26c python3[3097466]:                                                                            ^^^^^^^^^^^^^^^^^^^^^^^
Sep 16 21:08:17 spark-e26c python3[3097466]:   File "/home/orionh/HEXAPOD_runs/restart_20260914/ppo_reference_comparison_20260917/vanilla_train_001/source/reservation.py", line 188, in no_live_compute
Sep 16 21:08:17 spark-e26c python3[3097466]:     require(not containers, "Active containers remain; dispatcher must identify them")
Sep 16 21:08:17 spark-e26c python3[3097466]:   File "/home/orionh/HEXAPOD_runs/restart_20260914/ppo_reference_comparison_20260917/vanilla_train_001/source/reservation.py", line 45, in require
Sep 16 21:08:17 spark-e26c python3[3097466]:     raise ValueError(message)
Sep 16 21:08:17 spark-e26c python3[3097466]: ValueError: Active containers remain; dispatcher must identify them
Sep 16 21:08:17 spark-e26c systemd[728767]: hexapod-vanilla-train-001-20260917.service: Main process exited, code=exited, status=1/FAILURE
Sep 16 21:08:17 spark-e26c python3[3145470]: Traceback (most recent call last):
Sep 16 21:08:17 spark-e26c python3[3145470]:   File "/home/orionh/HEXAPOD_runs/restart_20260914/ppo_reference_comparison_20260917/vanilla_train_001/source/launch_spark.py", line 166, in <module>
Sep 16 21:08:17 spark-e26c python3[3145470]:     if __name__=='__main__':main()
Sep 16 21:08:17 spark-e26c python3[3145470]:                             ^^^^^^
Sep 16 21:08:17 spark-e26c python3[3145470]:   File "/home/orionh/HEXAPOD_runs/restart_20260914/ppo_reference_comparison_20260917/vanilla_train_001/source/launch_spark.py", line 121, in main
Sep 16 21:08:17 spark-e26c python3[3145470]:     receipt['resources']=guard.no_live_compute()
Sep 16 21:08:17 spark-e26c python3[3145470]:                          ^^^^^^^^^^^^^^^^^^^^^^^
Sep 16 21:08:17 spark-e26c python3[3145470]:   File "/home/orionh/HEXAPOD_runs/restart_20260914/ppo_reference_comparison_20260917/vanilla_train_001/source/reservation.py", line 188, in no_live_compute
Sep 16 21:08:17 spark-e26c python3[3145470]:     require(not containers, "Active containers remain; dispatcher must identify them")
Sep 16 21:08:17 spark-e26c python3[3145470]:   File "/home/orionh/HEXAPOD_runs/restart_20260914/ppo_reference_comparison_20260917/vanilla_train_001/source/reservation.py", line 45, in require
Sep 16 21:08:17 spark-e26c python3[3145470]:     raise ValueError(message)
Sep 16 21:08:17 spark-e26c python3[3145470]: ValueError: Active containers remain; dispatcher must identify them
Sep 16 21:08:17 spark-e26c systemd[728767]: hexapod-vanilla-train-001-20260917.service: Control process exited, code=exited, status=1/FAILURE
Sep 16 21:08:17 spark-e26c systemd[728767]: hexapod-vanilla-train-001-20260917.service: Failed with result 'exit-code'.
Sep 16 21:08:17 spark-e26c systemd[728767]: hexapod-vanilla-train-001-20260917.service: Consumed 41.255s CPU time, 60.0M memory peak, 0B memory swap peak.
