[
  {
    "id": "continuous_six_camera",
    "queries": 377,
    "fresh_now_queries": 169,
    "lease_covers_use_queries": 0,
    "blocked_queries": 208,
    "missing_latest_frame_queries": 0,
    "mean_retained_usable_map_fraction": 0.4078654582964928,
    "mean_ever_observed_map_fraction": 0.4288026819923371,
    "events": [
      {
        "proposal_id": "lf@4.000000",
        "foot_id": "lf",
        "first_query_time_s": 4.0200000000000005,
        "last_query_time_s": 6.04,
        "nominal_end_s": 6.0,
        "queries": 102,
        "first_decision": "blocked",
        "fresh_now_queries": 0,
        "current_coverage_fraction": 0.0,
        "lease_covers_use_queries": 0,
        "first_lease_covers_use_time_s": null,
        "ever_qualified_physical_abort": false
      },
      {
        "proposal_id": "rr@6.360000",
        "foot_id": "rr",
        "first_query_time_s": 6.38,
        "last_query_time_s": 8.4,
        "nominal_end_s": 8.35999999999995,
        "queries": 102,
        "first_decision": "fresh_now_only",
        "fresh_now_queries": 60,
        "current_coverage_fraction": 0.5882352941176471,
        "lease_covers_use_queries": 0,
        "first_lease_covers_use_time_s": null,
        "ever_qualified_physical_abort": false
      },
      {
        "proposal_id": "lm@8.720000",
        "foot_id": "lm",
        "first_query_time_s": 8.74,
        "last_query_time_s": 10.76,
        "nominal_end_s": 10.7199999999999,
        "queries": 102,
        "first_decision": "fresh_now_only",
        "fresh_now_queries": 46,
        "current_coverage_fraction": 0.45098039215686275,
        "lease_covers_use_queries": 0,
        "first_lease_covers_use_time_s": null,
        "ever_qualified_physical_abort": false
      },
      {
        "proposal_id": "rf@11.080000",
        "foot_id": "rf",
        "first_query_time_s": 11.1,
        "last_query_time_s": 12.5,
        "nominal_end_s": 13.079999999999849,
        "queries": 71,
        "first_decision": "fresh_now_only",
        "fresh_now_queries": 63,
        "current_coverage_fraction": 0.8873239436619719,
        "lease_covers_use_queries": 0,
        "first_lease_covers_use_time_s": null,
        "ever_qualified_physical_abort": false
      }
    ]
  },
  {
    "id": "one_missing_capture_5p5",
    "queries": 377,
    "fresh_now_queries": 169,
    "lease_covers_use_queries": 0,
    "blocked_queries": 208,
    "missing_latest_frame_queries": 5,
    "mean_retained_usable_map_fraction": 0.40785440613026824,
    "mean_ever_observed_map_fraction": 0.428798997936929,
    "events": [
      {
        "proposal_id": "lf@4.000000",
        "foot_id": "lf",
        "first_query_time_s": 4.0200000000000005,
        "last_query_time_s": 6.04,
        "nominal_end_s": 6.0,
        "queries": 102,
        "first_decision": "blocked",
        "fresh_now_queries": 0,
        "current_coverage_fraction": 0.0,
        "lease_covers_use_queries": 0,
        "first_lease_covers_use_time_s": null,
        "ever_qualified_physical_abort": false
      },
      {
        "proposal_id": "rr@6.360000",
        "foot_id": "rr",
        "first_query_time_s": 6.38,
        "last_query_time_s": 8.4,
        "nominal_end_s": 8.35999999999995,
        "queries": 102,
        "first_decision": "fresh_now_only",
        "fresh_now_queries": 60,
        "current_coverage_fraction": 0.5882352941176471,
        "lease_covers_use_queries": 0,
        "first_lease_covers_use_time_s": null,
        "ever_qualified_physical_abort": false
      },
      {
        "proposal_id": "lm@8.720000",
        "foot_id": "lm",
        "first_query_time_s": 8.74,
        "last_query_time_s": 10.76,
        "nominal_end_s": 10.7199999999999,
        "queries": 102,
        "first_decision": "fresh_now_only",
        "fresh_now_queries": 46,
        "current_coverage_fraction": 0.45098039215686275,
        "lease_covers_use_queries": 0,
        "first_lease_covers_use_time_s": null,
        "ever_qualified_physical_abort": false
      },
      {
        "proposal_id": "rf@11.080000",
        "foot_id": "rf",
        "first_query_time_s": 11.1,
        "last_query_time_s": 12.5,
        "nominal_end_s": 13.079999999999849,
        "queries": 71,
        "first_decision": "fresh_now_only",
        "fresh_now_queries": 63,
        "current_coverage_fraction": 0.8873239436619719,
        "lease_covers_use_queries": 0,
        "first_lease_covers_use_time_s": null,
        "ever_qualified_physical_abort": false
      }
    ]
  },
  {
    "id": "outage_8p0_to_8p6",
    "queries": 377,
    "fresh_now_queries": 169,
    "lease_covers_use_queries": 0,
    "blocked_queries": 208,
    "missing_latest_frame_queries": 19,
    "mean_retained_usable_map_fraction": 0.3937275272620101,
    "mean_ever_observed_map_fraction": 0.42877615679339814,
    "events": [
      {
        "proposal_id": "lf@4.000000",
        "foot_id": "lf",
        "first_query_time_s": 4.0200000000000005,
        "last_query_time_s": 6.04,
        "nominal_end_s": 6.0,
        "queries": 102,
        "first_decision": "blocked",
        "fresh_now_queries": 0,
        "current_coverage_fraction": 0.0,
        "lease_covers_use_queries": 0,
        "first_lease_covers_use_time_s": null,
        "ever_qualified_physical_abort": false
      },
      {
        "proposal_id": "rr@6.360000",
        "foot_id": "rr",
        "first_query_time_s": 6.38,
        "last_query_time_s": 8.4,
        "nominal_end_s": 8.35999999999995,
        "queries": 102,
        "first_decision": "fresh_now_only",
        "fresh_now_queries": 60,
        "current_coverage_fraction": 0.5882352941176471,
        "lease_covers_use_queries": 0,
        "first_lease_covers_use_time_s": null,
        "ever_qualified_physical_abort": false
      },
      {
        "proposal_id": "lm@8.720000",
        "foot_id": "lm",
        "first_query_time_s": 8.74,
        "last_query_time_s": 10.76,
        "nominal_end_s": 10.7199999999999,
        "queries": 102,
        "first_decision": "fresh_now_only",
        "fresh_now_queries": 46,
        "current_coverage_fraction": 0.45098039215686275,
        "lease_covers_use_queries": 0,
        "first_lease_covers_use_time_s": null,
        "ever_qualified_physical_abort": false
      },
      {
        "proposal_id": "rf@11.080000",
        "foot_id": "rf",
        "first_query_time_s": 11.1,
        "last_query_time_s": 12.5,
        "nominal_end_s": 13.079999999999849,
        "queries": 71,
        "first_decision": "fresh_now_only",
        "fresh_now_queries": 63,
        "current_coverage_fraction": 0.8873239436619719,
        "lease_covers_use_queries": 0,
        "first_lease_covers_use_time_s": null,
        "ever_qualified_physical_abort": false
      }
    ]
  },
  {
    "id": "registration_drift",
    "queries": 377,
    "fresh_now_queries": 156,
    "lease_covers_use_queries": 0,
    "blocked_queries": 221,
    "missing_latest_frame_queries": 0,
    "mean_retained_usable_map_fraction": 0.40722590627763033,
    "mean_ever_observed_map_fraction": 0.4288026819923371,
    "events": [
      {
        "proposal_id": "lf@4.000000",
        "foot_id": "lf",
        "first_query_time_s": 4.0200000000000005,
        "last_query_time_s": 6.04,
        "nominal_end_s": 6.0,
        "queries": 102,
        "first_decision": "blocked",
        "fresh_now_queries": 0,
        "current_coverage_fraction": 0.0,
        "lease_covers_use_queries": 0,
        "first_lease_covers_use_time_s": null,
        "ever_qualified_physical_abort": false
      },
      {
        "proposal_id": "rr@6.360000",
        "foot_id": "rr",
        "first_query_time_s": 6.38,
        "last_query_time_s": 8.4,
        "nominal_end_s": 8.35999999999995,
        "queries": 102,
        "first_decision": "fresh_now_only",
        "fresh_now_queries": 55,
        "current_coverage_fraction": 0.5392156862745098,
        "lease_covers_use_queries": 0,
        "first_lease_covers_use_time_s": null,
        "ever_qualified_physical_abort": false
      },
      {
        "proposal_id": "lm@8.720000",
        "foot_id": "lm",
        "first_query_time_s": 8.74,
        "last_query_time_s": 10.76,
        "nominal_end_s": 10.7199999999999,
        "queries": 102,
        "first_decision": "fresh_now_only",
        "fresh_now_queries": 42,
        "current_coverage_fraction": 0.4117647058823529,
        "lease_covers_use_queries": 0,
        "first_lease_covers_use_time_s": null,
        "ever_qualified_physical_abort": false
      },
      {
        "proposal_id": "rf@11.080000",
        "foot_id": "rf",
        "first_query_time_s": 11.1,
        "last_query_time_s": 12.5,
        "nominal_end_s": 13.079999999999849,
        "queries": 71,
        "first_decision": "fresh_now_only",
        "fresh_now_queries": 59,
        "current_coverage_fraction": 0.8309859154929577,
        "lease_covers_use_queries": 0,
        "first_lease_covers_use_time_s": null,
        "ever_qualified_physical_abort": false
      }
    ]
  }
]
