{
  "tensor": {
    "path": "tmp/reference_tensor_wave_005_001",
    "freeze_sha256": "5f46b6f99c172bb037004e758f4f3715d41da42725abd10bfd313ee2b84fe286",
    "files": 86,
    "all_bytes_match": true
  },
  "observation": {
    "path": "tmp/reference_policy_observation_005_001",
    "freeze_sha256": "22402b0079b0b5ac0acdd4e1d7e819fe206b20ee1883077f7de6eaca55808a63",
    "files": 160,
    "all_bytes_match": true
  },
  "copied_tensor_reference_files_match": 86,
  "exact009_raw_evidence_matches": true,
  "static_dynamic_host_transfer_scan": {
    "tmp/reference_tensor_wave_005_001/batch_wave.py": {
      "sha256": "784d25a7598b21acb2633f27355ba5074023af78d790a36bed89d99094466637",
      "prohibited_transfer_attributes": []
    },
    "tmp/reference_policy_observation_005_001/observation.py": {
      "sha256": "c354da4df35a69452d947ee3bebdd852d1047d120a9163eeebc8d62601b2fb43",
      "prohibited_transfer_attributes": []
    },
    "tmp/reference_policy_observation_005_001/device_pack.py": {
      "sha256": "a8fff9899ae6e40314d927e4eda8aa631b7c937acf19d20f7606c219fef7aac8",
      "prohibited_transfer_attributes": []
    }
  },
  "actor_width": 846,
  "critic_width": 849,
  "schema_sha256": "26dfa8604379a396d477683b530c3c0b0aa576aa646c90ccca94eb660a7a8d7e",
  "schema_fields_contiguous": true,
  "new_qualified_flight_fields_encoded": [
    "reference.unqualified_return_time",
    "reference.unqualified_lift",
    "reference.unqualified_return_valid",
    "reference.raw_force_free_samples",
    "reference.raw_force_free_runs",
    "reference.unqualified_contact_returns",
    "reference.last_unqualified_run_samples",
    "reference.mode",
    "joint_position_interval_average_rate",
    "joint_position_interval_rate_valid"
  ],
  "initial_history_valid": [
    [
      false,
      false,
      false,
      false,
      true
    ],
    [
      false,
      false,
      false,
      false,
      true
    ]
  ],
  "initial_interval_rate_invalid": true,
  "physical_or_GPU_admission": false
}
/Users/andreboufama/Documents/CUPI/HEXAPOD/tmp/reference_policy_observation_005_001/reference/oracle/serial_geometry.py:10: UserWarning: Creating a tensor from a list of numpy.ndarrays is extremely slow. Please consider converting the list to a single numpy.ndarray with numpy.array() before converting to a tensor. (Triggered internally at /Users/runner/work/pytorch/pytorch/torch/csrc/utils/tensor_new.cpp:255.)
  def tensor(x):return torch.as_tensor(x,dtype=DTYPE,device='cpu')
