time="2026-09-14T18:12:30-05:00" level=warning msg="No services to build"
time="2026-09-14T18:12:30-05:00" level=warning msg="No services to build"
 Container hexapod-reference-physics-ef3fa9722ac1442599acd74d19e0122e Creating 
 Container hexapod-reference-physics-ef3fa9722ac1442599acd74d19e0122e Created 
The '--headless' CLI argument is deprecated. Omit '--viz' for default headless. If config visualizers are enabled and you want to force headless, use '--viz none'.
Loading user config located at: '/isaac-sim/kit/data/Kit/IsaacLab/3.0/user.config.json'
2026-09-14T23:12:31Z [0ms] [Warning] [omni.ext.plugin] [ext: isaaclab_visualizers] Extensions config 'extension.toml' doesn't exist '/workspace/isaaclab/source/isaaclab_visualizers' or '/workspace/isaaclab/source/isaaclab_visualizers/config'
2026-09-14T23:12:31Z [0ms] [Warning] [omni.ext.plugin] [ext: standing] Extensions config 'extension.toml' doesn't exist '/output/standing' or '/output/standing/config'
2026-09-14T23:12:31Z [0ms] [Warning] [omni.ext.plugin] [ext: jobs] Extensions config 'extension.toml' doesn't exist '/output/jobs' or '/output/jobs/config'
2026-09-14T23:12:31Z [0ms] [Warning] [omni.ext.plugin] [ext: logs] Extensions config 'extension.toml' doesn't exist '/output/logs' or '/output/logs/config'
2026-09-14T23:12:31Z [109ms] [Warning] [carb.omniclient.plugin]  45: OmniHub: ThreadId(02) Hub encountered error. Trying to reconnect to Hub. retry_reason="Hub failed to launch: Io(\"child exited with exit status: 1 without writing file \\\"/tmp/hub-ubuntu-31F0A015.config.json\\\"\")"
2026-09-14T23:12:31Z [182ms] [Warning] [carb.omniclient.plugin]  45: OmniHub: ThreadId(02) Hub encountered error. Trying to reconnect to Hub. retry_reason="Hub failed to launch: Io(\"child exited with exit status: 1 without writing file \\\"/tmp/hub-ubuntu-31F0A015.config.json\\\"\")"
2026-09-14T23:12:31Z [264ms] [Warning] [carb.omniclient.plugin]  45: OmniHub: ThreadId(02) Hub encountered error. Trying to reconnect to Hub. retry_reason="Hub failed to launch: Io(\"child exited with exit status: 1 without writing file \\\"/tmp/hub-ubuntu-31F0A015.config.json\\\"\")"
2026-09-14T23:12:31Z [359ms] [Warning] [carb.omniclient.plugin]  45: OmniHub: ThreadId(02) Hub encountered error. Trying to reconnect to Hub. retry_reason="Hub failed to launch: Io(\"child exited with exit status: 1 without writing file \\\"/tmp/hub-ubuntu-31F0A015.config.json\\\"\")"
2026-09-14T23:12:31Z [462ms] [Warning] [carb.omniclient.plugin]  45: OmniHub: ThreadId(02) Hub encountered error. Trying to reconnect to Hub. retry_reason="Hub failed to launch: Io(\"child exited with exit status: 1 without writing file \\\"/tmp/hub-ubuntu-31F0A015.config.json\\\"\")"
2026-09-14T23:12:31Z [575ms] [Warning] [carb.omniclient.plugin]  45: OmniHub: ThreadId(02) Hub encountered error. Trying to reconnect to Hub. retry_reason="Hub failed to launch: Io(\"child exited with exit status: 1 without writing file \\\"/tmp/hub-ubuntu-31F0A015.config.json\\\"\")"
2026-09-14T23:12:31Z [699ms] [Warning] [carb.omniclient.plugin]  45: OmniHub: ThreadId(02) Hub encountered error. Trying to reconnect to Hub. retry_reason="Hub failed to launch: Io(\"child exited with exit status: 1 without writing file \\\"/tmp/hub-ubuntu-31F0A015.config.json\\\"\")"
2026-09-14T23:12:32Z [833ms] [Warning] [carb.omniclient.plugin]  45: OmniHub: ThreadId(02) Hub encountered error. Trying to reconnect to Hub. retry_reason="Hub failed to launch: Io(\"child exited with exit status: 1 without writing file \\\"/tmp/hub-ubuntu-31F0A015.config.json\\\"\")"
2026-09-14T23:12:32Z [977ms] [Warning] [carb.omniclient.plugin]  45: OmniHub: ThreadId(02) Hub encountered error. Trying to reconnect to Hub. retry_reason="Hub failed to launch: Io(\"child exited with exit status: 1 without writing file \\\"/tmp/hub-ubuntu-31F0A015.config.json\\\"\")"
2026-09-14T23:12:32Z [1,130ms] [Warning] [carb.omniclient.plugin]  45: OmniHub: ThreadId(02) Hub encountered error. Trying to reconnect to Hub. retry_reason="Hub failed to launch: Io(\"child exited with exit status: 1 without writing file \\\"/tmp/hub-ubuntu-31F0A015.config.json\\\"\")"
2026-09-14T23:12:32Z [1,293ms] [Warning] [carb.omniclient.plugin]  45: OmniHub: ThreadId(02) Hub encountered error. Trying to reconnect to Hub. retry_reason="Hub failed to launch: Io(\"child exited with exit status: 1 without writing file \\\"/tmp/hub-ubuntu-31F0A015.config.json\\\"\")"
2026-09-14T23:12:32Z [1,468ms] [Warning] [carb.omniclient.plugin]  45: OmniHub: ThreadId(02) Hub encountered error. Trying to reconnect to Hub. retry_reason="Hub failed to launch: Io(\"child exited with exit status: 1 without writing file \\\"/tmp/hub-ubuntu-31F0A015.config.json\\\"\")"
2026-09-14T23:12:32Z [1,652ms] [Warning] [carb.omniclient.plugin]  45: OmniHub: ThreadId(02) Hub encountered error. Trying to reconnect to Hub. retry_reason="Hub failed to launch: Io(\"child exited with exit status: 1 without writing file \\\"/tmp/hub-ubuntu-31F0A015.config.json\\\"\")"
2026-09-14T23:12:33Z [1,846ms] [Warning] [carb.omniclient.plugin]  45: OmniHub: ThreadId(02) Hub encountered error. Trying to reconnect to Hub. retry_reason="Hub failed to launch: Io(\"child exited with exit status: 1 without writing file \\\"/tmp/hub-ubuntu-31F0A015.config.json\\\"\")"
2026-09-14T23:12:33Z [2,050ms] [Warning] [carb.omniclient.plugin]  45: OmniHub: ThreadId(02) Hub encountered error. Trying to reconnect to Hub. retry_reason="Hub failed to launch: Io(\"child exited with exit status: 1 without writing file \\\"/tmp/hub-ubuntu-31F0A015.config.json\\\"\")"
2026-09-14T23:12:33Z [2,264ms] [Warning] [carb.omniclient.plugin]  45: OmniHub: ThreadId(02) Hub encountered error. Trying to reconnect to Hub. retry_reason="Hub failed to launch: Io(\"child exited with exit status: 1 without writing file \\\"/tmp/hub-ubuntu-31F0A015.config.json\\\"\")"
2026-09-14T23:12:33Z [2,488ms] [Warning] [carb.omniclient.plugin]  45: OmniHub: ThreadId(02) Hub encountered error. Trying to reconnect to Hub. retry_reason="Hub failed to launch: Io(\"child exited with exit status: 1 without writing file \\\"/tmp/hub-ubuntu-31F0A015.config.json\\\"\")"
2026-09-14T23:12:33Z [2,722ms] [Warning] [carb.omniclient.plugin]  45: OmniHub: ThreadId(02) Hub encountered error. Trying to reconnect to Hub. retry_reason="Hub failed to launch: Io(\"child exited with exit status: 1 without writing file \\\"/tmp/hub-ubuntu-31F0A015.config.json\\\"\")"
2026-09-14T23:12:34Z [2,966ms] [Warning] [carb.omniclient.plugin]  45: OmniHub: ThreadId(02) Hub encountered error. Trying to reconnect to Hub. retry_reason="Hub failed to launch: Io(\"child exited with exit status: 1 without writing file \\\"/tmp/hub-ubuntu-31F0A015.config.json\\\"\")"
2026-09-14T23:12:34Z [3,221ms] [Warning] [carb.omniclient.plugin]  45: OmniHub: ThreadId(02) Hub encountered error. Trying to reconnect to Hub. retry_reason="Hub failed to launch: Io(\"child exited with exit status: 1 without writing file \\\"/tmp/hub-ubuntu-31F0A015.config.json\\\"\")"
2026-09-14T23:12:34Z [3,485ms] [Warning] [carb.omniclient.plugin]  45: OmniHub: ThreadId(02) Hub encountered error. Trying to reconnect to Hub. retry_reason="Hub failed to launch: Io(\"child exited with exit status: 1 without writing file \\\"/tmp/hub-ubuntu-31F0A015.config.json\\\"\")"
2026-09-14T23:12:34Z [3,759ms] [Warning] [carb.omniclient.plugin]  45: OmniHub: ThreadId(02) Hub encountered error. Trying to reconnect to Hub. retry_reason="Hub failed to launch: Io(\"child exited with exit status: 1 without writing file \\\"/tmp/hub-ubuntu-31F0A015.config.json\\\"\")"
2026-09-14T23:12:35Z [4,043ms] [Warning] [carb.omniclient.plugin]  45: OmniHub: ThreadId(02) Hub encountered error. Trying to reconnect to Hub. retry_reason="Hub failed to launch: Io(\"child exited with exit status: 1 without writing file \\\"/tmp/hub-ubuntu-31F0A015.config.json\\\"\")"
2026-09-14T23:12:35Z [4,336ms] [Warning] [carb.omniclient.plugin]  45: OmniHub: ThreadId(02) Hub encountered error. Trying to reconnect to Hub. retry_reason="Hub failed to launch: Io(\"child exited with exit status: 1 without writing file \\\"/tmp/hub-ubuntu-31F0A015.config.json\\\"\")"
2026-09-14T23:12:35Z [4,641ms] [Warning] [carb.omniclient.plugin]  45: OmniHub: ThreadId(02) Hub encountered error. Trying to reconnect to Hub. retry_reason="Hub failed to launch: Io(\"child exited with exit status: 1 without writing file \\\"/tmp/hub-ubuntu-31F0A015.config.json\\\"\")"
2026-09-14T23:12:36Z [4,952ms] [Warning] [carb.omniclient.plugin]  45: OmniHub: ThreadId(02) Hub encountered error. Trying to reconnect to Hub. retry_reason="Hub failed to launch: Io(\"child exited with exit status: 1 without writing file \\\"/tmp/hub-ubuntu-31F0A015.config.json\\\"\")"
2026-09-14T23:12:36Z [5,275ms] [Warning] [carb.omniclient.plugin]  45: OmniHub: ThreadId(02) Hub encountered error. Trying to reconnect to Hub. retry_reason="Hub failed to launch: Io(\"child exited with exit status: 1 without writing file \\\"/tmp/hub-ubuntu-31F0A015.config.json\\\"\")"
2026-09-14T23:12:36Z [5,608ms] [Warning] [carb.omniclient.plugin]  45: OmniHub: ThreadId(02) Hub encountered error. Trying to reconnect to Hub. retry_reason="Hub failed to launch: Io(\"child exited with exit status: 1 without writing file \\\"/tmp/hub-ubuntu-31F0A015.config.json\\\"\")"
2026-09-14T23:12:37Z [5,952ms] [Warning] [carb.omniclient.plugin]  45: OmniHub: ThreadId(02) Hub encountered error. Trying to reconnect to Hub. retry_reason="Hub failed to launch: Io(\"child exited with exit status: 1 without writing file \\\"/tmp/hub-ubuntu-31F0A015.config.json\\\"\")"
2026-09-14T23:12:37Z [6,306ms] [Warning] [carb.omniclient.plugin]  45: OmniHub: ThreadId(02) Hub encountered error. Trying to reconnect to Hub. retry_reason="Hub failed to launch: Io(\"child exited with exit status: 1 without writing file \\\"/tmp/hub-ubuntu-31F0A015.config.json\\\"\")"
2026-09-14T23:12:37Z [6,670ms] [Warning] [carb.omniclient.plugin]  45: OmniHub: ThreadId(02) Hub encountered error. Trying to reconnect to Hub. retry_reason="Hub failed to launch: Io(\"child exited with exit status: 1 without writing file \\\"/tmp/hub-ubuntu-31F0A015.config.json\\\"\")"
2026-09-14T23:12:38Z [7,044ms] [Warning] [carb.omniclient.plugin]  45: OmniHub: ThreadId(02) Hub encountered error. Trying to reconnect to Hub. retry_reason="Hub failed to launch: Io(\"child exited with exit status: 1 without writing file \\\"/tmp/hub-ubuntu-31F0A015.config.json\\\"\")"
2026-09-14T23:12:38Z [7,428ms] [Warning] [carb.omniclient.plugin]  45: OmniHub: ThreadId(02) Hub encountered error. Trying to reconnect to Hub. retry_reason="Hub failed to launch: Io(\"child exited with exit status: 1 without writing file \\\"/tmp/hub-ubuntu-31F0A015.config.json\\\"\")"
2026-09-14T23:12:39Z [7,822ms] [Warning] [carb.omniclient.plugin]  45: OmniHub: ThreadId(02) Hub encountered error. Trying to reconnect to Hub. retry_reason="Hub failed to launch: Io(\"child exited with exit status: 1 without writing file \\\"/tmp/hub-ubuntu-31F0A015.config.json\\\"\")"
2026-09-14T23:12:39Z [8,226ms] [Warning] [carb.omniclient.plugin]  45: OmniHub: ThreadId(02) Hub encountered error. Trying to reconnect to Hub. retry_reason="Hub failed to launch: Io(\"child exited with exit status: 1 without writing file \\\"/tmp/hub-ubuntu-31F0A015.config.json\\\"\")"
2026-09-14T23:12:39Z [8,640ms] [Warning] [carb.omniclient.plugin]  45: OmniHub: ThreadId(02) Hub encountered error. Trying to reconnect to Hub. retry_reason="Hub failed to launch: Io(\"child exited with exit status: 1 without writing file \\\"/tmp/hub-ubuntu-31F0A015.config.json\\\"\")"
2026-09-14T23:12:40Z [9,063ms] [Warning] [carb.omniclient.plugin]  45: OmniHub: ThreadId(02) Hub encountered error. Trying to reconnect to Hub. retry_reason="Hub failed to launch: Io(\"child exited with exit status: 1 without writing file \\\"/tmp/hub-ubuntu-31F0A015.config.json\\\"\")"
2026-09-14T23:12:40Z [9,497ms] [Warning] [carb.omniclient.plugin]  45: OmniHub: ThreadId(02) Hub encountered error. Trying to reconnect to Hub. retry_reason="Hub failed to launch: Io(\"child exited with exit status: 1 without writing file \\\"/tmp/hub-ubuntu-31F0A015.config.json\\\"\")"
2026-09-14T23:12:41Z [9,938ms] [Warning] [carb.omniclient.plugin]  45: OmniHub: ThreadId(02) Hub encountered error. Trying to reconnect to Hub. retry_reason="Hub failed to launch: Io(\"child exited with exit status: 1 without writing file \\\"/tmp/hub-ubuntu-31F0A015.config.json\\\"\")"
WARNING: All log messages before absl::InitializeLog() is called are written to STDERR
E0000 00:00:1789427561.599132      11 descriptor_database.cc:633] File already exists in database: grpc/health/v1/health.proto
W0000 00:00:1789427561.599155      11 message.cc:301] Protobuf GeneratedMessageFactory: File is already registered: grpc/health/v1/health.proto
2026-09-14T23:12:41Z [10,423ms] [Warning] [omni.platforminfo.plugin] failed to open the default display.  Can't verify X Server version.
2026-09-14T23:12:41Z [10,424ms] [Warning] [omni.usd_config.extension] Enable omni.materialx.libs extension to use MaterialX
/workspace/isaaclab/_isaac_sim/kit/python/lib/python3.12/site-packages/torch/cuda/__init__.py:435: UserWarning: 
    Found GPU0 NVIDIA GB10 which is of cuda capability 12.1.
    Minimum and Maximum cuda capability supported by this version of PyTorch is
    (8.0) - (12.0)
    
  queued_call()
[ISAACLAB] AppLauncher initialization complete
REFERENCE_SCREEN_APP_READY
2026-09-14T23:13:01Z [30,647ms] [Warning] [usdrt.population.plugin] Last global time was not created. Did you call setEnableUsdNoticeHandling?
2026-09-14T23:13:02Z [31,447ms] [Warning] [omni.physx.tensors.plugin] Failed to find contact report API at '/Robot_000/joints'
2026-09-14T23:13:02Z [31,447ms] [Warning] [omni.physx.tensors.plugin] Failed to find contact report API at '/Robot_001/joints'
2026-09-14T23:13:02Z [31,447ms] [Warning] [omni.physx.tensors.plugin] Failed to find contact report API at '/Robot_002/joints'
2026-09-14T23:13:02Z [31,447ms] [Warning] [omni.physx.tensors.plugin] Failed to find contact report API at '/Robot_003/joints'
2026-09-14T23:13:02Z [31,447ms] [Warning] [omni.physx.tensors.plugin] Failed to find contact report API at '/Robot_004/joints'
2026-09-14T23:13:02Z [31,447ms] [Warning] [omni.physx.tensors.plugin] Failed to find contact report API at '/Robot_005/joints'
2026-09-14T23:13:02Z [31,447ms] [Warning] [omni.physx.tensors.plugin] Failed to find contact report API at '/Robot_006/joints'
2026-09-14T23:13:02Z [31,447ms] [Warning] [omni.physx.tensors.plugin] Failed to find contact report API at '/Robot_007/joints'
2026-09-14T23:13:02Z [31,447ms] [Warning] [omni.physx.tensors.plugin] Failed to find contact report API at '/Robot_008/joints'
2026-09-14T23:13:02Z [31,447ms] [Warning] [omni.physx.tensors.plugin] Failed to find contact report API at '/Robot_009/joints'
2026-09-14T23:13:02Z [31,447ms] [Warning] [omni.physx.tensors.plugin] Failed to find contact report API at '/Robot_010/joints'
2026-09-14T23:13:02Z [31,447ms] [Warning] [omni.physx.tensors.plugin] Failed to find contact report API at '/Robot_011/joints'
2026-09-14T23:13:02Z [31,447ms] [Warning] [omni.physx.tensors.plugin] Failed to find contact report API at '/Robot_012/joints'
2026-09-14T23:13:02Z [31,447ms] [Warning] [omni.physx.tensors.plugin] Failed to find contact report API at '/Robot_013/joints'
2026-09-14T23:13:02Z [31,447ms] [Warning] [omni.physx.tensors.plugin] Failed to find contact report API at '/Robot_014/joints'
2026-09-14T23:13:02Z [31,447ms] [Warning] [omni.physx.tensors.plugin] Failed to find contact report API at '/Robot_015/joints'
2026-09-14T23:13:02Z [31,447ms] [Warning] [omni.physx.tensors.plugin] Failed to find contact report API at '/Robot_016/joints'
2026-09-14T23:13:02Z [31,447ms] [Warning] [omni.physx.tensors.plugin] Failed to find contact report API at '/Robot_017/joints'
2026-09-14T23:13:02Z [31,447ms] [Warning] [omni.physx.tensors.plugin] Failed to find contact report API at '/Robot_018/joints'
2026-09-14T23:13:02Z [31,447ms] [Warning] [omni.physx.tensors.plugin] Failed to find contact report API at '/Robot_019/joints'
2026-09-14T23:13:02Z [31,447ms] [Warning] [omni.physx.tensors.plugin] Failed to find contact report API at '/Robot_020/joints'
2026-09-14T23:13:02Z [31,447ms] [Warning] [omni.physx.tensors.plugin] Failed to find contact report API at '/Robot_021/joints'
2026-09-14T23:13:02Z [31,447ms] [Warning] [omni.physx.tensors.plugin] Failed to find contact report API at '/Robot_022/joints'
2026-09-14T23:13:02Z [31,447ms] [Warning] [omni.physx.tensors.plugin] Failed to find contact report API at '/Robot_023/joints'
2026-09-14T23:13:02Z [31,447ms] [Warning] [omni.physx.tensors.plugin] Failed to find contact report API at '/Robot_024/joints'
2026-09-14T23:13:02Z [31,447ms] [Warning] [omni.physx.tensors.plugin] Failed to find contact report API at '/Robot_025/joints'
2026-09-14T23:13:02Z [31,447ms] [Warning] [omni.physx.tensors.plugin] Failed to find contact report API at '/Robot_026/joints'
2026-09-14T23:13:02Z [31,447ms] [Warning] [omni.physx.tensors.plugin] Failed to find contact report API at '/Robot_027/joints'
2026-09-14T23:13:02Z [31,447ms] [Warning] [omni.physx.tensors.plugin] Failed to find contact report API at '/Robot_028/joints'
2026-09-14T23:13:02Z [31,448ms] [Warning] [omni.physx.tensors.plugin] Failed to find contact report API at '/Robot_029/joints'
2026-09-14T23:13:02Z [31,448ms] [Warning] [omni.physx.tensors.plugin] Failed to find contact report API at '/Robot_030/joints'
2026-09-14T23:13:02Z [31,448ms] [Warning] [omni.physx.tensors.plugin] Failed to find contact report API at '/Robot_031/joints'
2026-09-14T23:13:02Z [31,448ms] [Warning] [omni.physx.tensors.plugin] Failed to find contact report API at '/Robot_032/joints'
2026-09-14T23:13:02Z [31,448ms] [Warning] [omni.physx.tensors.plugin] Failed to find contact report API at '/Robot_033/joints'
2026-09-14T23:13:02Z [31,448ms] [Warning] [omni.physx.tensors.plugin] Failed to find contact report API at '/Robot_034/joints'
2026-09-14T23:13:02Z [31,448ms] [Warning] [omni.physx.tensors.plugin] Failed to find contact report API at '/Robot_035/joints'
2026-09-14T23:13:02Z [31,448ms] [Warning] [omni.physx.tensors.plugin] Failed to find contact report API at '/Robot_036/joints'
2026-09-14T23:13:02Z [31,448ms] [Warning] [omni.physx.tensors.plugin] Failed to find contact report API at '/Robot_037/joints'
2026-09-14T23:13:02Z [31,448ms] [Warning] [omni.physx.tensors.plugin] Failed to find contact report API at '/Robot_038/joints'
2026-09-14T23:13:02Z [31,448ms] [Warning] [omni.physx.tensors.plugin] Failed to find contact report API at '/Robot_039/joints'
2026-09-14T23:13:02Z [31,448ms] [Warning] [omni.physx.tensors.plugin] Failed to find contact report API at '/Robot_040/joints'
2026-09-14T23:13:02Z [31,448ms] [Warning] [omni.physx.tensors.plugin] Failed to find contact report API at '/Robot_041/joints'
2026-09-14T23:13:02Z [31,448ms] [Warning] [omni.physx.tensors.plugin] Failed to find contact report API at '/Robot_042/joints'
2026-09-14T23:13:02Z [31,448ms] [Warning] [omni.physx.tensors.plugin] Failed to find contact report API at '/Robot_043/joints'
2026-09-14T23:13:02Z [31,448ms] [Warning] [omni.physx.tensors.plugin] Failed to find contact report API at '/Robot_044/joints'
2026-09-14T23:13:02Z [31,448ms] [Warning] [omni.physx.tensors.plugin] Failed to find contact report API at '/Robot_045/joints'
2026-09-14T23:13:02Z [31,448ms] [Warning] [omni.physx.tensors.plugin] Failed to find contact report API at '/Robot_046/joints'
2026-09-14T23:13:02Z [31,448ms] [Warning] [omni.physx.tensors.plugin] Failed to find contact report API at '/Robot_047/joints'
2026-09-14T23:13:02Z [31,448ms] [Warning] [omni.physx.tensors.plugin] Failed to find contact report API at '/Robot_048/joints'
2026-09-14T23:13:02Z [31,448ms] [Warning] [omni.physx.tensors.plugin] Failed to find contact report API at '/Robot_049/joints'
2026-09-14T23:13:02Z [31,448ms] [Warning] [omni.physx.tensors.plugin] Failed to find contact report API at '/Robot_050/joints'
2026-09-14T23:13:02Z [31,448ms] [Warning] [omni.physx.tensors.plugin] Failed to find contact report API at '/Robot_051/joints'
2026-09-14T23:13:02Z [31,448ms] [Warning] [omni.physx.tensors.plugin] Failed to find contact report API at '/Robot_052/joints'
2026-09-14T23:13:02Z [31,448ms] [Warning] [omni.physx.tensors.plugin] Failed to find contact report API at '/Robot_053/joints'
2026-09-14T23:13:02Z [31,448ms] [Warning] [omni.physx.tensors.plugin] Failed to find contact report API at '/Robot_054/joints'
2026-09-14T23:13:02Z [31,448ms] [Warning] [omni.physx.tensors.plugin] Failed to find contact report API at '/Robot_055/joints'
2026-09-14T23:13:02Z [31,448ms] [Warning] [omni.physx.tensors.plugin] Failed to find contact report API at '/Robot_056/joints'
2026-09-14T23:13:02Z [31,448ms] [Warning] [omni.physx.tensors.plugin] Failed to find contact report API at '/Robot_057/joints'
2026-09-14T23:13:02Z [31,448ms] [Warning] [omni.physx.tensors.plugin] Failed to find contact report API at '/Robot_058/joints'
2026-09-14T23:13:02Z [31,448ms] [Warning] [omni.physx.tensors.plugin] Failed to find contact report API at '/Robot_059/joints'
2026-09-14T23:13:02Z [31,448ms] [Warning] [omni.physx.tensors.plugin] Failed to find contact report API at '/Robot_060/joints'
2026-09-14T23:13:02Z [31,448ms] [Warning] [omni.physx.tensors.plugin] Failed to find contact report API at '/Robot_061/joints'
2026-09-14T23:13:02Z [31,448ms] [Warning] [omni.physx.tensors.plugin] Failed to find contact report API at '/Robot_062/joints'
2026-09-14T23:13:02Z [31,448ms] [Warning] [omni.physx.tensors.plugin] Failed to find contact report API at '/Robot_063/joints'
2026-09-14T23:13:02Z [31,448ms] [Warning] [omni.physx.tensors.plugin] Failed to find contact report API at '/Robot_064/joints'
2026-09-14T23:13:02Z [31,448ms] [Warning] [omni.physx.tensors.plugin] Failed to find contact report API at '/Robot_065/joints'
2026-09-14T23:13:02Z [31,448ms] [Warning] [omni.physx.tensors.plugin] Failed to find contact report API at '/Robot_066/joints'
2026-09-14T23:13:02Z [31,448ms] [Warning] [omni.physx.tensors.plugin] Failed to find contact report API at '/Robot_067/joints'
2026-09-14T23:13:02Z [31,448ms] [Warning] [omni.physx.tensors.plugin] Failed to find contact report API at '/Robot_068/joints'
2026-09-14T23:13:02Z [31,448ms] [Warning] [omni.physx.tensors.plugin] Failed to find contact report API at '/Robot_069/joints'
2026-09-14T23:13:02Z [31,448ms] [Warning] [omni.physx.tensors.plugin] Failed to find contact report API at '/Robot_070/joints'
2026-09-14T23:13:02Z [31,448ms] [Warning] [omni.physx.tensors.plugin] Failed to find contact report API at '/Robot_071/joints'
2026-09-14T23:13:02Z [31,448ms] [Warning] [omni.physx.tensors.plugin] Failed to find contact report API at '/Robot_072/joints'
2026-09-14T23:13:02Z [31,448ms] [Warning] [omni.physx.tensors.plugin] Failed to find contact report API at '/Robot_073/joints'
2026-09-14T23:13:02Z [31,448ms] [Warning] [omni.physx.tensors.plugin] Failed to find contact report API at '/Robot_074/joints'
2026-09-14T23:13:02Z [31,448ms] [Warning] [omni.physx.tensors.plugin] Failed to find contact report API at '/Robot_075/joints'
2026-09-14T23:13:02Z [31,448ms] [Warning] [omni.physx.tensors.plugin] Failed to find contact report API at '/Robot_076/joints'
2026-09-14T23:13:02Z [31,448ms] [Warning] [omni.physx.tensors.plugin] Failed to find contact report API at '/Robot_077/joints'
2026-09-14T23:13:02Z [31,448ms] [Warning] [omni.physx.tensors.plugin] Failed to find contact report API at '/Robot_078/joints'
2026-09-14T23:13:02Z [31,448ms] [Warning] [omni.physx.tensors.plugin] Failed to find contact report API at '/Robot_079/joints'
2026-09-14T23:13:02Z [31,448ms] [Warning] [omni.physx.tensors.plugin] Failed to find contact report API at '/Robot_080/joints'
2026-09-14T23:13:02Z [31,449ms] [Warning] [omni.physx.tensors.plugin] Failed to find contact report API at '/Robot_081/joints'
2026-09-14T23:13:02Z [31,449ms] [Warning] [omni.physx.tensors.plugin] Failed to find contact report API at '/Robot_082/joints'
2026-09-14T23:13:02Z [31,449ms] [Warning] [omni.physx.tensors.plugin] Failed to find contact report API at '/Robot_083/joints'
2026-09-14T23:13:02Z [31,449ms] [Warning] [omni.physx.tensors.plugin] Failed to find contact report API at '/Robot_084/joints'
2026-09-14T23:13:02Z [31,449ms] [Warning] [omni.physx.tensors.plugin] Failed to find contact report API at '/Robot_085/joints'
2026-09-14T23:13:02Z [31,449ms] [Warning] [omni.physx.tensors.plugin] Failed to find contact report API at '/Robot_086/joints'
2026-09-14T23:13:02Z [31,449ms] [Warning] [omni.physx.tensors.plugin] Failed to find contact report API at '/Robot_087/joints'
2026-09-14T23:13:02Z [31,449ms] [Warning] [omni.physx.tensors.plugin] Failed to find contact report API at '/Robot_088/joints'
2026-09-14T23:13:02Z [31,449ms] [Warning] [omni.physx.tensors.plugin] Failed to find contact report API at '/Robot_089/joints'
2026-09-14T23:13:02Z [31,449ms] [Warning] [omni.physx.tensors.plugin] Failed to find contact report API at '/Robot_090/joints'
2026-09-14T23:13:02Z [31,449ms] [Warning] [omni.physx.tensors.plugin] Failed to find contact report API at '/Robot_091/joints'
2026-09-14T23:13:02Z [31,449ms] [Warning] [omni.physx.tensors.plugin] Failed to find contact report API at '/Robot_092/joints'
2026-09-14T23:13:02Z [31,449ms] [Warning] [omni.physx.tensors.plugin] Failed to find contact report API at '/Robot_093/joints'
2026-09-14T23:13:02Z [31,449ms] [Warning] [omni.physx.tensors.plugin] Failed to find contact report API at '/Robot_094/joints'
2026-09-14T23:13:02Z [31,449ms] [Warning] [omni.physx.tensors.plugin] Failed to find contact report API at '/Robot_095/joints'
2026-09-14T23:13:02Z [31,449ms] [Warning] [omni.physx.tensors.plugin] Failed to find contact report API at '/Robot_096/joints'
2026-09-14T23:13:02Z [31,449ms] [Warning] [omni.physx.tensors.plugin] Failed to find contact report API at '/Robot_097/joints'
2026-09-14T23:13:02Z [31,449ms] [Warning] [omni.physx.tensors.plugin] Failed to find contact report API at '/Robot_098/joints'
2026-09-14T23:13:02Z [31,449ms] [Warning] [omni.physx.tensors.plugin] Failed to find contact report API at '/Robot_099/joints'
2026-09-14T23:13:02Z [31,449ms] [Warning] [omni.physx.tensors.plugin] Failed to find contact report API at '/Robot_100/joints'
2026-09-14T23:13:02Z [31,449ms] [Warning] [omni.physx.tensors.plugin] Failed to find contact report API at '/Robot_101/joints'
2026-09-14T23:13:02Z [31,449ms] [Warning] [omni.physx.tensors.plugin] Failed to find contact report API at '/Robot_102/joints'
2026-09-14T23:13:02Z [31,449ms] [Warning] [omni.physx.tensors.plugin] Failed to find contact report API at '/Robot_103/joints'
2026-09-14T23:13:02Z [31,449ms] [Warning] [omni.physx.tensors.plugin] Failed to find contact report API at '/Robot_104/joints'
2026-09-14T23:13:02Z [31,449ms] [Warning] [omni.physx.tensors.plugin] Failed to find contact report API at '/Robot_105/joints'
2026-09-14T23:13:02Z [31,449ms] [Warning] [omni.physx.tensors.plugin] Failed to find contact report API at '/Robot_106/joints'
2026-09-14T23:13:02Z [31,449ms] [Warning] [omni.physx.tensors.plugin] Failed to find contact report API at '/Robot_107/joints'
2026-09-14T23:13:02Z [31,449ms] [Warning] [omni.physx.tensors.plugin] Failed to find contact report API at '/Robot_108/joints'
2026-09-14T23:13:02Z [31,449ms] [Warning] [omni.physx.tensors.plugin] Failed to find contact report API at '/Robot_109/joints'
2026-09-14T23:13:02Z [31,449ms] [Warning] [omni.physx.tensors.plugin] Failed to find contact report API at '/Robot_110/joints'
2026-09-14T23:13:02Z [31,449ms] [Warning] [omni.physx.tensors.plugin] Failed to find contact report API at '/Robot_111/joints'
2026-09-14T23:13:02Z [31,449ms] [Warning] [omni.physx.tensors.plugin] Failed to find contact report API at '/Robot_112/joints'
2026-09-14T23:13:02Z [31,449ms] [Warning] [omni.physx.tensors.plugin] Failed to find contact report API at '/Robot_113/joints'
2026-09-14T23:13:02Z [31,449ms] [Warning] [omni.physx.tensors.plugin] Failed to find contact report API at '/Robot_114/joints'
2026-09-14T23:13:02Z [31,449ms] [Warning] [omni.physx.tensors.plugin] Failed to find contact report API at '/Robot_115/joints'
2026-09-14T23:13:02Z [31,449ms] [Warning] [omni.physx.tensors.plugin] Failed to find contact report API at '/Robot_116/joints'
2026-09-14T23:13:02Z [31,449ms] [Warning] [omni.physx.tensors.plugin] Failed to find contact report API at '/Robot_117/joints'
2026-09-14T23:13:02Z [31,449ms] [Warning] [omni.physx.tensors.plugin] Failed to find contact report API at '/Robot_118/joints'
2026-09-14T23:13:02Z [31,449ms] [Warning] [omni.physx.tensors.plugin] Failed to find contact report API at '/Robot_119/joints'
2026-09-14T23:13:02Z [31,449ms] [Warning] [omni.physx.tensors.plugin] Failed to find contact report API at '/Robot_120/joints'
2026-09-14T23:13:02Z [31,449ms] [Warning] [omni.physx.tensors.plugin] Failed to find contact report API at '/Robot_121/joints'
2026-09-14T23:13:02Z [31,449ms] [Warning] [omni.physx.tensors.plugin] Failed to find contact report API at '/Robot_122/joints'
2026-09-14T23:13:02Z [31,449ms] [Warning] [omni.physx.tensors.plugin] Failed to find contact report API at '/Robot_123/joints'
2026-09-14T23:13:02Z [31,449ms] [Warning] [omni.physx.tensors.plugin] Failed to find contact report API at '/Robot_124/joints'
2026-09-14T23:13:02Z [31,449ms] [Warning] [omni.physx.tensors.plugin] Failed to find contact report API at '/Robot_125/joints'
2026-09-14T23:13:02Z [31,449ms] [Warning] [omni.physx.tensors.plugin] Failed to find contact report API at '/Robot_126/joints'
2026-09-14T23:13:02Z [31,449ms] [Warning] [omni.physx.tensors.plugin] Failed to find contact report API at '/Robot_127/joints'
PAPER_STANDING controls=100 replicas=128
PAPER_STANDING controls=200 replicas=128
PAPER_STANDING controls=300 replicas=128
PAPER_STANDING controls=400 replicas=128
PAPER_STANDING controls=500 replicas=128
PAPER_STANDING controls=600 replicas=128
PAPER_STANDING controls=700 replicas=128
PAPER_STANDING controls=800 replicas=128
PAPER_STANDING controls=900 replicas=128
PAPER_STANDING controls=1000 replicas=128
