/Users/andreboufama/Documents/CUPI/HEXAPOD/tmp/omni_reference_wave_003/serial_geometry.py:10: UserWarning: Creating a tensor from a list of numpy.ndarrays is extremely slow. Please consider converting the list to a single numpy.ndarray with numpy.array() before converting to a tensor. (Triggered internally at /Users/runner/work/pytorch/pytorch/pytorch/torch/csrc/utils/tensor_new.cpp:256.)
  def tensor(x):return torch.as_tensor(x,dtype=DTYPE,device='cpu')
stand PASS v 0.0 a 0.0 touchdowns 0 stop None
translation_0 PASS v 0.7394 a 1.1907 touchdowns 10 stop 5.540000000000152
translation_22.5 PASS v 0.6525 a 1.2298 touchdowns 10 stop 5.4800000000001425
translation_45 PASS v 0.7044 a 1.5137 touchdowns 10 stop 5.340000000000121
translation_67.5 PASS v 0.861 a 1.7845 touchdowns 10 stop 5.4800000000001425
translation_90 PASS v 0.9294 a 1.9053 touchdowns 10 stop 5.540000000000152
translation_112.5 PASS v 0.8958 a 1.846 touchdowns 10 stop 5.4800000000001425
translation_135 PASS v 0.7673 a 1.6218 touchdowns 10 stop 5.340000000000121
translation_157.5 PASS v 0.6509 a 1.2822 touchdowns 10 stop 5.4800000000001425
translation_180 PASS v 0.7303 a 1.2095 touchdowns 10 stop 5.540000000000152
translation_202.5 PASS v 0.7453 a 1.285 touchdowns 10 stop 5.4800000000001425
translation_225 PASS v 0.6747 a 1.4001 touchdowns 10 stop 5.340000000000121
translation_247.5 PASS v 0.7358 a 1.7439 touchdowns 10 stop 5.4800000000001425
translation_270 PASS v 0.807 a 2.1943 touchdowns 10 stop 5.540000000000152
translation_292.5 PASS v 0.7799 a 1.9494 touchdowns 10 stop 5.4800000000001425
translation_315 PASS v 0.7409 a 1.5315 touchdowns 10 stop 5.340000000000121
translation_337.5 PASS v 0.7642 a 1.3585 touchdowns 10 stop 5.4800000000001425
yaw_left PASS v 0.5285 a 1.0138 touchdowns 10 stop 6.120000000000243
yaw_right PASS v 0.5452 a 1.0525 touchdowns 10 stop 6.120000000000243
arc_0_-0.01 PASS v 0.9445 a 1.5439 touchdowns 10 stop 5.900000000000208
arc_0_+0.01 PASS v 1.1096 a 1.8019 touchdowns 10 stop 5.900000000000208
arc_90_-0.01 PASS v 0.9652 a 2.0991 touchdowns 10 stop 5.900000000000208
arc_90_+0.01 PASS v 0.9523 a 1.9964 touchdowns 10 stop 5.900000000000208
