/Users/andreboufama/Documents/CUPI/HEXAPOD/tmp/omni_reference_wave_003/serial_geometry.py:10: UserWarning: Creating a tensor from a list of numpy.ndarrays is extremely slow. Please consider converting the list to a single numpy.ndarray with numpy.array() before converting to a tensor. (Triggered internally at /Users/runner/work/pytorch/pytorch/pytorch/torch/csrc/utils/tensor_new.cpp:256.)
  def tensor(x):return torch.as_tensor(x,dtype=DTYPE,device='cpu')
stand PASS v 0.0 a 0.0 touchdowns 0 stop None
translation_0 PASS v 0.7394 a 1.1907 touchdowns 10 stop 5.540000000000152
translation_22.5 PASS v 0.6525 a 1.2298 touchdowns 10 stop 5.4800000000001425
translation_45 PASS v 0.7171 a 1.5495 touchdowns 10 stop 5.340000000000121
translation_67.5 PASS v 0.8724 a 1.8189 touchdowns 10 stop 5.4800000000001425
translation_90 PASS v 0.9402 a 1.9392 touchdowns 10 stop 5.540000000000152
translation_112.5 PASS v 0.9071 a 1.8801 touchdowns 10 stop 5.4800000000001425
translation_135 PASS v 0.7793 a 1.6704 touchdowns 10 stop 5.340000000000121
translation_157.5 PASS v 0.6509 a 1.3198 touchdowns 10 stop 5.4800000000001425
translation_180 PASS v 0.7303 a 1.2095 touchdowns 10 stop 5.540000000000152
translation_202.5 PASS v 0.7453 a 1.285 touchdowns 10 stop 5.4800000000001425
translation_225 PASS v 0.6747 a 1.4001 touchdowns 10 stop 5.340000000000121
translation_247.5 PASS v 0.7514 a 1.8997 touchdowns 10 stop 5.4800000000001425
translation_270 {'step': 828, 'reason': 'Reference lacks full0.02rad residual joint margin'} v 0.7418 a 1.9863 touchdowns 5 stop None
translation_292.5 PASS v 0.7916 a 2.1135 touchdowns 10 stop 5.4800000000001425
translation_315 PASS v 0.7529 a 1.5669 touchdowns 10 stop 5.340000000000121
translation_337.5 PASS v 0.7642 a 1.3682 touchdowns 10 stop 5.4800000000001425
yaw_left PASS v 0.5285 a 1.0841 touchdowns 10 stop 6.120000000000243
yaw_right PASS v 0.5452 a 1.1 touchdowns 10 stop 6.120000000000243
arc_0_-0.01 PASS v 0.9445 a 1.5439 touchdowns 10 stop 5.900000000000208
arc_0_+0.01 PASS v 1.1096 a 1.8019 touchdowns 10 stop 5.900000000000208
arc_90_-0.01 PASS v 0.9766 a 2.1497 touchdowns 10 stop 5.900000000000208
arc_90_+0.01 PASS v 0.9638 a 2.0303 touchdowns 10 stop 5.900000000000208
