time="2026-09-16T12:45:37-05:00" level=warning msg="No services to build"
time="2026-09-16T12:45:37-05:00" level=warning msg="No services to build"
 Container hexapod-reference-physics-6116253bbef74369b210d702fc0977e7 Creating 
 Container hexapod-reference-physics-6116253bbef74369b210d702fc0977e7 Created 
Loading user config located at: '/isaac-sim/kit/data/Kit/IsaacLab/3.0/user.config.json'
2026-09-16T17:45:38Z [Info] [carb] Logging to file: /isaac-sim/kit/logs/Kit/IsaacLab/3.0/kit_20260916_174538.log
2026-09-16T17:45:38Z [3ms] [Warning] [omni.ext.plugin] [ext: jobs] Extensions config 'extension.toml' doesn't exist '/output/jobs' or '/output/jobs/config'
2026-09-16T17:45:38Z [3ms] [Warning] [omni.ext.plugin] [ext: standing] Extensions config 'extension.toml' doesn't exist '/output/standing' or '/output/standing/config'
2026-09-16T17:45:38Z [5ms] [Warning] [omni.ext.plugin] [ext: logs] Extensions config 'extension.toml' doesn't exist '/output/logs' or '/output/logs/config'
2026-09-16T17:45:38Z [5ms] [Warning] [omni.ext.plugin] [ext: isaaclab_visualizers] Extensions config 'extension.toml' doesn't exist '/workspace/isaaclab/source/isaaclab_visualizers' or '/workspace/isaaclab/source/isaaclab_visualizers/config'
2026-09-16T17:45:39Z [1,384ms] [Warning] [carb.omniclient.plugin]  44: OmniHub: ThreadId(02) Hub encountered error. Trying to reconnect to Hub. retry_reason="Hub failed to launch: Io(\"child exited with exit status: 1 without writing file \\\"/tmp/hub-ubuntu-BF5009CC.config.json\\\"\")"
2026-09-16T17:45:39Z [1,456ms] [Warning] [carb.omniclient.plugin]  44: OmniHub: ThreadId(02) Hub encountered error. Trying to reconnect to Hub. retry_reason="Hub failed to launch: Io(\"child exited with exit status: 1 without writing file \\\"/tmp/hub-ubuntu-BF5009CC.config.json\\\"\")"
2026-09-16T17:45:40Z [1,539ms] [Warning] [carb.omniclient.plugin]  44: OmniHub: ThreadId(02) Hub encountered error. Trying to reconnect to Hub. retry_reason="Hub failed to launch: Io(\"child exited with exit status: 1 without writing file \\\"/tmp/hub-ubuntu-BF5009CC.config.json\\\"\")"
2026-09-16T17:45:40Z [1,632ms] [Warning] [carb.omniclient.plugin]  44: OmniHub: ThreadId(02) Hub encountered error. Trying to reconnect to Hub. retry_reason="Hub failed to launch: Io(\"child exited with exit status: 1 without writing file \\\"/tmp/hub-ubuntu-BF5009CC.config.json\\\"\")"
2026-09-16T17:45:40Z [1,734ms] [Warning] [carb.omniclient.plugin]  44: OmniHub: ThreadId(02) Hub encountered error. Trying to reconnect to Hub. retry_reason="Hub failed to launch: Io(\"child exited with exit status: 1 without writing file \\\"/tmp/hub-ubuntu-BF5009CC.config.json\\\"\")"
2026-09-16T17:45:40Z [1,848ms] [Warning] [carb.omniclient.plugin]  44: OmniHub: ThreadId(02) Hub encountered error. Trying to reconnect to Hub. retry_reason="Hub failed to launch: Io(\"child exited with exit status: 1 without writing file \\\"/tmp/hub-ubuntu-BF5009CC.config.json\\\"\")"
2026-09-16T17:45:40Z [1,969ms] [Warning] [carb.omniclient.plugin]  44: OmniHub: ThreadId(02) Hub encountered error. Trying to reconnect to Hub. retry_reason="Hub failed to launch: Io(\"child exited with exit status: 1 without writing file \\\"/tmp/hub-ubuntu-BF5009CC.config.json\\\"\")"
2026-09-16T17:45:40Z [2,102ms] [Warning] [carb.omniclient.plugin]  44: OmniHub: ThreadId(02) Hub encountered error. Trying to reconnect to Hub. retry_reason="Hub failed to launch: Io(\"child exited with exit status: 1 without writing file \\\"/tmp/hub-ubuntu-BF5009CC.config.json\\\"\")"
2026-09-16T17:45:40Z [2,245ms] [Warning] [carb.omniclient.plugin]  44: OmniHub: ThreadId(02) Hub encountered error. Trying to reconnect to Hub. retry_reason="Hub failed to launch: Io(\"child exited with exit status: 1 without writing file \\\"/tmp/hub-ubuntu-BF5009CC.config.json\\\"\")"
2026-09-16T17:45:40Z [2,399ms] [Warning] [carb.omniclient.plugin]  44: OmniHub: ThreadId(02) Hub encountered error. Trying to reconnect to Hub. retry_reason="Hub failed to launch: Io(\"child exited with exit status: 1 without writing file \\\"/tmp/hub-ubuntu-BF5009CC.config.json\\\"\")"
2026-09-16T17:45:41Z [2,561ms] [Warning] [carb.omniclient.plugin]  44: OmniHub: ThreadId(02) Hub encountered error. Trying to reconnect to Hub. retry_reason="Hub failed to launch: Io(\"child exited with exit status: 1 without writing file \\\"/tmp/hub-ubuntu-BF5009CC.config.json\\\"\")"
2026-09-16T17:45:41Z [2,735ms] [Warning] [carb.omniclient.plugin]  44: OmniHub: ThreadId(02) Hub encountered error. Trying to reconnect to Hub. retry_reason="Hub failed to launch: Io(\"child exited with exit status: 1 without writing file \\\"/tmp/hub-ubuntu-BF5009CC.config.json\\\"\")"
2026-09-16T17:45:41Z [2,918ms] [Warning] [carb.omniclient.plugin]  44: OmniHub: ThreadId(02) Hub encountered error. Trying to reconnect to Hub. retry_reason="Hub failed to launch: Io(\"child exited with exit status: 1 without writing file \\\"/tmp/hub-ubuntu-BF5009CC.config.json\\\"\")"
2026-09-16T17:45:41Z [3,112ms] [Warning] [carb.omniclient.plugin]  44: OmniHub: ThreadId(02) Hub encountered error. Trying to reconnect to Hub. retry_reason="Hub failed to launch: Io(\"child exited with exit status: 1 without writing file \\\"/tmp/hub-ubuntu-BF5009CC.config.json\\\"\")"
2026-09-16T17:45:41Z [3,315ms] [Warning] [carb.omniclient.plugin]  44: OmniHub: ThreadId(02) Hub encountered error. Trying to reconnect to Hub. retry_reason="Hub failed to launch: Io(\"child exited with exit status: 1 without writing file \\\"/tmp/hub-ubuntu-BF5009CC.config.json\\\"\")"
2026-09-16T17:45:42Z [3,529ms] [Warning] [carb.omniclient.plugin]  44: OmniHub: ThreadId(02) Hub encountered error. Trying to reconnect to Hub. retry_reason="Hub failed to launch: Io(\"child exited with exit status: 1 without writing file \\\"/tmp/hub-ubuntu-BF5009CC.config.json\\\"\")"
2026-09-16T17:45:42Z [3,750ms] [Warning] [carb.omniclient.plugin]  44: OmniHub: ThreadId(02) Hub encountered error. Trying to reconnect to Hub. retry_reason="Hub failed to launch: Io(\"child exited with exit status: 1 without writing file \\\"/tmp/hub-ubuntu-BF5009CC.config.json\\\"\")"
2026-09-16T17:45:42Z [3,983ms] [Warning] [carb.omniclient.plugin]  44: OmniHub: ThreadId(02) Hub encountered error. Trying to reconnect to Hub. retry_reason="Hub failed to launch: Io(\"child exited with exit status: 1 without writing file \\\"/tmp/hub-ubuntu-BF5009CC.config.json\\\"\")"
2026-09-16T17:45:42Z [4,224ms] [Warning] [carb.omniclient.plugin]  44: OmniHub: ThreadId(02) Hub encountered error. Trying to reconnect to Hub. retry_reason="Hub failed to launch: Io(\"child exited with exit status: 1 without writing file \\\"/tmp/hub-ubuntu-BF5009CC.config.json\\\"\")"
2026-09-16T17:45:42Z [4,478ms] [Warning] [carb.omniclient.plugin]  44: OmniHub: ThreadId(02) Hub encountered error. Trying to reconnect to Hub. retry_reason="Hub failed to launch: Io(\"child exited with exit status: 1 without writing file \\\"/tmp/hub-ubuntu-BF5009CC.config.json\\\"\")"
2026-09-16T17:45:43Z [4,739ms] [Warning] [carb.omniclient.plugin]  44: OmniHub: ThreadId(02) Hub encountered error. Trying to reconnect to Hub. retry_reason="Hub failed to launch: Io(\"child exited with exit status: 1 without writing file \\\"/tmp/hub-ubuntu-BF5009CC.config.json\\\"\")"
2026-09-16T17:45:43Z [5,012ms] [Warning] [carb.omniclient.plugin]  44: OmniHub: ThreadId(02) Hub encountered error. Trying to reconnect to Hub. retry_reason="Hub failed to launch: Io(\"child exited with exit status: 1 without writing file \\\"/tmp/hub-ubuntu-BF5009CC.config.json\\\"\")"
2026-09-16T17:45:43Z [5,295ms] [Warning] [carb.omniclient.plugin]  44: OmniHub: ThreadId(02) Hub encountered error. Trying to reconnect to Hub. retry_reason="Hub failed to launch: Io(\"child exited with exit status: 1 without writing file \\\"/tmp/hub-ubuntu-BF5009CC.config.json\\\"\")"
2026-09-16T17:45:44Z [5,587ms] [Warning] [carb.omniclient.plugin]  44: OmniHub: ThreadId(02) Hub encountered error. Trying to reconnect to Hub. retry_reason="Hub failed to launch: Io(\"child exited with exit status: 1 without writing file \\\"/tmp/hub-ubuntu-BF5009CC.config.json\\\"\")"
2026-09-16T17:45:44Z [5,890ms] [Warning] [carb.omniclient.plugin]  44: OmniHub: ThreadId(02) Hub encountered error. Trying to reconnect to Hub. retry_reason="Hub failed to launch: Io(\"child exited with exit status: 1 without writing file \\\"/tmp/hub-ubuntu-BF5009CC.config.json\\\"\")"
2026-09-16T17:45:44Z [6,202ms] [Warning] [carb.omniclient.plugin]  44: OmniHub: ThreadId(02) Hub encountered error. Trying to reconnect to Hub. retry_reason="Hub failed to launch: Io(\"child exited with exit status: 1 without writing file \\\"/tmp/hub-ubuntu-BF5009CC.config.json\\\"\")"
2026-09-16T17:45:45Z [6,525ms] [Warning] [carb.omniclient.plugin]  44: OmniHub: ThreadId(02) Hub encountered error. Trying to reconnect to Hub. retry_reason="Hub failed to launch: Io(\"child exited with exit status: 1 without writing file \\\"/tmp/hub-ubuntu-BF5009CC.config.json\\\"\")"
2026-09-16T17:45:45Z [6,857ms] [Warning] [carb.omniclient.plugin]  44: OmniHub: ThreadId(02) Hub encountered error. Trying to reconnect to Hub. retry_reason="Hub failed to launch: Io(\"child exited with exit status: 1 without writing file \\\"/tmp/hub-ubuntu-BF5009CC.config.json\\\"\")"
2026-09-16T17:45:45Z [7,199ms] [Warning] [carb.omniclient.plugin]  44: OmniHub: ThreadId(02) Hub encountered error. Trying to reconnect to Hub. retry_reason="Hub failed to launch: Io(\"child exited with exit status: 1 without writing file \\\"/tmp/hub-ubuntu-BF5009CC.config.json\\\"\")"
2026-09-16T17:45:46Z [7,550ms] [Warning] [carb.omniclient.plugin]  44: OmniHub: ThreadId(02) Hub encountered error. Trying to reconnect to Hub. retry_reason="Hub failed to launch: Io(\"child exited with exit status: 1 without writing file \\\"/tmp/hub-ubuntu-BF5009CC.config.json\\\"\")"
2026-09-16T17:45:46Z [7,911ms] [Warning] [carb.omniclient.plugin]  44: OmniHub: ThreadId(02) Hub encountered error. Trying to reconnect to Hub. retry_reason="Hub failed to launch: Io(\"child exited with exit status: 1 without writing file \\\"/tmp/hub-ubuntu-BF5009CC.config.json\\\"\")"
2026-09-16T17:45:46Z [8,283ms] [Warning] [carb.omniclient.plugin]  44: OmniHub: ThreadId(02) Hub encountered error. Trying to reconnect to Hub. retry_reason="Hub failed to launch: Io(\"child exited with exit status: 1 without writing file \\\"/tmp/hub-ubuntu-BF5009CC.config.json\\\"\")"
2026-09-16T17:45:47Z [8,667ms] [Warning] [carb.omniclient.plugin]  44: OmniHub: ThreadId(02) Hub encountered error. Trying to reconnect to Hub. retry_reason="Hub failed to launch: Io(\"child exited with exit status: 1 without writing file \\\"/tmp/hub-ubuntu-BF5009CC.config.json\\\"\")"
2026-09-16T17:45:47Z [9,059ms] [Warning] [carb.omniclient.plugin]  44: OmniHub: ThreadId(02) Hub encountered error. Trying to reconnect to Hub. retry_reason="Hub failed to launch: Io(\"child exited with exit status: 1 without writing file \\\"/tmp/hub-ubuntu-BF5009CC.config.json\\\"\")"
2026-09-16T17:45:47Z [9,462ms] [Warning] [carb.omniclient.plugin]  44: OmniHub: ThreadId(02) Hub encountered error. Trying to reconnect to Hub. retry_reason="Hub failed to launch: Io(\"child exited with exit status: 1 without writing file \\\"/tmp/hub-ubuntu-BF5009CC.config.json\\\"\")"
2026-09-16T17:45:48Z [9,875ms] [Warning] [carb.omniclient.plugin]  44: OmniHub: ThreadId(02) Hub encountered error. Trying to reconnect to Hub. retry_reason="Hub failed to launch: Io(\"child exited with exit status: 1 without writing file \\\"/tmp/hub-ubuntu-BF5009CC.config.json\\\"\")"
2026-09-16T17:45:48Z [10,297ms] [Warning] [carb.omniclient.plugin]  44: OmniHub: ThreadId(02) Hub encountered error. Trying to reconnect to Hub. retry_reason="Hub failed to launch: Io(\"child exited with exit status: 1 without writing file \\\"/tmp/hub-ubuntu-BF5009CC.config.json\\\"\")"
2026-09-16T17:45:49Z [10,728ms] [Warning] [carb.omniclient.plugin]  44: OmniHub: ThreadId(02) Hub encountered error. Trying to reconnect to Hub. retry_reason="Hub failed to launch: Io(\"child exited with exit status: 1 without writing file \\\"/tmp/hub-ubuntu-BF5009CC.config.json\\\"\")"
2026-09-16T17:45:49Z [11,170ms] [Warning] [carb.omniclient.plugin]  44: OmniHub: ThreadId(02) Hub encountered error. Trying to reconnect to Hub. retry_reason="Hub failed to launch: Io(\"child exited with exit status: 1 without writing file \\\"/tmp/hub-ubuntu-BF5009CC.config.json\\\"\")"
WARNING: All log messages before absl::InitializeLog() is called are written to STDERR
E0000 00:00:1789580750.142473      10 descriptor_database.cc:633] File already exists in database: grpc/health/v1/health.proto
W0000 00:00:1789580750.142511      10 message.cc:301] Protobuf GeneratedMessageFactory: File is already registered: grpc/health/v1/health.proto
2026-09-16T17:45:50Z [11,712ms] [Warning] [omni.platforminfo.plugin] failed to open the default display.  Can't verify X Server version.

|---------------------------------------------------------------------------------------------|
| Driver Version: 580.173.02    | Graphics API: Vulkan
|=============================================================================================|
| GPU | Name                             | Active | LDA | GPU Memory | Vendor-ID | LUID       |
|     |                                  |        |     |            | Device-ID | UUID       |
|     |                                  |        |     |            | Bus-ID    |            |
|---------------------------------------------------------------------------------------------|
| 0   | NVIDIA GB10                      | Yes: 0 |     | 93457   MB | 10de      | 0          |
|     |                                  |        |     |            | 2e12      | 2166d556.. |
|     |                                  |        |     |            | 1         |            |
|=============================================================================================|
| OS: 24.04.3 LTS (Noble Numbat) ubuntu, Version: 24.04.3, Kernel: 6.17.0-1031-nvidia
| Processor: Cortex-A725
| Cores: 20 | Logical Cores: 20
|---------------------------------------------------------------------------------------------|
| Total Memory (MB): 124609 | Free Memory: 116601
| Total Page/Swap (MB): 16383 | Free Page/Swap: 0
|---------------------------------------------------------------------------------------------|
2026-09-16T17:45:52Z [13,741ms] [Warning] [carb.windowing-glfw.plugin] GLFW initialization failed.
2026-09-16T17:45:52Z [13,741ms] [Warning] [carb] Failed to startup plugin carb.windowing-glfw.plugin (interfaces: [carb::windowing::IGLContext v1.0],[carb::windowing::IWindowing v1.5]) (impl: carb.windowing-glfw.plugin)
2026-09-16T17:45:52Z [13,869ms] [Warning] [carb.windowing-glfw.plugin] GLFW initialization failed.
2026-09-16T17:45:52Z [13,869ms] [Warning] [carb] Failed to startup plugin carb.windowing-glfw.plugin (interfaces: [carb::windowing::IGLContext v1.0],[carb::windowing::IWindowing v1.5]) (impl: carb.windowing-glfw.plugin)
2026-09-16T17:45:52Z [13,870ms] [Warning] [carb.windowing-glfw.plugin] GLFW initialization failed.
2026-09-16T17:45:52Z [13,870ms] [Warning] [carb] Failed to startup plugin carb.windowing-glfw.plugin (interfaces: [carb::windowing::IGLContext v1.0],[carb::windowing::IWindowing v1.5]) (impl: carb.windowing-glfw.plugin)
2026-09-16T17:45:52Z [14,274ms] [Warning] [omni.log] Source: omni.hydra was already registered.
2026-09-16T17:45:54Z [16,478ms] [Warning] [pxr.Semantics] pxr.Semantics is deprecated - please use Semantics instead
2026-09-16T17:45:55Z [16,668ms] [Warning] [omni.replicator.core.scripts.extension] No material configuration file, adding configuration to material settings directly.
2026-09-16T17:45:57Z [18,584ms] [Warning] [rtx.hydra] RenderDelegate : Warning /rtx/hydra/readTransformsFromFabricInRenderDelegate and geometry streaming are enabled together but this can cause issues with dynamic objects not streaming correctly due to problems in the transform update.
/workspace/isaaclab/_isaac_sim/kit/python/lib/python3.12/site-packages/torch/cuda/__init__.py:435: UserWarning: 
    Found GPU0 NVIDIA GB10 which is of cuda capability 12.1.
    Minimum and Maximum cuda capability supported by this version of PyTorch is
    (8.0) - (12.0)
    
  queued_call()
[ISAACLAB] AppLauncher initialization complete
REFERENCE_SCREEN_APP_READY
[INFO]: Registered backend 'kit' for factory Visualizer.
2026-09-16T17:46:01Z [22,761ms] [Warning] [omni.physx.tensors.plugin] Failed to find contact report API at '/Robot_000/joints'
2026-09-16T17:46:02Z [24,236ms] [Warning] [omni.syntheticdata.plugin] OgnSdPostRenderVarToHost : rendervar copy from texture directly to host buffer is counter-performant. Please use copy from texture to device buffer first.
2026-09-16T17:46:03Z [25,029ms] [Warning] [omni.kit.material.library.material_extensions] Could not initialize context menu integration: No module named 'omni.kit.context_menu'
PAPER_EVALUATION {"case_ids": ["startup:cold:bc_forward_0.05"], "controls": 100, "requested_controls": 1000}
PAPER_EVALUATION {"case_ids": ["startup:cold:bc_forward_0.05"], "controls": 200, "requested_controls": 1000}
PAPER_EVALUATION {"case_ids": ["startup:cold:bc_forward_0.05"], "controls": 300, "requested_controls": 1000}
PAPER_EVALUATION {"case_ids": ["startup:cold:bc_forward_0.05"], "controls": 400, "requested_controls": 1000}
PAPER_EVALUATION {"case_ids": ["startup:cold:bc_forward_0.05"], "controls": 500, "requested_controls": 1000}
PAPER_EVALUATION {"case_ids": ["startup:cold:bc_forward_0.05"], "controls": 600, "requested_controls": 1000}
PAPER_EVALUATION {"case_ids": ["startup:cold:bc_forward_0.05"], "controls": 700, "requested_controls": 1000}
PAPER_EVALUATION {"case_ids": ["startup:cold:bc_forward_0.05"], "controls": 800, "requested_controls": 1000}
PAPER_EVALUATION {"case_ids": ["startup:cold:bc_forward_0.05"], "controls": 900, "requested_controls": 1000}
PAPER_EVALUATION {"case_ids": ["startup:cold:bc_forward_0.05"], "controls": 1000, "requested_controls": 1000}
