time="2026-09-10T15:33:15-05:00" level=warning msg="No services to build"
time="2026-09-10T15:33:15-05:00" level=warning msg="No services to build"
 Container hexapod-reference-physics-83c19d7737a64b4ba94243d408075c65 Creating 
 Container hexapod-reference-physics-83c19d7737a64b4ba94243d408075c65 Created 
The '--headless' CLI argument is deprecated. Omit '--viz' for default headless. If config visualizers are enabled and you want to force headless, use '--viz none'.
Loading user config located at: '/isaac-sim/kit/data/Kit/IsaacLab/3.0/user.config.json'
2026-09-10T20:33:15Z [0ms] [Warning] [omni.ext.plugin] [ext: logs] Extensions config 'extension.toml' doesn't exist '/output/logs' or '/output/logs/config'
2026-09-10T20:33:15Z [0ms] [Warning] [omni.ext.plugin] [ext: inspection] Extensions config 'extension.toml' doesn't exist '/output/inspection' or '/output/inspection/config'
2026-09-10T20:33:15Z [0ms] [Warning] [omni.ext.plugin] [ext: isaaclab_visualizers] Extensions config 'extension.toml' doesn't exist '/workspace/isaaclab/source/isaaclab_visualizers' or '/workspace/isaaclab/source/isaaclab_visualizers/config'
2026-09-10T20:33:15Z [0ms] [Warning] [omni.ext.plugin] [ext: jobs] Extensions config 'extension.toml' doesn't exist '/output/jobs' or '/output/jobs/config'
2026-09-10T20:33:16Z [112ms] [Warning] [carb.omniclient.plugin]  45: OmniHub: ThreadId(02) Hub encountered error. Trying to reconnect to Hub. retry_reason="Hub failed to launch: Io(\"child exited with exit status: 1 without writing file \\\"/tmp/hub-ubuntu-AD521737.config.json\\\"\")"
2026-09-10T20:33:16Z [185ms] [Warning] [carb.omniclient.plugin]  45: OmniHub: ThreadId(02) Hub encountered error. Trying to reconnect to Hub. retry_reason="Hub failed to launch: Io(\"child exited with exit status: 1 without writing file \\\"/tmp/hub-ubuntu-AD521737.config.json\\\"\")"
2026-09-10T20:33:16Z [266ms] [Warning] [carb.omniclient.plugin]  45: OmniHub: ThreadId(02) Hub encountered error. Trying to reconnect to Hub. retry_reason="Hub failed to launch: Io(\"child exited with exit status: 1 without writing file \\\"/tmp/hub-ubuntu-AD521737.config.json\\\"\")"
2026-09-10T20:33:16Z [359ms] [Warning] [carb.omniclient.plugin]  45: OmniHub: ThreadId(02) Hub encountered error. Trying to reconnect to Hub. retry_reason="Hub failed to launch: Io(\"child exited with exit status: 1 without writing file \\\"/tmp/hub-ubuntu-AD521737.config.json\\\"\")"
2026-09-10T20:33:16Z [462ms] [Warning] [carb.omniclient.plugin]  45: OmniHub: ThreadId(02) Hub encountered error. Trying to reconnect to Hub. retry_reason="Hub failed to launch: Io(\"child exited with exit status: 1 without writing file \\\"/tmp/hub-ubuntu-AD521737.config.json\\\"\")"
2026-09-10T20:33:16Z [575ms] [Warning] [carb.omniclient.plugin]  45: OmniHub: ThreadId(02) Hub encountered error. Trying to reconnect to Hub. retry_reason="Hub failed to launch: Io(\"child exited with exit status: 1 without writing file \\\"/tmp/hub-ubuntu-AD521737.config.json\\\"\")"
2026-09-10T20:33:16Z [696ms] [Warning] [carb.omniclient.plugin]  45: OmniHub: ThreadId(02) Hub encountered error. Trying to reconnect to Hub. retry_reason="Hub failed to launch: Io(\"child exited with exit status: 1 without writing file \\\"/tmp/hub-ubuntu-AD521737.config.json\\\"\")"
2026-09-10T20:33:16Z [828ms] [Warning] [carb.omniclient.plugin]  45: OmniHub: ThreadId(02) Hub encountered error. Trying to reconnect to Hub. retry_reason="Hub failed to launch: Io(\"child exited with exit status: 1 without writing file \\\"/tmp/hub-ubuntu-AD521737.config.json\\\"\")"
2026-09-10T20:33:16Z [972ms] [Warning] [carb.omniclient.plugin]  45: OmniHub: ThreadId(02) Hub encountered error. Trying to reconnect to Hub. retry_reason="Hub failed to launch: Io(\"child exited with exit status: 1 without writing file \\\"/tmp/hub-ubuntu-AD521737.config.json\\\"\")"
2026-09-10T20:33:17Z [1,124ms] [Warning] [carb.omniclient.plugin]  45: OmniHub: ThreadId(02) Hub encountered error. Trying to reconnect to Hub. retry_reason="Hub failed to launch: Io(\"child exited with exit status: 1 without writing file \\\"/tmp/hub-ubuntu-AD521737.config.json\\\"\")"
2026-09-10T20:33:17Z [1,287ms] [Warning] [carb.omniclient.plugin]  45: OmniHub: ThreadId(02) Hub encountered error. Trying to reconnect to Hub. retry_reason="Hub failed to launch: Io(\"child exited with exit status: 1 without writing file \\\"/tmp/hub-ubuntu-AD521737.config.json\\\"\")"
2026-09-10T20:33:17Z [1,459ms] [Warning] [carb.omniclient.plugin]  45: OmniHub: ThreadId(02) Hub encountered error. Trying to reconnect to Hub. retry_reason="Hub failed to launch: Io(\"child exited with exit status: 1 without writing file \\\"/tmp/hub-ubuntu-AD521737.config.json\\\"\")"
2026-09-10T20:33:17Z [1,641ms] [Warning] [carb.omniclient.plugin]  45: OmniHub: ThreadId(02) Hub encountered error. Trying to reconnect to Hub. retry_reason="Hub failed to launch: Io(\"child exited with exit status: 1 without writing file \\\"/tmp/hub-ubuntu-AD521737.config.json\\\"\")"
2026-09-10T20:33:17Z [1,833ms] [Warning] [carb.omniclient.plugin]  45: OmniHub: ThreadId(02) Hub encountered error. Trying to reconnect to Hub. retry_reason="Hub failed to launch: Io(\"child exited with exit status: 1 without writing file \\\"/tmp/hub-ubuntu-AD521737.config.json\\\"\")"
2026-09-10T20:33:17Z [2,036ms] [Warning] [carb.omniclient.plugin]  45: OmniHub: ThreadId(02) Hub encountered error. Trying to reconnect to Hub. retry_reason="Hub failed to launch: Io(\"child exited with exit status: 1 without writing file \\\"/tmp/hub-ubuntu-AD521737.config.json\\\"\")"
2026-09-10T20:33:18Z [2,249ms] [Warning] [carb.omniclient.plugin]  45: OmniHub: ThreadId(02) Hub encountered error. Trying to reconnect to Hub. retry_reason="Hub failed to launch: Io(\"child exited with exit status: 1 without writing file \\\"/tmp/hub-ubuntu-AD521737.config.json\\\"\")"
2026-09-10T20:33:18Z [2,472ms] [Warning] [carb.omniclient.plugin]  45: OmniHub: ThreadId(02) Hub encountered error. Trying to reconnect to Hub. retry_reason="Hub failed to launch: Io(\"child exited with exit status: 1 without writing file \\\"/tmp/hub-ubuntu-AD521737.config.json\\\"\")"
2026-09-10T20:33:18Z [2,705ms] [Warning] [carb.omniclient.plugin]  45: OmniHub: ThreadId(02) Hub encountered error. Trying to reconnect to Hub. retry_reason="Hub failed to launch: Io(\"child exited with exit status: 1 without writing file \\\"/tmp/hub-ubuntu-AD521737.config.json\\\"\")"
2026-09-10T20:33:18Z [2,948ms] [Warning] [carb.omniclient.plugin]  45: OmniHub: ThreadId(02) Hub encountered error. Trying to reconnect to Hub. retry_reason="Hub failed to launch: Io(\"child exited with exit status: 1 without writing file \\\"/tmp/hub-ubuntu-AD521737.config.json\\\"\")"
2026-09-10T20:33:19Z [3,202ms] [Warning] [carb.omniclient.plugin]  45: OmniHub: ThreadId(02) Hub encountered error. Trying to reconnect to Hub. retry_reason="Hub failed to launch: Io(\"child exited with exit status: 1 without writing file \\\"/tmp/hub-ubuntu-AD521737.config.json\\\"\")"
2026-09-10T20:33:19Z [3,465ms] [Warning] [carb.omniclient.plugin]  45: OmniHub: ThreadId(02) Hub encountered error. Trying to reconnect to Hub. retry_reason="Hub failed to launch: Io(\"child exited with exit status: 1 without writing file \\\"/tmp/hub-ubuntu-AD521737.config.json\\\"\")"
2026-09-10T20:33:19Z [3,736ms] [Warning] [carb.omniclient.plugin]  45: OmniHub: ThreadId(02) Hub encountered error. Trying to reconnect to Hub. retry_reason="Hub failed to launch: Io(\"child exited with exit status: 1 without writing file \\\"/tmp/hub-ubuntu-AD521737.config.json\\\"\")"
2026-09-10T20:33:19Z [4,019ms] [Warning] [carb.omniclient.plugin]  45: OmniHub: ThreadId(02) Hub encountered error. Trying to reconnect to Hub. retry_reason="Hub failed to launch: Io(\"child exited with exit status: 1 without writing file \\\"/tmp/hub-ubuntu-AD521737.config.json\\\"\")"
2026-09-10T20:33:20Z [4,311ms] [Warning] [carb.omniclient.plugin]  45: OmniHub: ThreadId(02) Hub encountered error. Trying to reconnect to Hub. retry_reason="Hub failed to launch: Io(\"child exited with exit status: 1 without writing file \\\"/tmp/hub-ubuntu-AD521737.config.json\\\"\")"
2026-09-10T20:33:20Z [4,613ms] [Warning] [carb.omniclient.plugin]  45: OmniHub: ThreadId(02) Hub encountered error. Trying to reconnect to Hub. retry_reason="Hub failed to launch: Io(\"child exited with exit status: 1 without writing file \\\"/tmp/hub-ubuntu-AD521737.config.json\\\"\")"
2026-09-10T20:33:20Z [4,924ms] [Warning] [carb.omniclient.plugin]  45: OmniHub: ThreadId(02) Hub encountered error. Trying to reconnect to Hub. retry_reason="Hub failed to launch: Io(\"child exited with exit status: 1 without writing file \\\"/tmp/hub-ubuntu-AD521737.config.json\\\"\")"
2026-09-10T20:33:21Z [5,247ms] [Warning] [carb.omniclient.plugin]  45: OmniHub: ThreadId(02) Hub encountered error. Trying to reconnect to Hub. retry_reason="Hub failed to launch: Io(\"child exited with exit status: 1 without writing file \\\"/tmp/hub-ubuntu-AD521737.config.json\\\"\")"
2026-09-10T20:33:21Z [5,580ms] [Warning] [carb.omniclient.plugin]  45: OmniHub: ThreadId(02) Hub encountered error. Trying to reconnect to Hub. retry_reason="Hub failed to launch: Io(\"child exited with exit status: 1 without writing file \\\"/tmp/hub-ubuntu-AD521737.config.json\\\"\")"
2026-09-10T20:33:21Z [5,922ms] [Warning] [carb.omniclient.plugin]  45: OmniHub: ThreadId(02) Hub encountered error. Trying to reconnect to Hub. retry_reason="Hub failed to launch: Io(\"child exited with exit status: 1 without writing file \\\"/tmp/hub-ubuntu-AD521737.config.json\\\"\")"
2026-09-10T20:33:22Z [6,275ms] [Warning] [carb.omniclient.plugin]  45: OmniHub: ThreadId(02) Hub encountered error. Trying to reconnect to Hub. retry_reason="Hub failed to launch: Io(\"child exited with exit status: 1 without writing file \\\"/tmp/hub-ubuntu-AD521737.config.json\\\"\")"
2026-09-10T20:33:22Z [6,637ms] [Warning] [carb.omniclient.plugin]  45: OmniHub: ThreadId(02) Hub encountered error. Trying to reconnect to Hub. retry_reason="Hub failed to launch: Io(\"child exited with exit status: 1 without writing file \\\"/tmp/hub-ubuntu-AD521737.config.json\\\"\")"
2026-09-10T20:33:22Z [7,010ms] [Warning] [carb.omniclient.plugin]  45: OmniHub: ThreadId(02) Hub encountered error. Trying to reconnect to Hub. retry_reason="Hub failed to launch: Io(\"child exited with exit status: 1 without writing file \\\"/tmp/hub-ubuntu-AD521737.config.json\\\"\")"
2026-09-10T20:33:23Z [7,392ms] [Warning] [carb.omniclient.plugin]  45: OmniHub: ThreadId(02) Hub encountered error. Trying to reconnect to Hub. retry_reason="Hub failed to launch: Io(\"child exited with exit status: 1 without writing file \\\"/tmp/hub-ubuntu-AD521737.config.json\\\"\")"
2026-09-10T20:33:23Z [7,786ms] [Warning] [carb.omniclient.plugin]  45: OmniHub: ThreadId(02) Hub encountered error. Trying to reconnect to Hub. retry_reason="Hub failed to launch: Io(\"child exited with exit status: 1 without writing file \\\"/tmp/hub-ubuntu-AD521737.config.json\\\"\")"
2026-09-10T20:33:24Z [8,188ms] [Warning] [carb.omniclient.plugin]  45: OmniHub: ThreadId(02) Hub encountered error. Trying to reconnect to Hub. retry_reason="Hub failed to launch: Io(\"child exited with exit status: 1 without writing file \\\"/tmp/hub-ubuntu-AD521737.config.json\\\"\")"
2026-09-10T20:33:24Z [8,601ms] [Warning] [carb.omniclient.plugin]  45: OmniHub: ThreadId(02) Hub encountered error. Trying to reconnect to Hub. retry_reason="Hub failed to launch: Io(\"child exited with exit status: 1 without writing file \\\"/tmp/hub-ubuntu-AD521737.config.json\\\"\")"
2026-09-10T20:33:24Z [9,023ms] [Warning] [carb.omniclient.plugin]  45: OmniHub: ThreadId(02) Hub encountered error. Trying to reconnect to Hub. retry_reason="Hub failed to launch: Io(\"child exited with exit status: 1 without writing file \\\"/tmp/hub-ubuntu-AD521737.config.json\\\"\")"
2026-09-10T20:33:25Z [9,455ms] [Warning] [carb.omniclient.plugin]  45: OmniHub: ThreadId(02) Hub encountered error. Trying to reconnect to Hub. retry_reason="Hub failed to launch: Io(\"child exited with exit status: 1 without writing file \\\"/tmp/hub-ubuntu-AD521737.config.json\\\"\")"
2026-09-10T20:33:25Z [9,898ms] [Warning] [carb.omniclient.plugin]  45: OmniHub: ThreadId(02) Hub encountered error. Trying to reconnect to Hub. retry_reason="Hub failed to launch: Io(\"child exited with exit status: 1 without writing file \\\"/tmp/hub-ubuntu-AD521737.config.json\\\"\")"
WARNING: All log messages before absl::InitializeLog() is called are written to STDERR
E0000 00:00:1789072406.313015      12 descriptor_database.cc:633] File already exists in database: grpc/health/v1/health.proto
W0000 00:00:1789072406.313041      12 message.cc:301] Protobuf GeneratedMessageFactory: File is already registered: grpc/health/v1/health.proto
2026-09-10T20:33:26Z [10,383ms] [Warning] [omni.platforminfo.plugin] failed to open the default display.  Can't verify X Server version.
2026-09-10T20:33:26Z [10,395ms] [Warning] [omni.usd_config.extension] Enable omni.materialx.libs extension to use MaterialX
/workspace/isaaclab/_isaac_sim/kit/python/lib/python3.12/site-packages/torch/cuda/__init__.py:435: UserWarning: 
    Found GPU0 NVIDIA GB10 which is of cuda capability 12.1.
    Minimum and Maximum cuda capability supported by this version of PyTorch is
    (8.0) - (12.0)
    
  queued_call()
[ISAACLAB] AppLauncher initialization complete
REFERENCE_SCREEN_APP_READY
2026-09-10T20:33:28Z [12,730ms] [Warning] [isaaclab_physx.physics.physx_manager] TGS solver with enable_external_forces_every_iteration=False may cause noisy velocities.
2026-09-10T20:33:36Z [20,563ms] [Warning] [usdrt.population.plugin] Last global time was not created. Did you call setEnableUsdNoticeHandling?
Traceback (most recent call last):
  File "/inspection/run_inspection.py", line 210, in main
    sdfview=sim.physics_sim_view.create_sdf_shape_view(paths,1)
            ^^^^^^^^^^^^^^^^^^^^^^^^^^^^^^^^^^^^^^^^^^^^^^^^^^^
  File "/isaac-sim/extscache/omni.physics.tensors-110.1.13+110.1.2.la64.r.cp312.u7f4/omni/physics/tensors/api.py", line 463, in create_sdf_shape_view
    return SdfShapeView(self._backend.create_sdf_shape_view(pattern, num_points), self._frontend)
                        ^^^^^^^^^^^^^^^^^^^^^^^^^^^^^^^^^^^^^^^^^^^^^^^^^^^^^^^^
TypeError: create_sdf_shape_view(): incompatible function arguments. The following argument types are supported:
    1. (self: omni.physics.tensors.bindings._physicsTensors.SimulationView, pattern: str, sample_point_counts: int = []) -> omni.physics.tensors.bindings._physicsTensors.SdfShapeView

Invoked with: <omni.physics.tensors.bindings._physicsTensors.SimulationView object at 0xf7313a7c27f0>, ['/Robot/body/collisions/part_0000', '/Robot/body/collisions/part_0004', '/Robot/body/collisions/part_0019', '/Robot/body/collisions/part_0024', '/Robot/body/collisions/part_0027', '/Robot/body/collisions/part_0032', '/Robot/body/collisions/part_0036', '/Robot/body/collisions/part_0041', '/Robot/body/collisions/part_0128', '/Robot/body/collisions/part_0280', '/Robot/body/collisions/part_0381', '/Robot/body/collisions/part_0462', '/Robot/body/collisions/part_0543', '/Robot/body/collisions/part_0624', '/Robot/body/collisions/part_0705', '/Robot/lf_coxa/collisions/part_0195', '/Robot/lf_coxa/collisions/part_0196', '/Robot/lf_coxa/collisions/part_0613', '/Robot/lf_coxa/collisions/part_0615', '/Robot/lf_coxa/collisions/part_0622', '/Robot/lf_coxa/collisions/part_1313', '/Robot/lf_coxa/collisions/part_1322', '/Robot/lf_coxa/collisions/part_1330', '/Robot/lf_coxa/collisions/part_1333', '/Robot/lf_coxa/collisions/part_1357', '/Robot/lf_coxa/collisions/part_1366', '/Robot/lf_coxa/collisions/part_1374', '/Robot/lf_coxa/collisions/part_1377', '/Robot/lf_femur/collisions/part_0192', '/Robot/lf_femur/collisions/part_0577', '/Robot/lf_femur/collisions/part_0590', '/Robot/lf_femur/collisions/part_0617', '/Robot/lf_femur/collisions/part_1268', '/Robot/lf_femur/collisions/part_1277', '/Robot/lf_femur/collisions/part_1285', '/Robot/lf_femur/collisions/part_1288', '/Robot/lf_tibia/collisions/part_0188', '/Robot/lf_tibia/collisions/part_0592', '/Robot/lm_coxa/collisions/part_0153', '/Robot/lm_coxa/collisions/part_0154', '/Robot/lm_coxa/collisions/part_0370', '/Robot/lm_coxa/collisions/part_0372', '/Robot/lm_coxa/collisions/part_0379', '/Robot/lm_coxa/collisions/part_0905', '/Robot/lm_coxa/collisions/part_0914', '/Robot/lm_coxa/collisions/part_0922', '/Robot/lm_coxa/collisions/part_0925', '/Robot/lm_coxa/collisions/part_0949', '/Robot/lm_coxa/collisions/part_0958', '/Robot/lm_coxa/collisions/part_0966', '/Robot/lm_coxa/collisions/part_0969', '/Robot/lm_femur/collisions/part_0150', '/Robot/lm_femur/collisions/part_0334', '/Robot/lm_femur/collisions/part_0347', '/Robot/lm_femur/collisions/part_0374', '/Robot/lm_femur/collisions/part_0860', '/Robot/lm_femur/collisions/part_0869', '/Robot/lm_femur/collisions/part_0877', '/Robot/lm_femur/collisions/part_0880', '/Robot/lm_tibia/collisions/part_0146', '/Robot/lm_tibia/collisions/part_0349', '/Robot/lr_coxa/collisions/part_0209', '/Robot/lr_coxa/collisions/part_0210', '/Robot/lr_coxa/collisions/part_0694', '/Robot/lr_coxa/collisions/part_0696', '/Robot/lr_coxa/collisions/part_0703', '/Robot/lr_coxa/collisions/part_1449', '/Robot/lr_coxa/collisions/part_1458', '/Robot/lr_coxa/collisions/part_1466', '/Robot/lr_coxa/collisions/part_1469', '/Robot/lr_coxa/collisions/part_1493', '/Robot/lr_coxa/collisions/part_1502', '/Robot/lr_coxa/collisions/part_1510', '/Robot/lr_coxa/collisions/part_1513', '/Robot/lr_femur/collisions/part_0206', '/Robot/lr_femur/collisions/part_0658', '/Robot/lr_femur/collisions/part_0671', '/Robot/lr_femur/collisions/part_0698', '/Robot/lr_femur/collisions/part_1404', '/Robot/lr_femur/collisions/part_1413', '/Robot/lr_femur/collisions/part_1421', '/Robot/lr_femur/collisions/part_1424', '/Robot/lr_tibia/collisions/part_0202', '/Robot/lr_tibia/collisions/part_0673', '/Robot/rf_coxa/collisions/part_0181', '/Robot/rf_coxa/collisions/part_0182', '/Robot/rf_coxa/collisions/part_0532', '/Robot/rf_coxa/collisions/part_0534', '/Robot/rf_coxa/collisions/part_0541', '/Robot/rf_coxa/collisions/part_1177', '/Robot/rf_coxa/collisions/part_1186', '/Robot/rf_coxa/collisions/part_1194', '/Robot/rf_coxa/collisions/part_1197', '/Robot/rf_coxa/collisions/part_1221', '/Robot/rf_coxa/collisions/part_1230', '/Robot/rf_coxa/collisions/part_1238', '/Robot/rf_coxa/collisions/part_1241', '/Robot/rf_femur/collisions/part_0178', '/Robot/rf_femur/collisions/part_0496', '/Robot/rf_femur/collisions/part_0509', '/Robot/rf_femur/collisions/part_0536', '/Robot/rf_femur/collisions/part_1132', '/Robot/rf_femur/collisions/part_1141', '/Robot/rf_femur/collisions/part_1149', '/Robot/rf_femur/collisions/part_1152', '/Robot/rf_tibia/collisions/part_0174', '/Robot/rf_tibia/collisions/part_0511', '/Robot/rm_coxa/collisions/part_0013', '/Robot/rm_coxa/collisions/part_0014', '/Robot/rm_coxa/collisions/part_0269', '/Robot/rm_coxa/collisions/part_0271', '/Robot/rm_coxa/collisions/part_0278', '/Robot/rm_coxa/collisions/part_0769', '/Robot/rm_coxa/collisions/part_0778', '/Robot/rm_coxa/collisions/part_0786', '/Robot/rm_coxa/collisions/part_0789', '/Robot/rm_coxa/collisions/part_0813', '/Robot/rm_coxa/collisions/part_0822', '/Robot/rm_coxa/collisions/part_0830', '/Robot/rm_coxa/collisions/part_0833', '/Robot/rm_femur/collisions/part_0010', '/Robot/rm_femur/collisions/part_0233', '/Robot/rm_femur/collisions/part_0246', '/Robot/rm_femur/collisions/part_0273', '/Robot/rm_femur/collisions/part_0724', '/Robot/rm_femur/collisions/part_0733', '/Robot/rm_femur/collisions/part_0741', '/Robot/rm_femur/collisions/part_0744', '/Robot/rm_tibia/collisions/part_0006', '/Robot/rm_tibia/collisions/part_0248', '/Robot/rr_coxa/collisions/part_0167', '/Robot/rr_coxa/collisions/part_0168', '/Robot/rr_coxa/collisions/part_0451', '/Robot/rr_coxa/collisions/part_0453', '/Robot/rr_coxa/collisions/part_0460', '/Robot/rr_coxa/collisions/part_1041', '/Robot/rr_coxa/collisions/part_1050', '/Robot/rr_coxa/collisions/part_1058', '/Robot/rr_coxa/collisions/part_1061', '/Robot/rr_coxa/collisions/part_1085', '/Robot/rr_coxa/collisions/part_1094', '/Robot/rr_coxa/collisions/part_1102', '/Robot/rr_coxa/collisions/part_1105', '/Robot/rr_femur/collisions/part_0164', '/Robot/rr_femur/collisions/part_0415', '/Robot/rr_femur/collisions/part_0428', '/Robot/rr_femur/collisions/part_0455', '/Robot/rr_femur/collisions/part_0996', '/Robot/rr_femur/collisions/part_1005', '/Robot/rr_femur/collisions/part_1013', '/Robot/rr_femur/collisions/part_1016', '/Robot/rr_tibia/collisions/part_0160', '/Robot/rr_tibia/collisions/part_0430'], 1

