2026-09-05T01:08:11.650073660Z Loading user config located at: '/isaac-sim/kit/data/Kit/IsaacLab/3.0/user.config.json'
2026-09-05T01:08:11.650133452Z 2026-09-05T01:08:10Z [0ms] [Warning] [omni.ext.plugin] [ext: isaaclab_visualizers] Extensions config 'extension.toml' doesn't exist '/workspace/isaaclab/source/isaaclab_visualizers' or '/workspace/isaaclab/source/isaaclab_visualizers/config'
2026-09-05T01:08:11.650137996Z 2026-09-05T01:08:10Z [0ms] [Warning] [omni.ext.plugin] [ext: isaaclab] Extensions config 'extension.toml' doesn't exist '/workspace/hexapod/isaaclab' or '/workspace/hexapod/isaaclab/config'
2026-09-05T01:08:11.650140252Z 2026-09-05T01:08:10Z [0ms] [Warning] [omni.ext.plugin] [ext: configs] Extensions config 'extension.toml' doesn't exist '/workspace/hexapod/configs' or '/workspace/hexapod/configs/config'
2026-09-05T01:08:11.650142220Z 2026-09-05T01:08:10Z [0ms] [Warning] [omni.ext.plugin] [ext: packages] Extensions config 'extension.toml' doesn't exist '/workspace/hexapod/packages' or '/workspace/hexapod/packages/config'
2026-09-05T01:08:11.650144188Z 2026-09-05T01:08:10Z [0ms] [Warning] [omni.ext.plugin] [ext: tools] Extensions config 'extension.toml' doesn't exist '/workspace/hexapod/tools' or '/workspace/hexapod/tools/config'
2026-09-05T01:08:11.650146060Z 2026-09-05T01:08:10Z [0ms] [Warning] [omni.ext.plugin] [ext: robot] Extensions config 'extension.toml' doesn't exist '/workspace/hexapod/robot' or '/workspace/hexapod/robot/config'
2026-09-05T01:08:11.650149084Z 2026-09-05T01:08:10Z [112ms] [Warning] [carb.omniclient.plugin]  116: OmniHub: ThreadId(02) Hub encountered error. Trying to reconnect to Hub. retry_reason="Hub failed to launch: Io(\"child exited with exit status: 1 without writing file \\\"/tmp/hub-ubuntu-5CA8AE5A.config.json\\\"\")"
2026-09-05T01:08:11.650151452Z 2026-09-05T01:08:10Z [185ms] [Warning] [carb.omniclient.plugin]  116: OmniHub: ThreadId(02) Hub encountered error. Trying to reconnect to Hub. retry_reason="Hub failed to launch: Io(\"child exited with exit status: 1 without writing file \\\"/tmp/hub-ubuntu-5CA8AE5A.config.json\\\"\")"
2026-09-05T01:08:11.650154748Z 2026-09-05T01:08:10Z [267ms] [Warning] [carb.omniclient.plugin]  116: OmniHub: ThreadId(02) Hub encountered error. Trying to reconnect to Hub. retry_reason="Hub failed to launch: Io(\"child exited with exit status: 1 without writing file \\\"/tmp/hub-ubuntu-5CA8AE5A.config.json\\\"\")"
2026-09-05T01:08:11.650157020Z 2026-09-05T01:08:10Z [359ms] [Warning] [carb.omniclient.plugin]  116: OmniHub: ThreadId(02) Hub encountered error. Trying to reconnect to Hub. retry_reason="Hub failed to launch: Io(\"child exited with exit status: 1 without writing file \\\"/tmp/hub-ubuntu-5CA8AE5A.config.json\\\"\")"
2026-09-05T01:08:11.650159148Z 2026-09-05T01:08:10Z [461ms] [Warning] [carb.omniclient.plugin]  116: OmniHub: ThreadId(02) Hub encountered error. Trying to reconnect to Hub. retry_reason="Hub failed to launch: Io(\"child exited with exit status: 1 without writing file \\\"/tmp/hub-ubuntu-5CA8AE5A.config.json\\\"\")"
2026-09-05T01:08:11.650161260Z 2026-09-05T01:08:11Z [575ms] [Warning] [carb.omniclient.plugin]  116: OmniHub: ThreadId(02) Hub encountered error. Trying to reconnect to Hub. retry_reason="Hub failed to launch: Io(\"child exited with exit status: 1 without writing file \\\"/tmp/hub-ubuntu-5CA8AE5A.config.json\\\"\")"
2026-09-05T01:08:11.650163404Z 2026-09-05T01:08:11Z [699ms] [Warning] [carb.omniclient.plugin]  116: OmniHub: ThreadId(02) Hub encountered error. Trying to reconnect to Hub. retry_reason="Hub failed to launch: Io(\"child exited with exit status: 1 without writing file \\\"/tmp/hub-ubuntu-5CA8AE5A.config.json\\\"\")"
2026-09-05T01:08:11.650171052Z 2026-09-05T01:08:11Z [831ms] [Warning] [carb.omniclient.plugin]  116: OmniHub: ThreadId(02) Hub encountered error. Trying to reconnect to Hub. retry_reason="Hub failed to launch: Io(\"child exited with exit status: 1 without writing file \\\"/tmp/hub-ubuntu-5CA8AE5A.config.json\\\"\")"
2026-09-05T01:08:11.650173356Z 2026-09-05T01:08:11Z [975ms] [Warning] [carb.omniclient.plugin]  116: OmniHub: ThreadId(02) Hub encountered error. Trying to reconnect to Hub. retry_reason="Hub failed to launch: Io(\"child exited with exit status: 1 without writing file \\\"/tmp/hub-ubuntu-5CA8AE5A.config.json\\\"\")"
2026-09-05T01:08:11.650175708Z 2026-09-05T01:08:11Z [1,129ms] [Warning] [carb.omniclient.plugin]  116: OmniHub: ThreadId(02) Hub encountered error. Trying to reconnect to Hub. retry_reason="Hub failed to launch: Io(\"child exited with exit status: 1 without writing file \\\"/tmp/hub-ubuntu-5CA8AE5A.config.json\\\"\")"
2026-09-05T01:08:15.146168264Z 2026-09-05T01:08:11Z [1,290ms] [Warning] [carb.omniclient.plugin]  116: OmniHub: ThreadId(02) Hub encountered error. Trying to reconnect to Hub. retry_reason="Hub failed to launch: Io(\"child exited with exit status: 1 without writing file \\\"/tmp/hub-ubuntu-5CA8AE5A.config.json\\\"\")"
2026-09-05T01:08:15.146208680Z 2026-09-05T01:08:11Z [1,463ms] [Warning] [carb.omniclient.plugin]  116: OmniHub: ThreadId(02) Hub encountered error. Trying to reconnect to Hub. retry_reason="Hub failed to launch: Io(\"child exited with exit status: 1 without writing file \\\"/tmp/hub-ubuntu-5CA8AE5A.config.json\\\"\")"
2026-09-05T01:08:15.146212024Z 2026-09-05T01:08:12Z [1,646ms] [Warning] [carb.omniclient.plugin]  116: OmniHub: ThreadId(02) Hub encountered error. Trying to reconnect to Hub. retry_reason="Hub failed to launch: Io(\"child exited with exit status: 1 without writing file \\\"/tmp/hub-ubuntu-5CA8AE5A.config.json\\\"\")"
2026-09-05T01:08:15.146214696Z 2026-09-05T01:08:12Z [1,838ms] [Warning] [carb.omniclient.plugin]  116: OmniHub: ThreadId(02) Hub encountered error. Trying to reconnect to Hub. retry_reason="Hub failed to launch: Io(\"child exited with exit status: 1 without writing file \\\"/tmp/hub-ubuntu-5CA8AE5A.config.json\\\"\")"
2026-09-05T01:08:15.146217064Z 2026-09-05T01:08:12Z [2,042ms] [Warning] [carb.omniclient.plugin]  116: OmniHub: ThreadId(02) Hub encountered error. Trying to reconnect to Hub. retry_reason="Hub failed to launch: Io(\"child exited with exit status: 1 without writing file \\\"/tmp/hub-ubuntu-5CA8AE5A.config.json\\\"\")"
2026-09-05T01:08:15.146219480Z 2026-09-05T01:08:12Z [2,254ms] [Warning] [carb.omniclient.plugin]  116: OmniHub: ThreadId(02) Hub encountered error. Trying to reconnect to Hub. retry_reason="Hub failed to launch: Io(\"child exited with exit status: 1 without writing file \\\"/tmp/hub-ubuntu-5CA8AE5A.config.json\\\"\")"
2026-09-05T01:08:15.146221816Z 2026-09-05T01:08:12Z [2,478ms] [Warning] [carb.omniclient.plugin]  116: OmniHub: ThreadId(02) Hub encountered error. Trying to reconnect to Hub. retry_reason="Hub failed to launch: Io(\"child exited with exit status: 1 without writing file \\\"/tmp/hub-ubuntu-5CA8AE5A.config.json\\\"\")"
2026-09-05T01:08:15.146225432Z 2026-09-05T01:08:13Z [2,712ms] [Warning] [carb.omniclient.plugin]  116: OmniHub: ThreadId(02) Hub encountered error. Trying to reconnect to Hub. retry_reason="Hub failed to launch: Io(\"child exited with exit status: 1 without writing file \\\"/tmp/hub-ubuntu-5CA8AE5A.config.json\\\"\")"
2026-09-05T01:08:15.146241144Z 2026-09-05T01:08:13Z [2,955ms] [Warning] [carb.omniclient.plugin]  116: OmniHub: ThreadId(02) Hub encountered error. Trying to reconnect to Hub. retry_reason="Hub failed to launch: Io(\"child exited with exit status: 1 without writing file \\\"/tmp/hub-ubuntu-5CA8AE5A.config.json\\\"\")"
2026-09-05T01:08:15.146243544Z 2026-09-05T01:08:13Z [3,209ms] [Warning] [carb.omniclient.plugin]  116: OmniHub: ThreadId(02) Hub encountered error. Trying to reconnect to Hub. retry_reason="Hub failed to launch: Io(\"child exited with exit status: 1 without writing file \\\"/tmp/hub-ubuntu-5CA8AE5A.config.json\\\"\")"
2026-09-05T01:08:15.146245736Z 2026-09-05T01:08:13Z [3,471ms] [Warning] [carb.omniclient.plugin]  116: OmniHub: ThreadId(02) Hub encountered error. Trying to reconnect to Hub. retry_reason="Hub failed to launch: Io(\"child exited with exit status: 1 without writing file \\\"/tmp/hub-ubuntu-5CA8AE5A.config.json\\\"\")"
2026-09-05T01:08:15.146247848Z 2026-09-05T01:08:14Z [3,743ms] [Warning] [carb.omniclient.plugin]  116: OmniHub: ThreadId(02) Hub encountered error. Trying to reconnect to Hub. retry_reason="Hub failed to launch: Io(\"child exited with exit status: 1 without writing file \\\"/tmp/hub-ubuntu-5CA8AE5A.config.json\\\"\")"
2026-09-05T01:08:15.146249944Z 2026-09-05T01:08:14Z [4,028ms] [Warning] [carb.omniclient.plugin]  116: OmniHub: ThreadId(02) Hub encountered error. Trying to reconnect to Hub. retry_reason="Hub failed to launch: Io(\"child exited with exit status: 1 without writing file \\\"/tmp/hub-ubuntu-5CA8AE5A.config.json\\\"\")"
2026-09-05T01:08:15.146252152Z 2026-09-05T01:08:14Z [4,321ms] [Warning] [carb.omniclient.plugin]  116: OmniHub: ThreadId(02) Hub encountered error. Trying to reconnect to Hub. retry_reason="Hub failed to launch: Io(\"child exited with exit status: 1 without writing file \\\"/tmp/hub-ubuntu-5CA8AE5A.config.json\\\"\")"
2026-09-05T01:08:15.146254488Z 2026-09-05T01:08:15Z [4,624ms] [Warning] [carb.omniclient.plugin]  116: OmniHub: ThreadId(02) Hub encountered error. Trying to reconnect to Hub. retry_reason="Hub failed to launch: Io(\"child exited with exit status: 1 without writing file \\\"/tmp/hub-ubuntu-5CA8AE5A.config.json\\\"\")"
2026-09-05T01:08:20.894432806Z WARNING: All log messages before absl::InitializeLog() is called are written to STDERR
2026-09-05T01:08:20.894455974Z E0000 00:00:1788570500.894136      24 descriptor_database.cc:633] File already exists in database: grpc/health/v1/health.proto
2026-09-05T01:08:20.894457366Z W0000 00:00:1788570500.894158      24 message.cc:301] Protobuf GeneratedMessageFactory: File is already registered: grpc/health/v1/health.proto
2026-09-05T01:08:20.909496622Z 2026-09-05T01:08:15Z [4,938ms] [Warning] [carb.omniclient.plugin]  116: OmniHub: ThreadId(02) Hub encountered error. Trying to reconnect to Hub. retry_reason="Hub failed to launch: Io(\"child exited with exit status: 1 without writing file \\\"/tmp/hub-ubuntu-5CA8AE5A.config.json\\\"\")"
2026-09-05T01:08:20.909515150Z 2026-09-05T01:08:15Z [5,260ms] [Warning] [carb.omniclient.plugin]  116: OmniHub: ThreadId(02) Hub encountered error. Trying to reconnect to Hub. retry_reason="Hub failed to launch: Io(\"child exited with exit status: 1 without writing file \\\"/tmp/hub-ubuntu-5CA8AE5A.config.json\\\"\")"
2026-09-05T01:08:20.909528366Z 2026-09-05T01:08:16Z [5,594ms] [Warning] [carb.omniclient.plugin]  116: OmniHub: ThreadId(02) Hub encountered error. Trying to reconnect to Hub. retry_reason="Hub failed to launch: Io(\"child exited with exit status: 1 without writing file \\\"/tmp/hub-ubuntu-5CA8AE5A.config.json\\\"\")"
2026-09-05T01:08:20.909530286Z 2026-09-05T01:08:16Z [5,937ms] [Warning] [carb.omniclient.plugin]  116: OmniHub: ThreadId(02) Hub encountered error. Trying to reconnect to Hub. retry_reason="Hub failed to launch: Io(\"child exited with exit status: 1 without writing file \\\"/tmp/hub-ubuntu-5CA8AE5A.config.json\\\"\")"
2026-09-05T01:08:20.909531550Z 2026-09-05T01:08:16Z [6,290ms] [Warning] [carb.omniclient.plugin]  116: OmniHub: ThreadId(02) Hub encountered error. Trying to reconnect to Hub. retry_reason="Hub failed to launch: Io(\"child exited with exit status: 1 without writing file \\\"/tmp/hub-ubuntu-5CA8AE5A.config.json\\\"\")"
2026-09-05T01:08:20.909532734Z 2026-09-05T01:08:17Z [6,654ms] [Warning] [carb.omniclient.plugin]  116: OmniHub: ThreadId(02) Hub encountered error. Trying to reconnect to Hub. retry_reason="Hub failed to launch: Io(\"child exited with exit status: 1 without writing file \\\"/tmp/hub-ubuntu-5CA8AE5A.config.json\\\"\")"
2026-09-05T01:08:20.909533886Z 2026-09-05T01:08:17Z [7,026ms] [Warning] [carb.omniclient.plugin]  116: OmniHub: ThreadId(02) Hub encountered error. Trying to reconnect to Hub. retry_reason="Hub failed to launch: Io(\"child exited with exit status: 1 without writing file \\\"/tmp/hub-ubuntu-5CA8AE5A.config.json\\\"\")"
2026-09-05T01:08:20.909535614Z 2026-09-05T01:08:17Z [7,408ms] [Warning] [carb.omniclient.plugin]  116: OmniHub: ThreadId(02) Hub encountered error. Trying to reconnect to Hub. retry_reason="Hub failed to launch: Io(\"child exited with exit status: 1 without writing file \\\"/tmp/hub-ubuntu-5CA8AE5A.config.json\\\"\")"
2026-09-05T01:08:20.909536766Z 2026-09-05T01:08:18Z [7,802ms] [Warning] [carb.omniclient.plugin]  116: OmniHub: ThreadId(02) Hub encountered error. Trying to reconnect to Hub. retry_reason="Hub failed to launch: Io(\"child exited with exit status: 1 without writing file \\\"/tmp/hub-ubuntu-5CA8AE5A.config.json\\\"\")"
2026-09-05T01:08:20.909537950Z 2026-09-05T01:08:18Z [8,206ms] [Warning] [carb.omniclient.plugin]  116: OmniHub: ThreadId(02) Hub encountered error. Trying to reconnect to Hub. retry_reason="Hub failed to launch: Io(\"child exited with exit status: 1 without writing file \\\"/tmp/hub-ubuntu-5CA8AE5A.config.json\\\"\")"
2026-09-05T01:08:20.909539102Z 2026-09-05T01:08:19Z [8,619ms] [Warning] [carb.omniclient.plugin]  116: OmniHub: ThreadId(02) Hub encountered error. Trying to reconnect to Hub. retry_reason="Hub failed to launch: Io(\"child exited with exit status: 1 without writing file \\\"/tmp/hub-ubuntu-5CA8AE5A.config.json\\\"\")"
2026-09-05T01:08:20.909540270Z 2026-09-05T01:08:19Z [9,039ms] [Warning] [carb.omniclient.plugin]  116: OmniHub: ThreadId(02) Hub encountered error. Trying to reconnect to Hub. retry_reason="Hub failed to launch: Io(\"child exited with exit status: 1 without writing file \\\"/tmp/hub-ubuntu-5CA8AE5A.config.json\\\"\")"
2026-09-05T01:08:20.909541550Z 2026-09-05T01:08:19Z [9,472ms] [Warning] [carb.omniclient.plugin]  116: OmniHub: ThreadId(02) Hub encountered error. Trying to reconnect to Hub. retry_reason="Hub failed to launch: Io(\"child exited with exit status: 1 without writing file \\\"/tmp/hub-ubuntu-5CA8AE5A.config.json\\\"\")"
2026-09-05T01:08:20.909544526Z 2026-09-05T01:08:20Z [9,914ms] [Warning] [carb.omniclient.plugin]  116: OmniHub: ThreadId(02) Hub encountered error. Trying to reconnect to Hub. retry_reason="Hub failed to launch: Io(\"child exited with exit status: 1 without writing file \\\"/tmp/hub-ubuntu-5CA8AE5A.config.json\\\"\")"
2026-09-05T01:08:20.909545886Z 2026-09-05T01:08:20Z [10,388ms] [Warning] [omni.usd_config.extension] Enable omni.materialx.libs extension to use MaterialX
2026-09-05T01:08:22.012980515Z /workspace/isaaclab/_isaac_sim/kit/python/lib/python3.12/site-packages/torch/cuda/__init__.py:435: UserWarning: 
2026-09-05T01:08:22.013002115Z     Found GPU0 NVIDIA GB10 which is of cuda capability 12.1.
2026-09-05T01:08:22.013003411Z     Minimum and Maximum cuda capability supported by this version of PyTorch is
2026-09-05T01:08:22.013004579Z     (8.0) - (12.0)
2026-09-05T01:08:22.013005539Z     
2026-09-05T01:08:22.013006579Z   queued_call()
2026-09-05T01:08:22.013941768Z [ISAACLAB] AppLauncher initialization complete
2026-09-05T01:08:23.499002573Z [INFO]: Parsing configuration from: hexapod_rl.tasks.mkii_v2:HexapodMkiiV2FlatEnvCfg
2026-09-05T01:08:23.499033069Z [INFO]: Base environment:
2026-09-05T01:08:23.499034429Z 	Environment device    : cuda:0
2026-09-05T01:08:23.499035613Z 	Environment seed      : 0
2026-09-05T01:08:23.499036701Z 	Physics step-size     : 0.005
2026-09-05T01:08:23.499037837Z 	Rendering step-size   : 0.02
2026-09-05T01:08:23.499038909Z 	Environment step-size : 0.02
2026-09-05T01:08:23.499040029Z [INFO]: Registered backend 'physx' for factory Articulation.
2026-09-05T01:08:23.829917626Z [INFO]: Registered backend 'physx' for factory ContactSensor.
2026-09-05T01:08:30.840043909Z [INFO]: Time taken for scene creation Last: 1.404463 s, Mean: 1.404463 s, Std: 0.000000 s, N: 1
2026-09-05T01:08:30.840081717Z [INFO]: Scene manager:  <class InteractiveScene>
2026-09-05T01:08:30.840084453Z 	Number of environments: 32
2026-09-05T01:08:30.840086405Z 	Environment spacing   : 2.0
2026-09-05T01:08:30.840088501Z 	Source prim name      : /World/envs/env_0
2026-09-05T01:08:30.840090229Z 	Global prim paths     : []
2026-09-05T01:08:30.840091925Z 	Replicate physics     : True
2026-09-05T01:08:30.840093605Z [INFO]: Starting the simulation. This may take a few seconds. Please wait...
2026-09-05T01:08:30.840095349Z [INFO]: Simulation parameters for joints in /World/envs/env_.*/Robot:
2026-09-05T01:08:30.840097093Z +---------------------------------------------------------------------------------------------------------------------------------------------------------------------+
2026-09-05T01:08:30.840099029Z |                                                  Simulation Joint Information (Prim path: /World/envs/env_.*/Robot)                                                 |
2026-09-05T01:08:30.840118533Z +-------+----------------+-----------+---------+----------+-----------------+------------------+------------------+-----------------+-----------------+---------------+
2026-09-05T01:08:30.840120741Z | Index | Name           | Stiffness | Damping | Armature | Static Friction | Dynamic Friction | Viscous Friction | Position Limits | Velocity Limits | Effort Limits |
2026-09-05T01:08:30.840122485Z +-------+----------------+-----------+---------+----------+-----------------+------------------+------------------+-----------------+-----------------+---------------+
2026-09-05T01:08:30.840124197Z |   0   | lf_coxa_yaw    |   0.000   |  0.000  |  0.001   |      0.010      |      0.010       |      0.002       | [-0.873, 0.873] |      55.292     |     5.500     |
2026-09-05T01:08:30.840126069Z |   1   | lm_coxa_yaw    |   0.000   |  0.000  |  0.001   |      0.010      |      0.010       |      0.002       | [-0.873, 0.873] |      55.292     |     5.500     |
2026-09-05T01:08:30.840127829Z |   2   | lr_coxa_yaw    |   0.000   |  0.000  |  0.001   |      0.010      |      0.010       |      0.002       | [-0.873, 0.873] |      55.292     |     5.500     |
2026-09-05T01:08:30.840129573Z |   3   | rf_coxa_yaw    |   0.000   |  0.000  |  0.001   |      0.010      |      0.010       |      0.002       | [-0.873, 0.873] |      55.292     |     5.500     |
2026-09-05T01:08:30.840132389Z |   4   | rm_coxa_yaw    |   0.000   |  0.000  |  0.001   |      0.010      |      0.010       |      0.002       | [-0.873, 0.873] |      55.292     |     5.500     |
2026-09-05T01:08:30.840134133Z |   5   | rr_coxa_yaw    |   0.000   |  0.000  |  0.001   |      0.010      |      0.010       |      0.002       | [-0.873, 0.873] |      55.292     |     5.500     |
2026-09-05T01:08:30.840135893Z |   6   | lf_femur_pitch |   0.000   |  0.000  |  0.001   |      0.010      |      0.010       |      0.002       | [-1.745, 0.550] |      55.292     |     5.500     |
2026-09-05T01:08:30.840137637Z |   7   | lm_femur_pitch |   0.000   |  0.000  |  0.001   |      0.010      |      0.010       |      0.002       | [-1.745, 0.550] |      55.292     |     5.500     |
2026-09-05T01:08:30.840139397Z |   8   | lr_femur_pitch |   0.000   |  0.000  |  0.001   |      0.010      |      0.010       |      0.002       | [-1.745, 0.550] |      55.292     |     5.500     |
2026-09-05T01:08:30.840141109Z |   9   | rf_femur_pitch |   0.000   |  0.000  |  0.001   |      0.010      |      0.010       |      0.002       | [-1.745, 0.550] |      55.292     |     5.500     |
2026-09-05T01:08:30.840142901Z |   10  | rm_femur_pitch |   0.000   |  0.000  |  0.001   |      0.010      |      0.010       |      0.002       | [-1.745, 0.550] |      55.292     |     5.500     |
2026-09-05T01:08:30.840144661Z |   11  | rr_femur_pitch |   0.000   |  0.000  |  0.001   |      0.010      |      0.010       |      0.002       | [-1.745, 0.550] |      55.292     |     5.500     |
2026-09-05T01:08:30.840146453Z |   12  | lf_tibia_pitch |   0.000   |  0.000  |  0.001   |      0.010      |      0.010       |      0.002       | [-0.950, 1.750] |      55.292     |     5.500     |
2026-09-05T01:08:30.840151781Z |   13  | lm_tibia_pitch |   0.000   |  0.000  |  0.001   |      0.010      |      0.010       |      0.002       | [-0.950, 1.750] |      55.292     |     5.500     |
2026-09-05T01:08:30.840153829Z |   14  | lr_tibia_pitch |   0.000   |  0.000  |  0.001   |      0.010      |      0.010       |      0.002       | [-0.950, 1.750] |      55.292     |     5.500     |
2026-09-05T01:08:30.840158213Z |   15  | rf_tibia_pitch |   0.000   |  0.000  |  0.001   |      0.010      |      0.010       |      0.002       | [-0.950, 1.750] |      55.292     |     5.500     |
2026-09-05T01:08:30.840160405Z |   16  | rm_tibia_pitch |   0.000   |  0.000  |  0.001   |      0.010      |      0.010       |      0.002       | [-0.950, 1.750] |      55.292     |     5.500     |
2026-09-05T01:08:30.840162245Z |   17  | rr_tibia_pitch |   0.000   |  0.000  |  0.001   |      0.010      |      0.010       |      0.002       | [-0.950, 1.750] |      55.292     |     5.500     |
2026-09-05T01:08:30.840164053Z +-------+----------------+-----------+---------+----------+-----------------+------------------+------------------+-----------------+-----------------+---------------+
2026-09-05T01:08:34.018447841Z [INFO]: Time taken for simulation start Last: 6.642502 s, Mean: 6.642502 s, Std: 0.000000 s, N: 1
2026-09-05T01:08:34.018475217Z [INFO] Event Manager:  <EventManager> contains 1 active terms.
2026-09-05T01:08:34.018476977Z +--------------------------------------+
2026-09-05T01:08:34.018478097Z | Active Event Terms in Mode: 'startup' |
2026-09-05T01:08:34.018479233Z +----------+---------------------------+
2026-09-05T01:08:34.018480337Z |  Index   | Name                      |
2026-09-05T01:08:34.018481425Z +----------+---------------------------+
2026-09-05T01:08:34.018482481Z |    0     | physics_material          |
2026-09-05T01:08:34.018483441Z +----------+---------------------------+
2026-09-05T01:08:34.018484497Z 
2026-09-05T01:08:34.018485585Z [INFO]: Completed setting up the environment...
2026-09-05T01:08:34.018487105Z MKII_V2_JOINT_NAMES ["lf_coxa_yaw", "lm_coxa_yaw", "lr_coxa_yaw", "rf_coxa_yaw", "rm_coxa_yaw", "rr_coxa_yaw", "lf_femur_pitch", "lm_femur_pitch", "lr_femur_pitch", "rf_femur_pitch", "rm_femur_pitch", "rr_femur_pitch", "lf_tibia_pitch", "lm_tibia_pitch", "lr_tibia_pitch", "rf_tibia_pitch", "rm_tibia_pitch", "rr_tibia_pitch"]
2026-09-05T01:08:34.387387462Z MKII_V2_PROGRESS step=1/1000 min_height=0.140255 computed=0.893886
2026-09-05T01:08:39.497527874Z MKII_V2_PROGRESS step=100/1000 min_height=0.135602 computed=0.879357
2026-09-05T01:08:45.094742775Z MKII_V2_PROGRESS step=200/1000 min_height=0.135602 computed=0.879310
2026-09-05T01:08:50.356000371Z MKII_V2_PROGRESS step=300/1000 min_height=0.135602 computed=0.879647
2026-09-05T01:08:58.357185577Z MKII_V2_PROGRESS step=400/1000 min_height=0.135602 computed=0.879280
2026-09-05T01:09:09.307290229Z MKII_V2_PROGRESS step=500/1000 min_height=0.135602 computed=0.879483
2026-09-05T01:09:14.722485617Z MKII_V2_PROGRESS step=600/1000 min_height=0.135602 computed=0.879501
2026-09-05T01:09:19.778480380Z MKII_V2_PROGRESS step=700/1000 min_height=0.135602 computed=0.879692
