time="2026-09-16T14:11:26-05:00" level=warning msg="No services to build"
time="2026-09-16T14:11:26-05:00" level=warning msg="No services to build"
 Container hexapod-reference-physics-b5b4ffa7d1cd49e8880320b63edb607e Creating 
 Container hexapod-reference-physics-b5b4ffa7d1cd49e8880320b63edb607e Created 
Loading user config located at: '/isaac-sim/kit/data/Kit/IsaacLab/3.0/user.config.json'
2026-09-16T19:11:27Z [Info] [carb] Logging to file: /isaac-sim/kit/logs/Kit/IsaacLab/3.0/kit_20260916_191127.log
2026-09-16T19:11:27Z [2ms] [Warning] [omni.ext.plugin] [ext: isaaclab_visualizers] Extensions config 'extension.toml' doesn't exist '/workspace/isaaclab/source/isaaclab_visualizers' or '/workspace/isaaclab/source/isaaclab_visualizers/config'
2026-09-16T19:11:27Z [2ms] [Warning] [omni.ext.plugin] [ext: standing] Extensions config 'extension.toml' doesn't exist '/output/standing' or '/output/standing/config'
2026-09-16T19:11:27Z [2ms] [Warning] [omni.ext.plugin] [ext: jobs] Extensions config 'extension.toml' doesn't exist '/output/jobs' or '/output/jobs/config'
2026-09-16T19:11:27Z [3ms] [Warning] [omni.ext.plugin] [ext: logs] Extensions config 'extension.toml' doesn't exist '/output/logs' or '/output/logs/config'
2026-09-16T19:11:27Z [204ms] [Warning] [carb.omniclient.plugin]  63: OmniHub: ThreadId(02) Hub encountered error. Trying to reconnect to Hub. retry_reason="Hub failed to launch: Io(\"child exited with exit status: 1 without writing file \\\"/tmp/hub-ubuntu-839857A4.config.json\\\"\")"
2026-09-16T19:11:27Z [276ms] [Warning] [carb.omniclient.plugin]  63: OmniHub: ThreadId(02) Hub encountered error. Trying to reconnect to Hub. retry_reason="Hub failed to launch: Io(\"child exited with exit status: 1 without writing file \\\"/tmp/hub-ubuntu-839857A4.config.json\\\"\")"
2026-09-16T19:11:27Z [359ms] [Warning] [carb.omniclient.plugin]  63: OmniHub: ThreadId(02) Hub encountered error. Trying to reconnect to Hub. retry_reason="Hub failed to launch: Io(\"child exited with exit status: 1 without writing file \\\"/tmp/hub-ubuntu-839857A4.config.json\\\"\")"
2026-09-16T19:11:27Z [452ms] [Warning] [carb.omniclient.plugin]  63: OmniHub: ThreadId(02) Hub encountered error. Trying to reconnect to Hub. retry_reason="Hub failed to launch: Io(\"child exited with exit status: 1 without writing file \\\"/tmp/hub-ubuntu-839857A4.config.json\\\"\")"
2026-09-16T19:11:28Z [555ms] [Warning] [carb.omniclient.plugin]  63: OmniHub: ThreadId(02) Hub encountered error. Trying to reconnect to Hub. retry_reason="Hub failed to launch: Io(\"child exited with exit status: 1 without writing file \\\"/tmp/hub-ubuntu-839857A4.config.json\\\"\")"
2026-09-16T19:11:28Z [667ms] [Warning] [carb.omniclient.plugin]  63: OmniHub: ThreadId(02) Hub encountered error. Trying to reconnect to Hub. retry_reason="Hub failed to launch: Io(\"child exited with exit status: 1 without writing file \\\"/tmp/hub-ubuntu-839857A4.config.json\\\"\")"
2026-09-16T19:11:28Z [791ms] [Warning] [carb.omniclient.plugin]  63: OmniHub: ThreadId(02) Hub encountered error. Trying to reconnect to Hub. retry_reason="Hub failed to launch: Io(\"child exited with exit status: 1 without writing file \\\"/tmp/hub-ubuntu-839857A4.config.json\\\"\")"
2026-09-16T19:11:28Z [924ms] [Warning] [carb.omniclient.plugin]  63: OmniHub: ThreadId(02) Hub encountered error. Trying to reconnect to Hub. retry_reason="Hub failed to launch: Io(\"child exited with exit status: 1 without writing file \\\"/tmp/hub-ubuntu-839857A4.config.json\\\"\")"
2026-09-16T19:11:28Z [1,066ms] [Warning] [carb.omniclient.plugin]  63: OmniHub: ThreadId(02) Hub encountered error. Trying to reconnect to Hub. retry_reason="Hub failed to launch: Io(\"child exited with exit status: 1 without writing file \\\"/tmp/hub-ubuntu-839857A4.config.json\\\"\")"
2026-09-16T19:11:28Z [1,219ms] [Warning] [carb.omniclient.plugin]  63: OmniHub: ThreadId(02) Hub encountered error. Trying to reconnect to Hub. retry_reason="Hub failed to launch: Io(\"child exited with exit status: 1 without writing file \\\"/tmp/hub-ubuntu-839857A4.config.json\\\"\")"
2026-09-16T19:11:28Z [1,382ms] [Warning] [carb.omniclient.plugin]  63: OmniHub: ThreadId(02) Hub encountered error. Trying to reconnect to Hub. retry_reason="Hub failed to launch: Io(\"child exited with exit status: 1 without writing file \\\"/tmp/hub-ubuntu-839857A4.config.json\\\"\")"
2026-09-16T19:11:29Z [1,555ms] [Warning] [carb.omniclient.plugin]  63: OmniHub: ThreadId(02) Hub encountered error. Trying to reconnect to Hub. retry_reason="Hub failed to launch: Io(\"child exited with exit status: 1 without writing file \\\"/tmp/hub-ubuntu-839857A4.config.json\\\"\")"
2026-09-16T19:11:29Z [1,739ms] [Warning] [carb.omniclient.plugin]  63: OmniHub: ThreadId(02) Hub encountered error. Trying to reconnect to Hub. retry_reason="Hub failed to launch: Io(\"child exited with exit status: 1 without writing file \\\"/tmp/hub-ubuntu-839857A4.config.json\\\"\")"
2026-09-16T19:11:29Z [1,933ms] [Warning] [carb.omniclient.plugin]  63: OmniHub: ThreadId(02) Hub encountered error. Trying to reconnect to Hub. retry_reason="Hub failed to launch: Io(\"child exited with exit status: 1 without writing file \\\"/tmp/hub-ubuntu-839857A4.config.json\\\"\")"
2026-09-16T19:11:29Z [2,137ms] [Warning] [carb.omniclient.plugin]  63: OmniHub: ThreadId(02) Hub encountered error. Trying to reconnect to Hub. retry_reason="Hub failed to launch: Io(\"child exited with exit status: 1 without writing file \\\"/tmp/hub-ubuntu-839857A4.config.json\\\"\")"
2026-09-16T19:11:29Z [2,351ms] [Warning] [carb.omniclient.plugin]  63: OmniHub: ThreadId(02) Hub encountered error. Trying to reconnect to Hub. retry_reason="Hub failed to launch: Io(\"child exited with exit status: 1 without writing file \\\"/tmp/hub-ubuntu-839857A4.config.json\\\"\")"
2026-09-16T19:11:30Z [2,574ms] [Warning] [carb.omniclient.plugin]  63: OmniHub: ThreadId(02) Hub encountered error. Trying to reconnect to Hub. retry_reason="Hub failed to launch: Io(\"child exited with exit status: 1 without writing file \\\"/tmp/hub-ubuntu-839857A4.config.json\\\"\")"
2026-09-16T19:11:30Z [2,806ms] [Warning] [carb.omniclient.plugin]  63: OmniHub: ThreadId(02) Hub encountered error. Trying to reconnect to Hub. retry_reason="Hub failed to launch: Io(\"child exited with exit status: 1 without writing file \\\"/tmp/hub-ubuntu-839857A4.config.json\\\"\")"
2026-09-16T19:11:30Z [3,049ms] [Warning] [carb.omniclient.plugin]  63: OmniHub: ThreadId(02) Hub encountered error. Trying to reconnect to Hub. retry_reason="Hub failed to launch: Io(\"child exited with exit status: 1 without writing file \\\"/tmp/hub-ubuntu-839857A4.config.json\\\"\")"
2026-09-16T19:11:30Z [3,302ms] [Warning] [carb.omniclient.plugin]  63: OmniHub: ThreadId(02) Hub encountered error. Trying to reconnect to Hub. retry_reason="Hub failed to launch: Io(\"child exited with exit status: 1 without writing file \\\"/tmp/hub-ubuntu-839857A4.config.json\\\"\")"
2026-09-16T19:11:31Z [3,565ms] [Warning] [carb.omniclient.plugin]  63: OmniHub: ThreadId(02) Hub encountered error. Trying to reconnect to Hub. retry_reason="Hub failed to launch: Io(\"child exited with exit status: 1 without writing file \\\"/tmp/hub-ubuntu-839857A4.config.json\\\"\")"
2026-09-16T19:11:31Z [3,839ms] [Warning] [carb.omniclient.plugin]  63: OmniHub: ThreadId(02) Hub encountered error. Trying to reconnect to Hub. retry_reason="Hub failed to launch: Io(\"child exited with exit status: 1 without writing file \\\"/tmp/hub-ubuntu-839857A4.config.json\\\"\")"
2026-09-16T19:11:31Z [4,121ms] [Warning] [carb.omniclient.plugin]  63: OmniHub: ThreadId(02) Hub encountered error. Trying to reconnect to Hub. retry_reason="Hub failed to launch: Io(\"child exited with exit status: 1 without writing file \\\"/tmp/hub-ubuntu-839857A4.config.json\\\"\")"
2026-09-16T19:11:31Z [4,414ms] [Warning] [carb.omniclient.plugin]  63: OmniHub: ThreadId(02) Hub encountered error. Trying to reconnect to Hub. retry_reason="Hub failed to launch: Io(\"child exited with exit status: 1 without writing file \\\"/tmp/hub-ubuntu-839857A4.config.json\\\"\")"
2026-09-16T19:11:32Z [4,718ms] [Warning] [carb.omniclient.plugin]  63: OmniHub: ThreadId(02) Hub encountered error. Trying to reconnect to Hub. retry_reason="Hub failed to launch: Io(\"child exited with exit status: 1 without writing file \\\"/tmp/hub-ubuntu-839857A4.config.json\\\"\")"
2026-09-16T19:11:32Z [5,030ms] [Warning] [carb.omniclient.plugin]  63: OmniHub: ThreadId(02) Hub encountered error. Trying to reconnect to Hub. retry_reason="Hub failed to launch: Io(\"child exited with exit status: 1 without writing file \\\"/tmp/hub-ubuntu-839857A4.config.json\\\"\")"
2026-09-16T19:11:32Z [5,354ms] [Warning] [carb.omniclient.plugin]  63: OmniHub: ThreadId(02) Hub encountered error. Trying to reconnect to Hub. retry_reason="Hub failed to launch: Io(\"child exited with exit status: 1 without writing file \\\"/tmp/hub-ubuntu-839857A4.config.json\\\"\")"
2026-09-16T19:11:33Z [5,688ms] [Warning] [carb.omniclient.plugin]  63: OmniHub: ThreadId(02) Hub encountered error. Trying to reconnect to Hub. retry_reason="Hub failed to launch: Io(\"child exited with exit status: 1 without writing file \\\"/tmp/hub-ubuntu-839857A4.config.json\\\"\")"
2026-09-16T19:11:33Z [6,030ms] [Warning] [carb.omniclient.plugin]  63: OmniHub: ThreadId(02) Hub encountered error. Trying to reconnect to Hub. retry_reason="Hub failed to launch: Io(\"child exited with exit status: 1 without writing file \\\"/tmp/hub-ubuntu-839857A4.config.json\\\"\")"
2026-09-16T19:11:33Z [6,383ms] [Warning] [carb.omniclient.plugin]  63: OmniHub: ThreadId(02) Hub encountered error. Trying to reconnect to Hub. retry_reason="Hub failed to launch: Io(\"child exited with exit status: 1 without writing file \\\"/tmp/hub-ubuntu-839857A4.config.json\\\"\")"
2026-09-16T19:11:34Z [6,747ms] [Warning] [carb.omniclient.plugin]  63: OmniHub: ThreadId(02) Hub encountered error. Trying to reconnect to Hub. retry_reason="Hub failed to launch: Io(\"child exited with exit status: 1 without writing file \\\"/tmp/hub-ubuntu-839857A4.config.json\\\"\")"
2026-09-16T19:11:34Z [7,119ms] [Warning] [carb.omniclient.plugin]  63: OmniHub: ThreadId(02) Hub encountered error. Trying to reconnect to Hub. retry_reason="Hub failed to launch: Io(\"child exited with exit status: 1 without writing file \\\"/tmp/hub-ubuntu-839857A4.config.json\\\"\")"
2026-09-16T19:11:35Z [7,501ms] [Warning] [carb.omniclient.plugin]  63: OmniHub: ThreadId(02) Hub encountered error. Trying to reconnect to Hub. retry_reason="Hub failed to launch: Io(\"child exited with exit status: 1 without writing file \\\"/tmp/hub-ubuntu-839857A4.config.json\\\"\")"
2026-09-16T19:11:35Z [7,894ms] [Warning] [carb.omniclient.plugin]  63: OmniHub: ThreadId(02) Hub encountered error. Trying to reconnect to Hub. retry_reason="Hub failed to launch: Io(\"child exited with exit status: 1 without writing file \\\"/tmp/hub-ubuntu-839857A4.config.json\\\"\")"
2026-09-16T19:11:35Z [8,297ms] [Warning] [carb.omniclient.plugin]  63: OmniHub: ThreadId(02) Hub encountered error. Trying to reconnect to Hub. retry_reason="Hub failed to launch: Io(\"child exited with exit status: 1 without writing file \\\"/tmp/hub-ubuntu-839857A4.config.json\\\"\")"
2026-09-16T19:11:36Z [8,711ms] [Warning] [carb.omniclient.plugin]  63: OmniHub: ThreadId(02) Hub encountered error. Trying to reconnect to Hub. retry_reason="Hub failed to launch: Io(\"child exited with exit status: 1 without writing file \\\"/tmp/hub-ubuntu-839857A4.config.json\\\"\")"
2026-09-16T19:11:36Z [9,134ms] [Warning] [carb.omniclient.plugin]  63: OmniHub: ThreadId(02) Hub encountered error. Trying to reconnect to Hub. retry_reason="Hub failed to launch: Io(\"child exited with exit status: 1 without writing file \\\"/tmp/hub-ubuntu-839857A4.config.json\\\"\")"
2026-09-16T19:11:37Z [9,566ms] [Warning] [carb.omniclient.plugin]  63: OmniHub: ThreadId(02) Hub encountered error. Trying to reconnect to Hub. retry_reason="Hub failed to launch: Io(\"child exited with exit status: 1 without writing file \\\"/tmp/hub-ubuntu-839857A4.config.json\\\"\")"
2026-09-16T19:11:37Z [10,009ms] [Warning] [carb.omniclient.plugin]  63: OmniHub: ThreadId(02) Hub encountered error. Trying to reconnect to Hub. retry_reason="Hub failed to launch: Io(\"child exited with exit status: 1 without writing file \\\"/tmp/hub-ubuntu-839857A4.config.json\\\"\")"
WARNING: All log messages before absl::InitializeLog() is called are written to STDERR
E0000 00:00:1789585898.008892      10 descriptor_database.cc:633] File already exists in database: grpc/health/v1/health.proto
W0000 00:00:1789585898.008913      10 message.cc:301] Protobuf GeneratedMessageFactory: File is already registered: grpc/health/v1/health.proto
2026-09-16T19:11:38Z [10,497ms] [Warning] [omni.platforminfo.plugin] failed to open the default display.  Can't verify X Server version.

|---------------------------------------------------------------------------------------------|
| Driver Version: 580.173.02    | Graphics API: Vulkan
|=============================================================================================|
| GPU | Name                             | Active | LDA | GPU Memory | Vendor-ID | LUID       |
|     |                                  |        |     |            | Device-ID | UUID       |
|     |                                  |        |     |            | Bus-ID    |            |
|---------------------------------------------------------------------------------------------|
| 0   | NVIDIA GB10                      | Yes: 0 |     | 93457   MB | 10de      | 0          |
|     |                                  |        |     |            | 2e12      | 2166d556.. |
|     |                                  |        |     |            | 1         |            |
|=============================================================================================|
| OS: 24.04.3 LTS (Noble Numbat) ubuntu, Version: 24.04.3, Kernel: 6.17.0-1031-nvidia
| Processor: Cortex-A725
| Cores: 20 | Logical Cores: 20
|---------------------------------------------------------------------------------------------|
| Total Memory (MB): 124609 | Free Memory: 119477
| Total Page/Swap (MB): 16383 | Free Page/Swap: 0
|---------------------------------------------------------------------------------------------|
2026-09-16T19:11:39Z [12,118ms] [Warning] [carb.windowing-glfw.plugin] GLFW initialization failed.
2026-09-16T19:11:39Z [12,118ms] [Warning] [carb] Failed to startup plugin carb.windowing-glfw.plugin (interfaces: [carb::windowing::IGLContext v1.0],[carb::windowing::IWindowing v1.5]) (impl: carb.windowing-glfw.plugin)
2026-09-16T19:11:39Z [12,210ms] [Warning] [carb.windowing-glfw.plugin] GLFW initialization failed.
2026-09-16T19:11:39Z [12,210ms] [Warning] [carb] Failed to startup plugin carb.windowing-glfw.plugin (interfaces: [carb::windowing::IGLContext v1.0],[carb::windowing::IWindowing v1.5]) (impl: carb.windowing-glfw.plugin)
2026-09-16T19:11:39Z [12,211ms] [Warning] [carb.windowing-glfw.plugin] GLFW initialization failed.
2026-09-16T19:11:39Z [12,211ms] [Warning] [carb] Failed to startup plugin carb.windowing-glfw.plugin (interfaces: [carb::windowing::IGLContext v1.0],[carb::windowing::IWindowing v1.5]) (impl: carb.windowing-glfw.plugin)
2026-09-16T19:11:40Z [12,510ms] [Warning] [omni.log] Source: omni.hydra was already registered.
2026-09-16T19:11:41Z [13,865ms] [Warning] [pxr.Semantics] pxr.Semantics is deprecated - please use Semantics instead
2026-09-16T19:11:41Z [14,016ms] [Warning] [omni.replicator.core.scripts.extension] No material configuration file, adding configuration to material settings directly.
2026-09-16T19:11:42Z [15,323ms] [Warning] [rtx.hydra] RenderDelegate : Warning /rtx/hydra/readTransformsFromFabricInRenderDelegate and geometry streaming are enabled together but this can cause issues with dynamic objects not streaming correctly due to problems in the transform update.
/workspace/isaaclab/_isaac_sim/kit/python/lib/python3.12/site-packages/torch/cuda/__init__.py:435: UserWarning: 
    Found GPU0 NVIDIA GB10 which is of cuda capability 12.1.
    Minimum and Maximum cuda capability supported by this version of PyTorch is
    (8.0) - (12.0)
    
  queued_call()
[ISAACLAB] AppLauncher initialization complete
REFERENCE_SCREEN_APP_READY
[INFO]: Registered backend 'kit' for factory Visualizer.
2026-09-16T19:11:46Z [18,773ms] [Warning] [omni.physx.tensors.plugin] Failed to find contact report API at '/Robot_000/joints'
2026-09-16T19:11:46Z [19,102ms] [Warning] [omni.syntheticdata.plugin] OgnSdPostRenderVarToHost : rendervar copy from texture directly to host buffer is counter-performant. Please use copy from texture to device buffer first.
2026-09-16T19:11:47Z [19,620ms] [Warning] [omni.kit.material.library.material_extensions] Could not initialize context menu integration: No module named 'omni.kit.context_menu'
{"case_ids": ["trajectory:forward_0.05"], "controls": 100, "requested_controls": 1000}
{"case_ids": ["trajectory:forward_0.05"], "controls": 200, "requested_controls": 1000}
{"case_ids": ["trajectory:forward_0.05"], "controls": 300, "requested_controls": 1000}
{"case_ids": ["trajectory:forward_0.05"], "controls": 400, "requested_controls": 1000}
{"case_ids": ["trajectory:forward_0.05"], "controls": 500, "requested_controls": 1000}
{"case_ids": ["trajectory:forward_0.05"], "controls": 600, "requested_controls": 1000}
{"case_ids": ["trajectory:forward_0.05"], "controls": 700, "requested_controls": 1000}
{"case_ids": ["trajectory:forward_0.05"], "controls": 800, "requested_controls": 1000}
{"case_ids": ["trajectory:forward_0.05"], "controls": 900, "requested_controls": 1000}
{"case_ids": ["trajectory:forward_0.05"], "controls": 1000, "requested_controls": 1000}
