{
  "raw": 96,
  "source": 933,
  "all32_standing_quiet": true,
  "repeat_control_exact": true,
  "repeat_substep_exact": true,
  "paired_effects": [
    {
      "case": "origin_a",
      "max_abs_paired_change_rad": 0.0,
      "max_error_rad": 0.40848742228234397,
      "max_error_ratio_to_origin": 1.0
    },
    {
      "case": "near",
      "max_abs_paired_change_rad": 0.009721913188873253,
      "max_error_rad": 0.41039675151230776,
      "max_error_ratio_to_origin": 1.0046741444798857
    },
    {
      "case": "far",
      "max_abs_paired_change_rad": 0.024685070239584085,
      "max_error_rad": 0.39765169474994727,
      "max_error_ratio_to_origin": 0.9734735344558366
    },
    {
      "case": "near_opposite",
      "max_abs_paired_change_rad": 0.009640956923425963,
      "max_error_rad": 0.4101661586202675,
      "max_error_ratio_to_origin": 1.0041096402149763
    },
    {
      "case": "origin_repeat",
      "max_abs_paired_change_rad": 0.0,
      "max_error_rad": 0.40848742228234397,
      "max_error_ratio_to_origin": 1.0
    }
  ]
}
origin_a tau 1.4782832860946655 rms 0.02550671622157097 delta -0.0004253387451171875 int 0.4080620835372268 err 0.40848742228234397 bodyquant 0.0
near tau 1.4838526248931885 rms 0.025609206408262253 delta -0.0006971359252929688 int 0.4096996155870148 err 0.41039675151230776 bodyquant 5.066394805908203e-07
far tau 1.4535324573516846 rms 0.02483723871409893 delta -0.00022673606872558594 int 0.3974249586812217 err 0.39765169474994727 bodyquant 3.069639205932617e-06
near_opposite tau 1.4821257591247559 rms 0.02559722773730755 delta -0.0006809234619140625 int 0.40948523515835344 err 0.4101661586202675 bodyquant 5.066394805908203e-07
origin_repeat tau 1.4782832860946655 rms 0.02550671622157097 delta -0.0004253387451171875 int 0.4080620835372268 err 0.40848742228234397 bodyquant 0.0
