{
  "all_raw_verified": 33,
  "recorded_gap_mm": 5.579826422035694,
  "400_float64_gap_mm": 6.979295304510215,
  "quiet_first_sample_s": 37.94,
  "reference_mode_residuals": {
    "paired_unloading": {
      "controls": 11,
      "residual_m": [
        1.7092453310851853e-05,
        -5.843188507171243e-05,
        -3.84074530302314e-06
      ]
    },
    "paired_motion": {
      "controls": 1029,
      "residual_m": [
        0.0018931762892568586,
        -0.005641805537313893,
        -0.0003158965331268603
      ]
    },
    "contact_hold": {
      "controls": 160,
      "residual_m": [
        0.00025923092165612604,
        -0.0009231061348691581,
        -4.78960675412665e-05
      ]
    }
  }
}
