verified run/train_10/state.json
verified run/train_10/raw/trace.npz
verified run/train_10/raw/physics_substeps.npz
verified run/train_10/raw/reference_states.npz
verified forecast_pause/launch.json
verified forecast_pause/pause.json
verified forecast_pause/restore.lock
verified forecast_pause/restored.json
verified forecast_pause/resume_forecasting.py
verified run/jobs/train_10.json
verified run/jobs/train_10_contact_data_audit.json
verified run/learning_campaign.json
verified run/logs/train_10.log
verified run/train_10/environment.yaml
verified run/train_10/raw/episodes.json
verified run/train_10/raw/learning_ledger/00000_history_initialization.npz
verified run/train_10/raw/learning_ledger/00001_reset.npz
verified run/train_10/raw/learning_ledger/00002_bootstrap.npz
verified run/train_10/raw/learning_ledger/00003_reset.npz
verified run/train_10/raw/learning_ledger/00004_bootstrap.npz
verified run/train_10/raw/learning_ledger/00005_history_initialization.npz
verified run/train_10/raw/learning_ledger/00006_history_initialization.npz
verified run/train_10/raw/learning_ledger/00007_reset.npz
verified run/train_10/raw/learning_ledger/00008_bootstrap.npz
verified run/train_10/raw/learning_ledger/00009_reset.npz
verified run/train_10/raw/learning_ledger/00010_bootstrap.npz
verified run/train_10/raw/learning_ledger/00011_reset.npz
verified run/train_10/raw/learning_ledger/00012_bootstrap.npz
verified run/train_10/raw/learning_ledger/00013_history_initialization.npz
verified run/train_10/raw/learning_ledger/00014_history_initialization.npz
verified run/train_10/raw/learning_ledger/00015_history_initialization.npz
verified run/train_10/raw/learning_ledger/00016_reset.npz
verified run/train_10/raw/learning_ledger/00017_bootstrap.npz
verified run/train_10/raw/learning_ledger/00018_reset.npz
verified run/train_10/raw/learning_ledger/00019_bootstrap.npz
verified run/train_10/raw/learning_ledger/00020_history_initialization.npz
verified run/train_10/raw/learning_ledger/00021_history_initialization.npz
verified run/train_10/raw/learning_ledger/00022_reset.npz
verified run/train_10/raw/learning_ledger/00023_bootstrap.npz
verified run/train_10/raw/learning_ledger/summary.json
verified run/train_10/raw/physics_substep_review.json
verified run/train_10/raw/reset_clocks.npz
verified run/train_10/raw/sensor_clocks.npz
verified run/train_10/raw/session.json
verified run/train_10/solver_comparison.json
verified run/train_10/updates.jsonl
