time="2026-09-14T19:53:39-05:00" level=warning msg="No services to build"
time="2026-09-14T19:53:39-05:00" level=warning msg="No services to build"
 Container hexapod-reference-physics-3e67de952d2e42ec884bcb762d9ad153 Creating 
 Container hexapod-reference-physics-3e67de952d2e42ec884bcb762d9ad153 Created 
Loading user config located at: '/isaac-sim/kit/data/Kit/IsaacLab/3.0/user.config.json'
2026-09-15T00:53:39Z [Info] [carb] Logging to file: /isaac-sim/kit/logs/Kit/IsaacLab/3.0/kit_20260915_005339.log
2026-09-15T00:53:39Z [2ms] [Warning] [omni.ext.plugin] [ext: logs] Extensions config 'extension.toml' doesn't exist '/output/logs' or '/output/logs/config'
2026-09-15T00:53:39Z [2ms] [Warning] [omni.ext.plugin] [ext: standing] Extensions config 'extension.toml' doesn't exist '/output/standing' or '/output/standing/config'
2026-09-15T00:53:39Z [3ms] [Warning] [omni.ext.plugin] [ext: isaaclab_visualizers] Extensions config 'extension.toml' doesn't exist '/workspace/isaaclab/source/isaaclab_visualizers' or '/workspace/isaaclab/source/isaaclab_visualizers/config'
2026-09-15T00:53:39Z [3ms] [Warning] [omni.ext.plugin] [ext: jobs] Extensions config 'extension.toml' doesn't exist '/output/jobs' or '/output/jobs/config'
2026-09-15T00:53:40Z [210ms] [Warning] [carb.omniclient.plugin]  45: OmniHub: ThreadId(02) Hub encountered error. Trying to reconnect to Hub. retry_reason="Hub failed to launch: Io(\"child exited with exit status: 1 without writing file \\\"/tmp/hub-ubuntu-77F6B5D.config.json\\\"\")"
2026-09-15T00:53:40Z [282ms] [Warning] [carb.omniclient.plugin]  45: OmniHub: ThreadId(02) Hub encountered error. Trying to reconnect to Hub. retry_reason="Hub failed to launch: Io(\"child exited with exit status: 1 without writing file \\\"/tmp/hub-ubuntu-77F6B5D.config.json\\\"\")"
2026-09-15T00:53:40Z [364ms] [Warning] [carb.omniclient.plugin]  45: OmniHub: ThreadId(02) Hub encountered error. Trying to reconnect to Hub. retry_reason="Hub failed to launch: Io(\"child exited with exit status: 1 without writing file \\\"/tmp/hub-ubuntu-77F6B5D.config.json\\\"\")"
2026-09-15T00:53:40Z [456ms] [Warning] [carb.omniclient.plugin]  45: OmniHub: ThreadId(02) Hub encountered error. Trying to reconnect to Hub. retry_reason="Hub failed to launch: Io(\"child exited with exit status: 1 without writing file \\\"/tmp/hub-ubuntu-77F6B5D.config.json\\\"\")"
2026-09-15T00:53:40Z [560ms] [Warning] [carb.omniclient.plugin]  45: OmniHub: ThreadId(02) Hub encountered error. Trying to reconnect to Hub. retry_reason="Hub failed to launch: Io(\"child exited with exit status: 1 without writing file \\\"/tmp/hub-ubuntu-77F6B5D.config.json\\\"\")"
2026-09-15T00:53:40Z [672ms] [Warning] [carb.omniclient.plugin]  45: OmniHub: ThreadId(02) Hub encountered error. Trying to reconnect to Hub. retry_reason="Hub failed to launch: Io(\"child exited with exit status: 1 without writing file \\\"/tmp/hub-ubuntu-77F6B5D.config.json\\\"\")"
2026-09-15T00:53:40Z [794ms] [Warning] [carb.omniclient.plugin]  45: OmniHub: ThreadId(02) Hub encountered error. Trying to reconnect to Hub. retry_reason="Hub failed to launch: Io(\"child exited with exit status: 1 without writing file \\\"/tmp/hub-ubuntu-77F6B5D.config.json\\\"\")"
2026-09-15T00:53:40Z [928ms] [Warning] [carb.omniclient.plugin]  45: OmniHub: ThreadId(02) Hub encountered error. Trying to reconnect to Hub. retry_reason="Hub failed to launch: Io(\"child exited with exit status: 1 without writing file \\\"/tmp/hub-ubuntu-77F6B5D.config.json\\\"\")"
2026-09-15T00:53:40Z [1,071ms] [Warning] [carb.omniclient.plugin]  45: OmniHub: ThreadId(02) Hub encountered error. Trying to reconnect to Hub. retry_reason="Hub failed to launch: Io(\"child exited with exit status: 1 without writing file \\\"/tmp/hub-ubuntu-77F6B5D.config.json\\\"\")"
2026-09-15T00:53:41Z [1,223ms] [Warning] [carb.omniclient.plugin]  45: OmniHub: ThreadId(02) Hub encountered error. Trying to reconnect to Hub. retry_reason="Hub failed to launch: Io(\"child exited with exit status: 1 without writing file \\\"/tmp/hub-ubuntu-77F6B5D.config.json\\\"\")"
2026-09-15T00:53:41Z [1,385ms] [Warning] [carb.omniclient.plugin]  45: OmniHub: ThreadId(02) Hub encountered error. Trying to reconnect to Hub. retry_reason="Hub failed to launch: Io(\"child exited with exit status: 1 without writing file \\\"/tmp/hub-ubuntu-77F6B5D.config.json\\\"\")"
2026-09-15T00:53:41Z [1,557ms] [Warning] [carb.omniclient.plugin]  45: OmniHub: ThreadId(02) Hub encountered error. Trying to reconnect to Hub. retry_reason="Hub failed to launch: Io(\"child exited with exit status: 1 without writing file \\\"/tmp/hub-ubuntu-77F6B5D.config.json\\\"\")"
2026-09-15T00:53:41Z [1,739ms] [Warning] [carb.omniclient.plugin]  45: OmniHub: ThreadId(02) Hub encountered error. Trying to reconnect to Hub. retry_reason="Hub failed to launch: Io(\"child exited with exit status: 1 without writing file \\\"/tmp/hub-ubuntu-77F6B5D.config.json\\\"\")"
2026-09-15T00:53:41Z [1,931ms] [Warning] [carb.omniclient.plugin]  45: OmniHub: ThreadId(02) Hub encountered error. Trying to reconnect to Hub. retry_reason="Hub failed to launch: Io(\"child exited with exit status: 1 without writing file \\\"/tmp/hub-ubuntu-77F6B5D.config.json\\\"\")"
2026-09-15T00:53:41Z [2,135ms] [Warning] [carb.omniclient.plugin]  45: OmniHub: ThreadId(02) Hub encountered error. Trying to reconnect to Hub. retry_reason="Hub failed to launch: Io(\"child exited with exit status: 1 without writing file \\\"/tmp/hub-ubuntu-77F6B5D.config.json\\\"\")"
2026-09-15T00:53:42Z [2,348ms] [Warning] [carb.omniclient.plugin]  45: OmniHub: ThreadId(02) Hub encountered error. Trying to reconnect to Hub. retry_reason="Hub failed to launch: Io(\"child exited with exit status: 1 without writing file \\\"/tmp/hub-ubuntu-77F6B5D.config.json\\\"\")"
2026-09-15T00:53:42Z [2,570ms] [Warning] [carb.omniclient.plugin]  45: OmniHub: ThreadId(02) Hub encountered error. Trying to reconnect to Hub. retry_reason="Hub failed to launch: Io(\"child exited with exit status: 1 without writing file \\\"/tmp/hub-ubuntu-77F6B5D.config.json\\\"\")"
2026-09-15T00:53:42Z [2,802ms] [Warning] [carb.omniclient.plugin]  45: OmniHub: ThreadId(02) Hub encountered error. Trying to reconnect to Hub. retry_reason="Hub failed to launch: Io(\"child exited with exit status: 1 without writing file \\\"/tmp/hub-ubuntu-77F6B5D.config.json\\\"\")"
2026-09-15T00:53:42Z [3,044ms] [Warning] [carb.omniclient.plugin]  45: OmniHub: ThreadId(02) Hub encountered error. Trying to reconnect to Hub. retry_reason="Hub failed to launch: Io(\"child exited with exit status: 1 without writing file \\\"/tmp/hub-ubuntu-77F6B5D.config.json\\\"\")"
2026-09-15T00:53:43Z [3,297ms] [Warning] [carb.omniclient.plugin]  45: OmniHub: ThreadId(02) Hub encountered error. Trying to reconnect to Hub. retry_reason="Hub failed to launch: Io(\"child exited with exit status: 1 without writing file \\\"/tmp/hub-ubuntu-77F6B5D.config.json\\\"\")"
2026-09-15T00:53:43Z [3,560ms] [Warning] [carb.omniclient.plugin]  45: OmniHub: ThreadId(02) Hub encountered error. Trying to reconnect to Hub. retry_reason="Hub failed to launch: Io(\"child exited with exit status: 1 without writing file \\\"/tmp/hub-ubuntu-77F6B5D.config.json\\\"\")"
2026-09-15T00:53:43Z [3,833ms] [Warning] [carb.omniclient.plugin]  45: OmniHub: ThreadId(02) Hub encountered error. Trying to reconnect to Hub. retry_reason="Hub failed to launch: Io(\"child exited with exit status: 1 without writing file \\\"/tmp/hub-ubuntu-77F6B5D.config.json\\\"\")"
2026-09-15T00:53:43Z [4,116ms] [Warning] [carb.omniclient.plugin]  45: OmniHub: ThreadId(02) Hub encountered error. Trying to reconnect to Hub. retry_reason="Hub failed to launch: Io(\"child exited with exit status: 1 without writing file \\\"/tmp/hub-ubuntu-77F6B5D.config.json\\\"\")"
2026-09-15T00:53:44Z [4,409ms] [Warning] [carb.omniclient.plugin]  45: OmniHub: ThreadId(02) Hub encountered error. Trying to reconnect to Hub. retry_reason="Hub failed to launch: Io(\"child exited with exit status: 1 without writing file \\\"/tmp/hub-ubuntu-77F6B5D.config.json\\\"\")"
2026-09-15T00:53:44Z [4,712ms] [Warning] [carb.omniclient.plugin]  45: OmniHub: ThreadId(02) Hub encountered error. Trying to reconnect to Hub. retry_reason="Hub failed to launch: Io(\"child exited with exit status: 1 without writing file \\\"/tmp/hub-ubuntu-77F6B5D.config.json\\\"\")"
2026-09-15T00:53:44Z [5,025ms] [Warning] [carb.omniclient.plugin]  45: OmniHub: ThreadId(02) Hub encountered error. Trying to reconnect to Hub. retry_reason="Hub failed to launch: Io(\"child exited with exit status: 1 without writing file \\\"/tmp/hub-ubuntu-77F6B5D.config.json\\\"\")"
2026-09-15T00:53:45Z [5,347ms] [Warning] [carb.omniclient.plugin]  45: OmniHub: ThreadId(02) Hub encountered error. Trying to reconnect to Hub. retry_reason="Hub failed to launch: Io(\"child exited with exit status: 1 without writing file \\\"/tmp/hub-ubuntu-77F6B5D.config.json\\\"\")"
2026-09-15T00:53:45Z [5,681ms] [Warning] [carb.omniclient.plugin]  45: OmniHub: ThreadId(02) Hub encountered error. Trying to reconnect to Hub. retry_reason="Hub failed to launch: Io(\"child exited with exit status: 1 without writing file \\\"/tmp/hub-ubuntu-77F6B5D.config.json\\\"\")"
2026-09-15T00:53:45Z [6,023ms] [Warning] [carb.omniclient.plugin]  45: OmniHub: ThreadId(02) Hub encountered error. Trying to reconnect to Hub. retry_reason="Hub failed to launch: Io(\"child exited with exit status: 1 without writing file \\\"/tmp/hub-ubuntu-77F6B5D.config.json\\\"\")"
2026-09-15T00:53:46Z [6,377ms] [Warning] [carb.omniclient.plugin]  45: OmniHub: ThreadId(02) Hub encountered error. Trying to reconnect to Hub. retry_reason="Hub failed to launch: Io(\"child exited with exit status: 1 without writing file \\\"/tmp/hub-ubuntu-77F6B5D.config.json\\\"\")"
2026-09-15T00:53:46Z [6,741ms] [Warning] [carb.omniclient.plugin]  45: OmniHub: ThreadId(02) Hub encountered error. Trying to reconnect to Hub. retry_reason="Hub failed to launch: Io(\"child exited with exit status: 1 without writing file \\\"/tmp/hub-ubuntu-77F6B5D.config.json\\\"\")"
2026-09-15T00:53:46Z [7,113ms] [Warning] [carb.omniclient.plugin]  45: OmniHub: ThreadId(02) Hub encountered error. Trying to reconnect to Hub. retry_reason="Hub failed to launch: Io(\"child exited with exit status: 1 without writing file \\\"/tmp/hub-ubuntu-77F6B5D.config.json\\\"\")"
2026-09-15T00:53:47Z [7,497ms] [Warning] [carb.omniclient.plugin]  45: OmniHub: ThreadId(02) Hub encountered error. Trying to reconnect to Hub. retry_reason="Hub failed to launch: Io(\"child exited with exit status: 1 without writing file \\\"/tmp/hub-ubuntu-77F6B5D.config.json\\\"\")"
2026-09-15T00:53:47Z [7,891ms] [Warning] [carb.omniclient.plugin]  45: OmniHub: ThreadId(02) Hub encountered error. Trying to reconnect to Hub. retry_reason="Hub failed to launch: Io(\"child exited with exit status: 1 without writing file \\\"/tmp/hub-ubuntu-77F6B5D.config.json\\\"\")"
2026-09-15T00:53:48Z [8,294ms] [Warning] [carb.omniclient.plugin]  45: OmniHub: ThreadId(02) Hub encountered error. Trying to reconnect to Hub. retry_reason="Hub failed to launch: Io(\"child exited with exit status: 1 without writing file \\\"/tmp/hub-ubuntu-77F6B5D.config.json\\\"\")"
2026-09-15T00:53:48Z [8,706ms] [Warning] [carb.omniclient.plugin]  45: OmniHub: ThreadId(02) Hub encountered error. Trying to reconnect to Hub. retry_reason="Hub failed to launch: Io(\"child exited with exit status: 1 without writing file \\\"/tmp/hub-ubuntu-77F6B5D.config.json\\\"\")"
2026-09-15T00:53:48Z [9,129ms] [Warning] [carb.omniclient.plugin]  45: OmniHub: ThreadId(02) Hub encountered error. Trying to reconnect to Hub. retry_reason="Hub failed to launch: Io(\"child exited with exit status: 1 without writing file \\\"/tmp/hub-ubuntu-77F6B5D.config.json\\\"\")"
2026-09-15T00:53:49Z [9,561ms] [Warning] [carb.omniclient.plugin]  45: OmniHub: ThreadId(02) Hub encountered error. Trying to reconnect to Hub. retry_reason="Hub failed to launch: Io(\"child exited with exit status: 1 without writing file \\\"/tmp/hub-ubuntu-77F6B5D.config.json\\\"\")"
2026-09-15T00:53:49Z [10,003ms] [Warning] [carb.omniclient.plugin]  45: OmniHub: ThreadId(02) Hub encountered error. Trying to reconnect to Hub. retry_reason="Hub failed to launch: Io(\"child exited with exit status: 1 without writing file \\\"/tmp/hub-ubuntu-77F6B5D.config.json\\\"\")"
WARNING: All log messages before absl::InitializeLog() is called are written to STDERR
E0000 00:00:1789433630.258016      11 descriptor_database.cc:633] File already exists in database: grpc/health/v1/health.proto
W0000 00:00:1789433630.258039      11 message.cc:301] Protobuf GeneratedMessageFactory: File is already registered: grpc/health/v1/health.proto
2026-09-15T00:53:50Z [10,486ms] [Warning] [omni.platforminfo.plugin] failed to open the default display.  Can't verify X Server version.

|---------------------------------------------------------------------------------------------|
| Driver Version: 580.173.02    | Graphics API: Vulkan
|=============================================================================================|
| GPU | Name                             | Active | LDA | GPU Memory | Vendor-ID | LUID       |
|     |                                  |        |     |            | Device-ID | UUID       |
|     |                                  |        |     |            | Bus-ID    |            |
|---------------------------------------------------------------------------------------------|
| 0   | NVIDIA GB10                      | Yes: 0 |     | 93457   MB | 10de      | 0          |
|     |                                  |        |     |            | 2e12      | 2166d556.. |
|     |                                  |        |     |            | 1         |            |
|=============================================================================================|
| OS: 24.04.3 LTS (Noble Numbat) ubuntu, Version: 24.04.3, Kernel: 6.17.0-1031-nvidia
| Processor: Cortex-A725
| Cores: 20 | Logical Cores: 20
|---------------------------------------------------------------------------------------------|
| Total Memory (MB): 124609 | Free Memory: 119716
| Total Page/Swap (MB): 16383 | Free Page/Swap: 0
|---------------------------------------------------------------------------------------------|
2026-09-15T00:53:51Z [12,135ms] [Warning] [carb.windowing-glfw.plugin] GLFW initialization failed.
2026-09-15T00:53:51Z [12,135ms] [Warning] [carb] Failed to startup plugin carb.windowing-glfw.plugin (interfaces: [carb::windowing::IGLContext v1.0],[carb::windowing::IWindowing v1.5]) (impl: carb.windowing-glfw.plugin)
2026-09-15T00:53:52Z [12,228ms] [Warning] [carb.windowing-glfw.plugin] GLFW initialization failed.
2026-09-15T00:53:52Z [12,228ms] [Warning] [carb] Failed to startup plugin carb.windowing-glfw.plugin (interfaces: [carb::windowing::IGLContext v1.0],[carb::windowing::IWindowing v1.5]) (impl: carb.windowing-glfw.plugin)
2026-09-15T00:53:52Z [12,229ms] [Warning] [carb.windowing-glfw.plugin] GLFW initialization failed.
2026-09-15T00:53:52Z [12,229ms] [Warning] [carb] Failed to startup plugin carb.windowing-glfw.plugin (interfaces: [carb::windowing::IGLContext v1.0],[carb::windowing::IWindowing v1.5]) (impl: carb.windowing-glfw.plugin)
2026-09-15T00:53:52Z [12,526ms] [Warning] [omni.log] Source: omni.hydra was already registered.
2026-09-15T00:53:53Z [13,852ms] [Warning] [pxr.Semantics] pxr.Semantics is deprecated - please use Semantics instead
2026-09-15T00:53:53Z [13,989ms] [Warning] [omni.replicator.core.scripts.extension] No material configuration file, adding configuration to material settings directly.
2026-09-15T00:53:55Z [15,287ms] [Warning] [rtx.hydra] RenderDelegate : Warning /rtx/hydra/readTransformsFromFabricInRenderDelegate and geometry streaming are enabled together but this can cause issues with dynamic objects not streaming correctly due to problems in the transform update.
/workspace/isaaclab/_isaac_sim/kit/python/lib/python3.12/site-packages/torch/cuda/__init__.py:435: UserWarning: 
    Found GPU0 NVIDIA GB10 which is of cuda capability 12.1.
    Minimum and Maximum cuda capability supported by this version of PyTorch is
    (8.0) - (12.0)
    
  queued_call()
[ISAACLAB] AppLauncher initialization complete
REFERENCE_SCREEN_APP_READY
[INFO]: Registered backend 'kit' for factory Visualizer.
2026-09-15T00:53:58Z [18,745ms] [Warning] [omni.physx.tensors.plugin] Failed to find contact report API at '/Robot_000/joints'
2026-09-15T00:53:59Z [19,775ms] [Warning] [omni.syntheticdata.plugin] OgnSdPostRenderVarToHost : rendervar copy from texture directly to host buffer is counter-performant. Please use copy from texture to device buffer first.
2026-09-15T00:54:00Z [20,470ms] [Warning] [omni.kit.material.library.material_extensions] Could not initialize context menu integration: No module named 'omni.kit.context_menu'
PAPER_EVALUATION {"probe_index": 0, "probe_count": 3, "declared_probe_count": 13, "case_ids": ["learning:translate_0.05_0deg"], "controls": 100, "requested_controls": 1000}
PAPER_EVALUATION {"probe_index": 0, "probe_count": 3, "declared_probe_count": 13, "case_ids": ["learning:translate_0.05_0deg"], "controls": 200, "requested_controls": 1000}
PAPER_EVALUATION {"probe_index": 0, "probe_count": 3, "declared_probe_count": 13, "case_ids": ["learning:translate_0.05_0deg"], "controls": 300, "requested_controls": 1000}
PAPER_EVALUATION {"probe_index": 0, "probe_count": 3, "declared_probe_count": 13, "case_ids": ["learning:translate_0.05_0deg"], "controls": 400, "requested_controls": 1000}
PAPER_EVALUATION {"probe_index": 0, "probe_count": 3, "declared_probe_count": 13, "case_ids": ["learning:translate_0.05_0deg"], "controls": 500, "requested_controls": 1000}
PAPER_EVALUATION {"probe_index": 0, "probe_count": 3, "declared_probe_count": 13, "case_ids": ["learning:translate_0.05_0deg"], "controls": 600, "requested_controls": 1000}
PAPER_EVALUATION {"probe_index": 0, "probe_count": 3, "declared_probe_count": 13, "case_ids": ["learning:translate_0.05_0deg"], "controls": 700, "requested_controls": 1000}
PAPER_EVALUATION {"probe_index": 0, "probe_count": 3, "declared_probe_count": 13, "case_ids": ["learning:translate_0.05_0deg"], "controls": 800, "requested_controls": 1000}
PAPER_EVALUATION {"probe_index": 0, "probe_count": 3, "declared_probe_count": 13, "case_ids": ["learning:translate_0.05_0deg"], "controls": 900, "requested_controls": 1000}
PAPER_EVALUATION {"probe_index": 0, "probe_count": 3, "declared_probe_count": 13, "case_ids": ["learning:translate_0.05_0deg"], "controls": 1000, "requested_controls": 1000}
PAPER_EVALUATION {"probe_index": 1, "probe_count": 3, "declared_probe_count": 13, "case_ids": ["learning:quiet_20s"], "controls": 100, "requested_controls": 1000}
PAPER_EVALUATION {"probe_index": 1, "probe_count": 3, "declared_probe_count": 13, "case_ids": ["learning:quiet_20s"], "controls": 200, "requested_controls": 1000}
PAPER_EVALUATION {"probe_index": 1, "probe_count": 3, "declared_probe_count": 13, "case_ids": ["learning:quiet_20s"], "controls": 300, "requested_controls": 1000}
PAPER_EVALUATION {"probe_index": 1, "probe_count": 3, "declared_probe_count": 13, "case_ids": ["learning:quiet_20s"], "controls": 400, "requested_controls": 1000}
PAPER_EVALUATION {"probe_index": 1, "probe_count": 3, "declared_probe_count": 13, "case_ids": ["learning:quiet_20s"], "controls": 500, "requested_controls": 1000}
PAPER_EVALUATION {"probe_index": 1, "probe_count": 3, "declared_probe_count": 13, "case_ids": ["learning:quiet_20s"], "controls": 600, "requested_controls": 1000}
PAPER_EVALUATION {"probe_index": 1, "probe_count": 3, "declared_probe_count": 13, "case_ids": ["learning:quiet_20s"], "controls": 700, "requested_controls": 1000}
PAPER_EVALUATION {"probe_index": 1, "probe_count": 3, "declared_probe_count": 13, "case_ids": ["learning:quiet_20s"], "controls": 800, "requested_controls": 1000}
PAPER_EVALUATION {"probe_index": 1, "probe_count": 3, "declared_probe_count": 13, "case_ids": ["learning:quiet_20s"], "controls": 900, "requested_controls": 1000}
PAPER_EVALUATION {"probe_index": 1, "probe_count": 3, "declared_probe_count": 13, "case_ids": ["learning:quiet_20s"], "controls": 1000, "requested_controls": 1000}
PAPER_EVALUATION {"probe_index": 2, "probe_count": 3, "declared_probe_count": 13, "case_ids": ["learning:forward_0.05_to_stop"], "controls": 100, "requested_controls": 1050}
PAPER_EVALUATION {"probe_index": 2, "probe_count": 3, "declared_probe_count": 13, "case_ids": ["learning:forward_0.05_to_stop"], "controls": 200, "requested_controls": 1050}
PAPER_EVALUATION {"probe_index": 2, "probe_count": 3, "declared_probe_count": 13, "case_ids": ["learning:forward_0.05_to_stop"], "controls": 300, "requested_controls": 1050}
PAPER_EVALUATION {"probe_index": 2, "probe_count": 3, "declared_probe_count": 13, "case_ids": ["learning:forward_0.05_to_stop"], "controls": 400, "requested_controls": 1050}
PAPER_EVALUATION {"probe_index": 2, "probe_count": 3, "declared_probe_count": 13, "case_ids": ["learning:forward_0.05_to_stop"], "controls": 500, "requested_controls": 1050}
PAPER_EVALUATION {"probe_index": 2, "probe_count": 3, "declared_probe_count": 13, "case_ids": ["learning:forward_0.05_to_stop"], "controls": 600, "requested_controls": 1050}
PAPER_EVALUATION {"probe_index": 2, "probe_count": 3, "declared_probe_count": 13, "case_ids": ["learning:forward_0.05_to_stop"], "controls": 700, "requested_controls": 1050}
PAPER_EVALUATION {"probe_index": 2, "probe_count": 3, "declared_probe_count": 13, "case_ids": ["learning:forward_0.05_to_stop"], "controls": 800, "requested_controls": 1050}
PAPER_EVALUATION {"probe_index": 2, "probe_count": 3, "declared_probe_count": 13, "case_ids": ["learning:forward_0.05_to_stop"], "controls": 900, "requested_controls": 1050}
PAPER_EVALUATION {"probe_index": 2, "probe_count": 3, "declared_probe_count": 13, "case_ids": ["learning:forward_0.05_to_stop"], "controls": 1000, "requested_controls": 1050}
