{
  "raw_payloads_verified": 32,
  "trace_sha256": "d76775110a5db0e2f61c972342b1a204d18dbf0c16d494239e5b9e431b6df742",
  "source_manifest_sha256": "a73075ebdf5d6c986728b96117495b8de85adc8db62de1c41ffbe49eb6176d66",
  "scope": "Read-only diagnosis of actual008; no successor physics proof",
  "confirmed_touchdowns": 7,
  "scheduled_liftoffs": 8,
  "failure_reason": "Returned contact lacks measured2mm flight, passed apex and actual descent",
  "failure_time_s": 20.740000000000002,
  "failure_swing_phase": 0.160000000000176,
  "final_predicates": {
    "flight_seen": true,
    "consecutive_no_force_contact_samples": 2,
    "measured_lift_m": 8.406965701882041e-06,
    "minimum_measured_lift_m": 0.002,
    "passed_apex": false,
    "actual_descent_seen": false
  },
  "failed_swing_virtual_foot_at_return_m": [
    -0.18982528194798248,
    0.17990907947933366,
    -5.0387086522455694e-05
  ],
  "failed_swing_virtual_lift_from_loaded_anchor_m": 0.0010876165816349056,
  "failed_swing_virtual_planar_travel_m": 0.004071771374492373,
  "failed_swing_actual_planar_travel_m": 0.0016082001042924585,
  "failed_swing_body_displacement_m": [
    -0.00012545264326035976,
    -0.0011878013610839844,
    -0.00017081201076507568
  ],
  "actual_to_virtual_error_at_return_m": [
    -0.003507611358723517,
    0.0035802225413389677,
    5.430729154426526e-05
  ],
  "post_settle_peak_requested_torque_nm": 1.2542022466659546,
  "post_settle_min_distal_contacts": 5
}
events [
  {
    "leg": "lf",
    "start_s": 4.0,
    "stride_m": 0.0345000018928789,
    "unloading_episodes": [
      {
        "start_index": 220,
        "end_index": 276,
        "time_after_swing_start_s": 0.41999999999999993,
        "consecutive_off_samples": 57,
        "max_lift_from_last_loaded_sample_m": 0.004639393927230534,
        "pre_off_planar_motion_from_swing_start_m": 0.0010293799287667631
      }
    ],
    "preload_world_m": [
      -0.00024050671504413645,
      0.003524400884473977,
      -0.0007293823917217113
    ]
  },
  {
    "leg": "rr",
    "start_s": 6.35999999999995,
    "stride_m": 0.046299980583579994,
    "unloading_episodes": [
      {
        "start_index": 336,
        "end_index": 397,
        "time_after_swing_start_s": 0.3800000000000505,
        "consecutive_off_samples": 62,
        "max_lift_from_last_loaded_sample_m": 0.0050495504059157315,
        "pre_off_planar_motion_from_swing_start_m": 0.0025569746752338155
      }
    ],
    "preload_world_m": [
      0.002521511877930732,
      -0.0006777223013658684,
      -0.0008870774826544026
    ]
  },
  {
    "leg": "lm",
    "start_s": 8.7199999999999,
    "stride_m": 0.05810002634926403,
    "unloading_episodes": [
      {
        "start_index": 453,
        "end_index": 516,
        "time_after_swing_start_s": 0.3600000000001007,
        "consecutive_off_samples": 64,
        "max_lift_from_last_loaded_sample_m": 0.005256988079833602,
        "pre_off_planar_motion_from_swing_start_m": 0.001216131305817057
      }
    ],
    "preload_world_m": [
      -0.0012980136743717396,
      -0.00040432097679142694,
      -0.0009674125308656856
    ]
  },
  {
    "leg": "rf",
    "start_s": 11.079999999999849,
    "stride_m": 0.06990003113262688,
    "unloading_episodes": [
      {
        "start_index": 579,
        "end_index": 622,
        "time_after_swing_start_s": 0.5200000000001506,
        "consecutive_off_samples": 44,
        "max_lift_from_last_loaded_sample_m": 0.0032393109054100894,
        "pre_off_planar_motion_from_swing_start_m": 0.0116879594249434
      }
    ],
    "preload_world_m": [
      -0.0033409932098767414,
      -0.002081138986195441,
      -0.0003591641193969042
    ]
  },
  {
    "leg": "lr",
    "start_s": 13.339999999999801,
    "stride_m": 0.08120011731217476,
    "unloading_episodes": [
      {
        "start_index": 690,
        "end_index": 741,
        "time_after_swing_start_s": 0.4800000000001994,
        "consecutive_off_samples": 52,
        "max_lift_from_last_loaded_sample_m": 0.004095157756075746,
        "pre_off_planar_motion_from_swing_start_m": 0.0073214064278302
      }
    ],
    "preload_world_m": [
      0.0018378505561323644,
      0.0008832495804800555,
      -0.0011496127018207902
    ]
  },
  {
    "leg": "rm",
    "start_s": 15.69999999999975,
    "stride_m": 0.09300021896179589,
    "unloading_episodes": [
      {
        "start_index": 807,
        "end_index": 860,
        "time_after_swing_start_s": 0.46000000000024954,
        "consecutive_off_samples": 54,
        "max_lift_from_last_loaded_sample_m": 0.004396397317813189,
        "pre_off_planar_motion_from_swing_start_m": 0.011514199437291199
      }
    ],
    "preload_world_m": [
      -0.0012329542873779353,
      -0.002148842967080228,
      -0.0005900920574923307
    ]
  },
  {
    "leg": "lf",
    "start_s": 18.0599999999997,
    "stride_m": 0.07030542725665596,
    "unloading_episodes": [
      {
        "start_index": 925,
        "end_index": 977,
        "time_after_swing_start_s": 0.4600000000002993,
        "consecutive_off_samples": 53,
        "max_lift_from_last_loaded_sample_m": 0.00433383852777415,
        "pre_off_planar_motion_from_swing_start_m": 0.007197736564561893
      }
    ],
    "preload_world_m": [
      -0.0006336382769755455,
      -0.0023866303899691688,
      -0.0007073185200131143
    ]
  },
  {
    "leg": "rr",
    "start_s": 20.41999999999965,
    "stride_m": 0.07029992013951118,
    "unloading_episodes": [
      {
        "start_index": 1034,
        "end_index": 1035,
        "time_after_swing_start_s": 0.2800000000003493,
        "consecutive_off_samples": 2,
        "max_lift_from_last_loaded_sample_m": 8.406965701882041e-06,
        "pre_off_planar_motion_from_swing_start_m": 4.413452231274883e-05
      }
    ],
    "preload_world_m": [
      2.878072600198678e-05,
      -0.0005362878937356097,
      -0.0008531829376754452
    ]
  }
]
