{
  "scope": "Single-change CPU target-prefix sensitivity only; no changed actual verdict, contact history or physical rollout",
  "source_manifest_sha256": "7c64602cae91478aebd4b03adcc79f56084db7529fd1c54c0439d061075a1c58",
  "raw_trace_sha256": "ea2c13f7ebab95569dd37ae4887de1a0e67b1ca6e977ded0403b478b9afd5717",
  "requested_body_twist": [
    0,
    0.005,
    0
  ],
  "only_changed_reference": "RR stance world anchor Z lowered 0.5 mm with quintic C2 interpolation after first confirmed RR landing; frozen original desired-body trajectory retained",
  "parameters": {
    "leg": "rr",
    "offset_z_m": -0.0005,
    "begin_control_index": 420,
    "begin_time_s": 8.42,
    "duration_s": 0.3,
    "end_time_s": 8.72
  },
  "verified_prefix_controls": 305,
  "end_at_actual_rejection_s": 10.09999999999987,
  "original_real_rejection_preserved": true,
  "original_gate_change": false,
  "all_counterfactual_IK_valid": true,
  "minimum_named_soft_joint_margin_rad": 0.08542202184198322,
  "required_joint_margin_rad": 0.02,
  "max_reference_velocity_rad_s": 0.5831587561681673,
  "reference_velocity_budget_rad_s": 1.75,
  "max_reference_acceleration_rad_s2": 1.3037725181530568,
  "reference_acceleration_budget_rad_s2": 6.0,
  "max_target_change_rad": 0.010212073308457859,
  "max_instantaneous_fixed_measurement_proportional_torque_delta_nm": 0.30636219925373576,
  "minimum_RR_jacobian_singular_value_m": 0.04108562099534177,
  "velocity_peak": {
    "time_s": 9.679999999999879,
    "joint": "revolute_2_4"
  },
  "acceleration_peak": {
    "time_s": 7.999999999999915,
    "joint": "revolute_1_3"
  },
  "hypothesis": "Restore roughly the 0.49 mm lost downward target-versus-toe vertical offset seen between RR landing and failure, without relabeling contact or lowering the 1 N threshold",
  "limitations": [
    "Original measured pose/contact data are not a counterfactual physics prediction.",
    "The 0.5 mm value tests the observed preload change; it is not an identified force-controller gain.",
    "Full swing/contact/stop and torque gates require a fresh physical run.",
    "Recorded torque headroom is only 0.0824 N m on another leg; global redistribution cannot be certified by the local PD delta.",
    "The fixed-foot reference point lies above the true contact patch during tilted-pad landing; no measured penetration is available."
  ]
}
