{
  "raw_verified": 32,
  "mass_kg": 8.26081134,
  "FK_to_SDK_toe_max_error_m": 2.3005917892219907e-07,
  "FK_to_SDK_toe_RR_max_error_m": 1.549969049143542e-07,
  "windows": {
    "last100": {
      "index_first": 405,
      "index_last": 504,
      "time_first_s": 8.120000000000001,
      "time_last_s": 10.1,
      "RR_force_min_n": 0.945591390132904,
      "RR_force_mean_n": 4.731052398681641,
      "RR_force_max_n": 10.266378402709961,
      "all_force_begin_n": [
        11.469135284423828,
        12.058671951293945,
        18.40282440185547,
        19.391136169433594,
        9.340997695922852,
        10.15984058380127
      ],
      "all_force_end_n": [
        13.810724258422852,
        0.0,
        31.93400764465332,
        21.017606735229492,
        13.419453620910645,
        0.945591390132904
      ],
      "body_delta_m": [
        0.010258061811327934,
        0.00028835830744355917,
        -0.0004318058490753174
      ],
      "RR_toe_delta_m": [
        0.0003478494956387357,
        0.00031843051186170035,
        -0.0012407697162017395
      ],
      "RR_contact_point_delta_m": [
        -0.0002462118864059448,
        -0.0001342296600341797,
        -0.00011230920790694654
      ],
      "RR_target_FK_measured_body_delta_m": [
        0.00020704227989559731,
        -8.514785035340644e-05,
        -0.0005560115307263469
      ],
      "margins_min_m": {
        "threshold_actual": 0.123863492307507,
        "five_excluding_lm_contact_geometry": 0.18238104100372227,
        "four_excluding_lm_rr_contact_geometry": 0.11904081565708242
      },
      "body_rpy_delta_deg": [
        -0.028771094387780034,
        -0.07083825633008127,
        0.07618567960326454
      ]
    },
    "RR_landing_hold": {
      "index_first": 420,
      "index_last": 435,
      "time_first_s": 8.42,
      "time_last_s": 8.72,
      "RR_force_min_n": 6.287124156951904,
      "RR_force_mean_n": 6.974522590637207,
      "RR_force_max_n": 7.746274948120117,
      "all_force_begin_n": [
        10.34522533416748,
        12.05866527557373,
        20.261837005615234,
        19.50128173828125,
        11.065868377685547,
        7.746274948120117
      ],
      "all_force_end_n": [
        9.592680931091309,
        12.957267761230469,
        20.1418514251709,
        19.525672912597656,
        12.121811866760254,
        6.807456016540527
      ],
      "body_delta_m": [
        0.0015843771398067474,
        4.530686419457197e-05,
        -6.479024887084961e-05
      ],
      "RR_toe_delta_m": [
        5.7328528000166745e-05,
        0.00012284541433063567,
        -0.00028578407803075967
      ],
      "RR_contact_point_delta_m": [
        -3.381073474884033e-05,
        5.988776683807373e-05,
        -0.00010278241825290024
      ],
      "RR_target_FK_measured_body_delta_m": [
        0.00012191842561859456,
        -2.5850279947559063e-05,
        -0.0002172343500684848
      ],
      "margins_min_m": {
        "threshold_actual": 0.21901645782539725,
        "five_excluding_lm_contact_geometry": 0.18825972069724034,
        "four_excluding_lm_rr_contact_geometry": 0.11977921880027922
      },
      "body_rpy_delta_deg": [
        -0.020744241410723965,
        -0.023361354310286492,
        0.004192624354116976
      ]
    },
    "LM_force_free": {
      "index_first": 454,
      "index_last": 504,
      "time_first_s": 9.1,
      "time_last_s": 10.1,
      "RR_force_min_n": 0.945591390132904,
      "RR_force_mean_n": 2.637679100036621,
      "RR_force_max_n": 4.2200846672058105,
      "all_force_begin_n": [
        14.038792610168457,
        0.0,
        28.804763793945312,
        20.656150817871094,
        12.800541877746582,
        3.8935720920562744
      ],
      "all_force_end_n": [
        13.810724258422852,
        0.0,
        31.93400764465332,
        21.017606735229492,
        13.419453620910645,
        0.945591390132904
      ],
      "body_delta_m": [
        0.005699824541807175,
        0.00015768385492265224,
        -6.879866123199463e-05
      ],
      "RR_toe_delta_m": [
        0.00012661455192899962,
        2.098887526111315e-05,
        -0.000479552592915794
      ],
      "RR_contact_point_delta_m": [
        -0.0002215951681137085,
        -0.0002626478672027588,
        0.00015800764958839864
      ],
      "RR_target_FK_measured_body_delta_m": [
        0.0007717741730013938,
        3.765324921170543e-05,
        -0.00029907807631593397
      ],
      "margins_min_m": {
        "threshold_actual": 0.123863492307507,
        "five_excluding_lm_contact_geometry": 0.18238104100372227,
        "four_excluding_lm_rr_contact_geometry": 0.12102926212520193
      },
      "body_rpy_delta_deg": [
        0.028586217639969998,
        -0.1155859249277073,
        0.047251547783744734
      ]
    }
  },
  "last100_400Hz": {
    "count": 801,
    "first_s": 8.1,
    "last_s": 10.1,
    "maximum_requested_torque_nm": 1.5175960063934326,
    "peak_time_s": 10.0975,
    "peak_joint": "revolute_2_6",
    "whole_robot_com_world_min_m": [
      0.01697847201587511,
      0.0030635371991553115,
      0.0970201511633648
    ],
    "whole_robot_com_world_max_m": [
      0.02699499980394303,
      0.0033129553783478316,
      0.09744073637901417
    ]
  }
}
