verified run/profile_32/raw/sensor_clocks.npz
verified run/profile_32/raw/physics_substep_review.json
verified run/profile_32/raw/episodes.json
verified run/profile_32/raw/session.json
verified run/profile_32/state.json
verified run/profile_32/environment.yaml
verified run/profile_32/raw/reference_states.npz
verified run/profile_32/solver_comparison.json
verified forecast_pause/restore.lock
verified run/standing/reference_states.json
verified run/profile_32/raw/trace.npz
verified run/profile_32/raw/physics_substeps.npz
verified run/standing_accepted.json
verified forecast_pause/restored.json
verified run/jobs/calibration_contact_data_audit.json
verified run/jobs/profile_32_contact_data_audit.json
verified run/jobs/standing_contact_data_audit.json
verified run/standing_immutable.sha256.json
verified run/jobs/standing.json
verified run/jobs/calibration.json
verified run/jobs/profile_32.json
verified run/calibration_immutable.sha256.json
verified forecast_pause/launch.json
verified forecast_pause/pause.json
verified run/calibration/initial.pt.json
verified forecast_pause/resume_forecasting.py
verified preflight/reference_moving_ppo_preflight_001.py
verified run/calibration_accepted.json
verified preflight/reference_moving_ppo_preflight_001.json
verified run/calibration/observation_schema.json
verified run/campaign.json
verified run/standing/startup_reference.json
verified run/calibration/reference_state.npz
verified run/standing/environment.yaml
verified run/calibration/environment.yaml
verified run/calibration/sensor_clocks.npz
verified run/inputs/study_before.sha256.json
verified run/calibration/physics_substep_review.json
verified run/standing/physics_substep_review.json
verified run/calibration/state.json
verified run/calibration/final_observation.npz
verified run/logs/standing.log
verified run/logs/profile_32.log
verified run/logs/calibration.log
verified run/standing/admission.json
verified run/standing/state.json
verified run/calibration/solver_comparison.json
verified run/calibration/calibration.json
verified run/standing/solver_comparison.json
verified run/calibration/initial.pt
verified run/standing/physics_control_integrals.npz
verified run/calibration/physics_control_integrals.npz
verified run/calibration/trace.npz
verified run/standing/trace.npz
verified run/standing/physics_substeps.npz
verified run/calibration/physics_substeps.npz
ALL 56 raw payloads verified
