2026-09-05T20:48:27.005514545Z Loading user config located at: '/isaac-sim/kit/data/Kit/IsaacLab/3.0/user.config.json'
2026-09-05T20:48:27.005558754Z 2026-09-05T20:48:25Z [0ms] [Warning] [omni.ext.plugin] [ext: isaaclab_visualizers] Extensions config 'extension.toml' doesn't exist '/workspace/isaaclab/source/isaaclab_visualizers' or '/workspace/isaaclab/source/isaaclab_visualizers/config'
2026-09-05T20:48:27.005560850Z 2026-09-05T20:48:25Z [118ms] [Warning] [carb.omniclient.plugin]  125: OmniHub: ThreadId(02) Hub encountered error. Trying to reconnect to Hub. retry_reason="Hub failed to launch: Io(\"child exited with exit status: 1 without writing file \\\"/tmp/hub-ubuntu-E4D6222C.config.json\\\"\")"
2026-09-05T20:48:27.005562418Z 2026-09-05T20:48:25Z [190ms] [Warning] [carb.omniclient.plugin]  125: OmniHub: ThreadId(02) Hub encountered error. Trying to reconnect to Hub. retry_reason="Hub failed to launch: Io(\"child exited with exit status: 1 without writing file \\\"/tmp/hub-ubuntu-E4D6222C.config.json\\\"\")"
2026-09-05T20:48:27.005563778Z 2026-09-05T20:48:25Z [272ms] [Warning] [carb.omniclient.plugin]  125: OmniHub: ThreadId(02) Hub encountered error. Trying to reconnect to Hub. retry_reason="Hub failed to launch: Io(\"child exited with exit status: 1 without writing file \\\"/tmp/hub-ubuntu-E4D6222C.config.json\\\"\")"
2026-09-05T20:48:27.005565394Z 2026-09-05T20:48:25Z [364ms] [Warning] [carb.omniclient.plugin]  125: OmniHub: ThreadId(02) Hub encountered error. Trying to reconnect to Hub. retry_reason="Hub failed to launch: Io(\"child exited with exit status: 1 without writing file \\\"/tmp/hub-ubuntu-E4D6222C.config.json\\\"\")"
2026-09-05T20:48:27.005566754Z 2026-09-05T20:48:25Z [466ms] [Warning] [carb.omniclient.plugin]  125: OmniHub: ThreadId(02) Hub encountered error. Trying to reconnect to Hub. retry_reason="Hub failed to launch: Io(\"child exited with exit status: 1 without writing file \\\"/tmp/hub-ubuntu-E4D6222C.config.json\\\"\")"
2026-09-05T20:48:27.005568338Z 2026-09-05T20:48:25Z [578ms] [Warning] [carb.omniclient.plugin]  125: OmniHub: ThreadId(02) Hub encountered error. Trying to reconnect to Hub. retry_reason="Hub failed to launch: Io(\"child exited with exit status: 1 without writing file \\\"/tmp/hub-ubuntu-E4D6222C.config.json\\\"\")"
2026-09-05T20:48:27.005569618Z 2026-09-05T20:48:25Z [699ms] [Warning] [carb.omniclient.plugin]  125: OmniHub: ThreadId(02) Hub encountered error. Trying to reconnect to Hub. retry_reason="Hub failed to launch: Io(\"child exited with exit status: 1 without writing file \\\"/tmp/hub-ubuntu-E4D6222C.config.json\\\"\")"
2026-09-05T20:48:27.005570834Z 2026-09-05T20:48:26Z [832ms] [Warning] [carb.omniclient.plugin]  125: OmniHub: ThreadId(02) Hub encountered error. Trying to reconnect to Hub. retry_reason="Hub failed to launch: Io(\"child exited with exit status: 1 without writing file \\\"/tmp/hub-ubuntu-E4D6222C.config.json\\\"\")"
2026-09-05T20:48:27.005572002Z 2026-09-05T20:48:26Z [974ms] [Warning] [carb.omniclient.plugin]  125: OmniHub: ThreadId(02) Hub encountered error. Trying to reconnect to Hub. retry_reason="Hub failed to launch: Io(\"child exited with exit status: 1 without writing file \\\"/tmp/hub-ubuntu-E4D6222C.config.json\\\"\")"
2026-09-05T20:48:27.005573218Z 2026-09-05T20:48:26Z [1,126ms] [Warning] [carb.omniclient.plugin]  125: OmniHub: ThreadId(02) Hub encountered error. Trying to reconnect to Hub. retry_reason="Hub failed to launch: Io(\"child exited with exit status: 1 without writing file \\\"/tmp/hub-ubuntu-E4D6222C.config.json\\\"\")"
2026-09-05T20:48:27.005578194Z 2026-09-05T20:48:26Z [1,288ms] [Warning] [carb.omniclient.plugin]  125: OmniHub: ThreadId(02) Hub encountered error. Trying to reconnect to Hub. retry_reason="Hub failed to launch: Io(\"child exited with exit status: 1 without writing file \\\"/tmp/hub-ubuntu-E4D6222C.config.json\\\"\")"
2026-09-05T20:48:27.005579538Z 2026-09-05T20:48:26Z [1,459ms] [Warning] [carb.omniclient.plugin]  125: OmniHub: ThreadId(02) Hub encountered error. Trying to reconnect to Hub. retry_reason="Hub failed to launch: Io(\"child exited with exit status: 1 without writing file \\\"/tmp/hub-ubuntu-E4D6222C.config.json\\\"\")"
2026-09-05T20:48:27.005580674Z 2026-09-05T20:48:26Z [1,641ms] [Warning] [carb.omniclient.plugin]  125: OmniHub: ThreadId(02) Hub encountered error. Trying to reconnect to Hub. retry_reason="Hub failed to launch: Io(\"child exited with exit status: 1 without writing file \\\"/tmp/hub-ubuntu-E4D6222C.config.json\\\"\")"
2026-09-05T20:48:27.005582018Z 2026-09-05T20:48:27Z [1,833ms] [Warning] [carb.omniclient.plugin]  125: OmniHub: ThreadId(02) Hub encountered error. Trying to reconnect to Hub. retry_reason="Hub failed to launch: Io(\"child exited with exit status: 1 without writing file \\\"/tmp/hub-ubuntu-E4D6222C.config.json\\\"\")"
2026-09-05T20:48:31.084729992Z 2026-09-05T20:48:27Z [2,036ms] [Warning] [carb.omniclient.plugin]  125: OmniHub: ThreadId(02) Hub encountered error. Trying to reconnect to Hub. retry_reason="Hub failed to launch: Io(\"child exited with exit status: 1 without writing file \\\"/tmp/hub-ubuntu-E4D6222C.config.json\\\"\")"
2026-09-05T20:48:31.084771145Z 2026-09-05T20:48:27Z [2,247ms] [Warning] [carb.omniclient.plugin]  125: OmniHub: ThreadId(02) Hub encountered error. Trying to reconnect to Hub. retry_reason="Hub failed to launch: Io(\"child exited with exit status: 1 without writing file \\\"/tmp/hub-ubuntu-E4D6222C.config.json\\\"\")"
2026-09-05T20:48:31.084774441Z 2026-09-05T20:48:27Z [2,469ms] [Warning] [carb.omniclient.plugin]  125: OmniHub: ThreadId(02) Hub encountered error. Trying to reconnect to Hub. retry_reason="Hub failed to launch: Io(\"child exited with exit status: 1 without writing file \\\"/tmp/hub-ubuntu-E4D6222C.config.json\\\"\")"
2026-09-05T20:48:31.084777113Z 2026-09-05T20:48:27Z [2,701ms] [Warning] [carb.omniclient.plugin]  125: OmniHub: ThreadId(02) Hub encountered error. Trying to reconnect to Hub. retry_reason="Hub failed to launch: Io(\"child exited with exit status: 1 without writing file \\\"/tmp/hub-ubuntu-E4D6222C.config.json\\\"\")"
2026-09-05T20:48:31.084779705Z 2026-09-05T20:48:28Z [2,943ms] [Warning] [carb.omniclient.plugin]  125: OmniHub: ThreadId(02) Hub encountered error. Trying to reconnect to Hub. retry_reason="Hub failed to launch: Io(\"child exited with exit status: 1 without writing file \\\"/tmp/hub-ubuntu-E4D6222C.config.json\\\"\")"
2026-09-05T20:48:31.084782009Z 2026-09-05T20:48:28Z [3,194ms] [Warning] [carb.omniclient.plugin]  125: OmniHub: ThreadId(02) Hub encountered error. Trying to reconnect to Hub. retry_reason="Hub failed to launch: Io(\"child exited with exit status: 1 without writing file \\\"/tmp/hub-ubuntu-E4D6222C.config.json\\\"\")"
2026-09-05T20:48:31.084784345Z 2026-09-05T20:48:28Z [3,457ms] [Warning] [carb.omniclient.plugin]  125: OmniHub: ThreadId(02) Hub encountered error. Trying to reconnect to Hub. retry_reason="Hub failed to launch: Io(\"child exited with exit status: 1 without writing file \\\"/tmp/hub-ubuntu-E4D6222C.config.json\\\"\")"
2026-09-05T20:48:31.084804505Z 2026-09-05T20:48:28Z [3,729ms] [Warning] [carb.omniclient.plugin]  125: OmniHub: ThreadId(02) Hub encountered error. Trying to reconnect to Hub. retry_reason="Hub failed to launch: Io(\"child exited with exit status: 1 without writing file \\\"/tmp/hub-ubuntu-E4D6222C.config.json\\\"\")"
2026-09-05T20:48:31.084806938Z 2026-09-05T20:48:29Z [4,011ms] [Warning] [carb.omniclient.plugin]  125: OmniHub: ThreadId(02) Hub encountered error. Trying to reconnect to Hub. retry_reason="Hub failed to launch: Io(\"child exited with exit status: 1 without writing file \\\"/tmp/hub-ubuntu-E4D6222C.config.json\\\"\")"
2026-09-05T20:48:31.084809066Z 2026-09-05T20:48:29Z [4,303ms] [Warning] [carb.omniclient.plugin]  125: OmniHub: ThreadId(02) Hub encountered error. Trying to reconnect to Hub. retry_reason="Hub failed to launch: Io(\"child exited with exit status: 1 without writing file \\\"/tmp/hub-ubuntu-E4D6222C.config.json\\\"\")"
2026-09-05T20:48:31.084811146Z 2026-09-05T20:48:29Z [4,605ms] [Warning] [carb.omniclient.plugin]  125: OmniHub: ThreadId(02) Hub encountered error. Trying to reconnect to Hub. retry_reason="Hub failed to launch: Io(\"child exited with exit status: 1 without writing file \\\"/tmp/hub-ubuntu-E4D6222C.config.json\\\"\")"
2026-09-05T20:48:31.084813242Z 2026-09-05T20:48:30Z [4,918ms] [Warning] [carb.omniclient.plugin]  125: OmniHub: ThreadId(02) Hub encountered error. Trying to reconnect to Hub. retry_reason="Hub failed to launch: Io(\"child exited with exit status: 1 without writing file \\\"/tmp/hub-ubuntu-E4D6222C.config.json\\\"\")"
2026-09-05T20:48:31.084815546Z 2026-09-05T20:48:30Z [5,239ms] [Warning] [carb.omniclient.plugin]  125: OmniHub: ThreadId(02) Hub encountered error. Trying to reconnect to Hub. retry_reason="Hub failed to launch: Io(\"child exited with exit status: 1 without writing file \\\"/tmp/hub-ubuntu-E4D6222C.config.json\\\"\")"
2026-09-05T20:48:31.084817962Z 2026-09-05T20:48:30Z [5,570ms] [Warning] [carb.omniclient.plugin]  125: OmniHub: ThreadId(02) Hub encountered error. Trying to reconnect to Hub. retry_reason="Hub failed to launch: Io(\"child exited with exit status: 1 without writing file \\\"/tmp/hub-ubuntu-E4D6222C.config.json\\\"\")"
2026-09-05T20:48:31.084820442Z 2026-09-05T20:48:31Z [5,913ms] [Warning] [carb.omniclient.plugin]  125: OmniHub: ThreadId(02) Hub encountered error. Trying to reconnect to Hub. retry_reason="Hub failed to launch: Io(\"child exited with exit status: 1 without writing file \\\"/tmp/hub-ubuntu-E4D6222C.config.json\\\"\")"
2026-09-05T20:48:35.513888546Z WARNING: All log messages before absl::InitializeLog() is called are written to STDERR
2026-09-05T20:48:35.513927091Z E0000 00:00:1788641315.513553      25 descriptor_database.cc:633] File already exists in database: grpc/health/v1/health.proto
2026-09-05T20:48:35.513930163Z W0000 00:00:1788641315.513582      25 message.cc:301] Protobuf GeneratedMessageFactory: File is already registered: grpc/health/v1/health.proto
2026-09-05T20:48:36.754743389Z /workspace/isaaclab/_isaac_sim/kit/python/lib/python3.12/site-packages/torch/cuda/__init__.py:435: UserWarning: 
2026-09-05T20:48:36.754783118Z     Found GPU0 NVIDIA GB10 which is of cuda capability 12.1.
2026-09-05T20:48:36.754785582Z     Minimum and Maximum cuda capability supported by this version of PyTorch is
2026-09-05T20:48:36.754805118Z     (8.0) - (12.0)
2026-09-05T20:48:36.754807102Z     
2026-09-05T20:48:36.754808686Z   queued_call()
2026-09-05T20:48:36.756050947Z [ISAACLAB] AppLauncher initialization complete
2026-09-05T20:48:39.612917938Z [INFO]: Parsing configuration from: hexapod_rl.tasks.mkii_fourbar_v1:HexapodMkiiFourbarV1EnvCfg
2026-09-05T20:48:39.612959683Z [INFO]: Base environment:
2026-09-05T20:48:39.612962291Z 	Environment device    : cuda:0
2026-09-05T20:48:39.612964355Z 	Environment seed      : 0
2026-09-05T20:48:39.612966211Z 	Physics step-size     : 0.00125
2026-09-05T20:48:39.612967811Z 	Rendering step-size   : 0.02
2026-09-05T20:48:39.612969507Z 	Environment step-size : 0.02
2026-09-05T20:48:39.612971203Z [INFO]: Registered backend 'physx' for factory Articulation.
2026-09-05T20:48:39.673087277Z [INFO]: Registered backend 'physx' for factory ContactSensor.
2026-09-05T20:48:45.908761688Z [INFO]: Time taken for scene creation Last: 1.252806 s, Mean: 1.252806 s, Std: 0.000000 s, N: 1
2026-09-05T20:48:45.908803192Z [INFO]: Scene manager:  <class InteractiveScene>
2026-09-05T20:48:45.908806264Z 	Number of environments: 1
2026-09-05T20:48:45.908808392Z 	Environment spacing   : 2.0
2026-09-05T20:48:45.908810328Z 	Source prim name      : /World/envs/env_0
2026-09-05T20:48:45.908812328Z 	Global prim paths     : []
2026-09-05T20:48:45.908813976Z 	Replicate physics     : True
2026-09-05T20:48:45.908815816Z [INFO]: Starting the simulation. This may take a few seconds. Please wait...
2026-09-05T20:48:45.908817608Z [INFO]: Simulation parameters for joints in /World/envs/env_.*/Robot:
2026-09-05T20:48:45.908819656Z +---------------------------------------------------------------------------------------------------------------------------------------------------------------------------+
2026-09-05T20:48:45.908821737Z |                                                     Simulation Joint Information (Prim path: /World/envs/env_.*/Robot)                                                    |
2026-09-05T20:48:45.908823721Z +-------+----------------------+-----------+---------+----------+-----------------+------------------+------------------+-----------------+-----------------+---------------+
2026-09-05T20:48:45.908825801Z | Index | Name                 | Stiffness | Damping | Armature | Static Friction | Dynamic Friction | Viscous Friction | Position Limits | Velocity Limits | Effort Limits |
2026-09-05T20:48:45.908827753Z +-------+----------------------+-----------+---------+----------+-----------------+------------------+------------------+-----------------+-----------------+---------------+
2026-09-05T20:48:45.908829785Z |   0   | lf_coxa_yaw          |   0.000   |  0.000  |  0.001   |      0.010      |      0.010       |      0.002       | [-0.873, 0.873] |      50.265     |     5.500     |
2026-09-05T20:48:45.908831689Z |   1   | lm_coxa_yaw          |   0.000   |  0.000  |  0.001   |      0.010      |      0.010       |      0.002       | [-0.873, 0.873] |      50.265     |     5.500     |
2026-09-05T20:48:45.908849097Z |   2   | lr_coxa_yaw          |   0.000   |  0.000  |  0.001   |      0.010      |      0.010       |      0.002       | [-0.873, 0.873] |      50.265     |     5.500     |
2026-09-05T20:48:45.908851129Z |   3   | rf_coxa_yaw          |   0.000   |  0.000  |  0.001   |      0.010      |      0.010       |      0.002       | [-0.873, 0.873] |      50.265     |     5.500     |
2026-09-05T20:48:45.908854345Z |   4   | rm_coxa_yaw          |   0.000   |  0.000  |  0.001   |      0.010      |      0.010       |      0.002       | [-0.873, 0.873] |      50.265     |     5.500     |
2026-09-05T20:48:45.908856153Z |   5   | rr_coxa_yaw          |   0.000   |  0.000  |  0.001   |      0.010      |      0.010       |      0.002       | [-0.873, 0.873] |      50.265     |     5.500     |
2026-09-05T20:48:45.908857929Z |   6   | lf_femur_pitch       |   0.000   |  0.000  |  0.001   |      0.010      |      0.010       |      0.002       | [-1.745, 0.550] |      50.265     |     5.500     |
2026-09-05T20:48:45.908860137Z |   7   | lm_femur_pitch       |   0.000   |  0.000  |  0.001   |      0.010      |      0.010       |      0.002       | [-1.745, 0.550] |      50.265     |     5.500     |
2026-09-05T20:48:45.908861881Z |   8   | lr_femur_pitch       |   0.000   |  0.000  |  0.001   |      0.010      |      0.010       |      0.002       | [-1.745, 0.550] |      50.265     |     5.500     |
2026-09-05T20:48:45.908864681Z |   9   | rf_femur_pitch       |   0.000   |  0.000  |  0.001   |      0.010      |      0.010       |      0.002       | [-1.745, 0.550] |      50.265     |     5.500     |
2026-09-05T20:48:45.908866441Z |   10  | rm_femur_pitch       |   0.000   |  0.000  |  0.001   |      0.010      |      0.010       |      0.002       | [-1.745, 0.550] |      50.265     |     5.500     |
2026-09-05T20:48:45.908868361Z |   11  | rr_femur_pitch       |   0.000   |  0.000  |  0.001   |      0.010      |      0.010       |      0.002       | [-1.745, 0.550] |      50.265     |     5.500     |
2026-09-05T20:48:45.908870137Z |   12  | lf_tibia_lever_pivot |   0.000   |  0.000  |  0.001   |      0.010      |      0.010       |      0.002       | [-0.978, 1.722] |      50.265     |     5.500     |
2026-09-05T20:48:45.908871897Z |   13  | lf_tibia_pitch       |   0.000   |  0.000  |  0.000   |      0.000      |      0.000       |      0.000       | [-0.978, 1.722] |     1.7e+04     |     0.000     |
2026-09-05T20:48:45.908873625Z |   14  | lm_tibia_lever_pivot |   0.000   |  0.000  |  0.001   |      0.010      |      0.010       |      0.002       | [-0.990, 1.710] |      50.265     |     5.500     |
2026-09-05T20:48:45.908875833Z |   15  | lm_tibia_pitch       |   0.000   |  0.000  |  0.000   |      0.000      |      0.000       |      0.000       | [-0.990, 1.710] |     1.7e+04     |     0.000     |
2026-09-05T20:48:45.908877657Z |   16  | lr_tibia_lever_pivot |   0.000   |  0.000  |  0.001   |      0.010      |      0.010       |      0.002       | [-0.971, 1.729] |      50.265     |     5.500     |
2026-09-05T20:48:45.908879417Z |   17  | lr_tibia_pitch       |   0.000   |  0.000  |  0.000   |      0.000      |      0.000       |      0.000       | [-0.971, 1.729] |     1.7e+04     |     0.000     |
2026-09-05T20:48:45.908881194Z |   18  | rf_tibia_lever_pivot |   0.000   |  0.000  |  0.001   |      0.010      |      0.010       |      0.002       | [-0.950, 1.750] |      50.265     |     5.500     |
2026-09-05T20:48:45.908885482Z |   19  | rf_tibia_pitch       |   0.000   |  0.000  |  0.000   |      0.000      |      0.000       |      0.000       | [-0.950, 1.750] |     1.7e+04     |     0.000     |
2026-09-05T20:48:45.908887338Z |   20  | rm_tibia_lever_pivot |   0.000   |  0.000  |  0.001   |      0.010      |      0.010       |      0.002       | [-0.913, 1.787] |      50.265     |     5.500     |
2026-09-05T20:48:45.908889258Z |   21  | rm_tibia_pitch       |   0.000   |  0.000  |  0.000   |      0.000      |      0.000       |      0.000       | [-0.913, 1.787] |     1.7e+04     |     0.000     |
2026-09-05T20:48:45.908891034Z |   22  | rr_tibia_lever_pivot |   0.000   |  0.000  |  0.001   |      0.010      |      0.010       |      0.002       | [-0.950, 1.750] |      50.265     |     5.500     |
2026-09-05T20:48:45.908892762Z |   23  | rr_tibia_pitch       |   0.000   |  0.000  |  0.000   |      0.000      |      0.000       |      0.000       | [-0.950, 1.750] |     1.7e+04     |     0.000     |
2026-09-05T20:48:45.908894522Z |   24  | lf_tibia_rod_pivot   |   0.000   |  0.000  |  0.000   |      0.000      |      0.000       |      0.000       | [-1.722, 0.978] |     1.7e+04     |     0.000     |
2026-09-05T20:48:45.908896282Z |   25  | lm_tibia_rod_pivot   |   0.000   |  0.000  |  0.000   |      0.000      |      0.000       |      0.000       | [-1.710, 0.990] |     1.7e+04     |     0.000     |
2026-09-05T20:48:45.908898074Z |   26  | lr_tibia_rod_pivot   |   0.000   |  0.000  |  0.000   |      0.000      |      0.000       |      0.000       | [-1.729, 0.971] |     1.7e+04     |     0.000     |
2026-09-05T20:48:45.908900042Z |   27  | rf_tibia_rod_pivot   |   0.000   |  0.000  |  0.000   |      0.000      |      0.000       |      0.000       | [-1.750, 0.950] |     1.7e+04     |     0.000     |
2026-09-05T20:48:45.908901802Z |   28  | rm_tibia_rod_pivot   |   0.000   |  0.000  |  0.000   |      0.000      |      0.000       |      0.000       | [-1.787, 0.913] |     1.7e+04     |     0.000     |
2026-09-05T20:48:45.908903578Z |   29  | rr_tibia_rod_pivot   |   0.000   |  0.000  |  0.000   |      0.000      |      0.000       |      0.000       | [-1.750, 0.950] |     1.7e+04     |     0.000     |
2026-09-05T20:48:45.908905386Z +-------+----------------------+-----------+---------+----------+-----------------+------------------+------------------+-----------------+-----------------+---------------+
2026-09-05T20:51:19.678624981Z [INFO]: Time taken for simulation start Last: 5.339961 s, Mean: 5.339961 s, Std: 0.000000 s, N: 1
2026-09-05T20:51:19.678669205Z [INFO]: Completed setting up the environment...
2026-09-05T20:51:19.678673206Z FOURBAR_DIAGNOSTIC_SEGMENT {"segment": {"phase": "standing", "motors": [], "offset_rad": 0.0, "steps": 200}, "metrics": {"substeps": 2560, "height_sum": 347.429299980402, "min_height_m": 0.13571317493915558, "max_applied_nm": 0.6704615354537964, "max_demand_nm": 0.6704615354537964, "max_closure_point_m": 8.616943318884296e-07, "max_closure_axis_chord": 7.098178684827872e-07, "min_nonfoot_clearance_m": 0.025376886129379272, "nonfoot_contact_env_substeps": 0.0, "min_support": 6, "max_envelope_excess_nm": 0.0, "max_continuous_excess_nm": 0.0, "min_burst_headroom": 0.5007078051567078, "invalid_samples": 0.0, "max_passive_relation_error_rad": 3.5762786865234375e-07, "mean_height_m": 0.13571457030484452}}
2026-09-05T20:51:19.680089516Z FOURBAR_DIAGNOSTIC_RESULT {"diagnostic_complete": true, "pass": false, "errors": [], "physical_gate_errors": [], "trace_samples": 3200}
2026-09-05T20:51:20.071474918Z [INFO]: SimulationContext cleared
2026-09-05T20:51:20.148164769Z 2026-09-05T20:48:31Z [6,264ms] [Warning] [carb.omniclient.plugin]  125: OmniHub: ThreadId(02) Hub encountered error. Trying to reconnect to Hub. retry_reason="Hub failed to launch: Io(\"child exited with exit status: 1 without writing file \\\"/tmp/hub-ubuntu-E4D6222C.config.json\\\"\")"
2026-09-05T20:51:20.148205682Z 2026-09-05T20:48:31Z [6,627ms] [Warning] [carb.omniclient.plugin]  125: OmniHub: ThreadId(02) Hub encountered error. Trying to reconnect to Hub. retry_reason="Hub failed to launch: Io(\"child exited with exit status: 1 without writing file \\\"/tmp/hub-ubuntu-E4D6222C.config.json\\\"\")"
2026-09-05T20:51:20.148208930Z 2026-09-05T20:48:32Z [6,999ms] [Warning] [carb.omniclient.plugin]  125: OmniHub: ThreadId(02) Hub encountered error. Trying to reconnect to Hub. retry_reason="Hub failed to launch: Io(\"child exited with exit status: 1 without writing file \\\"/tmp/hub-ubuntu-E4D6222C.config.json\\\"\")"
2026-09-05T20:51:20.148212210Z 2026-09-05T20:48:32Z [7,382ms] [Warning] [carb.omniclient.plugin]  125: OmniHub: ThreadId(02) Hub encountered error. Trying to reconnect to Hub. retry_reason="Hub failed to launch: Io(\"child exited with exit status: 1 without writing file \\\"/tmp/hub-ubuntu-E4D6222C.config.json\\\"\")"
2026-09-05T20:51:20.148214610Z 2026-09-05T20:48:32Z [7,773ms] [Warning] [carb.omniclient.plugin]  125: OmniHub: ThreadId(02) Hub encountered error. Trying to reconnect to Hub. retry_reason="Hub failed to launch: Io(\"child exited with exit status: 1 without writing file \\\"/tmp/hub-ubuntu-E4D6222C.config.json\\\"\")"
2026-09-05T20:51:20.148217122Z 2026-09-05T20:48:33Z [8,177ms] [Warning] [carb.omniclient.plugin]  125: OmniHub: ThreadId(02) Hub encountered error. Trying to reconnect to Hub. retry_reason="Hub failed to launch: Io(\"child exited with exit status: 1 without writing file \\\"/tmp/hub-ubuntu-E4D6222C.config.json\\\"\")"
2026-09-05T20:51:20.148219458Z 2026-09-05T20:48:33Z [8,588ms] [Warning] [carb.omniclient.plugin]  125: OmniHub: ThreadId(02) Hub encountered error. Trying to reconnect to Hub. retry_reason="Hub failed to launch: Io(\"child exited with exit status: 1 without writing file \\\"/tmp/hub-ubuntu-E4D6222C.config.json\\\"\")"
2026-09-05T20:51:20.148222722Z 2026-09-05T20:48:34Z [9,011ms] [Warning] [carb.omniclient.plugin]  125: OmniHub: ThreadId(02) Hub encountered error. Trying to reconnect to Hub. retry_reason="Hub failed to launch: Io(\"child exited with exit status: 1 without writing file \\\"/tmp/hub-ubuntu-E4D6222C.config.json\\\"\")"
2026-09-05T20:51:20.148224994Z 2026-09-05T20:48:34Z [9,443ms] [Warning] [carb.omniclient.plugin]  125: OmniHub: ThreadId(02) Hub encountered error. Trying to reconnect to Hub. retry_reason="Hub failed to launch: Io(\"child exited with exit status: 1 without writing file \\\"/tmp/hub-ubuntu-E4D6222C.config.json\\\"\")"
2026-09-05T20:51:20.148227394Z 2026-09-05T20:48:35Z [9,884ms] [Warning] [carb.omniclient.plugin]  125: OmniHub: ThreadId(02) Hub encountered error. Trying to reconnect to Hub. retry_reason="Hub failed to launch: Io(\"child exited with exit status: 1 without writing file \\\"/tmp/hub-ubuntu-E4D6222C.config.json\\\"\")"
2026-09-05T20:51:20.148248771Z 2026-09-05T20:48:35Z [10,359ms] [Warning] [omni.usd_config.extension] Enable omni.materialx.libs extension to use MaterialX
2026-09-05T20:51:20.148250915Z 2026-09-05T20:48:42Z [16,879ms] [Warning] [usdrt.population.plugin] Last global time was not created. Did you call setEnableUsdNoticeHandling?
2026-09-05T20:51:20.148252883Z 2026-09-05T20:48:45Z [20,733ms] [Warning] [isaaclab_physx.assets.articulation.articulation] Not all actuators are configured! Total number of actuated joints not equal to number of joints available: 18 != 30.
