--------------------------------------------------------------------------------
Resolved observation sets: 
	 actor :  ['policy']
	 critic :  ['critic']
--------------------------------------------------------------------------------
Actor Model: MLPModel(
  (obs_normalizer): EmpiricalNormalization()
  (distribution): GaussianDistribution()
  (mlp): MLP(
    (0): Linear(in_features=495, out_features=256, bias=True)
    (1): ELU(alpha=1.0)
    (2): Linear(in_features=256, out_features=256, bias=True)
    (3): ELU(alpha=1.0)
    (4): Linear(in_features=256, out_features=128, bias=True)
    (5): ELU(alpha=1.0)
    (6): Linear(in_features=128, out_features=18, bias=True)
  )
)
Critic Model: MLPModel(
  (obs_normalizer): EmpiricalNormalization()
  (mlp): MLP(
    (0): Linear(in_features=498, out_features=256, bias=True)
    (1): ELU(alpha=1.0)
    (2): Linear(in_features=256, out_features=256, bias=True)
    (3): ELU(alpha=1.0)
    (4): Linear(in_features=256, out_features=128, bias=True)
    (5): ELU(alpha=1.0)
    (6): Linear(in_features=128, out_features=1, bias=True)
  )
)
--------------------------------------------------------------------------------
Resolved observation sets: 
	 actor :  ['policy']
	 critic :  ['critic']
--------------------------------------------------------------------------------
Actor Model: MLPModel(
  (obs_normalizer): EmpiricalNormalization()
  (distribution): GaussianDistribution()
  (mlp): MLP(
    (0): Linear(in_features=495, out_features=256, bias=True)
    (1): ELU(alpha=1.0)
    (2): Linear(in_features=256, out_features=256, bias=True)
    (3): ELU(alpha=1.0)
    (4): Linear(in_features=256, out_features=128, bias=True)
    (5): ELU(alpha=1.0)
    (6): Linear(in_features=128, out_features=18, bias=True)
  )
)
Critic Model: MLPModel(
  (obs_normalizer): EmpiricalNormalization()
  (mlp): MLP(
    (0): Linear(in_features=498, out_features=256, bias=True)
    (1): ELU(alpha=1.0)
    (2): Linear(in_features=256, out_features=256, bias=True)
    (3): ELU(alpha=1.0)
    (4): Linear(in_features=256, out_features=128, bias=True)
    (5): ELU(alpha=1.0)
    (6): Linear(in_features=128, out_features=1, bias=True)
  )
)
Could not find git repository in /workspace/isaaclab/_isaac_sim/kit/python/lib/python3.12/site-packages/rsl_rl/__init__.py. Skipping.
################################################################################
[1m                             Learning iteration 0/2                             [0m 

                            Total steps: 768 
                       Steps per second: 468 
                        Collection time: 0.741s 
                          Learning time: 0.898s 
                        Mean value loss: 0.0003
                    Mean surrogate loss: -0.0129
                      Mean entropy loss: -69.9418
                        Mean action std: 0.00
--------------------------------------------------------------------------------
                         Iteration time: 1.64s
                           Time elapsed: 00:00:01
                                    ETA: 00:00:01

################################################################################
[1m                             Learning iteration 1/2                             [0m 

                            Total steps: 1536 
                       Steps per second: 450 
                        Collection time: 0.794s 
                          Learning time: 0.910s 
                        Mean value loss: 0.0002
                    Mean surrogate loss: -0.0223
                      Mean entropy loss: -69.9140
                        Mean action std: 0.00
--------------------------------------------------------------------------------
                         Iteration time: 1.70s
                           Time elapsed: 00:00:03
                                    ETA: 00:00:00

REAL_RSL_CPU_REGRESSION {"complete": true, "passed": true, "kind": "real_installed_RSL_CPU_integration_not_physical_admission", "stage2_complete": false, "rsl_rl_version": "5.0.1", "torch_version": "2.10.0+cu130", "cuda_available": false, "device": "cpu", "synthetic_environments": 32, "reproduced_original_exception": "AttributeError(\"'Logger' object has no attribute 'writer'\")", "initialization": {"initialization": "scratch_zero_actor_mean_head", "initial_action_std": 0.005, "initial_action_std_per_joint": [0.004999999888241291, 0.004999999888241291, 0.004999999888241291, 0.004999999888241291, 0.004999999888241291, 0.004999999888241291, 0.004999999888241291, 0.004999999888241291, 0.004999999888241291, 0.004999999888241291, 0.004999999888241291, 0.004999999888241291, 0.004999999888241291, 0.004999999888241291, 0.004999999888241291, 0.004999999888241291, 0.004999999888241291, 0.004999999888241291], "optimizer": "fresh_adam", "optimizer_state_entries": 0, "learning_rate": 0.0001, "learning_rate_schedule": "adaptive", "entropy_coef": 0.0, "action_semantics": "normalized_joint_target_velocity", "actor_width": 495, "critic_width": 498, "controller": {"lineage": "c_serial_omni_target_velocity_v1", "profile": "formal_004", "max_position_step_rad_per_20ms": 0.04, "max_target_velocity_rad_s": 2.0, "max_target_acceleration_rad_s2": 8.0, "integration": "semi_implicit_discrete", "actor_frame_width": 99, "actor_width": 495, "critic_width": 498, "physics_admitted": false, "motor_speed_limit_claim": false}, "stage2_complete": false}, "actual_PPO_updates": 2, "actual_rollout_steps": 48, "optimizer_state_entries": 17, "optimizer_readback_exact": true, "deterministic_action_readback_max_difference": 0.0, "actor_tensors_changed": ["obs_normalizer._mean", "obs_normalizer._var", "obs_normalizer._std", "obs_normalizer.count", "distribution.std_param", "mlp.0.weight", "mlp.0.bias", "mlp.2.weight", "mlp.2.bias", "mlp.4.weight", "mlp.4.bias", "mlp.6.weight", "mlp.6.bias"], "inference_buffers_made_writable": ["actor.obs_normalizer._std", "critic.obs_normalizer._std"], "wrong_source_rejected": true, "wrong_hash_rejected": true, "initial_checkpoint_sha256": "c213cdd307bd228e87c14742bf80282987941cc7daabf3f8bdce62c5ab73f0e4", "final_checkpoint_sha256": "ac66de216e690995b8a016b2e73b6a481684e8ec90410bffcb12b35abd7ee8da", "input_sha256": {"candidate_runner.py": "86eceae24d123648c9916332184c129453f32741bdc931e5b67aaf868e3e895d", "velocity_action.py": "a68121c885261d368046de6be2535e5afa8d78f7086d9592ee37815a0b43446b", "installed_agent.yaml": "b058175f25ee2f8e8a172f68ace4bec49dc1b1e7394268e5c8bec9125dcac29f", "real_rsl_cpu_regression.py": "159c5f5a43a46ce3f1a835bd267fb9fc25137a8d475d040bfc30a33d9087adc4"}}
