time="2026-09-09T23:46:11-05:00" level=warning msg="No services to build"
time="2026-09-09T23:46:11-05:00" level=warning msg="No services to build"
 Container hexapod-velocity-recording-f7c71a529d2e44aab1ca94a35e927ea2 Creating 
 Container hexapod-velocity-recording-f7c71a529d2e44aab1ca94a35e927ea2 Created 
RECORDER006 PREFLIGHT START
RECORDER006 APPLAUNCHER START
The '--headless' CLI argument is deprecated. Omit '--viz' for default headless. If config visualizers are enabled and you want to force headless, use '--viz none'.
Timeout (0:00:45)!
Thread 0x0000f9ef8d097e80 (most recent call first):
  File "/workspace/isaaclab/_isaac_sim/exts/isaacsim.simulation_app/isaacsim/simulation_app/simulation_app.py", line 576 in _start_app
  File "/workspace/isaaclab/_isaac_sim/exts/isaacsim.simulation_app/isaacsim/simulation_app/simulation_app.py", line 289 in __init__
  File "/workspace/isaaclab/source/isaaclab/isaaclab/app/app_launcher.py", line 1208 in _create_app
  File "/workspace/isaaclab/source/isaaclab/isaaclab/app/app_launcher.py", line 300 in __init__
  File "/recording/record_candidate_video.py", line 332 in main
  File "/recording/record_candidate_video.py", line 357 in <module>
Timeout (0:00:45)!
Thread 0x0000f9ef8d097e80 (most recent call first):
  File "/workspace/isaaclab/_isaac_sim/exts/isaacsim.simulation_app/isaacsim/simulation_app/simulation_app.py", line 576 in _start_app
  File "/workspace/isaaclab/_isaac_sim/exts/isaacsim.simulation_app/isaacsim/simulation_app/simulation_app.py", line 289 in __init__
  File "/workspace/isaaclab/source/isaaclab/isaaclab/app/app_launcher.py", line 1208 in _create_app
  File "/workspace/isaaclab/source/isaaclab/isaaclab/app/app_launcher.py", line 300 in __init__
  File "/recording/record_candidate_video.py", line 332 in main
  File "/recording/record_candidate_video.py", line 357 in <module>
Timeout (0:00:45)!
Thread 0x0000f9ef8d097e80 (most recent call first):
  File "/workspace/isaaclab/_isaac_sim/exts/isaacsim.simulation_app/isaacsim/simulation_app/simulation_app.py", line 576 in _start_app
  File "/workspace/isaaclab/_isaac_sim/exts/isaacsim.simulation_app/isaacsim/simulation_app/simulation_app.py", line 289 in __init__
  File "/workspace/isaaclab/source/isaaclab/isaaclab/app/app_launcher.py", line 1208 in _create_app
  File "/workspace/isaaclab/source/isaaclab/isaaclab/app/app_launcher.py", line 300 in __init__
  File "/recording/record_candidate_video.py", line 332 in main
  File "/recording/record_candidate_video.py", line 357 in <module>
Timeout (0:00:45)!
Thread 0x0000f9ef8d097e80 (most recent call first):
  File "/workspace/isaaclab/_isaac_sim/exts/isaacsim.simulation_app/isaacsim/simulation_app/simulation_app.py", line 576 in _start_app
  File "/workspace/isaaclab/_isaac_sim/exts/isaacsim.simulation_app/isaacsim/simulation_app/simulation_app.py", line 289 in __init__
  File "/workspace/isaaclab/source/isaaclab/isaaclab/app/app_launcher.py", line 1208 in _create_app
  File "/workspace/isaaclab/source/isaaclab/isaaclab/app/app_launcher.py", line 300 in __init__
  File "/recording/record_candidate_video.py", line 332 in main
  File "/recording/record_candidate_video.py", line 357 in <module>
Timeout (0:00:45)!
Thread 0x0000f9ef8d097e80 (most recent call first):
  File "/workspace/isaaclab/_isaac_sim/exts/isaacsim.simulation_app/isaacsim/simulation_app/simulation_app.py", line 576 in _start_app
  File "/workspace/isaaclab/_isaac_sim/exts/isaacsim.simulation_app/isaacsim/simulation_app/simulation_app.py", line 289 in __init__
  File "/workspace/isaaclab/source/isaaclab/isaaclab/app/app_launcher.py", line 1208 in _create_app
  File "/workspace/isaaclab/source/isaaclab/isaaclab/app/app_launcher.py", line 300 in __init__
  File "/recording/record_candidate_video.py", line 332 in main
  File "/recording/record_candidate_video.py", line 357 in <module>
Timeout (0:00:45)!
Thread 0x0000f9ef8d097e80 (most recent call first):
  File "/workspace/isaaclab/_isaac_sim/exts/isaacsim.simulation_app/isaacsim/simulation_app/simulation_app.py", line 576 in _start_app
  File "/workspace/isaaclab/_isaac_sim/exts/isaacsim.simulation_app/isaacsim/simulation_app/simulation_app.py", line 289 in __init__
  File "/workspace/isaaclab/source/isaaclab/isaaclab/app/app_launcher.py", line 1208 in _create_app
  File "/workspace/isaaclab/source/isaaclab/isaaclab/app/app_launcher.py", line 300 in __init__
  File "/recording/record_candidate_video.py", line 332 in main
  File "/recording/record_candidate_video.py", line 357 in <module>
Timeout (0:00:45)!
Thread 0x0000f9ef8d097e80 (most recent call first):
  File "/workspace/isaaclab/_isaac_sim/exts/isaacsim.simulation_app/isaacsim/simulation_app/simulation_app.py", line 576 in _start_app
  File "/workspace/isaaclab/_isaac_sim/exts/isaacsim.simulation_app/isaacsim/simulation_app/simulation_app.py", line 289 in __init__
  File "/workspace/isaaclab/source/isaaclab/isaaclab/app/app_launcher.py", line 1208 in _create_app
  File "/workspace/isaaclab/source/isaaclab/isaaclab/app/app_launcher.py", line 300 in __init__
  File "/recording/record_candidate_video.py", line 332 in main
  File "/recording/record_candidate_video.py", line 357 in <module>
Timeout (0:00:45)!
Thread 0x0000f9ef8d097e80 (most recent call first):
  File "/workspace/isaaclab/_isaac_sim/exts/isaacsim.simulation_app/isaacsim/simulation_app/simulation_app.py", line 576 in _start_app
  File "/workspace/isaaclab/_isaac_sim/exts/isaacsim.simulation_app/isaacsim/simulation_app/simulation_app.py", line 289 in __init__
  File "/workspace/isaaclab/source/isaaclab/isaaclab/app/app_launcher.py", line 1208 in _create_app
  File "/workspace/isaaclab/source/isaaclab/isaaclab/app/app_launcher.py", line 300 in __init__
  File "/recording/record_candidate_video.py", line 332 in main
  File "/recording/record_candidate_video.py", line 357 in <module>
Timeout (0:00:45)!
Thread 0x0000f9ef8d097e80 (most recent call first):
  File "/workspace/isaaclab/_isaac_sim/exts/isaacsim.simulation_app/isaacsim/simulation_app/simulation_app.py", line 576 in _start_app
  File "/workspace/isaaclab/_isaac_sim/exts/isaacsim.simulation_app/isaacsim/simulation_app/simulation_app.py", line 289 in __init__
  File "/workspace/isaaclab/source/isaaclab/isaaclab/app/app_launcher.py", line 1208 in _create_app
  File "/workspace/isaaclab/source/isaaclab/isaaclab/app/app_launcher.py", line 300 in __init__
  File "/recording/record_candidate_video.py", line 332 in main
  File "/recording/record_candidate_video.py", line 357 in <module>

