{
  "scope": "Actual short CUDA device bridge at1/32; no policy/fullquiet/walking/velocity-fidelity admission",
  "raw_payloads_verified": 38,
  "remote_audit_sha256": "82698cf535aac85e1c5b25fbfaaa79020f9e53d0ac1e9c29ec2b8a6334461e63",
  "campaign_sha256": "1e22a3b292be40501d97c6fd4a35e5a015c873fb773c2a9dca1ae5d28d8833b1",
  "source_and_assets_unchanged": true,
  "exact_owned_absence_verified": 4,
  "pause_restored_unix": 1789027997.2217932,
  "phases": [
    {
      "phase": "replicas_1",
      "replicas": 1,
      "controls": 264,
      "new_hold_controls": 64,
      "new_hold_duration_s": 1.28,
      "host_raw_gate_passed": true,
      "actor_width": 846,
      "critic_width": 849,
      "schema_sha256": "c2ab56b61c8ca56412090cd42cf109c90576bd5e78602a17eb29ada6d0559845",
      "critic_actor_prefix_exact": true,
      "critic_reported_twist_tail_exact": true,
      "all_five_history_reported_rate_slots_exact": true,
      "final_interval_rate_matches_actual400Hz_angle_endpoints_exact": true,
      "all_actual_clock_rows_valid": true,
      "sensor_clock_first_s": 0.019999997690320015,
      "sensor_clock_last_s": 5.280097007751465,
      "source_device_reader_compared_channels": 31,
      "final_distal_supports_min": 6,
      "final_bad_contact_or_terminal": false,
      "reference_liftoffs": 0,
      "postsettle400Hz_requested_peak_nm": 1.1363799571990967,
      "postsettle400Hz_applied_peak_nm": 1.1363799571990967,
      "final_raw_rate_abs_max_rad_s": 0.011029918678104877,
      "final_interval_rate_abs_max_rad_s": 9.5367431640625e-05,
      "final_raw_minus_interval_abs_max_rad_s": 0.011006076820194721,
      "hold_rate_angle_discrepancy": {
        "duration_s": 1.2800000000000002,
        "worst_replica": 0,
        "joint": "revolute_2_6",
        "angle_delta_rad": -1.9073486328125e-05,
        "reported_trapezoid_integral_rad": 0.013941182814305644,
        "integral_minus_angle_delta_rad": 0.013960256300633769
      },
      "timing_ms": {
        "reference_and_target_set_ms": {
          "median": 15.965225058607757,
          "p95": 16.391632717568427,
          "max": 59.218580136075616
        },
        "env_step_including_capture_ms": {
          "median": 67.86226446274668,
          "p95": 74.04387037968263,
          "max": 78.20048998109996
        },
        "nested_device_capture_ms": {
          "median": 13.036956544965506,
          "p95": 13.452417554799467,
          "max": 13.928099069744349
        },
        "observation_history_ms": {
          "median": 6.660679122433066,
          "p95": 6.852310395333916,
          "max": 7.053873036056757
        }
      },
      "physics_substeps": 2113,
      "packet_schema_equal_across_replica_counts": true,
      "PPO_or_full_quiet_admitted": false
    },
    {
      "phase": "replicas_32",
      "replicas": 32,
      "controls": 264,
      "new_hold_controls": 64,
      "new_hold_duration_s": 1.28,
      "host_raw_gate_passed": true,
      "actor_width": 846,
      "critic_width": 849,
      "schema_sha256": "c2ab56b61c8ca56412090cd42cf109c90576bd5e78602a17eb29ada6d0559845",
      "critic_actor_prefix_exact": true,
      "critic_reported_twist_tail_exact": true,
      "all_five_history_reported_rate_slots_exact": true,
      "final_interval_rate_matches_actual400Hz_angle_endpoints_exact": true,
      "all_actual_clock_rows_valid": true,
      "sensor_clock_first_s": 0.019999997690320015,
      "sensor_clock_last_s": 5.280097007751465,
      "source_device_reader_compared_channels": 31,
      "final_distal_supports_min": 6,
      "final_bad_contact_or_terminal": false,
      "reference_liftoffs": 0,
      "postsettle400Hz_requested_peak_nm": 1.4839032888412476,
      "postsettle400Hz_applied_peak_nm": 1.4839032888412476,
      "final_raw_rate_abs_max_rad_s": 0.025997554883360863,
      "final_interval_rate_abs_max_rad_s": 0.002083810977637768,
      "final_raw_minus_interval_abs_max_rad_s": 0.02633134089410305,
      "hold_rate_angle_discrepancy": {
        "duration_s": 1.2800000000000002,
        "worst_replica": 6,
        "joint": "revolute_2_1",
        "angle_delta_rad": -5.507469177246094e-05,
        "reported_trapezoid_integral_rad": 0.03309202054981144,
        "integral_minus_angle_delta_rad": 0.0331470952415839
      },
      "timing_ms": {
        "reference_and_target_set_ms": {
          "median": 16.160801518708467,
          "p95": 16.723479388747364,
          "max": 48.659670166671276
        },
        "env_step_including_capture_ms": {
          "median": 68.8080919208005,
          "p95": 73.99698906810954,
          "max": 90.67193418741226
        },
        "nested_device_capture_ms": {
          "median": 12.758594006299973,
          "p95": 13.45583163201809,
          "max": 26.029926957562566
        },
        "observation_history_ms": {
          "median": 6.352516473270953,
          "p95": 6.676540640182793,
          "max": 7.29627488180995
        }
      },
      "physics_substeps": 2113,
      "packet_schema_equal_across_replica_counts": true,
      "PPO_or_full_quiet_admitted": false
    }
  ],
  "velocity_fidelity_qualified": false,
  "PPO_admitted": false,
  "GPU_launches_by_this_review": 0
}
