time="2026-09-14T17:44:16-05:00" level=warning msg="No services to build"
time="2026-09-14T17:44:17-05:00" level=warning msg="No services to build"
 Container hexapod-reference-physics-448733bc958c4006992ee477957fb913 Creating 
 Container hexapod-reference-physics-448733bc958c4006992ee477957fb913 Created 
Loading user config located at: '/isaac-sim/kit/data/Kit/IsaacLab/3.0/user.config.json'
2026-09-14T22:44:17Z [Info] [carb] Logging to file: /isaac-sim/kit/logs/Kit/IsaacLab/3.0/kit_20260914_224417.log
2026-09-14T22:44:17Z [2ms] [Warning] [omni.ext.plugin] [ext: isaaclab_visualizers] Extensions config 'extension.toml' doesn't exist '/workspace/isaaclab/source/isaaclab_visualizers' or '/workspace/isaaclab/source/isaaclab_visualizers/config'
2026-09-14T22:44:17Z [2ms] [Warning] [omni.ext.plugin] [ext: standing] Extensions config 'extension.toml' doesn't exist '/output/standing' or '/output/standing/config'
2026-09-14T22:44:17Z [3ms] [Warning] [omni.ext.plugin] [ext: logs] Extensions config 'extension.toml' doesn't exist '/output/logs' or '/output/logs/config'
2026-09-14T22:44:17Z [3ms] [Warning] [omni.ext.plugin] [ext: jobs] Extensions config 'extension.toml' doesn't exist '/output/jobs' or '/output/jobs/config'
2026-09-14T22:44:17Z [203ms] [Warning] [carb.omniclient.plugin]  45: OmniHub: ThreadId(02) Hub encountered error. Trying to reconnect to Hub. retry_reason="Hub failed to launch: Io(\"child exited with exit status: 1 without writing file \\\"/tmp/hub-ubuntu-2063AE3A.config.json\\\"\")"
2026-09-14T22:44:17Z [276ms] [Warning] [carb.omniclient.plugin]  45: OmniHub: ThreadId(02) Hub encountered error. Trying to reconnect to Hub. retry_reason="Hub failed to launch: Io(\"child exited with exit status: 1 without writing file \\\"/tmp/hub-ubuntu-2063AE3A.config.json\\\"\")"
2026-09-14T22:44:17Z [359ms] [Warning] [carb.omniclient.plugin]  45: OmniHub: ThreadId(02) Hub encountered error. Trying to reconnect to Hub. retry_reason="Hub failed to launch: Io(\"child exited with exit status: 1 without writing file \\\"/tmp/hub-ubuntu-2063AE3A.config.json\\\"\")"
2026-09-14T22:44:18Z [452ms] [Warning] [carb.omniclient.plugin]  45: OmniHub: ThreadId(02) Hub encountered error. Trying to reconnect to Hub. retry_reason="Hub failed to launch: Io(\"child exited with exit status: 1 without writing file \\\"/tmp/hub-ubuntu-2063AE3A.config.json\\\"\")"
2026-09-14T22:44:18Z [555ms] [Warning] [carb.omniclient.plugin]  45: OmniHub: ThreadId(02) Hub encountered error. Trying to reconnect to Hub. retry_reason="Hub failed to launch: Io(\"child exited with exit status: 1 without writing file \\\"/tmp/hub-ubuntu-2063AE3A.config.json\\\"\")"
2026-09-14T22:44:18Z [669ms] [Warning] [carb.omniclient.plugin]  45: OmniHub: ThreadId(02) Hub encountered error. Trying to reconnect to Hub. retry_reason="Hub failed to launch: Io(\"child exited with exit status: 1 without writing file \\\"/tmp/hub-ubuntu-2063AE3A.config.json\\\"\")"
2026-09-14T22:44:18Z [792ms] [Warning] [carb.omniclient.plugin]  45: OmniHub: ThreadId(02) Hub encountered error. Trying to reconnect to Hub. retry_reason="Hub failed to launch: Io(\"child exited with exit status: 1 without writing file \\\"/tmp/hub-ubuntu-2063AE3A.config.json\\\"\")"
2026-09-14T22:44:18Z [925ms] [Warning] [carb.omniclient.plugin]  45: OmniHub: ThreadId(02) Hub encountered error. Trying to reconnect to Hub. retry_reason="Hub failed to launch: Io(\"child exited with exit status: 1 without writing file \\\"/tmp/hub-ubuntu-2063AE3A.config.json\\\"\")"
2026-09-14T22:44:18Z [1,070ms] [Warning] [carb.omniclient.plugin]  45: OmniHub: ThreadId(02) Hub encountered error. Trying to reconnect to Hub. retry_reason="Hub failed to launch: Io(\"child exited with exit status: 1 without writing file \\\"/tmp/hub-ubuntu-2063AE3A.config.json\\\"\")"
2026-09-14T22:44:18Z [1,223ms] [Warning] [carb.omniclient.plugin]  45: OmniHub: ThreadId(02) Hub encountered error. Trying to reconnect to Hub. retry_reason="Hub failed to launch: Io(\"child exited with exit status: 1 without writing file \\\"/tmp/hub-ubuntu-2063AE3A.config.json\\\"\")"
2026-09-14T22:44:18Z [1,384ms] [Warning] [carb.omniclient.plugin]  45: OmniHub: ThreadId(02) Hub encountered error. Trying to reconnect to Hub. retry_reason="Hub failed to launch: Io(\"child exited with exit status: 1 without writing file \\\"/tmp/hub-ubuntu-2063AE3A.config.json\\\"\")"
2026-09-14T22:44:19Z [1,556ms] [Warning] [carb.omniclient.plugin]  45: OmniHub: ThreadId(02) Hub encountered error. Trying to reconnect to Hub. retry_reason="Hub failed to launch: Io(\"child exited with exit status: 1 without writing file \\\"/tmp/hub-ubuntu-2063AE3A.config.json\\\"\")"
2026-09-14T22:44:19Z [1,740ms] [Warning] [carb.omniclient.plugin]  45: OmniHub: ThreadId(02) Hub encountered error. Trying to reconnect to Hub. retry_reason="Hub failed to launch: Io(\"child exited with exit status: 1 without writing file \\\"/tmp/hub-ubuntu-2063AE3A.config.json\\\"\")"
2026-09-14T22:44:19Z [1,933ms] [Warning] [carb.omniclient.plugin]  45: OmniHub: ThreadId(02) Hub encountered error. Trying to reconnect to Hub. retry_reason="Hub failed to launch: Io(\"child exited with exit status: 1 without writing file \\\"/tmp/hub-ubuntu-2063AE3A.config.json\\\"\")"
2026-09-14T22:44:19Z [2,136ms] [Warning] [carb.omniclient.plugin]  45: OmniHub: ThreadId(02) Hub encountered error. Trying to reconnect to Hub. retry_reason="Hub failed to launch: Io(\"child exited with exit status: 1 without writing file \\\"/tmp/hub-ubuntu-2063AE3A.config.json\\\"\")"
2026-09-14T22:44:19Z [2,351ms] [Warning] [carb.omniclient.plugin]  45: OmniHub: ThreadId(02) Hub encountered error. Trying to reconnect to Hub. retry_reason="Hub failed to launch: Io(\"child exited with exit status: 1 without writing file \\\"/tmp/hub-ubuntu-2063AE3A.config.json\\\"\")"
2026-09-14T22:44:20Z [2,573ms] [Warning] [carb.omniclient.plugin]  45: OmniHub: ThreadId(02) Hub encountered error. Trying to reconnect to Hub. retry_reason="Hub failed to launch: Io(\"child exited with exit status: 1 without writing file \\\"/tmp/hub-ubuntu-2063AE3A.config.json\\\"\")"
2026-09-14T22:44:20Z [2,807ms] [Warning] [carb.omniclient.plugin]  45: OmniHub: ThreadId(02) Hub encountered error. Trying to reconnect to Hub. retry_reason="Hub failed to launch: Io(\"child exited with exit status: 1 without writing file \\\"/tmp/hub-ubuntu-2063AE3A.config.json\\\"\")"
2026-09-14T22:44:20Z [3,050ms] [Warning] [carb.omniclient.plugin]  45: OmniHub: ThreadId(02) Hub encountered error. Trying to reconnect to Hub. retry_reason="Hub failed to launch: Io(\"child exited with exit status: 1 without writing file \\\"/tmp/hub-ubuntu-2063AE3A.config.json\\\"\")"
2026-09-14T22:44:20Z [3,305ms] [Warning] [carb.omniclient.plugin]  45: OmniHub: ThreadId(02) Hub encountered error. Trying to reconnect to Hub. retry_reason="Hub failed to launch: Io(\"child exited with exit status: 1 without writing file \\\"/tmp/hub-ubuntu-2063AE3A.config.json\\\"\")"
2026-09-14T22:44:21Z [3,568ms] [Warning] [carb.omniclient.plugin]  45: OmniHub: ThreadId(02) Hub encountered error. Trying to reconnect to Hub. retry_reason="Hub failed to launch: Io(\"child exited with exit status: 1 without writing file \\\"/tmp/hub-ubuntu-2063AE3A.config.json\\\"\")"
2026-09-14T22:44:21Z [3,841ms] [Warning] [carb.omniclient.plugin]  45: OmniHub: ThreadId(02) Hub encountered error. Trying to reconnect to Hub. retry_reason="Hub failed to launch: Io(\"child exited with exit status: 1 without writing file \\\"/tmp/hub-ubuntu-2063AE3A.config.json\\\"\")"
2026-09-14T22:44:21Z [4,124ms] [Warning] [carb.omniclient.plugin]  45: OmniHub: ThreadId(02) Hub encountered error. Trying to reconnect to Hub. retry_reason="Hub failed to launch: Io(\"child exited with exit status: 1 without writing file \\\"/tmp/hub-ubuntu-2063AE3A.config.json\\\"\")"
2026-09-14T22:44:21Z [4,418ms] [Warning] [carb.omniclient.plugin]  45: OmniHub: ThreadId(02) Hub encountered error. Trying to reconnect to Hub. retry_reason="Hub failed to launch: Io(\"child exited with exit status: 1 without writing file \\\"/tmp/hub-ubuntu-2063AE3A.config.json\\\"\")"
2026-09-14T22:44:22Z [4,722ms] [Warning] [carb.omniclient.plugin]  45: OmniHub: ThreadId(02) Hub encountered error. Trying to reconnect to Hub. retry_reason="Hub failed to launch: Io(\"child exited with exit status: 1 without writing file \\\"/tmp/hub-ubuntu-2063AE3A.config.json\\\"\")"
2026-09-14T22:44:22Z [5,036ms] [Warning] [carb.omniclient.plugin]  45: OmniHub: ThreadId(02) Hub encountered error. Trying to reconnect to Hub. retry_reason="Hub failed to launch: Io(\"child exited with exit status: 1 without writing file \\\"/tmp/hub-ubuntu-2063AE3A.config.json\\\"\")"
2026-09-14T22:44:22Z [5,358ms] [Warning] [carb.omniclient.plugin]  45: OmniHub: ThreadId(02) Hub encountered error. Trying to reconnect to Hub. retry_reason="Hub failed to launch: Io(\"child exited with exit status: 1 without writing file \\\"/tmp/hub-ubuntu-2063AE3A.config.json\\\"\")"
2026-09-14T22:44:23Z [5,692ms] [Warning] [carb.omniclient.plugin]  45: OmniHub: ThreadId(02) Hub encountered error. Trying to reconnect to Hub. retry_reason="Hub failed to launch: Io(\"child exited with exit status: 1 without writing file \\\"/tmp/hub-ubuntu-2063AE3A.config.json\\\"\")"
2026-09-14T22:44:23Z [6,035ms] [Warning] [carb.omniclient.plugin]  45: OmniHub: ThreadId(02) Hub encountered error. Trying to reconnect to Hub. retry_reason="Hub failed to launch: Io(\"child exited with exit status: 1 without writing file \\\"/tmp/hub-ubuntu-2063AE3A.config.json\\\"\")"
2026-09-14T22:44:23Z [6,389ms] [Warning] [carb.omniclient.plugin]  45: OmniHub: ThreadId(02) Hub encountered error. Trying to reconnect to Hub. retry_reason="Hub failed to launch: Io(\"child exited with exit status: 1 without writing file \\\"/tmp/hub-ubuntu-2063AE3A.config.json\\\"\")"
2026-09-14T22:44:24Z [6,752ms] [Warning] [carb.omniclient.plugin]  45: OmniHub: ThreadId(02) Hub encountered error. Trying to reconnect to Hub. retry_reason="Hub failed to launch: Io(\"child exited with exit status: 1 without writing file \\\"/tmp/hub-ubuntu-2063AE3A.config.json\\\"\")"
2026-09-14T22:44:24Z [7,126ms] [Warning] [carb.omniclient.plugin]  45: OmniHub: ThreadId(02) Hub encountered error. Trying to reconnect to Hub. retry_reason="Hub failed to launch: Io(\"child exited with exit status: 1 without writing file \\\"/tmp/hub-ubuntu-2063AE3A.config.json\\\"\")"
2026-09-14T22:44:25Z [7,508ms] [Warning] [carb.omniclient.plugin]  45: OmniHub: ThreadId(02) Hub encountered error. Trying to reconnect to Hub. retry_reason="Hub failed to launch: Io(\"child exited with exit status: 1 without writing file \\\"/tmp/hub-ubuntu-2063AE3A.config.json\\\"\")"
2026-09-14T22:44:25Z [7,902ms] [Warning] [carb.omniclient.plugin]  45: OmniHub: ThreadId(02) Hub encountered error. Trying to reconnect to Hub. retry_reason="Hub failed to launch: Io(\"child exited with exit status: 1 without writing file \\\"/tmp/hub-ubuntu-2063AE3A.config.json\\\"\")"
2026-09-14T22:44:25Z [8,305ms] [Warning] [carb.omniclient.plugin]  45: OmniHub: ThreadId(02) Hub encountered error. Trying to reconnect to Hub. retry_reason="Hub failed to launch: Io(\"child exited with exit status: 1 without writing file \\\"/tmp/hub-ubuntu-2063AE3A.config.json\\\"\")"
2026-09-14T22:44:26Z [8,718ms] [Warning] [carb.omniclient.plugin]  45: OmniHub: ThreadId(02) Hub encountered error. Trying to reconnect to Hub. retry_reason="Hub failed to launch: Io(\"child exited with exit status: 1 without writing file \\\"/tmp/hub-ubuntu-2063AE3A.config.json\\\"\")"
2026-09-14T22:44:26Z [9,142ms] [Warning] [carb.omniclient.plugin]  45: OmniHub: ThreadId(02) Hub encountered error. Trying to reconnect to Hub. retry_reason="Hub failed to launch: Io(\"child exited with exit status: 1 without writing file \\\"/tmp/hub-ubuntu-2063AE3A.config.json\\\"\")"
2026-09-14T22:44:27Z [9,574ms] [Warning] [carb.omniclient.plugin]  45: OmniHub: ThreadId(02) Hub encountered error. Trying to reconnect to Hub. retry_reason="Hub failed to launch: Io(\"child exited with exit status: 1 without writing file \\\"/tmp/hub-ubuntu-2063AE3A.config.json\\\"\")"
2026-09-14T22:44:27Z [10,015ms] [Warning] [carb.omniclient.plugin]  45: OmniHub: ThreadId(02) Hub encountered error. Trying to reconnect to Hub. retry_reason="Hub failed to launch: Io(\"child exited with exit status: 1 without writing file \\\"/tmp/hub-ubuntu-2063AE3A.config.json\\\"\")"
WARNING: All log messages before absl::InitializeLog() is called are written to STDERR
E0000 00:00:1789425868.043956      11 descriptor_database.cc:633] File already exists in database: grpc/health/v1/health.proto
W0000 00:00:1789425868.043976      11 message.cc:301] Protobuf GeneratedMessageFactory: File is already registered: grpc/health/v1/health.proto
2026-09-14T22:44:28Z [10,501ms] [Warning] [omni.platforminfo.plugin] failed to open the default display.  Can't verify X Server version.

|---------------------------------------------------------------------------------------------|
| Driver Version: 580.173.02    | Graphics API: Vulkan
|=============================================================================================|
| GPU | Name                             | Active | LDA | GPU Memory | Vendor-ID | LUID       |
|     |                                  |        |     |            | Device-ID | UUID       |
|     |                                  |        |     |            | Bus-ID    |            |
|---------------------------------------------------------------------------------------------|
| 0   | NVIDIA GB10                      | Yes: 0 |     | 93457   MB | 10de      | 0          |
|     |                                  |        |     |            | 2e12      | 2166d556.. |
|     |                                  |        |     |            | 1         |            |
|=============================================================================================|
| OS: 24.04.3 LTS (Noble Numbat) ubuntu, Version: 24.04.3, Kernel: 6.17.0-1031-nvidia
| Processor: Cortex-A725
| Cores: 20 | Logical Cores: 20
|---------------------------------------------------------------------------------------------|
| Total Memory (MB): 124609 | Free Memory: 119986
| Total Page/Swap (MB): 16383 | Free Page/Swap: 0
|---------------------------------------------------------------------------------------------|
2026-09-14T22:44:29Z [12,082ms] [Warning] [carb.windowing-glfw.plugin] GLFW initialization failed.
2026-09-14T22:44:29Z [12,082ms] [Warning] [carb] Failed to startup plugin carb.windowing-glfw.plugin (interfaces: [carb::windowing::IGLContext v1.0],[carb::windowing::IWindowing v1.5]) (impl: carb.windowing-glfw.plugin)
2026-09-14T22:44:29Z [12,179ms] [Warning] [carb.windowing-glfw.plugin] GLFW initialization failed.
2026-09-14T22:44:29Z [12,179ms] [Warning] [carb] Failed to startup plugin carb.windowing-glfw.plugin (interfaces: [carb::windowing::IGLContext v1.0],[carb::windowing::IWindowing v1.5]) (impl: carb.windowing-glfw.plugin)
2026-09-14T22:44:29Z [12,180ms] [Warning] [carb.windowing-glfw.plugin] GLFW initialization failed.
2026-09-14T22:44:29Z [12,180ms] [Warning] [carb] Failed to startup plugin carb.windowing-glfw.plugin (interfaces: [carb::windowing::IGLContext v1.0],[carb::windowing::IWindowing v1.5]) (impl: carb.windowing-glfw.plugin)
2026-09-14T22:44:30Z [12,467ms] [Warning] [omni.log] Source: omni.hydra was already registered.
2026-09-14T22:44:31Z [13,752ms] [Warning] [pxr.Semantics] pxr.Semantics is deprecated - please use Semantics instead
2026-09-14T22:44:31Z [13,888ms] [Warning] [omni.replicator.core.scripts.extension] No material configuration file, adding configuration to material settings directly.
2026-09-14T22:44:32Z [15,161ms] [Warning] [rtx.hydra] RenderDelegate : Warning /rtx/hydra/readTransformsFromFabricInRenderDelegate and geometry streaming are enabled together but this can cause issues with dynamic objects not streaming correctly due to problems in the transform update.
/workspace/isaaclab/_isaac_sim/kit/python/lib/python3.12/site-packages/torch/cuda/__init__.py:435: UserWarning: 
    Found GPU0 NVIDIA GB10 which is of cuda capability 12.1.
    Minimum and Maximum cuda capability supported by this version of PyTorch is
    (8.0) - (12.0)
    
  queued_call()
[ISAACLAB] AppLauncher initialization complete
REFERENCE_SCREEN_APP_READY
[INFO]: Registered backend 'kit' for factory Visualizer.
2026-09-14T22:44:36Z [18,631ms] [Warning] [omni.physx.tensors.plugin] Failed to find contact report API at '/Robot_000/joints'
PAPER_EVALUATION {"probe_index": 0, "probe_count": 2, "declared_probe_count": 13, "case_ids": ["learning:quiet_20s"], "controls": 100, "requested_controls": 1000}
PAPER_EVALUATION {"probe_index": 0, "probe_count": 2, "declared_probe_count": 13, "case_ids": ["learning:quiet_20s"], "controls": 200, "requested_controls": 1000}
PAPER_EVALUATION {"probe_index": 0, "probe_count": 2, "declared_probe_count": 13, "case_ids": ["learning:quiet_20s"], "controls": 300, "requested_controls": 1000}
PAPER_EVALUATION {"probe_index": 0, "probe_count": 2, "declared_probe_count": 13, "case_ids": ["learning:quiet_20s"], "controls": 400, "requested_controls": 1000}
PAPER_EVALUATION {"probe_index": 0, "probe_count": 2, "declared_probe_count": 13, "case_ids": ["learning:quiet_20s"], "controls": 500, "requested_controls": 1000}
PAPER_EVALUATION {"probe_index": 0, "probe_count": 2, "declared_probe_count": 13, "case_ids": ["learning:quiet_20s"], "controls": 600, "requested_controls": 1000}
PAPER_EVALUATION {"probe_index": 0, "probe_count": 2, "declared_probe_count": 13, "case_ids": ["learning:quiet_20s"], "controls": 700, "requested_controls": 1000}
PAPER_EVALUATION {"probe_index": 0, "probe_count": 2, "declared_probe_count": 13, "case_ids": ["learning:quiet_20s"], "controls": 800, "requested_controls": 1000}
PAPER_EVALUATION {"probe_index": 0, "probe_count": 2, "declared_probe_count": 13, "case_ids": ["learning:quiet_20s"], "controls": 900, "requested_controls": 1000}
PAPER_EVALUATION {"probe_index": 0, "probe_count": 2, "declared_probe_count": 13, "case_ids": ["learning:quiet_20s"], "controls": 1000, "requested_controls": 1000}
PAPER_EVALUATION {"probe_index": 1, "probe_count": 2, "declared_probe_count": 13, "case_ids": ["learning:forward_0.05_to_stop"], "controls": 100, "requested_controls": 1050}
PAPER_EVALUATION {"probe_index": 1, "probe_count": 2, "declared_probe_count": 13, "case_ids": ["learning:forward_0.05_to_stop"], "controls": 200, "requested_controls": 1050}
PAPER_EVALUATION {"probe_index": 1, "probe_count": 2, "declared_probe_count": 13, "case_ids": ["learning:forward_0.05_to_stop"], "controls": 300, "requested_controls": 1050}
PAPER_EVALUATION {"probe_index": 1, "probe_count": 2, "declared_probe_count": 13, "case_ids": ["learning:forward_0.05_to_stop"], "controls": 400, "requested_controls": 1050}
PAPER_EVALUATION {"probe_index": 1, "probe_count": 2, "declared_probe_count": 13, "case_ids": ["learning:forward_0.05_to_stop"], "controls": 500, "requested_controls": 1050}
PAPER_EVALUATION {"probe_index": 1, "probe_count": 2, "declared_probe_count": 13, "case_ids": ["learning:forward_0.05_to_stop"], "controls": 600, "requested_controls": 1050}
PAPER_EVALUATION {"probe_index": 1, "probe_count": 2, "declared_probe_count": 13, "case_ids": ["learning:forward_0.05_to_stop"], "controls": 700, "requested_controls": 1050}
PAPER_EVALUATION {"probe_index": 1, "probe_count": 2, "declared_probe_count": 13, "case_ids": ["learning:forward_0.05_to_stop"], "controls": 800, "requested_controls": 1050}
PAPER_EVALUATION {"probe_index": 1, "probe_count": 2, "declared_probe_count": 13, "case_ids": ["learning:forward_0.05_to_stop"], "controls": 900, "requested_controls": 1050}
PAPER_EVALUATION {"probe_index": 1, "probe_count": 2, "declared_probe_count": 13, "case_ids": ["learning:forward_0.05_to_stop"], "controls": 1000, "requested_controls": 1050}
