/Users/andreboufama/Documents/CUPI/HEXAPOD/tmp/reference_load_transfer_001/serial_geometry.py:10: UserWarning: Creating a tensor from a list of numpy.ndarrays is extremely slow. Please consider converting the list to a single numpy.ndarray with numpy.array() before converting to a tensor. (Triggered internally at /Users/runner/work/pytorch/pytorch/pytorch/torch/csrc/utils/tensor_new.cpp:256.)
  def tensor(x):return torch.as_tensor(x,dtype=DTYPE,device='cpu')
{
  "scope": "Synthetic kinematic/contact/unit-force fixture only; no Isaac or real sensor evidence",
  "physical_run": false,
  "proposed_only": true,
  "config": {
    "lift_m": 0.007,
    "baseline_s": 2.0,
    "ramp_s": 3.0,
    "unloaded_hold_s": 2.0,
    "quiet_s": 12.0,
    "minimum_support_margin_m": 0.05,
    "maximum_body_displacement_m": 0.015,
    "maximum_body_angle_rad": 0.1,
    "maximum_corner_drift_m": 0.01,
    "maximum_corner_slip_mps": 0.02,
    "requested_torque_limit_nm": 1.6,
    "minimum_pair_measured_lift_m": 0.002,
    "maximum_unloaded_normal_force_n": 1.0,
    "minimum_unloaded_hold_s": 1.0,
    "proposal_only": true
  },
  "runtime_joint_names": [
    "revolute_1_1",
    "revolute_1",
    "revolute_2",
    "revolute_2_5",
    "revolute_1_5",
    "revolute_2_4",
    "revolute_1_7",
    "revolute_1_6",
    "revolute_2_6",
    "revolute_4",
    "revolute_1_4",
    "revolute_2_3",
    "revolute_5",
    "revolute_1_2",
    "revolute_2_1",
    "revolute_3",
    "revolute_1_3",
    "revolute_2_2"
  ],
  "source004_interface": true,
  "total_reference_duration_s": 21.99999999999962,
  "selected_pair": [
    "lm",
    "rm"
  ],
  "retained_supports": [
    "lf",
    "lr",
    "rf",
    "rr"
  ],
  "max_reference_velocity_rad_s": 0.07577592415216605,
  "max_reference_acceleration_rad_s2": 0.07776972910655822,
  "minimum_soft_joint_margin_rad": 0.2999388747460756,
  "maximum_pair_planar_excursion_m": 0.00010042128034813436,
  "max_pair_measured_fixture_lift_m": [
    0.006999999999998771,
    0.007000016032283049
  ],
  "final_target_equals_initial": true,
  "reference_quiet_time_s": 9.99999999999994,
  "maximum_corner_target_change_rad": 0.0,
  "caveats": [
    "Synthetic body pose follows a fixed fixture; actual body is never prescribed by the proposed generator.",
    "Synthetic torque is a fixed 0.7 N m and synthetic force distribution is equal over declared contacts.",
    "Those fixture values test rejection/scoring plumbing and predict no actual torque or load allocation.",
    "No GPU entrypoint, new source manifest, host dispatch or physical gate adoption is provided."
  ]
}
