Hashing immutable result files
Frozen original scorer recomputed for all128
Independent contact/root audit steps 800
Independent contact/root audit steps 1600
Independent contact/root audit steps 2400
Independent contact/root audit steps 3200
Independent contact/root audit steps 4000
Independent contact/root audit steps 4800
Independent contact/root audit steps 5600
Independent contact/root audit steps 6400
Independent contact/root audit steps 7200
Independent contact/root audit steps 8000
{
  "schema": "independent_canonical_batch128_verification_v1",
  "status": "completed",
  "all_checks_passed": true,
  "exact_recomputed_report": true,
  "replicas_verified": 128,
  "controls": 1000,
  "substeps": 8000,
  "contact_packets_verified": 8000,
  "contact_patches_reclassified": 24479073,
  "native_metadata_and_lifecycle_verified": true,
  "minimum_sampled_sphere_gap": {
    "gap_m": 1.0581628607200673,
    "pair": [
      117,
      118
    ],
    "sequence": 5767
  },
  "minimum_linear_swept_sphere_gap": {
    "gap_m": 1.0581628607200673,
    "pair": [
      117,
      118
    ],
    "ending_sequence": 5767
  },
  "minimum_floor_envelope_clearance": {
    "clearance_m": 17.529077615654735,
    "env": 35,
    "axis": 0,
    "sequence": 5217
  },
  "radius_m": 0.4708823300239754,
  "per_replica_minimum_sampled_sphere_gap_m": [
    1.0582135391821417,
    1.0582135391821417,
    1.0582176969881385,
    1.0582176969881385,
    1.0582242251082654,
    1.0582277105593472,
    1.0582207934705563,
    1.0581952856317285,
    1.0581952856317285,
    1.0581857489365734,
    1.0581857489365734,
    1.0582124517721694,
    1.0582020230564306,
    1.0582020230564306,
    1.0582216322682436,
    1.0582024382361228,
    1.0582024382361228,
    1.058196239323025,
    1.058196239323025,
    1.0582200812743547,
    1.0582107828626994,
    1.0582056698303106,
    1.0581914710200273,
    1.0581914710200273,
    1.0582244846307878,
    1.0581981466710677,
    1.0582253264281583,
    1.0582029150305037,
    1.0582029150305037,
    1.0582050608253117,
    1.058207206604355,
    1.0582191275014636,
    1.058210544509594,
    1.058205299211718,
    1.058210544420211,
    1.058210544420211,
    1.058200530843838,
    1.0581981466710677,
    1.0582000540075416,
    1.0582162665206603,
    1.058214835962464,
    1.0581976698207896,
    1.0582029150259153,
    1.0582010077066426,
    1.0582010076838737,
    1.0582000540046288,
    1.0581986234946754,
    1.0582029153806345,
    1.058200530843838,
    1.058190517443292,
    1.0582000540075416,
    1.05820291504351,
    1.0582095909371032,
    1.0581976698207896,
    1.0581867025946956,
    1.0582010077066426,
    1.058212451774361,
    1.0582000540046288,
    1.0581986234946754,
    1.0581991003363733,
    1.05820755869788,
    1.058190517443292,
    1.0582138822983627,
    1.05820291504351,
    1.0581809806070592,
    1.0582067299559972,
    1.0581867025946956,
    1.0582105444771135,
    1.0582143591200872,
    1.0581838417865976,
    1.0581838417865976,
    1.0581905172770945,
    1.0581871750880865,
    1.0581871750880865,
    1.0582076834496545,
    1.0582029150349301,
    1.0581809806070592,
    1.058191470934495,
    1.0582114981452992,
    1.0582086371036514,
    1.0581971929978886,
    1.0581895636377205,
    1.058182887879877,
    1.0581905172770945,
    1.0582010077001773,
    1.0582048223742155,
    1.0582076834496545,
    1.0582029150349301,
    1.0582057760482664,
    1.058191470934495,
    1.0581943320010474,
    1.058205776059813,
    1.0581971929978886,
    1.058208637071554,
    1.058182887879877,
    1.058191471466346,
    1.0582010076772255,
    1.0582048223742155,
    1.0581838415936986,
    1.0581952856480281,
    1.0582057760482664,
    1.0581895636228003,
    1.0581943320010474,
    1.0582010076912163,
    1.0581895636431013,
    1.0582010077279007,
    1.0581819344243997,
    1.058191471466346,
    1.0581991003684899,
    1.0581723975237245,
    1.0581838415936986,
    1.0581952856480281,
    1.0581905172862116,
    1.0581895636228003,
    1.058162860767387,
    1.0582010076912163,
    1.0581895636431013,
    1.0581628607200673,
    1.0581628607200673,
    1.058227710557536,
    1.0581991003684899,
    1.0581723975237245,
    1.0582157897901354,
    1.0582157897901354,
    1.0581971935041834,
    1.0581971935041834,
    1.058162860767387,
    1.058212451828106
  ],
  "per_replica_maximum_root_planar_excursion_from_reset_m": [
    1.2821953888581831e-05,
    2.7984241316100964e-05,
    9.440827196865629e-06,
    1.9608574867248655e-05,
    1.661704314317489e-05,
    1.0497356608891676e-05,
    2.1716865986038528e-05,
    3.057370596727036e-05,
    1.946443684050249e-05,
    4.2512287795464464e-05,
    1.7662090717023996e-05,
    3.292773508842759e-05,
    1.3575056425946699e-05,
    2.2430677903080124e-05,
    1.5601394795401464e-05,
    2.606952082221345e-05,
    2.46944568180543e-05,
    2.2101029348673408e-05,
    2.6609318596779962e-05,
    1.3953089607619793e-05,
    1.727342194240566e-05,
    1.9410259663627262e-05,
    5.468796806242913e-05,
    2.652373206538015e-05,
    1.1813686314101577e-05,
    1.4307101429631708e-05,
    1.3023853572604812e-05,
    2.2492363767758856e-05,
    2.4509615470688624e-05,
    2.1517194208847986e-05,
    1.8621086301581035e-05,
    1.7192608239479014e-05,
    1.4433680408158598e-05,
    3.312216756212665e-05,
    3.1344563349809256e-05,
    4.7488408653742407e-05,
    2.8612440883499535e-05,
    2.6923359324442108e-05,
    2.1287454877423968e-05,
    2.0509541671377724e-05,
    1.552469310388537e-05,
    3.090625843639145e-05,
    2.4314019744838642e-05,
    2.322348720910248e-05,
    1.794960997077819e-05,
    4.202934789547025e-05,
    3.8811732759713426e-05,
    3.4651989553497626e-05,
    1.550739569623981e-05,
    3.8820519327254524e-05,
    2.5803235555190445e-05,
    3.9666432081385464e-05,
    2.5942746179076088e-05,
    1.375408659158321e-05,
    3.29397507460986e-05,
    3.136994209937768e-05,
    2.3918030174225718e-05,
    2.685571258607621e-05,
    1.2971373089538044e-05,
    3.5987782028414166e-05,
    1.9904020793953827e-05,
    1.8572179884100387e-05,
    1.1374340478779376e-05,
    2.063663960302582e-05,
    2.6872640235148185e-05,
    2.6514890240588845e-05,
    3.2550903636695885e-05,
    2.86102294921875e-05,
    2.0049854318264617e-05,
    3.970081004428606e-05,
    2.486878358918247e-05,
    2.5942746179076088e-05,
    2.3872878256381294e-05,
    2.938091846207238e-05,
    2.2653529205741316e-05,
    3.1485698736608843e-05,
    3.753408175307165e-05,
    1.1601948795887412e-05,
    2.234530356189724e-05,
    2.7142046872630515e-05,
    3.738841206343204e-05,
    4.264961199760036e-05,
    2.5249867048022702e-05,
    3.6700976190364564e-05,
    2.52334279937436e-05,
    1.471691668503949e-05,
    1.4812683646210734e-05,
    1.5078914929239174e-05,
    3.0428039805495865e-05,
    4.02468640251335e-05,
    2.7524699572871803e-05,
    2.132480599880018e-05,
    1.7917913654380737e-05,
    3.198720899820027e-05,
    5.1815329388451096e-05,
    2.9930791523886138e-05,
    3.829916685031097e-05,
    2.2619628935199908e-05,
    2.8698506857922894e-05,
    1.8344291745826095e-05,
    4.214819718846788e-05,
    4.1052328586637276e-05,
    3.467494766749924e-05,
    2.2263751087052826e-05,
    2.4314019744838642e-05,
    4.140528363436205e-05,
    4.897282438838107e-05,
    5.0796028082221125e-05,
    2.224895496885978e-05,
    4.826195117523191e-05,
    4.362213073411716e-05,
    3.9439362491135056e-05,
    4.396221378942913e-05,
    1.9073486328125e-05,
    5.737918455692796e-05,
    3.057712467552452e-05,
    3.1972989300232336e-05,
    4.452750217410565e-05,
    5.374528047029637e-05,
    6.236184205731131e-05,
    1.968427203687289e-05,
    2.6369784658283892e-05,
    2.3979741975174252e-05,
    1.7192608239479014e-05,
    3.979233941082967e-05,
    2.2181898783899323e-05,
    2.886342229923545e-05,
    1.9637356073354723e-05
  ],
  "separation_and_floor_checks_passed": true,
  "source_freeze_sha256": "e82077d7fbe9b8c5873b119c940d95b3db33189ed46a00d20c75e6c773fb64da",
  "wall_seconds": 144.09048772603273,
  "stage2_complete": false,
  "physical_admission_created": false,
  "numpy_version": "2.2.6",
  "python_version": "3.12.3 (main, Jun 19 2026, 12:46:00) [GCC 13.3.0]",
  "remote_layout": true,
  "limitations": [
    "Sampled roots plus linear sweeps are not continuous collision detection or solver independence.",
    "Exact standing scorer uses recorded mesh-clearance channels; all mesh vertices were not re-evaluated independently.",
    "Reported native attributes do not expose actual backend iteration counts.",
    "No contact insulation/filter is added. Every one of128 replicas is required; no fallback to a passing subset."
  ],
  "audit_script_sha256": "7f16aa2832ad47b0b4086c34455fdbdf49b5c01001d73244fe9382046e7c6b8b",
  "inputs_unchanged": true
}
