time="2026-09-14T12:22:05-05:00" level=warning msg="No services to build"
time="2026-09-14T12:22:05-05:00" level=warning msg="No services to build"
 Container hexapod-reference-physics-8e385372d3b64352b898533d39eed80e Creating 
 Container hexapod-reference-physics-8e385372d3b64352b898533d39eed80e Created 
The '--headless' CLI argument is deprecated. Omit '--viz' for default headless. If config visualizers are enabled and you want to force headless, use '--viz none'.
Loading user config located at: '/isaac-sim/kit/data/Kit/IsaacLab/3.0/user.config.json'
2026-09-14T17:22:06Z [0ms] [Warning] [omni.ext.plugin] [ext: standing] Extensions config 'extension.toml' doesn't exist '/output/standing' or '/output/standing/config'
2026-09-14T17:22:06Z [0ms] [Warning] [omni.ext.plugin] [ext: jobs] Extensions config 'extension.toml' doesn't exist '/output/jobs' or '/output/jobs/config'
2026-09-14T17:22:06Z [0ms] [Warning] [omni.ext.plugin] [ext: logs] Extensions config 'extension.toml' doesn't exist '/output/logs' or '/output/logs/config'
2026-09-14T17:22:06Z [0ms] [Warning] [omni.ext.plugin] [ext: isaaclab_visualizers] Extensions config 'extension.toml' doesn't exist '/workspace/isaaclab/source/isaaclab_visualizers' or '/workspace/isaaclab/source/isaaclab_visualizers/config'
2026-09-14T17:22:06Z [109ms] [Warning] [carb.omniclient.plugin]  44: OmniHub: ThreadId(02) Hub encountered error. Trying to reconnect to Hub. retry_reason="Hub failed to launch: Io(\"child exited with exit status: 1 without writing file \\\"/tmp/hub-ubuntu-446FB208.config.json\\\"\")"
2026-09-14T17:22:06Z [182ms] [Warning] [carb.omniclient.plugin]  44: OmniHub: ThreadId(02) Hub encountered error. Trying to reconnect to Hub. retry_reason="Hub failed to launch: Io(\"child exited with exit status: 1 without writing file \\\"/tmp/hub-ubuntu-446FB208.config.json\\\"\")"
2026-09-14T17:22:06Z [264ms] [Warning] [carb.omniclient.plugin]  44: OmniHub: ThreadId(02) Hub encountered error. Trying to reconnect to Hub. retry_reason="Hub failed to launch: Io(\"child exited with exit status: 1 without writing file \\\"/tmp/hub-ubuntu-446FB208.config.json\\\"\")"
2026-09-14T17:22:06Z [356ms] [Warning] [carb.omniclient.plugin]  44: OmniHub: ThreadId(02) Hub encountered error. Trying to reconnect to Hub. retry_reason="Hub failed to launch: Io(\"child exited with exit status: 1 without writing file \\\"/tmp/hub-ubuntu-446FB208.config.json\\\"\")"
2026-09-14T17:22:06Z [459ms] [Warning] [carb.omniclient.plugin]  44: OmniHub: ThreadId(02) Hub encountered error. Trying to reconnect to Hub. retry_reason="Hub failed to launch: Io(\"child exited with exit status: 1 without writing file \\\"/tmp/hub-ubuntu-446FB208.config.json\\\"\")"
2026-09-14T17:22:06Z [571ms] [Warning] [carb.omniclient.plugin]  44: OmniHub: ThreadId(02) Hub encountered error. Trying to reconnect to Hub. retry_reason="Hub failed to launch: Io(\"child exited with exit status: 1 without writing file \\\"/tmp/hub-ubuntu-446FB208.config.json\\\"\")"
2026-09-14T17:22:06Z [694ms] [Warning] [carb.omniclient.plugin]  44: OmniHub: ThreadId(02) Hub encountered error. Trying to reconnect to Hub. retry_reason="Hub failed to launch: Io(\"child exited with exit status: 1 without writing file \\\"/tmp/hub-ubuntu-446FB208.config.json\\\"\")"
2026-09-14T17:22:07Z [827ms] [Warning] [carb.omniclient.plugin]  44: OmniHub: ThreadId(02) Hub encountered error. Trying to reconnect to Hub. retry_reason="Hub failed to launch: Io(\"child exited with exit status: 1 without writing file \\\"/tmp/hub-ubuntu-446FB208.config.json\\\"\")"
2026-09-14T17:22:07Z [969ms] [Warning] [carb.omniclient.plugin]  44: OmniHub: ThreadId(02) Hub encountered error. Trying to reconnect to Hub. retry_reason="Hub failed to launch: Io(\"child exited with exit status: 1 without writing file \\\"/tmp/hub-ubuntu-446FB208.config.json\\\"\")"
2026-09-14T17:22:07Z [1,122ms] [Warning] [carb.omniclient.plugin]  44: OmniHub: ThreadId(02) Hub encountered error. Trying to reconnect to Hub. retry_reason="Hub failed to launch: Io(\"child exited with exit status: 1 without writing file \\\"/tmp/hub-ubuntu-446FB208.config.json\\\"\")"
2026-09-14T17:22:07Z [1,285ms] [Warning] [carb.omniclient.plugin]  44: OmniHub: ThreadId(02) Hub encountered error. Trying to reconnect to Hub. retry_reason="Hub failed to launch: Io(\"child exited with exit status: 1 without writing file \\\"/tmp/hub-ubuntu-446FB208.config.json\\\"\")"
2026-09-14T17:22:07Z [1,458ms] [Warning] [carb.omniclient.plugin]  44: OmniHub: ThreadId(02) Hub encountered error. Trying to reconnect to Hub. retry_reason="Hub failed to launch: Io(\"child exited with exit status: 1 without writing file \\\"/tmp/hub-ubuntu-446FB208.config.json\\\"\")"
2026-09-14T17:22:07Z [1,641ms] [Warning] [carb.omniclient.plugin]  44: OmniHub: ThreadId(02) Hub encountered error. Trying to reconnect to Hub. retry_reason="Hub failed to launch: Io(\"child exited with exit status: 1 without writing file \\\"/tmp/hub-ubuntu-446FB208.config.json\\\"\")"
2026-09-14T17:22:08Z [1,834ms] [Warning] [carb.omniclient.plugin]  44: OmniHub: ThreadId(02) Hub encountered error. Trying to reconnect to Hub. retry_reason="Hub failed to launch: Io(\"child exited with exit status: 1 without writing file \\\"/tmp/hub-ubuntu-446FB208.config.json\\\"\")"
2026-09-14T17:22:08Z [2,037ms] [Warning] [carb.omniclient.plugin]  44: OmniHub: ThreadId(02) Hub encountered error. Trying to reconnect to Hub. retry_reason="Hub failed to launch: Io(\"child exited with exit status: 1 without writing file \\\"/tmp/hub-ubuntu-446FB208.config.json\\\"\")"
2026-09-14T17:22:08Z [2,250ms] [Warning] [carb.omniclient.plugin]  44: OmniHub: ThreadId(02) Hub encountered error. Trying to reconnect to Hub. retry_reason="Hub failed to launch: Io(\"child exited with exit status: 1 without writing file \\\"/tmp/hub-ubuntu-446FB208.config.json\\\"\")"
2026-09-14T17:22:08Z [2,474ms] [Warning] [carb.omniclient.plugin]  44: OmniHub: ThreadId(02) Hub encountered error. Trying to reconnect to Hub. retry_reason="Hub failed to launch: Io(\"child exited with exit status: 1 without writing file \\\"/tmp/hub-ubuntu-446FB208.config.json\\\"\")"
2026-09-14T17:22:08Z [2,707ms] [Warning] [carb.omniclient.plugin]  44: OmniHub: ThreadId(02) Hub encountered error. Trying to reconnect to Hub. retry_reason="Hub failed to launch: Io(\"child exited with exit status: 1 without writing file \\\"/tmp/hub-ubuntu-446FB208.config.json\\\"\")"
2026-09-14T17:22:09Z [2,949ms] [Warning] [carb.omniclient.plugin]  44: OmniHub: ThreadId(02) Hub encountered error. Trying to reconnect to Hub. retry_reason="Hub failed to launch: Io(\"child exited with exit status: 1 without writing file \\\"/tmp/hub-ubuntu-446FB208.config.json\\\"\")"
2026-09-14T17:22:09Z [3,203ms] [Warning] [carb.omniclient.plugin]  44: OmniHub: ThreadId(02) Hub encountered error. Trying to reconnect to Hub. retry_reason="Hub failed to launch: Io(\"child exited with exit status: 1 without writing file \\\"/tmp/hub-ubuntu-446FB208.config.json\\\"\")"
2026-09-14T17:22:09Z [3,466ms] [Warning] [carb.omniclient.plugin]  44: OmniHub: ThreadId(02) Hub encountered error. Trying to reconnect to Hub. retry_reason="Hub failed to launch: Io(\"child exited with exit status: 1 without writing file \\\"/tmp/hub-ubuntu-446FB208.config.json\\\"\")"
2026-09-14T17:22:09Z [3,739ms] [Warning] [carb.omniclient.plugin]  44: OmniHub: ThreadId(02) Hub encountered error. Trying to reconnect to Hub. retry_reason="Hub failed to launch: Io(\"child exited with exit status: 1 without writing file \\\"/tmp/hub-ubuntu-446FB208.config.json\\\"\")"
2026-09-14T17:22:10Z [4,022ms] [Warning] [carb.omniclient.plugin]  44: OmniHub: ThreadId(02) Hub encountered error. Trying to reconnect to Hub. retry_reason="Hub failed to launch: Io(\"child exited with exit status: 1 without writing file \\\"/tmp/hub-ubuntu-446FB208.config.json\\\"\")"
2026-09-14T17:22:10Z [4,314ms] [Warning] [carb.omniclient.plugin]  44: OmniHub: ThreadId(02) Hub encountered error. Trying to reconnect to Hub. retry_reason="Hub failed to launch: Io(\"child exited with exit status: 1 without writing file \\\"/tmp/hub-ubuntu-446FB208.config.json\\\"\")"
2026-09-14T17:22:10Z [4,617ms] [Warning] [carb.omniclient.plugin]  44: OmniHub: ThreadId(02) Hub encountered error. Trying to reconnect to Hub. retry_reason="Hub failed to launch: Io(\"child exited with exit status: 1 without writing file \\\"/tmp/hub-ubuntu-446FB208.config.json\\\"\")"
2026-09-14T17:22:11Z [4,927ms] [Warning] [carb.omniclient.plugin]  44: OmniHub: ThreadId(02) Hub encountered error. Trying to reconnect to Hub. retry_reason="Hub failed to launch: Io(\"child exited with exit status: 1 without writing file \\\"/tmp/hub-ubuntu-446FB208.config.json\\\"\")"
2026-09-14T17:22:11Z [5,250ms] [Warning] [carb.omniclient.plugin]  44: OmniHub: ThreadId(02) Hub encountered error. Trying to reconnect to Hub. retry_reason="Hub failed to launch: Io(\"child exited with exit status: 1 without writing file \\\"/tmp/hub-ubuntu-446FB208.config.json\\\"\")"
2026-09-14T17:22:11Z [5,582ms] [Warning] [carb.omniclient.plugin]  44: OmniHub: ThreadId(02) Hub encountered error. Trying to reconnect to Hub. retry_reason="Hub failed to launch: Io(\"child exited with exit status: 1 without writing file \\\"/tmp/hub-ubuntu-446FB208.config.json\\\"\")"
2026-09-14T17:22:12Z [5,926ms] [Warning] [carb.omniclient.plugin]  44: OmniHub: ThreadId(02) Hub encountered error. Trying to reconnect to Hub. retry_reason="Hub failed to launch: Io(\"child exited with exit status: 1 without writing file \\\"/tmp/hub-ubuntu-446FB208.config.json\\\"\")"
2026-09-14T17:22:12Z [6,280ms] [Warning] [carb.omniclient.plugin]  44: OmniHub: ThreadId(02) Hub encountered error. Trying to reconnect to Hub. retry_reason="Hub failed to launch: Io(\"child exited with exit status: 1 without writing file \\\"/tmp/hub-ubuntu-446FB208.config.json\\\"\")"
2026-09-14T17:22:12Z [6,643ms] [Warning] [carb.omniclient.plugin]  44: OmniHub: ThreadId(02) Hub encountered error. Trying to reconnect to Hub. retry_reason="Hub failed to launch: Io(\"child exited with exit status: 1 without writing file \\\"/tmp/hub-ubuntu-446FB208.config.json\\\"\")"
2026-09-14T17:22:13Z [7,016ms] [Warning] [carb.omniclient.plugin]  44: OmniHub: ThreadId(02) Hub encountered error. Trying to reconnect to Hub. retry_reason="Hub failed to launch: Io(\"child exited with exit status: 1 without writing file \\\"/tmp/hub-ubuntu-446FB208.config.json\\\"\")"
2026-09-14T17:22:13Z [7,398ms] [Warning] [carb.omniclient.plugin]  44: OmniHub: ThreadId(02) Hub encountered error. Trying to reconnect to Hub. retry_reason="Hub failed to launch: Io(\"child exited with exit status: 1 without writing file \\\"/tmp/hub-ubuntu-446FB208.config.json\\\"\")"
2026-09-14T17:22:14Z [7,791ms] [Warning] [carb.omniclient.plugin]  44: OmniHub: ThreadId(02) Hub encountered error. Trying to reconnect to Hub. retry_reason="Hub failed to launch: Io(\"child exited with exit status: 1 without writing file \\\"/tmp/hub-ubuntu-446FB208.config.json\\\"\")"
2026-09-14T17:22:14Z [8,193ms] [Warning] [carb.omniclient.plugin]  44: OmniHub: ThreadId(02) Hub encountered error. Trying to reconnect to Hub. retry_reason="Hub failed to launch: Io(\"child exited with exit status: 1 without writing file \\\"/tmp/hub-ubuntu-446FB208.config.json\\\"\")"
2026-09-14T17:22:14Z [8,606ms] [Warning] [carb.omniclient.plugin]  44: OmniHub: ThreadId(02) Hub encountered error. Trying to reconnect to Hub. retry_reason="Hub failed to launch: Io(\"child exited with exit status: 1 without writing file \\\"/tmp/hub-ubuntu-446FB208.config.json\\\"\")"
2026-09-14T17:22:15Z [9,028ms] [Warning] [carb.omniclient.plugin]  44: OmniHub: ThreadId(02) Hub encountered error. Trying to reconnect to Hub. retry_reason="Hub failed to launch: Io(\"child exited with exit status: 1 without writing file \\\"/tmp/hub-ubuntu-446FB208.config.json\\\"\")"
2026-09-14T17:22:15Z [9,462ms] [Warning] [carb.omniclient.plugin]  44: OmniHub: ThreadId(02) Hub encountered error. Trying to reconnect to Hub. retry_reason="Hub failed to launch: Io(\"child exited with exit status: 1 without writing file \\\"/tmp/hub-ubuntu-446FB208.config.json\\\"\")"
2026-09-14T17:22:16Z [9,903ms] [Warning] [carb.omniclient.plugin]  44: OmniHub: ThreadId(02) Hub encountered error. Trying to reconnect to Hub. retry_reason="Hub failed to launch: Io(\"child exited with exit status: 1 without writing file \\\"/tmp/hub-ubuntu-446FB208.config.json\\\"\")"
WARNING: All log messages before absl::InitializeLog() is called are written to STDERR
E0000 00:00:1789406536.617791      11 descriptor_database.cc:633] File already exists in database: grpc/health/v1/health.proto
W0000 00:00:1789406536.617814      11 message.cc:301] Protobuf GeneratedMessageFactory: File is already registered: grpc/health/v1/health.proto
2026-09-14T17:22:16Z [10,384ms] [Warning] [omni.platforminfo.plugin] failed to open the default display.  Can't verify X Server version.
2026-09-14T17:22:16Z [10,392ms] [Warning] [omni.usd_config.extension] Enable omni.materialx.libs extension to use MaterialX
/workspace/isaaclab/_isaac_sim/kit/python/lib/python3.12/site-packages/torch/cuda/__init__.py:435: UserWarning: 
    Found GPU0 NVIDIA GB10 which is of cuda capability 12.1.
    Minimum and Maximum cuda capability supported by this version of PyTorch is
    (8.0) - (12.0)
    
  queued_call()
REFERENCE_SCREEN_APP_READY
[ISAACLAB] AppLauncher initialization complete
2026-09-14T17:22:20Z [14,689ms] [Warning] [usdrt.population.plugin] Last global time was not created. Did you call setEnableUsdNoticeHandling?
2026-09-14T17:22:21Z [14,880ms] [Warning] [omni.physx.tensors.plugin] Failed to find contact report API at '/Robot_000/joints'
PAPER_STANDING controls=100 replicas=1
PAPER_STANDING controls=200 replicas=1
PAPER_STANDING controls=300 replicas=1
PAPER_STANDING controls=400 replicas=1
PAPER_STANDING controls=500 replicas=1
PAPER_STANDING controls=600 replicas=1
PAPER_STANDING controls=700 replicas=1
PAPER_STANDING controls=800 replicas=1
PAPER_STANDING controls=900 replicas=1
PAPER_STANDING controls=1000 replicas=1
