2026-09-05T06:06:38.076287022Z Loading user config located at: '/isaac-sim/kit/data/Kit/IsaacLab/3.0/user.config.json'
2026-09-05T06:06:38.076330878Z 2026-09-05T06:06:36Z [0ms] [Warning] [omni.ext.plugin] [ext: isaaclab_visualizers] Extensions config 'extension.toml' doesn't exist '/workspace/isaaclab/source/isaaclab_visualizers' or '/workspace/isaaclab/source/isaaclab_visualizers/config'
2026-09-05T06:06:38.076333566Z 2026-09-05T06:06:36Z [110ms] [Warning] [carb.omniclient.plugin]  117: OmniHub: ThreadId(02) Hub encountered error. Trying to reconnect to Hub. retry_reason="Hub failed to launch: Io(\"child exited with exit status: 1 without writing file \\\"/tmp/hub-ubuntu-4853584F.config.json\\\"\")"
2026-09-05T06:06:38.076335102Z 2026-09-05T06:06:36Z [182ms] [Warning] [carb.omniclient.plugin]  117: OmniHub: ThreadId(02) Hub encountered error. Trying to reconnect to Hub. retry_reason="Hub failed to launch: Io(\"child exited with exit status: 1 without writing file \\\"/tmp/hub-ubuntu-4853584F.config.json\\\"\")"
2026-09-05T06:06:38.076337342Z 2026-09-05T06:06:36Z [264ms] [Warning] [carb.omniclient.plugin]  117: OmniHub: ThreadId(02) Hub encountered error. Trying to reconnect to Hub. retry_reason="Hub failed to launch: Io(\"child exited with exit status: 1 without writing file \\\"/tmp/hub-ubuntu-4853584F.config.json\\\"\")"
2026-09-05T06:06:38.076338622Z 2026-09-05T06:06:36Z [356ms] [Warning] [carb.omniclient.plugin]  117: OmniHub: ThreadId(02) Hub encountered error. Trying to reconnect to Hub. retry_reason="Hub failed to launch: Io(\"child exited with exit status: 1 without writing file \\\"/tmp/hub-ubuntu-4853584F.config.json\\\"\")"
2026-09-05T06:06:38.076339886Z 2026-09-05T06:06:36Z [458ms] [Warning] [carb.omniclient.plugin]  117: OmniHub: ThreadId(02) Hub encountered error. Trying to reconnect to Hub. retry_reason="Hub failed to launch: Io(\"child exited with exit status: 1 without writing file \\\"/tmp/hub-ubuntu-4853584F.config.json\\\"\")"
2026-09-05T06:06:38.076341566Z 2026-09-05T06:06:36Z [569ms] [Warning] [carb.omniclient.plugin]  117: OmniHub: ThreadId(02) Hub encountered error. Trying to reconnect to Hub. retry_reason="Hub failed to launch: Io(\"child exited with exit status: 1 without writing file \\\"/tmp/hub-ubuntu-4853584F.config.json\\\"\")"
2026-09-05T06:06:38.076342750Z 2026-09-05T06:06:36Z [691ms] [Warning] [carb.omniclient.plugin]  117: OmniHub: ThreadId(02) Hub encountered error. Trying to reconnect to Hub. retry_reason="Hub failed to launch: Io(\"child exited with exit status: 1 without writing file \\\"/tmp/hub-ubuntu-4853584F.config.json\\\"\")"
2026-09-05T06:06:38.076343966Z 2026-09-05T06:06:37Z [824ms] [Warning] [carb.omniclient.plugin]  117: OmniHub: ThreadId(02) Hub encountered error. Trying to reconnect to Hub. retry_reason="Hub failed to launch: Io(\"child exited with exit status: 1 without writing file \\\"/tmp/hub-ubuntu-4853584F.config.json\\\"\")"
2026-09-05T06:06:38.076345118Z 2026-09-05T06:06:37Z [966ms] [Warning] [carb.omniclient.plugin]  117: OmniHub: ThreadId(02) Hub encountered error. Trying to reconnect to Hub. retry_reason="Hub failed to launch: Io(\"child exited with exit status: 1 without writing file \\\"/tmp/hub-ubuntu-4853584F.config.json\\\"\")"
2026-09-05T06:06:38.076346382Z 2026-09-05T06:06:37Z [1,117ms] [Warning] [carb.omniclient.plugin]  117: OmniHub: ThreadId(02) Hub encountered error. Trying to reconnect to Hub. retry_reason="Hub failed to launch: Io(\"child exited with exit status: 1 without writing file \\\"/tmp/hub-ubuntu-4853584F.config.json\\\"\")"
2026-09-05T06:06:38.076351198Z 2026-09-05T06:06:37Z [1,280ms] [Warning] [carb.omniclient.plugin]  117: OmniHub: ThreadId(02) Hub encountered error. Trying to reconnect to Hub. retry_reason="Hub failed to launch: Io(\"child exited with exit status: 1 without writing file \\\"/tmp/hub-ubuntu-4853584F.config.json\\\"\")"
2026-09-05T06:06:38.076352462Z 2026-09-05T06:06:37Z [1,451ms] [Warning] [carb.omniclient.plugin]  117: OmniHub: ThreadId(02) Hub encountered error. Trying to reconnect to Hub. retry_reason="Hub failed to launch: Io(\"child exited with exit status: 1 without writing file \\\"/tmp/hub-ubuntu-4853584F.config.json\\\"\")"
2026-09-05T06:06:38.076353726Z 2026-09-05T06:06:37Z [1,634ms] [Warning] [carb.omniclient.plugin]  117: OmniHub: ThreadId(02) Hub encountered error. Trying to reconnect to Hub. retry_reason="Hub failed to launch: Io(\"child exited with exit status: 1 without writing file \\\"/tmp/hub-ubuntu-4853584F.config.json\\\"\")"
2026-09-05T06:06:38.076354990Z 2026-09-05T06:06:38Z [1,826ms] [Warning] [carb.omniclient.plugin]  117: OmniHub: ThreadId(02) Hub encountered error. Trying to reconnect to Hub. retry_reason="Hub failed to launch: Io(\"child exited with exit status: 1 without writing file \\\"/tmp/hub-ubuntu-4853584F.config.json\\\"\")"
2026-09-05T06:06:42.162885482Z 2026-09-05T06:06:38Z [2,027ms] [Warning] [carb.omniclient.plugin]  117: OmniHub: ThreadId(02) Hub encountered error. Trying to reconnect to Hub. retry_reason="Hub failed to launch: Io(\"child exited with exit status: 1 without writing file \\\"/tmp/hub-ubuntu-4853584F.config.json\\\"\")"
2026-09-05T06:06:42.162924986Z 2026-09-05T06:06:38Z [2,240ms] [Warning] [carb.omniclient.plugin]  117: OmniHub: ThreadId(02) Hub encountered error. Trying to reconnect to Hub. retry_reason="Hub failed to launch: Io(\"child exited with exit status: 1 without writing file \\\"/tmp/hub-ubuntu-4853584F.config.json\\\"\")"
2026-09-05T06:06:42.162928218Z 2026-09-05T06:06:38Z [2,463ms] [Warning] [carb.omniclient.plugin]  117: OmniHub: ThreadId(02) Hub encountered error. Trying to reconnect to Hub. retry_reason="Hub failed to launch: Io(\"child exited with exit status: 1 without writing file \\\"/tmp/hub-ubuntu-4853584F.config.json\\\"\")"
2026-09-05T06:06:42.162930954Z 2026-09-05T06:06:38Z [2,695ms] [Warning] [carb.omniclient.plugin]  117: OmniHub: ThreadId(02) Hub encountered error. Trying to reconnect to Hub. retry_reason="Hub failed to launch: Io(\"child exited with exit status: 1 without writing file \\\"/tmp/hub-ubuntu-4853584F.config.json\\\"\")"
2026-09-05T06:06:42.162933274Z 2026-09-05T06:06:39Z [2,938ms] [Warning] [carb.omniclient.plugin]  117: OmniHub: ThreadId(02) Hub encountered error. Trying to reconnect to Hub. retry_reason="Hub failed to launch: Io(\"child exited with exit status: 1 without writing file \\\"/tmp/hub-ubuntu-4853584F.config.json\\\"\")"
2026-09-05T06:06:42.162935610Z 2026-09-05T06:06:39Z [3,191ms] [Warning] [carb.omniclient.plugin]  117: OmniHub: ThreadId(02) Hub encountered error. Trying to reconnect to Hub. retry_reason="Hub failed to launch: Io(\"child exited with exit status: 1 without writing file \\\"/tmp/hub-ubuntu-4853584F.config.json\\\"\")"
2026-09-05T06:06:42.162938090Z 2026-09-05T06:06:39Z [3,454ms] [Warning] [carb.omniclient.plugin]  117: OmniHub: ThreadId(02) Hub encountered error. Trying to reconnect to Hub. retry_reason="Hub failed to launch: Io(\"child exited with exit status: 1 without writing file \\\"/tmp/hub-ubuntu-4853584F.config.json\\\"\")"
2026-09-05T06:06:42.162957562Z 2026-09-05T06:06:39Z [3,726ms] [Warning] [carb.omniclient.plugin]  117: OmniHub: ThreadId(02) Hub encountered error. Trying to reconnect to Hub. retry_reason="Hub failed to launch: Io(\"child exited with exit status: 1 without writing file \\\"/tmp/hub-ubuntu-4853584F.config.json\\\"\")"
2026-09-05T06:06:42.162960090Z 2026-09-05T06:06:40Z [4,008ms] [Warning] [carb.omniclient.plugin]  117: OmniHub: ThreadId(02) Hub encountered error. Trying to reconnect to Hub. retry_reason="Hub failed to launch: Io(\"child exited with exit status: 1 without writing file \\\"/tmp/hub-ubuntu-4853584F.config.json\\\"\")"
2026-09-05T06:06:42.162962362Z 2026-09-05T06:06:40Z [4,299ms] [Warning] [carb.omniclient.plugin]  117: OmniHub: ThreadId(02) Hub encountered error. Trying to reconnect to Hub. retry_reason="Hub failed to launch: Io(\"child exited with exit status: 1 without writing file \\\"/tmp/hub-ubuntu-4853584F.config.json\\\"\")"
2026-09-05T06:06:42.162964458Z 2026-09-05T06:06:40Z [4,602ms] [Warning] [carb.omniclient.plugin]  117: OmniHub: ThreadId(02) Hub encountered error. Trying to reconnect to Hub. retry_reason="Hub failed to launch: Io(\"child exited with exit status: 1 without writing file \\\"/tmp/hub-ubuntu-4853584F.config.json\\\"\")"
2026-09-05T06:06:42.162966586Z 2026-09-05T06:06:41Z [4,915ms] [Warning] [carb.omniclient.plugin]  117: OmniHub: ThreadId(02) Hub encountered error. Trying to reconnect to Hub. retry_reason="Hub failed to launch: Io(\"child exited with exit status: 1 without writing file \\\"/tmp/hub-ubuntu-4853584F.config.json\\\"\")"
2026-09-05T06:06:42.162968730Z 2026-09-05T06:06:41Z [5,238ms] [Warning] [carb.omniclient.plugin]  117: OmniHub: ThreadId(02) Hub encountered error. Trying to reconnect to Hub. retry_reason="Hub failed to launch: Io(\"child exited with exit status: 1 without writing file \\\"/tmp/hub-ubuntu-4853584F.config.json\\\"\")"
2026-09-05T06:06:42.162970890Z 2026-09-05T06:06:41Z [5,571ms] [Warning] [carb.omniclient.plugin]  117: OmniHub: ThreadId(02) Hub encountered error. Trying to reconnect to Hub. retry_reason="Hub failed to launch: Io(\"child exited with exit status: 1 without writing file \\\"/tmp/hub-ubuntu-4853584F.config.json\\\"\")"
2026-09-05T06:06:42.162973258Z 2026-09-05T06:06:42Z [5,912ms] [Warning] [carb.omniclient.plugin]  117: OmniHub: ThreadId(02) Hub encountered error. Trying to reconnect to Hub. retry_reason="Hub failed to launch: Io(\"child exited with exit status: 1 without writing file \\\"/tmp/hub-ubuntu-4853584F.config.json\\\"\")"
2026-09-05T06:06:46.592954403Z WARNING: All log messages before absl::InitializeLog() is called are written to STDERR
2026-09-05T06:06:46.592983251Z E0000 00:00:1788588406.592735      25 descriptor_database.cc:633] File already exists in database: grpc/health/v1/health.proto
2026-09-05T06:06:46.592985411Z W0000 00:00:1788588406.592763      25 message.cc:301] Protobuf GeneratedMessageFactory: File is already registered: grpc/health/v1/health.proto
2026-09-05T06:06:47.762841589Z /workspace/isaaclab/_isaac_sim/kit/python/lib/python3.12/site-packages/torch/cuda/__init__.py:435: UserWarning: 
2026-09-05T06:06:47.762866037Z     Found GPU0 NVIDIA GB10 which is of cuda capability 12.1.
2026-09-05T06:06:47.762867349Z     Minimum and Maximum cuda capability supported by this version of PyTorch is
2026-09-05T06:06:47.762880406Z     (8.0) - (12.0)
2026-09-05T06:06:47.762881526Z     
2026-09-05T06:06:47.762882502Z   queued_call()
2026-09-05T06:06:47.763987434Z [ISAACLAB] AppLauncher initialization complete
2026-09-05T06:06:50.535036825Z [INFO]: Parsing configuration from: hexapod_rl.tasks.mkii_fourbar_v1:HexapodMkiiFourbarV1EnvCfg
2026-09-05T06:06:50.535062201Z [INFO]: Base environment:
2026-09-05T06:06:50.535063577Z 	Environment device    : cuda:0
2026-09-05T06:06:50.535064777Z 	Environment seed      : 0
2026-09-05T06:06:50.535065881Z 	Physics step-size     : 0.00125
2026-09-05T06:06:50.535066873Z 	Rendering step-size   : 0.02
2026-09-05T06:06:50.535067913Z 	Environment step-size : 0.02
2026-09-05T06:06:50.535068905Z [INFO]: Registered backend 'physx' for factory Articulation.
2026-09-05T06:06:50.634382546Z [INFO]: Registered backend 'physx' for factory ContactSensor.
2026-09-05T06:06:56.085375603Z [INFO]: Time taken for scene creation Last: 1.236773 s, Mean: 1.236773 s, Std: 0.000000 s, N: 1
2026-09-05T06:06:56.085412468Z [INFO]: Scene manager:  <class InteractiveScene>
2026-09-05T06:06:56.085415332Z 	Number of environments: 8
2026-09-05T06:06:56.085417348Z 	Environment spacing   : 2.0
2026-09-05T06:06:56.085419300Z 	Source prim name      : /World/envs/env_0
2026-09-05T06:06:56.085420948Z 	Global prim paths     : []
2026-09-05T06:06:56.085422996Z 	Replicate physics     : True
2026-09-05T06:06:56.085424676Z [INFO]: Starting the simulation. This may take a few seconds. Please wait...
2026-09-05T06:06:56.085426452Z [INFO]: Simulation parameters for joints in /World/envs/env_.*/Robot:
2026-09-05T06:06:56.085428244Z +---------------------------------------------------------------------------------------------------------------------------------------------------------------------------+
2026-09-05T06:06:56.085430228Z |                                                     Simulation Joint Information (Prim path: /World/envs/env_.*/Robot)                                                    |
2026-09-05T06:06:56.085432100Z +-------+----------------------+-----------+---------+----------+-----------------+------------------+------------------+-----------------+-----------------+---------------+
2026-09-05T06:06:56.085433924Z | Index | Name                 | Stiffness | Damping | Armature | Static Friction | Dynamic Friction | Viscous Friction | Position Limits | Velocity Limits | Effort Limits |
2026-09-05T06:06:56.085435732Z +-------+----------------------+-----------+---------+----------+-----------------+------------------+------------------+-----------------+-----------------+---------------+
2026-09-05T06:06:56.085437620Z |   0   | lf_coxa_yaw          |   0.000   |  0.000  |  0.001   |      0.010      |      0.010       |      0.002       | [-0.873, 0.873] |      50.265     |     5.500     |
2026-09-05T06:06:56.085439444Z |   1   | lm_coxa_yaw          |   0.000   |  0.000  |  0.001   |      0.010      |      0.010       |      0.002       | [-0.873, 0.873] |      50.265     |     5.500     |
2026-09-05T06:06:56.085457412Z |   2   | lr_coxa_yaw          |   0.000   |  0.000  |  0.001   |      0.010      |      0.010       |      0.002       | [-0.873, 0.873] |      50.265     |     5.500     |
2026-09-05T06:06:56.085459396Z |   3   | rf_coxa_yaw          |   0.000   |  0.000  |  0.001   |      0.010      |      0.010       |      0.002       | [-0.873, 0.873] |      50.265     |     5.500     |
2026-09-05T06:06:56.085462676Z |   4   | rm_coxa_yaw          |   0.000   |  0.000  |  0.001   |      0.010      |      0.010       |      0.002       | [-0.873, 0.873] |      50.265     |     5.500     |
2026-09-05T06:06:56.085464436Z |   5   | rr_coxa_yaw          |   0.000   |  0.000  |  0.001   |      0.010      |      0.010       |      0.002       | [-0.873, 0.873] |      50.265     |     5.500     |
2026-09-05T06:06:56.085466228Z |   6   | lf_femur_pitch       |   0.000   |  0.000  |  0.001   |      0.010      |      0.010       |      0.002       | [-1.745, 0.550] |      50.265     |     5.500     |
2026-09-05T06:06:56.085467956Z |   7   | lm_femur_pitch       |   0.000   |  0.000  |  0.001   |      0.010      |      0.010       |      0.002       | [-1.745, 0.550] |      50.265     |     5.500     |
2026-09-05T06:06:56.085469780Z |   8   | lr_femur_pitch       |   0.000   |  0.000  |  0.001   |      0.010      |      0.010       |      0.002       | [-1.745, 0.550] |      50.265     |     5.500     |
2026-09-05T06:06:56.085472372Z |   9   | rf_femur_pitch       |   0.000   |  0.000  |  0.001   |      0.010      |      0.010       |      0.002       | [-1.745, 0.550] |      50.265     |     5.500     |
2026-09-05T06:06:56.085474116Z |   10  | rm_femur_pitch       |   0.000   |  0.000  |  0.001   |      0.010      |      0.010       |      0.002       | [-1.745, 0.550] |      50.265     |     5.500     |
2026-09-05T06:06:56.085475876Z |   11  | rr_femur_pitch       |   0.000   |  0.000  |  0.001   |      0.010      |      0.010       |      0.002       | [-1.745, 0.550] |      50.265     |     5.500     |
2026-09-05T06:06:56.085477604Z |   12  | lf_tibia_lever_pivot |   0.000   |  0.000  |  0.001   |      0.010      |      0.010       |      0.002       | [-0.978, 1.722] |      50.265     |     5.500     |
2026-09-05T06:06:56.085479364Z |   13  | lf_tibia_pitch       |   0.000   |  0.000  |  0.000   |      0.000      |      0.000       |      0.000       | [-0.978, 1.722] |     1.7e+04     |     0.000     |
2026-09-05T06:06:56.085481044Z |   14  | lm_tibia_lever_pivot |   0.000   |  0.000  |  0.001   |      0.010      |      0.010       |      0.002       | [-0.990, 1.710] |      50.265     |     5.500     |
2026-09-05T06:06:56.085482980Z |   15  | lm_tibia_pitch       |   0.000   |  0.000  |  0.000   |      0.000      |      0.000       |      0.000       | [-0.990, 1.710] |     1.7e+04     |     0.000     |
2026-09-05T06:06:56.085484804Z |   16  | lr_tibia_lever_pivot |   0.000   |  0.000  |  0.001   |      0.010      |      0.010       |      0.002       | [-0.971, 1.729] |      50.265     |     5.500     |
2026-09-05T06:06:56.085486548Z |   17  | lr_tibia_pitch       |   0.000   |  0.000  |  0.000   |      0.000      |      0.000       |      0.000       | [-0.971, 1.729] |     1.7e+04     |     0.000     |
2026-09-05T06:06:56.085488340Z |   18  | rf_tibia_lever_pivot |   0.000   |  0.000  |  0.001   |      0.010      |      0.010       |      0.002       | [-0.950, 1.750] |      50.265     |     5.500     |
2026-09-05T06:06:56.085492676Z |   19  | rf_tibia_pitch       |   0.000   |  0.000  |  0.000   |      0.000      |      0.000       |      0.000       | [-0.950, 1.750] |     1.7e+04     |     0.000     |
2026-09-05T06:06:56.085494516Z |   20  | rm_tibia_lever_pivot |   0.000   |  0.000  |  0.001   |      0.010      |      0.010       |      0.002       | [-0.913, 1.787] |      50.265     |     5.500     |
2026-09-05T06:06:56.085496276Z |   21  | rm_tibia_pitch       |   0.000   |  0.000  |  0.000   |      0.000      |      0.000       |      0.000       | [-0.913, 1.787] |     1.7e+04     |     0.000     |
2026-09-05T06:06:56.085498068Z |   22  | rr_tibia_lever_pivot |   0.000   |  0.000  |  0.001   |      0.010      |      0.010       |      0.002       | [-0.950, 1.750] |      50.265     |     5.500     |
2026-09-05T06:06:56.085499812Z |   23  | rr_tibia_pitch       |   0.000   |  0.000  |  0.000   |      0.000      |      0.000       |      0.000       | [-0.950, 1.750] |     1.7e+04     |     0.000     |
2026-09-05T06:06:56.085501620Z |   24  | lf_tibia_rod_pivot   |   0.000   |  0.000  |  0.000   |      0.000      |      0.000       |      0.000       | [-1.722, 0.978] |     1.7e+04     |     0.000     |
2026-09-05T06:06:56.085503380Z |   25  | lm_tibia_rod_pivot   |   0.000   |  0.000  |  0.000   |      0.000      |      0.000       |      0.000       | [-1.710, 0.990] |     1.7e+04     |     0.000     |
2026-09-05T06:06:56.085505172Z |   26  | lr_tibia_rod_pivot   |   0.000   |  0.000  |  0.000   |      0.000      |      0.000       |      0.000       | [-1.729, 0.971] |     1.7e+04     |     0.000     |
2026-09-05T06:06:56.085507108Z |   27  | rf_tibia_rod_pivot   |   0.000   |  0.000  |  0.000   |      0.000      |      0.000       |      0.000       | [-1.750, 0.950] |     1.7e+04     |     0.000     |
2026-09-05T06:06:56.085508820Z |   28  | rm_tibia_rod_pivot   |   0.000   |  0.000  |  0.000   |      0.000      |      0.000       |      0.000       | [-1.787, 0.913] |     1.7e+04     |     0.000     |
2026-09-05T06:06:56.085510628Z |   29  | rr_tibia_rod_pivot   |   0.000   |  0.000  |  0.000   |      0.000      |      0.000       |      0.000       | [-1.750, 0.950] |     1.7e+04     |     0.000     |
2026-09-05T06:06:56.085512420Z +-------+----------------------+-----------+---------+----------+-----------------+------------------+------------------+-----------------+-----------------+---------------+
2026-09-05T06:08:34.525076364Z [INFO]: Time taken for simulation start Last: 4.666487 s, Mean: 4.666487 s, Std: 0.000000 s, N: 1
2026-09-05T06:08:34.525102300Z [INFO]: Completed setting up the environment...
2026-09-05T06:08:34.525105308Z FOURBAR_DIAGNOSTIC_SEGMENT {"segment": {"phase": "standing", "motors": [], "offset_rad": 0.0, "steps": 200}, "metrics": {"substeps": 2560, "height_sum": 2779.300219655037, "min_height_m": 0.1356995701789856, "max_applied_nm": 0.665627658367157, "max_demand_nm": 0.665627658367157, "max_closure_point_m": 1.2925415830977727e-06, "max_closure_axis_chord": 8.565740472477046e-07, "min_nonfoot_clearance_m": 0.02537347376346588, "nonfoot_contact_env_substeps": 0.0, "min_support": 6, "max_envelope_excess_nm": 0.0, "max_continuous_excess_nm": 0.0, "min_burst_headroom": 0.5005015730857849, "invalid_samples": 0.0, "max_passive_relation_error_rad": 5.519390106201172e-05, "mean_height_m": 0.1357080185378436}}
2026-09-05T06:09:21.744375416Z FOURBAR_DIAGNOSTIC_SEGMENT {"segment": {"motors": ["lf_coxa_yaw", "lm_coxa_yaw", "lr_coxa_yaw", "rf_coxa_yaw", "rm_coxa_yaw", "rr_coxa_yaw"], "offset_rad": 0.04, "steps": 100, "phase": "driven"}, "metrics": {"substeps": 1600, "height_sum": 1738.3162167072296, "min_height_m": 0.13570481538772583, "max_applied_nm": 2.7000396251678467, "max_demand_nm": 2.7000396251678467, "max_closure_point_m": 1.3115866750013083e-05, "max_closure_axis_chord": 7.952433520586055e-07, "min_nonfoot_clearance_m": 0.02537606656551361, "nonfoot_contact_env_substeps": 0.0, "min_support": 4.0, "max_envelope_excess_nm": 0.0, "max_continuous_excess_nm": 1.3750780820846558, "min_burst_headroom": 0.5003277063369751, "invalid_samples": 0.0, "max_passive_relation_error_rad": 0.0004061460494995117, "mean_height_m": 0.1358059544302523}}
2026-09-05T06:10:09.670100694Z FOURBAR_DIAGNOSTIC_SEGMENT {"segment": {"motors": ["lf_coxa_yaw", "lm_coxa_yaw", "lr_coxa_yaw", "rf_coxa_yaw", "rm_coxa_yaw", "rr_coxa_yaw"], "offset_rad": -0.04, "steps": 100, "phase": "driven"}, "metrics": {"substeps": 3200, "height_sum": 3474.3368748426437, "min_height_m": 0.1356024146080017, "max_applied_nm": 2.7000396251678467, "max_demand_nm": 2.7000396251678467, "max_closure_point_m": 1.3115866750013083e-05, "max_closure_axis_chord": 7.952433520586055e-07, "min_nonfoot_clearance_m": 0.025189727544784546, "nonfoot_contact_env_substeps": 0.0, "min_support": 4.0, "max_envelope_excess_nm": 0.0, "max_continuous_excess_nm": 1.3750780820846558, "min_burst_headroom": 0.5003277063369751, "invalid_samples": 0.0, "max_passive_relation_error_rad": 0.0004061460494995117, "mean_height_m": 0.13571628417354076}}
2026-09-05T06:10:56.341742430Z FOURBAR_DIAGNOSTIC_SEGMENT {"segment": {"motors": ["lf_femur_pitch", "lm_femur_pitch", "lr_femur_pitch", "rf_femur_pitch", "rm_femur_pitch", "rr_femur_pitch"], "offset_rad": 0.04, "steps": 100, "phase": "driven"}, "metrics": {"substeps": 4800, "height_sum": 5177.183636188507, "min_height_m": 0.1327861100435257, "max_applied_nm": 2.7000396251678467, "max_demand_nm": 2.7000396251678467, "max_closure_point_m": 1.3115866750013083e-05, "max_closure_axis_chord": 7.952433520586055e-07, "min_nonfoot_clearance_m": 0.025189727544784546, "nonfoot_contact_env_substeps": 0.0, "min_support": 4.0, "max_envelope_excess_nm": 0.0, "max_continuous_excess_nm": 1.3750780820846558, "min_burst_headroom": 0.5003277063369751, "invalid_samples": 0.0, "max_passive_relation_error_rad": 0.0004061460494995117, "mean_height_m": 0.13482249052574238}}
