{
  "raw_payloads_verified": 32,
  "trace_sha256": "ab7640bce1d98ce4d175882537ef993c68a620987adff88b7c919dc1a0c6c0e8",
  "source_manifest_sha256": "04942c62de1f557d8f117f648f990b6dac69443d61c546529d05a4e2a7f0e01e",
  "scope": "Independent raw contact/stop review of bounded009; notStage2/PPO",
  "control_steps": 2400,
  "duration_s": 48.0,
  "qualified_measured_events": 11,
  "qualified_leg_names": [
    "lf",
    "lm",
    "lr",
    "rf",
    "rm",
    "rr"
  ],
  "generator_confirmed_touchdowns": 11,
  "zero_residual_actions_exact": true,
  "max_reference_execution_lag_rad": 0.0,
  "post_settle_min_distal_supports": 5,
  "post_settle_max_requested_torque_nm": 1.2542022466659546,
  "post_settle_nonfoot_samples": 0,
  "termination_samples": 0,
  "stop_request_s": 27.99999999999949,
  "reference_quiet_s": 33.539999999999644,
  "reference_stop_latency_s": 5.5400000000001555,
  "quiet_excluded_settling_s": 2.0,
  "scored_quiet_start_index": 1777,
  "scored_quiet_duration_s": 12.46,
  "source_independent_progress": {
    "duration_s": 24.0,
    "measured_world_displacement_m": [
      -0.003977877087891102,
      -0.11527582257986069,
      -0.0007679462432861328
    ],
    "integrated_link_velocity_displacement_m": [
      -0.0028198808431625366,
      -0.11110009998083115,
      -0.00018108816584572196
    ],
    "actual_initial_forward_axis_world": [
      0.007607502133318859,
      -0.9999710625369573,
      0.0
    ],
    "measured_forward_displacement_m": 0.11524222508157286,
    "integrated_forward_displacement_m": 0.11107543277626385,
    "displacement_integral_difference_m": 0.00437287287786603,
    "interval_terminations": 0,
    "interval_truncations": 0
  },
  "stage2_complete": false,
  "actor_or_PPO_present": false
}
