time="2026-09-16T19:39:21-05:00" level=warning msg="No services to build"
time="2026-09-16T19:39:21-05:00" level=warning msg="No services to build"
 Container hexapod-reference-physics-c4a8f7b8584e4ba489a315c5e5542878 Creating 
 Container hexapod-reference-physics-c4a8f7b8584e4ba489a315c5e5542878 Created 
Loading user config located at: '/isaac-sim/kit/data/Kit/IsaacLab/3.0/user.config.json'
2026-09-17T00:39:22Z [Info] [carb] Logging to file: /isaac-sim/kit/logs/Kit/IsaacLab/3.0/kit_20260917_003922.log
2026-09-17T00:39:22Z [2ms] [Warning] [omni.ext.plugin] [ext: logs] Extensions config 'extension.toml' doesn't exist '/output/logs' or '/output/logs/config'
2026-09-17T00:39:22Z [2ms] [Warning] [omni.ext.plugin] [ext: standing] Extensions config 'extension.toml' doesn't exist '/output/standing' or '/output/standing/config'
2026-09-17T00:39:22Z [3ms] [Warning] [omni.ext.plugin] [ext: isaaclab_visualizers] Extensions config 'extension.toml' doesn't exist '/workspace/isaaclab/source/isaaclab_visualizers' or '/workspace/isaaclab/source/isaaclab_visualizers/config'
2026-09-17T00:39:22Z [3ms] [Warning] [omni.ext.plugin] [ext: jobs] Extensions config 'extension.toml' doesn't exist '/output/jobs' or '/output/jobs/config'
2026-09-17T00:39:22Z [208ms] [Warning] [carb.omniclient.plugin]  64: OmniHub: ThreadId(02) Hub encountered error. Trying to reconnect to Hub. retry_reason="Hub failed to launch: Io(\"child exited with exit status: 1 without writing file \\\"/tmp/hub-ubuntu-B354F439.config.json\\\"\")"
2026-09-17T00:39:22Z [281ms] [Warning] [carb.omniclient.plugin]  64: OmniHub: ThreadId(02) Hub encountered error. Trying to reconnect to Hub. retry_reason="Hub failed to launch: Io(\"child exited with exit status: 1 without writing file \\\"/tmp/hub-ubuntu-B354F439.config.json\\\"\")"
2026-09-17T00:39:22Z [364ms] [Warning] [carb.omniclient.plugin]  64: OmniHub: ThreadId(02) Hub encountered error. Trying to reconnect to Hub. retry_reason="Hub failed to launch: Io(\"child exited with exit status: 1 without writing file \\\"/tmp/hub-ubuntu-B354F439.config.json\\\"\")"
2026-09-17T00:39:22Z [456ms] [Warning] [carb.omniclient.plugin]  64: OmniHub: ThreadId(02) Hub encountered error. Trying to reconnect to Hub. retry_reason="Hub failed to launch: Io(\"child exited with exit status: 1 without writing file \\\"/tmp/hub-ubuntu-B354F439.config.json\\\"\")"
2026-09-17T00:39:22Z [560ms] [Warning] [carb.omniclient.plugin]  64: OmniHub: ThreadId(02) Hub encountered error. Trying to reconnect to Hub. retry_reason="Hub failed to launch: Io(\"child exited with exit status: 1 without writing file \\\"/tmp/hub-ubuntu-B354F439.config.json\\\"\")"
2026-09-17T00:39:23Z [672ms] [Warning] [carb.omniclient.plugin]  64: OmniHub: ThreadId(02) Hub encountered error. Trying to reconnect to Hub. retry_reason="Hub failed to launch: Io(\"child exited with exit status: 1 without writing file \\\"/tmp/hub-ubuntu-B354F439.config.json\\\"\")"
2026-09-17T00:39:23Z [796ms] [Warning] [carb.omniclient.plugin]  64: OmniHub: ThreadId(02) Hub encountered error. Trying to reconnect to Hub. retry_reason="Hub failed to launch: Io(\"child exited with exit status: 1 without writing file \\\"/tmp/hub-ubuntu-B354F439.config.json\\\"\")"
2026-09-17T00:39:23Z [930ms] [Warning] [carb.omniclient.plugin]  64: OmniHub: ThreadId(02) Hub encountered error. Trying to reconnect to Hub. retry_reason="Hub failed to launch: Io(\"child exited with exit status: 1 without writing file \\\"/tmp/hub-ubuntu-B354F439.config.json\\\"\")"
2026-09-17T00:39:23Z [1,074ms] [Warning] [carb.omniclient.plugin]  64: OmniHub: ThreadId(02) Hub encountered error. Trying to reconnect to Hub. retry_reason="Hub failed to launch: Io(\"child exited with exit status: 1 without writing file \\\"/tmp/hub-ubuntu-B354F439.config.json\\\"\")"
2026-09-17T00:39:23Z [1,227ms] [Warning] [carb.omniclient.plugin]  64: OmniHub: ThreadId(02) Hub encountered error. Trying to reconnect to Hub. retry_reason="Hub failed to launch: Io(\"child exited with exit status: 1 without writing file \\\"/tmp/hub-ubuntu-B354F439.config.json\\\"\")"
2026-09-17T00:39:23Z [1,391ms] [Warning] [carb.omniclient.plugin]  64: OmniHub: ThreadId(02) Hub encountered error. Trying to reconnect to Hub. retry_reason="Hub failed to launch: Io(\"child exited with exit status: 1 without writing file \\\"/tmp/hub-ubuntu-B354F439.config.json\\\"\")"
2026-09-17T00:39:23Z [1,564ms] [Warning] [carb.omniclient.plugin]  64: OmniHub: ThreadId(02) Hub encountered error. Trying to reconnect to Hub. retry_reason="Hub failed to launch: Io(\"child exited with exit status: 1 without writing file \\\"/tmp/hub-ubuntu-B354F439.config.json\\\"\")"
2026-09-17T00:39:24Z [1,746ms] [Warning] [carb.omniclient.plugin]  64: OmniHub: ThreadId(02) Hub encountered error. Trying to reconnect to Hub. retry_reason="Hub failed to launch: Io(\"child exited with exit status: 1 without writing file \\\"/tmp/hub-ubuntu-B354F439.config.json\\\"\")"
2026-09-17T00:39:24Z [1,940ms] [Warning] [carb.omniclient.plugin]  64: OmniHub: ThreadId(02) Hub encountered error. Trying to reconnect to Hub. retry_reason="Hub failed to launch: Io(\"child exited with exit status: 1 without writing file \\\"/tmp/hub-ubuntu-B354F439.config.json\\\"\")"
2026-09-17T00:39:24Z [2,144ms] [Warning] [carb.omniclient.plugin]  64: OmniHub: ThreadId(02) Hub encountered error. Trying to reconnect to Hub. retry_reason="Hub failed to launch: Io(\"child exited with exit status: 1 without writing file \\\"/tmp/hub-ubuntu-B354F439.config.json\\\"\")"
2026-09-17T00:39:24Z [2,357ms] [Warning] [carb.omniclient.plugin]  64: OmniHub: ThreadId(02) Hub encountered error. Trying to reconnect to Hub. retry_reason="Hub failed to launch: Io(\"child exited with exit status: 1 without writing file \\\"/tmp/hub-ubuntu-B354F439.config.json\\\"\")"
2026-09-17T00:39:24Z [2,580ms] [Warning] [carb.omniclient.plugin]  64: OmniHub: ThreadId(02) Hub encountered error. Trying to reconnect to Hub. retry_reason="Hub failed to launch: Io(\"child exited with exit status: 1 without writing file \\\"/tmp/hub-ubuntu-B354F439.config.json\\\"\")"
2026-09-17T00:39:25Z [2,814ms] [Warning] [carb.omniclient.plugin]  64: OmniHub: ThreadId(02) Hub encountered error. Trying to reconnect to Hub. retry_reason="Hub failed to launch: Io(\"child exited with exit status: 1 without writing file \\\"/tmp/hub-ubuntu-B354F439.config.json\\\"\")"
2026-09-17T00:39:25Z [3,057ms] [Warning] [carb.omniclient.plugin]  64: OmniHub: ThreadId(02) Hub encountered error. Trying to reconnect to Hub. retry_reason="Hub failed to launch: Io(\"child exited with exit status: 1 without writing file \\\"/tmp/hub-ubuntu-B354F439.config.json\\\"\")"
2026-09-17T00:39:25Z [3,310ms] [Warning] [carb.omniclient.plugin]  64: OmniHub: ThreadId(02) Hub encountered error. Trying to reconnect to Hub. retry_reason="Hub failed to launch: Io(\"child exited with exit status: 1 without writing file \\\"/tmp/hub-ubuntu-B354F439.config.json\\\"\")"
2026-09-17T00:39:25Z [3,573ms] [Warning] [carb.omniclient.plugin]  64: OmniHub: ThreadId(02) Hub encountered error. Trying to reconnect to Hub. retry_reason="Hub failed to launch: Io(\"child exited with exit status: 1 without writing file \\\"/tmp/hub-ubuntu-B354F439.config.json\\\"\")"
2026-09-17T00:39:26Z [3,846ms] [Warning] [carb.omniclient.plugin]  64: OmniHub: ThreadId(02) Hub encountered error. Trying to reconnect to Hub. retry_reason="Hub failed to launch: Io(\"child exited with exit status: 1 without writing file \\\"/tmp/hub-ubuntu-B354F439.config.json\\\"\")"
2026-09-17T00:39:26Z [4,128ms] [Warning] [carb.omniclient.plugin]  64: OmniHub: ThreadId(02) Hub encountered error. Trying to reconnect to Hub. retry_reason="Hub failed to launch: Io(\"child exited with exit status: 1 without writing file \\\"/tmp/hub-ubuntu-B354F439.config.json\\\"\")"
2026-09-17T00:39:26Z [4,420ms] [Warning] [carb.omniclient.plugin]  64: OmniHub: ThreadId(02) Hub encountered error. Trying to reconnect to Hub. retry_reason="Hub failed to launch: Io(\"child exited with exit status: 1 without writing file \\\"/tmp/hub-ubuntu-B354F439.config.json\\\"\")"
2026-09-17T00:39:27Z [4,725ms] [Warning] [carb.omniclient.plugin]  64: OmniHub: ThreadId(02) Hub encountered error. Trying to reconnect to Hub. retry_reason="Hub failed to launch: Io(\"child exited with exit status: 1 without writing file \\\"/tmp/hub-ubuntu-B354F439.config.json\\\"\")"
2026-09-17T00:39:27Z [5,038ms] [Warning] [carb.omniclient.plugin]  64: OmniHub: ThreadId(02) Hub encountered error. Trying to reconnect to Hub. retry_reason="Hub failed to launch: Io(\"child exited with exit status: 1 without writing file \\\"/tmp/hub-ubuntu-B354F439.config.json\\\"\")"
2026-09-17T00:39:27Z [5,362ms] [Warning] [carb.omniclient.plugin]  64: OmniHub: ThreadId(02) Hub encountered error. Trying to reconnect to Hub. retry_reason="Hub failed to launch: Io(\"child exited with exit status: 1 without writing file \\\"/tmp/hub-ubuntu-B354F439.config.json\\\"\")"
2026-09-17T00:39:28Z [5,696ms] [Warning] [carb.omniclient.plugin]  64: OmniHub: ThreadId(02) Hub encountered error. Trying to reconnect to Hub. retry_reason="Hub failed to launch: Io(\"child exited with exit status: 1 without writing file \\\"/tmp/hub-ubuntu-B354F439.config.json\\\"\")"
2026-09-17T00:39:28Z [6,039ms] [Warning] [carb.omniclient.plugin]  64: OmniHub: ThreadId(02) Hub encountered error. Trying to reconnect to Hub. retry_reason="Hub failed to launch: Io(\"child exited with exit status: 1 without writing file \\\"/tmp/hub-ubuntu-B354F439.config.json\\\"\")"
2026-09-17T00:39:28Z [6,392ms] [Warning] [carb.omniclient.plugin]  64: OmniHub: ThreadId(02) Hub encountered error. Trying to reconnect to Hub. retry_reason="Hub failed to launch: Io(\"child exited with exit status: 1 without writing file \\\"/tmp/hub-ubuntu-B354F439.config.json\\\"\")"
2026-09-17T00:39:29Z [6,756ms] [Warning] [carb.omniclient.plugin]  64: OmniHub: ThreadId(02) Hub encountered error. Trying to reconnect to Hub. retry_reason="Hub failed to launch: Io(\"child exited with exit status: 1 without writing file \\\"/tmp/hub-ubuntu-B354F439.config.json\\\"\")"
2026-09-17T00:39:29Z [7,129ms] [Warning] [carb.omniclient.plugin]  64: OmniHub: ThreadId(02) Hub encountered error. Trying to reconnect to Hub. retry_reason="Hub failed to launch: Io(\"child exited with exit status: 1 without writing file \\\"/tmp/hub-ubuntu-B354F439.config.json\\\"\")"
2026-09-17T00:39:29Z [7,513ms] [Warning] [carb.omniclient.plugin]  64: OmniHub: ThreadId(02) Hub encountered error. Trying to reconnect to Hub. retry_reason="Hub failed to launch: Io(\"child exited with exit status: 1 without writing file \\\"/tmp/hub-ubuntu-B354F439.config.json\\\"\")"
2026-09-17T00:39:30Z [7,906ms] [Warning] [carb.omniclient.plugin]  64: OmniHub: ThreadId(02) Hub encountered error. Trying to reconnect to Hub. retry_reason="Hub failed to launch: Io(\"child exited with exit status: 1 without writing file \\\"/tmp/hub-ubuntu-B354F439.config.json\\\"\")"
2026-09-17T00:39:30Z [8,310ms] [Warning] [carb.omniclient.plugin]  64: OmniHub: ThreadId(02) Hub encountered error. Trying to reconnect to Hub. retry_reason="Hub failed to launch: Io(\"child exited with exit status: 1 without writing file \\\"/tmp/hub-ubuntu-B354F439.config.json\\\"\")"
2026-09-17T00:39:31Z [8,723ms] [Warning] [carb.omniclient.plugin]  64: OmniHub: ThreadId(02) Hub encountered error. Trying to reconnect to Hub. retry_reason="Hub failed to launch: Io(\"child exited with exit status: 1 without writing file \\\"/tmp/hub-ubuntu-B354F439.config.json\\\"\")"
2026-09-17T00:39:31Z [9,146ms] [Warning] [carb.omniclient.plugin]  64: OmniHub: ThreadId(02) Hub encountered error. Trying to reconnect to Hub. retry_reason="Hub failed to launch: Io(\"child exited with exit status: 1 without writing file \\\"/tmp/hub-ubuntu-B354F439.config.json\\\"\")"
2026-09-17T00:39:31Z [9,579ms] [Warning] [carb.omniclient.plugin]  64: OmniHub: ThreadId(02) Hub encountered error. Trying to reconnect to Hub. retry_reason="Hub failed to launch: Io(\"child exited with exit status: 1 without writing file \\\"/tmp/hub-ubuntu-B354F439.config.json\\\"\")"
2026-09-17T00:39:32Z [10,022ms] [Warning] [carb.omniclient.plugin]  64: OmniHub: ThreadId(02) Hub encountered error. Trying to reconnect to Hub. retry_reason="Hub failed to launch: Io(\"child exited with exit status: 1 without writing file \\\"/tmp/hub-ubuntu-B354F439.config.json\\\"\")"
WARNING: All log messages before absl::InitializeLog() is called are written to STDERR
E0000 00:00:1789605572.833179      11 descriptor_database.cc:633] File already exists in database: grpc/health/v1/health.proto
W0000 00:00:1789605572.833198      11 message.cc:301] Protobuf GeneratedMessageFactory: File is already registered: grpc/health/v1/health.proto
2026-09-17T00:39:32Z [10,509ms] [Warning] [omni.platforminfo.plugin] failed to open the default display.  Can't verify X Server version.

|---------------------------------------------------------------------------------------------|
| Driver Version: 580.173.02    | Graphics API: Vulkan
|=============================================================================================|
| GPU | Name                             | Active | LDA | GPU Memory | Vendor-ID | LUID       |
|     |                                  |        |     |            | Device-ID | UUID       |
|     |                                  |        |     |            | Bus-ID    |            |
|---------------------------------------------------------------------------------------------|
| 0   | NVIDIA GB10                      | Yes: 0 |     | 93457   MB | 10de      | 0          |
|     |                                  |        |     |            | 2e12      | 2166d556.. |
|     |                                  |        |     |            | 1         |            |
|=============================================================================================|
| OS: 24.04.3 LTS (Noble Numbat) ubuntu, Version: 24.04.3, Kernel: 6.17.0-1031-nvidia
| Processor: Cortex-A725
| Cores: 20 | Logical Cores: 20
|---------------------------------------------------------------------------------------------|
| Total Memory (MB): 124609 | Free Memory: 119279
| Total Page/Swap (MB): 16383 | Free Page/Swap: 0
|---------------------------------------------------------------------------------------------|
2026-09-17T00:39:34Z [12,080ms] [Warning] [carb.windowing-glfw.plugin] GLFW initialization failed.
2026-09-17T00:39:34Z [12,080ms] [Warning] [carb] Failed to startup plugin carb.windowing-glfw.plugin (interfaces: [carb::windowing::IGLContext v1.0],[carb::windowing::IWindowing v1.5]) (impl: carb.windowing-glfw.plugin)
2026-09-17T00:39:34Z [12,178ms] [Warning] [carb.windowing-glfw.plugin] GLFW initialization failed.
2026-09-17T00:39:34Z [12,178ms] [Warning] [carb] Failed to startup plugin carb.windowing-glfw.plugin (interfaces: [carb::windowing::IGLContext v1.0],[carb::windowing::IWindowing v1.5]) (impl: carb.windowing-glfw.plugin)
2026-09-17T00:39:34Z [12,179ms] [Warning] [carb.windowing-glfw.plugin] GLFW initialization failed.
2026-09-17T00:39:34Z [12,179ms] [Warning] [carb] Failed to startup plugin carb.windowing-glfw.plugin (interfaces: [carb::windowing::IGLContext v1.0],[carb::windowing::IWindowing v1.5]) (impl: carb.windowing-glfw.plugin)
2026-09-17T00:39:34Z [12,470ms] [Warning] [omni.log] Source: omni.hydra was already registered.
2026-09-17T00:39:36Z [13,772ms] [Warning] [pxr.Semantics] pxr.Semantics is deprecated - please use Semantics instead
2026-09-17T00:39:36Z [13,913ms] [Warning] [omni.replicator.core.scripts.extension] No material configuration file, adding configuration to material settings directly.
2026-09-17T00:39:37Z [15,172ms] [Warning] [rtx.hydra] RenderDelegate : Warning /rtx/hydra/readTransformsFromFabricInRenderDelegate and geometry streaming are enabled together but this can cause issues with dynamic objects not streaming correctly due to problems in the transform update.
/workspace/isaaclab/_isaac_sim/kit/python/lib/python3.12/site-packages/torch/cuda/__init__.py:435: UserWarning: 
    Found GPU0 NVIDIA GB10 which is of cuda capability 12.1.
    Minimum and Maximum cuda capability supported by this version of PyTorch is
    (8.0) - (12.0)
    
  queued_call()
[ISAACLAB] AppLauncher initialization complete
REFERENCE_SCREEN_APP_READY
[INFO]: Registered backend 'kit' for factory Visualizer.
2026-09-17T00:39:40Z [18,533ms] [Warning] [omni.physx.tensors.plugin] Failed to find contact report API at '/Robot_000/joints'
2026-09-17T00:39:41Z [18,887ms] [Warning] [omni.syntheticdata.plugin] OgnSdPostRenderVarToHost : rendervar copy from texture directly to host buffer is counter-performant. Please use copy from texture to device buffer first.
2026-09-17T00:39:41Z [19,427ms] [Warning] [omni.kit.material.library.material_extensions] Could not initialize context menu integration: No module named 'omni.kit.context_menu'
{"case_ids": ["trajectory:forward_0.05"], "controls": 100, "requested_controls": 1000}
{"case_ids": ["trajectory:forward_0.05"], "controls": 200, "requested_controls": 1000}
{"case_ids": ["trajectory:forward_0.05"], "controls": 300, "requested_controls": 1000}
{"case_ids": ["trajectory:forward_0.05"], "controls": 400, "requested_controls": 1000}
{"case_ids": ["trajectory:forward_0.05"], "controls": 500, "requested_controls": 1000}
{"case_ids": ["trajectory:forward_0.05"], "controls": 600, "requested_controls": 1000}
{"case_ids": ["trajectory:forward_0.05"], "controls": 700, "requested_controls": 1000}
{"case_ids": ["trajectory:forward_0.05"], "controls": 800, "requested_controls": 1000}
{"case_ids": ["trajectory:forward_0.05"], "controls": 900, "requested_controls": 1000}
{"case_ids": ["trajectory:forward_0.05"], "controls": 1000, "requested_controls": 1000}
