/Users/andreboufama/Documents/CUPI/HEXAPOD/tmp/reference_opposing_pair_feasibility_001/oracle/serial_geometry.py:10: UserWarning: Creating a tensor from a list of numpy.ndarrays is extremely slow. Please consider converting the list to a single numpy.ndarray with numpy.array() before converting to a tensor. (Triggered internally at /Users/runner/work/pytorch/pytorch/torch/csrc/utils/tensor_new.cpp:255.)
  def tensor(x):return torch.as_tensor(x,dtype=DTYPE,device='cpu')
{
  "scope": "CPU-only planned opposing-pair foot sequence; target feasibility and projected geometry, no simulated/measured contact or motor dynamics",
  "candidate_id": "opposing_pair_crawl_2s_0p01_forward",
  "completed_target_sequence": true,
  "failure": null,
  "planned_controls": 2200,
  "accepted_controls": 2200,
  "actual_physics_controls": 0,
  "actual_new_contact_confirmations": 0,
  "target_velocity_peak_rad_s": 0.7292452256607573,
  "target_acceleration_peak_rad_s2": 1.7274626112406821,
  "velocity_peak": {
    "time_s": 7.34,
    "runtime_joint": "revolute_4",
    "value_rad_s": 0.7292452256607573
  },
  "acceleration_peak": {
    "time_s": 6.94,
    "runtime_joint": "revolute_4",
    "value_rad_s2": 1.7274626112406821
  },
  "max_zero_residual_executable_lag_rad": 0.0,
  "minimum_executed_joint_margin_rad": 0.23891429762987748,
  "proposed_reference_margin_rad": 0.02,
  "actual_initial_snapshot_projected_margins_by_excluded_pair_m": {
    "lm+rm": 0.1857724006929563,
    "lf+rr": 0.11255370570809975,
    "lr+rf": 0.11638820361295212
  },
  "planned_minimum_projected_support_margins_by_swing_pair_m": {
    "lm+rm": 0.18400614474382337,
    "lf+rr": 0.10418479548766889,
    "lr+rf": 0.10611473894863117
  },
  "minimum_planned_projected_margin_m": 0.10418479548766889,
  "planned_pair_swings": 11,
  "planned_completed_pair_endpoints": 11,
  "planned_liftoffs_after_stop_request": 0,
  "reference_quiet_time_s": 31.900000000000002,
  "reference_stop_latency_s": 5.900000000000002,
  "final_reference_quiet_duration_s": 12.099999999999998,
  "final_virtual_desired_displacement_world_m": [
    0.0018258362542837858,
    -0.23999014496803284,
    0.0
  ],
  "requested_peak_forward_mps": 0.01,
  "admitted_target_equals_request_no_hidden_derating": true,
  "reported_rates_used_for_target_feasibility": false,
  "GPU_launches": 0,
  "physics_admitted": false,
  "five_support_wave_gates_changed": false,
  "PPO_ready": false,
  "plan_sha256": "9076a8253f8245169651c7b75e5362accba5887c737600b1c28a3e01eca55470",
  "study_source_sha256": "99a9f4c2e808c707984e0965003524cc3a61a8f6720903d1126b8108ee083c2a",
  "CPU_seconds": 1.350054916998488
}
