2026-09-05T20:15:33.672139418Z Loading user config located at: '/isaac-sim/kit/data/Kit/IsaacLab/3.0/user.config.json'
2026-09-05T20:15:33.672215051Z 2026-09-05T20:15:31Z [0ms] [Warning] [omni.ext.plugin] [ext: isaaclab_visualizers] Extensions config 'extension.toml' doesn't exist '/workspace/isaaclab/source/isaaclab_visualizers' or '/workspace/isaaclab/source/isaaclab_visualizers/config'
2026-09-05T20:15:33.672219707Z 2026-09-05T20:15:31Z [160ms] [Warning] [carb.omniclient.plugin]  125: OmniHub: ThreadId(02) Hub encountered error. Trying to reconnect to Hub. retry_reason="Hub failed to launch: Io(\"child exited with exit status: 1 without writing file \\\"/tmp/hub-ubuntu-6423575A.config.json\\\"\")"
2026-09-05T20:15:33.672222651Z 2026-09-05T20:15:32Z [231ms] [Warning] [carb.omniclient.plugin]  125: OmniHub: ThreadId(02) Hub encountered error. Trying to reconnect to Hub. retry_reason="Hub failed to launch: Io(\"child exited with exit status: 1 without writing file \\\"/tmp/hub-ubuntu-6423575A.config.json\\\"\")"
2026-09-05T20:15:33.672225163Z 2026-09-05T20:15:32Z [313ms] [Warning] [carb.omniclient.plugin]  125: OmniHub: ThreadId(02) Hub encountered error. Trying to reconnect to Hub. retry_reason="Hub failed to launch: Io(\"child exited with exit status: 1 without writing file \\\"/tmp/hub-ubuntu-6423575A.config.json\\\"\")"
2026-09-05T20:15:33.672227419Z 2026-09-05T20:15:32Z [405ms] [Warning] [carb.omniclient.plugin]  125: OmniHub: ThreadId(02) Hub encountered error. Trying to reconnect to Hub. retry_reason="Hub failed to launch: Io(\"child exited with exit status: 1 without writing file \\\"/tmp/hub-ubuntu-6423575A.config.json\\\"\")"
2026-09-05T20:15:33.672229659Z 2026-09-05T20:15:32Z [507ms] [Warning] [carb.omniclient.plugin]  125: OmniHub: ThreadId(02) Hub encountered error. Trying to reconnect to Hub. retry_reason="Hub failed to launch: Io(\"child exited with exit status: 1 without writing file \\\"/tmp/hub-ubuntu-6423575A.config.json\\\"\")"
2026-09-05T20:15:33.672233051Z 2026-09-05T20:15:32Z [620ms] [Warning] [carb.omniclient.plugin]  125: OmniHub: ThreadId(02) Hub encountered error. Trying to reconnect to Hub. retry_reason="Hub failed to launch: Io(\"child exited with exit status: 1 without writing file \\\"/tmp/hub-ubuntu-6423575A.config.json\\\"\")"
2026-09-05T20:15:33.672235259Z 2026-09-05T20:15:32Z [742ms] [Warning] [carb.omniclient.plugin]  125: OmniHub: ThreadId(02) Hub encountered error. Trying to reconnect to Hub. retry_reason="Hub failed to launch: Io(\"child exited with exit status: 1 without writing file \\\"/tmp/hub-ubuntu-6423575A.config.json\\\"\")"
2026-09-05T20:15:33.672239819Z 2026-09-05T20:15:32Z [873ms] [Warning] [carb.omniclient.plugin]  125: OmniHub: ThreadId(02) Hub encountered error. Trying to reconnect to Hub. retry_reason="Hub failed to launch: Io(\"child exited with exit status: 1 without writing file \\\"/tmp/hub-ubuntu-6423575A.config.json\\\"\")"
2026-09-05T20:15:33.672242347Z 2026-09-05T20:15:32Z [1,015ms] [Warning] [carb.omniclient.plugin]  125: OmniHub: ThreadId(02) Hub encountered error. Trying to reconnect to Hub. retry_reason="Hub failed to launch: Io(\"child exited with exit status: 1 without writing file \\\"/tmp/hub-ubuntu-6423575A.config.json\\\"\")"
2026-09-05T20:15:33.672244731Z 2026-09-05T20:15:32Z [1,168ms] [Warning] [carb.omniclient.plugin]  125: OmniHub: ThreadId(02) Hub encountered error. Trying to reconnect to Hub. retry_reason="Hub failed to launch: Io(\"child exited with exit status: 1 without writing file \\\"/tmp/hub-ubuntu-6423575A.config.json\\\"\")"
2026-09-05T20:15:33.672253995Z 2026-09-05T20:15:33Z [1,329ms] [Warning] [carb.omniclient.plugin]  125: OmniHub: ThreadId(02) Hub encountered error. Trying to reconnect to Hub. retry_reason="Hub failed to launch: Io(\"child exited with exit status: 1 without writing file \\\"/tmp/hub-ubuntu-6423575A.config.json\\\"\")"
2026-09-05T20:15:33.672256331Z 2026-09-05T20:15:33Z [1,501ms] [Warning] [carb.omniclient.plugin]  125: OmniHub: ThreadId(02) Hub encountered error. Trying to reconnect to Hub. retry_reason="Hub failed to launch: Io(\"child exited with exit status: 1 without writing file \\\"/tmp/hub-ubuntu-6423575A.config.json\\\"\")"
2026-09-05T20:15:33.672258507Z 2026-09-05T20:15:33Z [1,683ms] [Warning] [carb.omniclient.plugin]  125: OmniHub: ThreadId(02) Hub encountered error. Trying to reconnect to Hub. retry_reason="Hub failed to launch: Io(\"child exited with exit status: 1 without writing file \\\"/tmp/hub-ubuntu-6423575A.config.json\\\"\")"
2026-09-05T20:15:33.672261915Z 2026-09-05T20:15:33Z [1,874ms] [Warning] [carb.omniclient.plugin]  125: OmniHub: ThreadId(02) Hub encountered error. Trying to reconnect to Hub. retry_reason="Hub failed to launch: Io(\"child exited with exit status: 1 without writing file \\\"/tmp/hub-ubuntu-6423575A.config.json\\\"\")"
2026-09-05T20:15:37.752450938Z 2026-09-05T20:15:33Z [2,077ms] [Warning] [carb.omniclient.plugin]  125: OmniHub: ThreadId(02) Hub encountered error. Trying to reconnect to Hub. retry_reason="Hub failed to launch: Io(\"child exited with exit status: 1 without writing file \\\"/tmp/hub-ubuntu-6423575A.config.json\\\"\")"
2026-09-05T20:15:37.752496874Z 2026-09-05T20:15:34Z [2,288ms] [Warning] [carb.omniclient.plugin]  125: OmniHub: ThreadId(02) Hub encountered error. Trying to reconnect to Hub. retry_reason="Hub failed to launch: Io(\"child exited with exit status: 1 without writing file \\\"/tmp/hub-ubuntu-6423575A.config.json\\\"\")"
2026-09-05T20:15:37.752500106Z 2026-09-05T20:15:34Z [2,511ms] [Warning] [carb.omniclient.plugin]  125: OmniHub: ThreadId(02) Hub encountered error. Trying to reconnect to Hub. retry_reason="Hub failed to launch: Io(\"child exited with exit status: 1 without writing file \\\"/tmp/hub-ubuntu-6423575A.config.json\\\"\")"
2026-09-05T20:15:37.752502826Z 2026-09-05T20:15:34Z [2,743ms] [Warning] [carb.omniclient.plugin]  125: OmniHub: ThreadId(02) Hub encountered error. Trying to reconnect to Hub. retry_reason="Hub failed to launch: Io(\"child exited with exit status: 1 without writing file \\\"/tmp/hub-ubuntu-6423575A.config.json\\\"\")"
2026-09-05T20:15:37.752505306Z 2026-09-05T20:15:34Z [2,985ms] [Warning] [carb.omniclient.plugin]  125: OmniHub: ThreadId(02) Hub encountered error. Trying to reconnect to Hub. retry_reason="Hub failed to launch: Io(\"child exited with exit status: 1 without writing file \\\"/tmp/hub-ubuntu-6423575A.config.json\\\"\")"
2026-09-05T20:15:37.752507914Z 2026-09-05T20:15:35Z [3,236ms] [Warning] [carb.omniclient.plugin]  125: OmniHub: ThreadId(02) Hub encountered error. Trying to reconnect to Hub. retry_reason="Hub failed to launch: Io(\"child exited with exit status: 1 without writing file \\\"/tmp/hub-ubuntu-6423575A.config.json\\\"\")"
2026-09-05T20:15:37.752510266Z 2026-09-05T20:15:35Z [3,499ms] [Warning] [carb.omniclient.plugin]  125: OmniHub: ThreadId(02) Hub encountered error. Trying to reconnect to Hub. retry_reason="Hub failed to launch: Io(\"child exited with exit status: 1 without writing file \\\"/tmp/hub-ubuntu-6423575A.config.json\\\"\")"
2026-09-05T20:15:37.752535114Z 2026-09-05T20:15:35Z [3,771ms] [Warning] [carb.omniclient.plugin]  125: OmniHub: ThreadId(02) Hub encountered error. Trying to reconnect to Hub. retry_reason="Hub failed to launch: Io(\"child exited with exit status: 1 without writing file \\\"/tmp/hub-ubuntu-6423575A.config.json\\\"\")"
2026-09-05T20:15:37.752537994Z 2026-09-05T20:15:35Z [4,053ms] [Warning] [carb.omniclient.plugin]  125: OmniHub: ThreadId(02) Hub encountered error. Trying to reconnect to Hub. retry_reason="Hub failed to launch: Io(\"child exited with exit status: 1 without writing file \\\"/tmp/hub-ubuntu-6423575A.config.json\\\"\")"
2026-09-05T20:15:37.752540234Z 2026-09-05T20:15:36Z [4,345ms] [Warning] [carb.omniclient.plugin]  125: OmniHub: ThreadId(02) Hub encountered error. Trying to reconnect to Hub. retry_reason="Hub failed to launch: Io(\"child exited with exit status: 1 without writing file \\\"/tmp/hub-ubuntu-6423575A.config.json\\\"\")"
2026-09-05T20:15:37.752542410Z 2026-09-05T20:15:36Z [4,647ms] [Warning] [carb.omniclient.plugin]  125: OmniHub: ThreadId(02) Hub encountered error. Trying to reconnect to Hub. retry_reason="Hub failed to launch: Io(\"child exited with exit status: 1 without writing file \\\"/tmp/hub-ubuntu-6423575A.config.json\\\"\")"
2026-09-05T20:15:37.752544538Z 2026-09-05T20:15:36Z [4,958ms] [Warning] [carb.omniclient.plugin]  125: OmniHub: ThreadId(02) Hub encountered error. Trying to reconnect to Hub. retry_reason="Hub failed to launch: Io(\"child exited with exit status: 1 without writing file \\\"/tmp/hub-ubuntu-6423575A.config.json\\\"\")"
2026-09-05T20:15:37.752546746Z 2026-09-05T20:15:37Z [5,281ms] [Warning] [carb.omniclient.plugin]  125: OmniHub: ThreadId(02) Hub encountered error. Trying to reconnect to Hub. retry_reason="Hub failed to launch: Io(\"child exited with exit status: 1 without writing file \\\"/tmp/hub-ubuntu-6423575A.config.json\\\"\")"
2026-09-05T20:15:37.752548810Z 2026-09-05T20:15:37Z [5,613ms] [Warning] [carb.omniclient.plugin]  125: OmniHub: ThreadId(02) Hub encountered error. Trying to reconnect to Hub. retry_reason="Hub failed to launch: Io(\"child exited with exit status: 1 without writing file \\\"/tmp/hub-ubuntu-6423575A.config.json\\\"\")"
2026-09-05T20:15:37.752551130Z 2026-09-05T20:15:37Z [5,955ms] [Warning] [carb.omniclient.plugin]  125: OmniHub: ThreadId(02) Hub encountered error. Trying to reconnect to Hub. retry_reason="Hub failed to launch: Io(\"child exited with exit status: 1 without writing file \\\"/tmp/hub-ubuntu-6423575A.config.json\\\"\")"
2026-09-05T20:15:42.191124859Z WARNING: All log messages before absl::InitializeLog() is called are written to STDERR
2026-09-05T20:15:42.191163979Z E0000 00:00:1788639342.190904      26 descriptor_database.cc:633] File already exists in database: grpc/health/v1/health.proto
2026-09-05T20:15:42.191167035Z W0000 00:00:1788639342.190935      26 message.cc:301] Protobuf GeneratedMessageFactory: File is already registered: grpc/health/v1/health.proto
2026-09-05T20:15:43.795507150Z /workspace/isaaclab/_isaac_sim/kit/python/lib/python3.12/site-packages/torch/cuda/__init__.py:435: UserWarning: 
2026-09-05T20:15:43.795541342Z     Found GPU0 NVIDIA GB10 which is of cuda capability 12.1.
2026-09-05T20:15:43.795543790Z     Minimum and Maximum cuda capability supported by this version of PyTorch is
2026-09-05T20:15:43.795563726Z     (8.0) - (12.0)
2026-09-05T20:15:43.795565806Z     
2026-09-05T20:15:43.795567390Z   queued_call()
2026-09-05T20:15:43.797910699Z [ISAACLAB] AppLauncher initialization complete
2026-09-05T20:15:47.006931634Z [INFO]: Parsing configuration from: hexapod_rl.tasks.mkii_fourbar_v1:HexapodMkiiFourbarV1EnvCfg
2026-09-05T20:15:47.006975410Z [INFO]: Base environment:
2026-09-05T20:15:47.006977810Z 	Environment device    : cuda:0
2026-09-05T20:15:47.006980098Z 	Environment seed      : 0
2026-09-05T20:15:47.006981858Z 	Physics step-size     : 0.00125
2026-09-05T20:15:47.006983426Z 	Rendering step-size   : 0.02
2026-09-05T20:15:47.006985139Z 	Environment step-size : 0.02
2026-09-05T20:15:47.006986915Z [INFO]: Registered backend 'physx' for factory Articulation.
2026-09-05T20:15:47.082679301Z [INFO]: Registered backend 'physx' for factory ContactSensor.
2026-09-05T20:15:53.012698609Z [INFO]: Time taken for scene creation Last: 1.177465 s, Mean: 1.177465 s, Std: 0.000000 s, N: 1
2026-09-05T20:15:53.012726929Z [INFO]: Scene manager:  <class InteractiveScene>
2026-09-05T20:15:53.012728833Z 	Number of environments: 1
2026-09-05T20:15:53.012730017Z 	Environment spacing   : 2.0
2026-09-05T20:15:53.012731058Z 	Source prim name      : /World/envs/env_0
2026-09-05T20:15:53.012732114Z 	Global prim paths     : []
2026-09-05T20:15:53.012733058Z 	Replicate physics     : True
2026-09-05T20:15:53.012734098Z [INFO]: Starting the simulation. This may take a few seconds. Please wait...
2026-09-05T20:15:53.012735106Z [INFO]: Simulation parameters for joints in /World/envs/env_.*/Robot:
2026-09-05T20:15:53.012736178Z +---------------------------------------------------------------------------------------------------------------------------------------------------------------------------+
2026-09-05T20:15:53.012737442Z |                                                     Simulation Joint Information (Prim path: /World/envs/env_.*/Robot)                                                    |
2026-09-05T20:15:53.012738610Z +-------+----------------------+-----------+---------+----------+-----------------+------------------+------------------+-----------------+-----------------+---------------+
2026-09-05T20:15:53.012739682Z | Index | Name                 | Stiffness | Damping | Armature | Static Friction | Dynamic Friction | Viscous Friction | Position Limits | Velocity Limits | Effort Limits |
2026-09-05T20:15:53.012740818Z +-------+----------------------+-----------+---------+----------+-----------------+------------------+------------------+-----------------+-----------------+---------------+
2026-09-05T20:15:53.012741874Z |   0   | lf_coxa_yaw          |   0.000   |  0.000  |  0.001   |      0.010      |      0.010       |      0.002       | [-0.873, 0.873] |      50.265     |     5.500     |
2026-09-05T20:15:53.012743010Z |   1   | lm_coxa_yaw          |   0.000   |  0.000  |  0.001   |      0.010      |      0.010       |      0.002       | [-0.873, 0.873] |      50.265     |     5.500     |
2026-09-05T20:15:53.012756930Z |   2   | lr_coxa_yaw          |   0.000   |  0.000  |  0.001   |      0.010      |      0.010       |      0.002       | [-0.873, 0.873] |      50.265     |     5.500     |
2026-09-05T20:15:53.012758178Z |   3   | rf_coxa_yaw          |   0.000   |  0.000  |  0.001   |      0.010      |      0.010       |      0.002       | [-0.873, 0.873] |      50.265     |     5.500     |
2026-09-05T20:15:53.012759698Z |   4   | rm_coxa_yaw          |   0.000   |  0.000  |  0.001   |      0.010      |      0.010       |      0.002       | [-0.873, 0.873] |      50.265     |     5.500     |
2026-09-05T20:15:53.012760834Z |   5   | rr_coxa_yaw          |   0.000   |  0.000  |  0.001   |      0.010      |      0.010       |      0.002       | [-0.873, 0.873] |      50.265     |     5.500     |
2026-09-05T20:15:53.012761842Z |   6   | lf_femur_pitch       |   0.000   |  0.000  |  0.001   |      0.010      |      0.010       |      0.002       | [-1.745, 0.550] |      50.265     |     5.500     |
2026-09-05T20:15:53.012763186Z |   7   | lm_femur_pitch       |   0.000   |  0.000  |  0.001   |      0.010      |      0.010       |      0.002       | [-1.745, 0.550] |      50.265     |     5.500     |
2026-09-05T20:15:53.012764162Z |   8   | lr_femur_pitch       |   0.000   |  0.000  |  0.001   |      0.010      |      0.010       |      0.002       | [-1.745, 0.550] |      50.265     |     5.500     |
2026-09-05T20:15:53.012765266Z |   9   | rf_femur_pitch       |   0.000   |  0.000  |  0.001   |      0.010      |      0.010       |      0.002       | [-1.745, 0.550] |      50.265     |     5.500     |
2026-09-05T20:15:53.012766290Z |   10  | rm_femur_pitch       |   0.000   |  0.000  |  0.001   |      0.010      |      0.010       |      0.002       | [-1.745, 0.550] |      50.265     |     5.500     |
2026-09-05T20:15:53.012767442Z |   11  | rr_femur_pitch       |   0.000   |  0.000  |  0.001   |      0.010      |      0.010       |      0.002       | [-1.745, 0.550] |      50.265     |     5.500     |
2026-09-05T20:15:53.012768466Z |   12  | lf_tibia_lever_pivot |   0.000   |  0.000  |  0.001   |      0.010      |      0.010       |      0.002       | [-0.978, 1.722] |      50.265     |     5.500     |
2026-09-05T20:15:53.012769602Z |   13  | lf_tibia_pitch       |   0.000   |  0.000  |  0.000   |      0.000      |      0.000       |      0.000       | [-0.978, 1.722] |     1.7e+04     |     0.000     |
2026-09-05T20:15:53.012770610Z |   14  | lm_tibia_lever_pivot |   0.000   |  0.000  |  0.001   |      0.010      |      0.010       |      0.002       | [-0.990, 1.710] |      50.265     |     5.500     |
2026-09-05T20:15:53.012771906Z |   15  | lm_tibia_pitch       |   0.000   |  0.000  |  0.000   |      0.000      |      0.000       |      0.000       | [-0.990, 1.710] |     1.7e+04     |     0.000     |
2026-09-05T20:15:53.012773058Z |   16  | lr_tibia_lever_pivot |   0.000   |  0.000  |  0.001   |      0.010      |      0.010       |      0.002       | [-0.971, 1.729] |      50.265     |     5.500     |
2026-09-05T20:15:53.012774242Z |   17  | lr_tibia_pitch       |   0.000   |  0.000  |  0.000   |      0.000      |      0.000       |      0.000       | [-0.971, 1.729] |     1.7e+04     |     0.000     |
2026-09-05T20:15:53.012775266Z |   18  | rf_tibia_lever_pivot |   0.000   |  0.000  |  0.001   |      0.010      |      0.010       |      0.002       | [-0.950, 1.750] |      50.265     |     5.500     |
2026-09-05T20:15:53.012778322Z |   19  | rf_tibia_pitch       |   0.000   |  0.000  |  0.000   |      0.000      |      0.000       |      0.000       | [-0.950, 1.750] |     1.7e+04     |     0.000     |
2026-09-05T20:15:53.012779442Z |   20  | rm_tibia_lever_pivot |   0.000   |  0.000  |  0.001   |      0.010      |      0.010       |      0.002       | [-0.913, 1.787] |      50.265     |     5.500     |
2026-09-05T20:15:53.012780658Z |   21  | rm_tibia_pitch       |   0.000   |  0.000  |  0.000   |      0.000      |      0.000       |      0.000       | [-0.913, 1.787] |     1.7e+04     |     0.000     |
2026-09-05T20:15:53.012781730Z |   22  | rr_tibia_lever_pivot |   0.000   |  0.000  |  0.001   |      0.010      |      0.010       |      0.002       | [-0.950, 1.750] |      50.265     |     5.500     |
2026-09-05T20:15:53.012782866Z |   23  | rr_tibia_pitch       |   0.000   |  0.000  |  0.000   |      0.000      |      0.000       |      0.000       | [-0.950, 1.750] |     1.7e+04     |     0.000     |
2026-09-05T20:15:53.012783890Z |   24  | lf_tibia_rod_pivot   |   0.000   |  0.000  |  0.000   |      0.000      |      0.000       |      0.000       | [-1.722, 0.978] |     1.7e+04     |     0.000     |
2026-09-05T20:15:53.012784994Z |   25  | lm_tibia_rod_pivot   |   0.000   |  0.000  |  0.000   |      0.000      |      0.000       |      0.000       | [-1.710, 0.990] |     1.7e+04     |     0.000     |
2026-09-05T20:15:53.012785986Z |   26  | lr_tibia_rod_pivot   |   0.000   |  0.000  |  0.000   |      0.000      |      0.000       |      0.000       | [-1.729, 0.971] |     1.7e+04     |     0.000     |
2026-09-05T20:15:53.012787250Z |   27  | rf_tibia_rod_pivot   |   0.000   |  0.000  |  0.000   |      0.000      |      0.000       |      0.000       | [-1.750, 0.950] |     1.7e+04     |     0.000     |
2026-09-05T20:15:53.012788290Z |   28  | rm_tibia_rod_pivot   |   0.000   |  0.000  |  0.000   |      0.000      |      0.000       |      0.000       | [-1.787, 0.913] |     1.7e+04     |     0.000     |
2026-09-05T20:15:53.012789426Z |   29  | rr_tibia_rod_pivot   |   0.000   |  0.000  |  0.000   |      0.000      |      0.000       |      0.000       | [-1.750, 0.950] |     1.7e+04     |     0.000     |
2026-09-05T20:15:53.012790466Z +-------+----------------------+-----------+---------+----------+-----------------+------------------+------------------+-----------------+-----------------+---------------+
2026-09-05T20:18:27.269285887Z [INFO]: Time taken for simulation start Last: 5.136424 s, Mean: 5.136424 s, Std: 0.000000 s, N: 1
2026-09-05T20:18:27.269338306Z [INFO]: Completed setting up the environment...
2026-09-05T20:18:27.269342259Z FOURBAR_DIAGNOSTIC_SEGMENT {"segment": {"phase": "standing", "motors": [], "offset_rad": 0.0, "steps": 200}, "metrics": {"substeps": 2560, "height_sum": 347.4292598068714, "min_height_m": 0.13571053743362427, "max_applied_nm": 0.6666584610939026, "max_demand_nm": 0.6666584610939026, "max_closure_point_m": 1.341104507446289e-07, "max_closure_axis_chord": 6.885034622428066e-07, "min_nonfoot_clearance_m": 0.025372207164764404, "nonfoot_contact_env_substeps": 0.0, "min_support": 6, "max_envelope_excess_nm": 0.0, "max_continuous_excess_nm": 0.0, "min_burst_headroom": 0.5007073879241943, "invalid_samples": 0.0, "max_passive_relation_error_rad": 3.5762786865234375e-07, "mean_height_m": 0.13571455461205914}}
2026-09-05T20:18:27.270703061Z FOURBAR_DIAGNOSTIC_RESULT {"diagnostic_complete": true, "pass": false, "errors": [], "physical_gate_errors": [], "trace_samples": 3200}
2026-09-05T20:18:27.704246813Z [INFO]: SimulationContext cleared
2026-09-05T20:18:27.733566093Z 2026-09-05T20:15:38Z [6,306ms] [Warning] [carb.omniclient.plugin]  125: OmniHub: ThreadId(02) Hub encountered error. Trying to reconnect to Hub. retry_reason="Hub failed to launch: Io(\"child exited with exit status: 1 without writing file \\\"/tmp/hub-ubuntu-6423575A.config.json\\\"\")"
2026-09-05T20:18:27.733597888Z 2026-09-05T20:15:38Z [6,669ms] [Warning] [carb.omniclient.plugin]  125: OmniHub: ThreadId(02) Hub encountered error. Trying to reconnect to Hub. retry_reason="Hub failed to launch: Io(\"child exited with exit status: 1 without writing file \\\"/tmp/hub-ubuntu-6423575A.config.json\\\"\")"
2026-09-05T20:18:27.733601360Z 2026-09-05T20:15:38Z [7,041ms] [Warning] [carb.omniclient.plugin]  125: OmniHub: ThreadId(02) Hub encountered error. Trying to reconnect to Hub. retry_reason="Hub failed to launch: Io(\"child exited with exit status: 1 without writing file \\\"/tmp/hub-ubuntu-6423575A.config.json\\\"\")"
2026-09-05T20:18:27.733604160Z 2026-09-05T20:15:39Z [7,423ms] [Warning] [carb.omniclient.plugin]  125: OmniHub: ThreadId(02) Hub encountered error. Trying to reconnect to Hub. retry_reason="Hub failed to launch: Io(\"child exited with exit status: 1 without writing file \\\"/tmp/hub-ubuntu-6423575A.config.json\\\"\")"
2026-09-05T20:18:27.733606640Z 2026-09-05T20:15:39Z [7,815ms] [Warning] [carb.omniclient.plugin]  125: OmniHub: ThreadId(02) Hub encountered error. Trying to reconnect to Hub. retry_reason="Hub failed to launch: Io(\"child exited with exit status: 1 without writing file \\\"/tmp/hub-ubuntu-6423575A.config.json\\\"\")"
2026-09-05T20:18:27.733609120Z 2026-09-05T20:15:40Z [8,217ms] [Warning] [carb.omniclient.plugin]  125: OmniHub: ThreadId(02) Hub encountered error. Trying to reconnect to Hub. retry_reason="Hub failed to launch: Io(\"child exited with exit status: 1 without writing file \\\"/tmp/hub-ubuntu-6423575A.config.json\\\"\")"
2026-09-05T20:18:27.733611521Z 2026-09-05T20:15:40Z [8,629ms] [Warning] [carb.omniclient.plugin]  125: OmniHub: ThreadId(02) Hub encountered error. Trying to reconnect to Hub. retry_reason="Hub failed to launch: Io(\"child exited with exit status: 1 without writing file \\\"/tmp/hub-ubuntu-6423575A.config.json\\\"\")"
2026-09-05T20:18:27.733615137Z 2026-09-05T20:15:40Z [9,051ms] [Warning] [carb.omniclient.plugin]  125: OmniHub: ThreadId(02) Hub encountered error. Trying to reconnect to Hub. retry_reason="Hub failed to launch: Io(\"child exited with exit status: 1 without writing file \\\"/tmp/hub-ubuntu-6423575A.config.json\\\"\")"
2026-09-05T20:18:27.733617633Z 2026-09-05T20:15:41Z [9,483ms] [Warning] [carb.omniclient.plugin]  125: OmniHub: ThreadId(02) Hub encountered error. Trying to reconnect to Hub. retry_reason="Hub failed to launch: Io(\"child exited with exit status: 1 without writing file \\\"/tmp/hub-ubuntu-6423575A.config.json\\\"\")"
2026-09-05T20:18:27.733619905Z 2026-09-05T20:15:41Z [9,925ms] [Warning] [carb.omniclient.plugin]  125: OmniHub: ThreadId(02) Hub encountered error. Trying to reconnect to Hub. retry_reason="Hub failed to launch: Io(\"child exited with exit status: 1 without writing file \\\"/tmp/hub-ubuntu-6423575A.config.json\\\"\")"
2026-09-05T20:18:27.733640115Z 2026-09-05T20:15:42Z [10,416ms] [Warning] [omni.usd_config.extension] Enable omni.materialx.libs extension to use MaterialX
2026-09-05T20:18:27.733642179Z 2026-09-05T20:15:49Z [17,517ms] [Warning] [usdrt.population.plugin] Last global time was not created. Did you call setEnableUsdNoticeHandling?
2026-09-05T20:18:27.733644627Z 2026-09-05T20:15:53Z [21,211ms] [Warning] [isaaclab_physx.assets.articulation.articulation] Not all actuators are configured! Total number of actuated joints not equal to number of joints available: 18 != 30.
