--------------------------------------------------------------------------------
Resolved observation sets: 
	 actor :  ['policy']
	 critic :  ['critic']
--------------------------------------------------------------------------------
Actor Model: MLPModel(
  (obs_normalizer): EmpiricalNormalization()
  (distribution): GaussianDistribution()
  (mlp): MLP(
    (0): Linear(in_features=315, out_features=256, bias=True)
    (1): ELU(alpha=1.0)
    (2): Linear(in_features=256, out_features=256, bias=True)
    (3): ELU(alpha=1.0)
    (4): Linear(in_features=256, out_features=128, bias=True)
    (5): ELU(alpha=1.0)
    (6): Linear(in_features=128, out_features=18, bias=True)
  )
)
Critic Model: MLPModel(
  (obs_normalizer): EmpiricalNormalization()
  (mlp): MLP(
    (0): Linear(in_features=318, out_features=256, bias=True)
    (1): ELU(alpha=1.0)
    (2): Linear(in_features=256, out_features=256, bias=True)
    (3): ELU(alpha=1.0)
    (4): Linear(in_features=256, out_features=128, bias=True)
    (5): ELU(alpha=1.0)
    (6): Linear(in_features=128, out_features=1, bias=True)
  )
)
INSTALLED_CPU_SMOKE {"checkpoint_sha256": "1971b782327408f8446b3271cc665dad8c9c515523cf8c87303141dc487d06e8", "exploration_std": 0.1, "entropy_coef": 0.0, "optimizer": "reset", "learning_rate": 5e-05, "actor_and_critic_preserved_except_std": true, "observation_normalizers_preserved": true, "optimizer_state_entries": 0, "checkpoint_iteration": 1847, "runner_iteration": 1847, "exploration_std_before": [0.4032049775123596, 0.38398510217666626, 0.2871536314487457, 0.45611193776130676, 0.2955004572868347, 0.23039953410625458, 0.4657600224018097, 0.44896653294563293, 0.4871585965156555, 0.39336958527565, 0.5246296525001526, 0.49469467997550964, 0.4852926731109619, 0.47244736552238464, 0.4494502544403076, 0.4971517026424408, 0.45584002137184143, 0.4284435212612152], "exploration_std_after": [0.10000000149011612, 0.10000000149011612, 0.10000000149011612, 0.10000000149011612, 0.10000000149011612, 0.10000000149011612, 0.10000000149011612, 0.10000000149011612, 0.10000000149011612, 0.10000000149011612, 0.10000000149011612, 0.10000000149011612, 0.10000000149011612, 0.10000000149011612, 0.10000000149011612, 0.10000000149011612, 0.10000000149011612, 0.10000000149011612], "load_cfg": {"actor": true, "critic": true, "optimizer": false, "iteration": true, "rnd": false}, "learning_rate_schedule": "adaptive", "stage2_complete": false}
