--------------------------------------------------------------------------------
Resolved observation sets: 
	 actor :  ['policy']
	 critic :  ['critic']
--------------------------------------------------------------------------------
Actor Model: MLPModel(
  (obs_normalizer): EmpiricalNormalization()
  (distribution): GaussianDistribution()
  (mlp): MLP(
    (0): Linear(in_features=315, out_features=256, bias=True)
    (1): ELU(alpha=1.0)
    (2): Linear(in_features=256, out_features=256, bias=True)
    (3): ELU(alpha=1.0)
    (4): Linear(in_features=256, out_features=128, bias=True)
    (5): ELU(alpha=1.0)
    (6): Linear(in_features=128, out_features=18, bias=True)
  )
)
Critic Model: MLPModel(
  (obs_normalizer): EmpiricalNormalization()
  (mlp): MLP(
    (0): Linear(in_features=318, out_features=256, bias=True)
    (1): ELU(alpha=1.0)
    (2): Linear(in_features=256, out_features=256, bias=True)
    (3): ELU(alpha=1.0)
    (4): Linear(in_features=256, out_features=128, bias=True)
    (5): ELU(alpha=1.0)
    (6): Linear(in_features=128, out_features=1, bias=True)
  )
)
Storing git diff for 'HEXAPOD' in: tmp/direct_omni_recovery_001/training/cpu_smoke_002/ordinary/git/HEXAPOD.diff
################################################################################
[1m                          Learning iteration 1847/1849                          [0m 

                            Total steps: 192 
                       Steps per second: 1962 
                        Collection time: 0.032s 
                          Learning time: 0.065s 
                        Mean value loss: 44.4068
                    Mean surrogate loss: 0.0790
                      Mean entropy loss: -15.9042
                            Mean reward: 16.84
                    Mean episode length: 17.00
                        Mean action std: 0.10
--------------------------------------------------------------------------------
                         Iteration time: 0.10s
                           Time elapsed: 00:00:00
                                    ETA: 00:00:00

################################################################################
[1m                          Learning iteration 1848/1849                          [0m 

                            Total steps: 384 
                       Steps per second: 3864 
                        Collection time: 0.012s 
                          Learning time: 0.038s 
                        Mean value loss: 65.8995
                    Mean surrogate loss: -0.0565
                      Mean entropy loss: -15.9058
                            Mean reward: 16.88
                    Mean episode length: 17.00
                        Mean action std: 0.10
--------------------------------------------------------------------------------
                         Iteration time: 0.05s
                           Time elapsed: 00:00:00
                                    ETA: 00:00:00

--------------------------------------------------------------------------------
Resolved observation sets: 
	 actor :  ['policy']
	 critic :  ['critic']
--------------------------------------------------------------------------------
Actor Model: MLPModel(
  (obs_normalizer): EmpiricalNormalization()
  (distribution): GaussianDistribution()
  (mlp): MLP(
    (0): Linear(in_features=315, out_features=256, bias=True)
    (1): ELU(alpha=1.0)
    (2): Linear(in_features=256, out_features=256, bias=True)
    (3): ELU(alpha=1.0)
    (4): Linear(in_features=256, out_features=128, bias=True)
    (5): ELU(alpha=1.0)
    (6): Linear(in_features=128, out_features=18, bias=True)
  )
)
Critic Model: MLPModel(
  (obs_normalizer): EmpiricalNormalization()
  (mlp): MLP(
    (0): Linear(in_features=318, out_features=256, bias=True)
    (1): ELU(alpha=1.0)
    (2): Linear(in_features=256, out_features=256, bias=True)
    (3): ELU(alpha=1.0)
    (4): Linear(in_features=256, out_features=128, bias=True)
    (5): ELU(alpha=1.0)
    (6): Linear(in_features=128, out_features=1, bias=True)
  )
)
--------------------------------------------------------------------------------
Resolved observation sets: 
	 actor :  ['policy']
	 critic :  ['critic']
--------------------------------------------------------------------------------
Actor Model: MLPModel(
  (obs_normalizer): EmpiricalNormalization()
  (distribution): GaussianDistribution()
  (mlp): MLP(
    (0): Linear(in_features=315, out_features=256, bias=True)
    (1): ELU(alpha=1.0)
    (2): Linear(in_features=256, out_features=256, bias=True)
    (3): ELU(alpha=1.0)
    (4): Linear(in_features=256, out_features=128, bias=True)
    (5): ELU(alpha=1.0)
    (6): Linear(in_features=128, out_features=18, bias=True)
  )
)
Critic Model: MLPModel(
  (obs_normalizer): EmpiricalNormalization()
  (mlp): MLP(
    (0): Linear(in_features=318, out_features=256, bias=True)
    (1): ELU(alpha=1.0)
    (2): Linear(in_features=256, out_features=256, bias=True)
    (3): ELU(alpha=1.0)
    (4): Linear(in_features=256, out_features=128, bias=True)
    (5): ELU(alpha=1.0)
    (6): Linear(in_features=128, out_features=1, bias=True)
  )
)
Storing git diff for 'HEXAPOD' in: tmp/direct_omni_recovery_001/training/cpu_smoke_002/zero/git/HEXAPOD.diff
################################################################################
[1m                          Learning iteration 1847/1849                          [0m 

                            Total steps: 192 
                       Steps per second: 3243 
                        Collection time: 0.013s 
                          Learning time: 0.047s 
                        Mean value loss: 44.4068
                    Mean surrogate loss: 0.0790
                      Mean entropy loss: -15.9042
                Mean caps_temporal loss: 0.0000
                 Mean caps_spatial loss: 0.0000
                Mean caps_weighted loss: 0.0000
     Mean caps_valid_pair_fraction loss: 0.0000
                            Mean reward: 16.84
                    Mean episode length: 17.00
                        Mean action std: 0.10
--------------------------------------------------------------------------------
                         Iteration time: 0.06s
                           Time elapsed: 00:00:00
                                    ETA: 00:00:00

################################################################################
[1m                          Learning iteration 1848/1849                          [0m 

                            Total steps: 384 
                       Steps per second: 3561 
                        Collection time: 0.011s 
                          Learning time: 0.043s 
                        Mean value loss: 65.8995
                    Mean surrogate loss: -0.0565
                      Mean entropy loss: -15.9058
                Mean caps_temporal loss: 0.0000
                 Mean caps_spatial loss: 0.0000
                Mean caps_weighted loss: 0.0000
     Mean caps_valid_pair_fraction loss: 0.0000
                            Mean reward: 16.88
                    Mean episode length: 17.00
                        Mean action std: 0.10
--------------------------------------------------------------------------------
                         Iteration time: 0.05s
                           Time elapsed: 00:00:00
                                    ETA: 00:00:00

--------------------------------------------------------------------------------
Resolved observation sets: 
	 actor :  ['policy']
	 critic :  ['critic']
--------------------------------------------------------------------------------
Actor Model: MLPModel(
  (obs_normalizer): EmpiricalNormalization()
  (distribution): GaussianDistribution()
  (mlp): MLP(
    (0): Linear(in_features=315, out_features=256, bias=True)
    (1): ELU(alpha=1.0)
    (2): Linear(in_features=256, out_features=256, bias=True)
    (3): ELU(alpha=1.0)
    (4): Linear(in_features=256, out_features=128, bias=True)
    (5): ELU(alpha=1.0)
    (6): Linear(in_features=128, out_features=18, bias=True)
  )
)
Critic Model: MLPModel(
  (obs_normalizer): EmpiricalNormalization()
  (mlp): MLP(
    (0): Linear(in_features=318, out_features=256, bias=True)
    (1): ELU(alpha=1.0)
    (2): Linear(in_features=256, out_features=256, bias=True)
    (3): ELU(alpha=1.0)
    (4): Linear(in_features=256, out_features=128, bias=True)
    (5): ELU(alpha=1.0)
    (6): Linear(in_features=128, out_features=1, bias=True)
  )
)
--------------------------------------------------------------------------------
Resolved observation sets: 
	 actor :  ['policy']
	 critic :  ['critic']
--------------------------------------------------------------------------------
Actor Model: MLPModel(
  (obs_normalizer): EmpiricalNormalization()
  (distribution): GaussianDistribution()
  (mlp): MLP(
    (0): Linear(in_features=315, out_features=256, bias=True)
    (1): ELU(alpha=1.0)
    (2): Linear(in_features=256, out_features=256, bias=True)
    (3): ELU(alpha=1.0)
    (4): Linear(in_features=256, out_features=128, bias=True)
    (5): ELU(alpha=1.0)
    (6): Linear(in_features=128, out_features=18, bias=True)
  )
)
Critic Model: MLPModel(
  (obs_normalizer): EmpiricalNormalization()
  (mlp): MLP(
    (0): Linear(in_features=318, out_features=256, bias=True)
    (1): ELU(alpha=1.0)
    (2): Linear(in_features=256, out_features=256, bias=True)
    (3): ELU(alpha=1.0)
    (4): Linear(in_features=256, out_features=128, bias=True)
    (5): ELU(alpha=1.0)
    (6): Linear(in_features=128, out_features=1, bias=True)
  )
)
Storing git diff for 'HEXAPOD' in: tmp/direct_omni_recovery_001/training/cpu_smoke_002/caps/git/HEXAPOD.diff
################################################################################
[1m                          Learning iteration 1847/1849                          [0m 

                            Total steps: 192 
                       Steps per second: 2203 
                        Collection time: 0.011s 
                          Learning time: 0.076s 
                        Mean value loss: 44.4068
                    Mean surrogate loss: 0.0787
                      Mean entropy loss: -15.9042
                Mean caps_temporal loss: 0.3709
                 Mean caps_spatial loss: 0.0015
                Mean caps_weighted loss: 0.0372
     Mean caps_valid_pair_fraction loss: 0.8698
                            Mean reward: 16.84
                    Mean episode length: 17.00
                        Mean action std: 0.10
--------------------------------------------------------------------------------
                         Iteration time: 0.09s
                           Time elapsed: 00:00:00
                                    ETA: 00:00:00

################################################################################
[1m                          Learning iteration 1848/1849                          [0m 

                            Total steps: 384 
                       Steps per second: 2438 
                        Collection time: 0.010s 
                          Learning time: 0.069s 
                        Mean value loss: 65.8982
                    Mean surrogate loss: -0.0582
                      Mean entropy loss: -15.9063
                Mean caps_temporal loss: 0.2173
                 Mean caps_spatial loss: 0.0018
                Mean caps_weighted loss: 0.0219
     Mean caps_valid_pair_fraction loss: 0.9531
                            Mean reward: 16.88
                    Mean episode length: 17.00
                        Mean action std: 0.10
--------------------------------------------------------------------------------
                         Iteration time: 0.08s
                           Time elapsed: 00:00:00
                                    ETA: 00:00:00

--------------------------------------------------------------------------------
Resolved observation sets: 
	 actor :  ['policy']
	 critic :  ['critic']
--------------------------------------------------------------------------------
Actor Model: MLPModel(
  (obs_normalizer): EmpiricalNormalization()
  (distribution): GaussianDistribution()
  (mlp): MLP(
    (0): Linear(in_features=315, out_features=256, bias=True)
    (1): ELU(alpha=1.0)
    (2): Linear(in_features=256, out_features=256, bias=True)
    (3): ELU(alpha=1.0)
    (4): Linear(in_features=256, out_features=128, bias=True)
    (5): ELU(alpha=1.0)
    (6): Linear(in_features=128, out_features=18, bias=True)
  )
)
Critic Model: MLPModel(
  (obs_normalizer): EmpiricalNormalization()
  (mlp): MLP(
    (0): Linear(in_features=318, out_features=256, bias=True)
    (1): ELU(alpha=1.0)
    (2): Linear(in_features=256, out_features=256, bias=True)
    (3): ELU(alpha=1.0)
    (4): Linear(in_features=256, out_features=128, bias=True)
    (5): ELU(alpha=1.0)
    (6): Linear(in_features=128, out_features=1, bias=True)
  )
)
REAL_RSL_CAPS_CPU_PASS
