--------------------------------------------------------------------------------
Resolved observation sets: 
	 actor :  ['policy']
	 critic :  ['critic']
--------------------------------------------------------------------------------
Actor Model: MLPModel(
  (obs_normalizer): EmpiricalNormalization()
  (distribution): GaussianDistribution()
  (mlp): MLP(
    (0): Linear(in_features=315, out_features=256, bias=True)
    (1): ELU(alpha=1.0)
    (2): Linear(in_features=256, out_features=256, bias=True)
    (3): ELU(alpha=1.0)
    (4): Linear(in_features=256, out_features=128, bias=True)
    (5): ELU(alpha=1.0)
    (6): Linear(in_features=128, out_features=18, bias=True)
  )
)
Critic Model: MLPModel(
  (obs_normalizer): EmpiricalNormalization()
  (mlp): MLP(
    (0): Linear(in_features=318, out_features=256, bias=True)
    (1): ELU(alpha=1.0)
    (2): Linear(in_features=256, out_features=256, bias=True)
    (3): ELU(alpha=1.0)
    (4): Linear(in_features=256, out_features=128, bias=True)
    (5): ELU(alpha=1.0)
    (6): Linear(in_features=128, out_features=1, bias=True)
  )
)
Storing git diff for 'HEXAPOD' in: tmp/direct_omni_recovery_001/training/cpu_smoke_001/ordinary/git/HEXAPOD.diff
################################################################################
[1m                          Learning iteration 1847/1849                          [0m 

                            Total steps: 192 
                       Steps per second: 2164 
                        Collection time: 0.028s 
                          Learning time: 0.061s 
                        Mean value loss: 44.4068
                    Mean surrogate loss: 0.0790
                      Mean entropy loss: -15.9042
                            Mean reward: 16.84
                    Mean episode length: 17.00
                        Mean action std: 0.10
--------------------------------------------------------------------------------
                         Iteration time: 0.09s
                           Time elapsed: 00:00:00
                                    ETA: 00:00:00

################################################################################
[1m                          Learning iteration 1848/1849                          [0m 

                            Total steps: 384 
                       Steps per second: 3853 
                        Collection time: 0.011s 
                          Learning time: 0.039s 
                        Mean value loss: 65.8995
                    Mean surrogate loss: -0.0565
                      Mean entropy loss: -15.9058
                            Mean reward: 16.88
                    Mean episode length: 17.00
                        Mean action std: 0.10
--------------------------------------------------------------------------------
                         Iteration time: 0.05s
                           Time elapsed: 00:00:00
                                    ETA: 00:00:00

--------------------------------------------------------------------------------
Resolved observation sets: 
	 actor :  ['policy']
	 critic :  ['critic']
--------------------------------------------------------------------------------
Actor Model: MLPModel(
  (obs_normalizer): EmpiricalNormalization()
  (distribution): GaussianDistribution()
  (mlp): MLP(
    (0): Linear(in_features=315, out_features=256, bias=True)
    (1): ELU(alpha=1.0)
    (2): Linear(in_features=256, out_features=256, bias=True)
    (3): ELU(alpha=1.0)
    (4): Linear(in_features=256, out_features=128, bias=True)
    (5): ELU(alpha=1.0)
    (6): Linear(in_features=128, out_features=18, bias=True)
  )
)
Critic Model: MLPModel(
  (obs_normalizer): EmpiricalNormalization()
  (mlp): MLP(
    (0): Linear(in_features=318, out_features=256, bias=True)
    (1): ELU(alpha=1.0)
    (2): Linear(in_features=256, out_features=256, bias=True)
    (3): ELU(alpha=1.0)
    (4): Linear(in_features=256, out_features=128, bias=True)
    (5): ELU(alpha=1.0)
    (6): Linear(in_features=128, out_features=1, bias=True)
  )
)
--------------------------------------------------------------------------------
Resolved observation sets: 
	 actor :  ['policy']
	 critic :  ['critic']
--------------------------------------------------------------------------------
Actor Model: MLPModel(
  (obs_normalizer): EmpiricalNormalization()
  (distribution): GaussianDistribution()
  (mlp): MLP(
    (0): Linear(in_features=315, out_features=256, bias=True)
    (1): ELU(alpha=1.0)
    (2): Linear(in_features=256, out_features=256, bias=True)
    (3): ELU(alpha=1.0)
    (4): Linear(in_features=256, out_features=128, bias=True)
    (5): ELU(alpha=1.0)
    (6): Linear(in_features=128, out_features=18, bias=True)
  )
)
Critic Model: MLPModel(
  (obs_normalizer): EmpiricalNormalization()
  (mlp): MLP(
    (0): Linear(in_features=318, out_features=256, bias=True)
    (1): ELU(alpha=1.0)
    (2): Linear(in_features=256, out_features=256, bias=True)
    (3): ELU(alpha=1.0)
    (4): Linear(in_features=256, out_features=128, bias=True)
    (5): ELU(alpha=1.0)
    (6): Linear(in_features=128, out_features=1, bias=True)
  )
)
Storing git diff for 'HEXAPOD' in: tmp/direct_omni_recovery_001/training/cpu_smoke_001/zero/git/HEXAPOD.diff
################################################################################
[1m                          Learning iteration 1847/1849                          [0m 

                            Total steps: 192 
                       Steps per second: 3678 
                        Collection time: 0.011s 
                          Learning time: 0.041s 
                        Mean value loss: 44.4068
                    Mean surrogate loss: 0.0790
                      Mean entropy loss: -15.9042
                Mean caps_temporal loss: 0.0000
                 Mean caps_spatial loss: 0.0000
                Mean caps_weighted loss: 0.0000
     Mean caps_valid_pair_fraction loss: 0.0000
                            Mean reward: 16.84
                    Mean episode length: 17.00
                        Mean action std: 0.10
--------------------------------------------------------------------------------
                         Iteration time: 0.05s
                           Time elapsed: 00:00:00
                                    ETA: 00:00:00

################################################################################
[1m                          Learning iteration 1848/1849                          [0m 

                            Total steps: 384 
                       Steps per second: 3930 
                        Collection time: 0.012s 
                          Learning time: 0.037s 
                        Mean value loss: 65.8995
                    Mean surrogate loss: -0.0565
                      Mean entropy loss: -15.9058
                Mean caps_temporal loss: 0.0000
                 Mean caps_spatial loss: 0.0000
                Mean caps_weighted loss: 0.0000
     Mean caps_valid_pair_fraction loss: 0.0000
                            Mean reward: 16.88
                    Mean episode length: 17.00
                        Mean action std: 0.10
--------------------------------------------------------------------------------
                         Iteration time: 0.05s
                           Time elapsed: 00:00:00
                                    ETA: 00:00:00

--------------------------------------------------------------------------------
Resolved observation sets: 
	 actor :  ['policy']
	 critic :  ['critic']
--------------------------------------------------------------------------------
Actor Model: MLPModel(
  (obs_normalizer): EmpiricalNormalization()
  (distribution): GaussianDistribution()
  (mlp): MLP(
    (0): Linear(in_features=315, out_features=256, bias=True)
    (1): ELU(alpha=1.0)
    (2): Linear(in_features=256, out_features=256, bias=True)
    (3): ELU(alpha=1.0)
    (4): Linear(in_features=256, out_features=128, bias=True)
    (5): ELU(alpha=1.0)
    (6): Linear(in_features=128, out_features=18, bias=True)
  )
)
Critic Model: MLPModel(
  (obs_normalizer): EmpiricalNormalization()
  (mlp): MLP(
    (0): Linear(in_features=318, out_features=256, bias=True)
    (1): ELU(alpha=1.0)
    (2): Linear(in_features=256, out_features=256, bias=True)
    (3): ELU(alpha=1.0)
    (4): Linear(in_features=256, out_features=128, bias=True)
    (5): ELU(alpha=1.0)
    (6): Linear(in_features=128, out_features=1, bias=True)
  )
)
--------------------------------------------------------------------------------
Resolved observation sets: 
	 actor :  ['policy']
	 critic :  ['critic']
--------------------------------------------------------------------------------
Actor Model: MLPModel(
  (obs_normalizer): EmpiricalNormalization()
  (distribution): GaussianDistribution()
  (mlp): MLP(
    (0): Linear(in_features=315, out_features=256, bias=True)
    (1): ELU(alpha=1.0)
    (2): Linear(in_features=256, out_features=256, bias=True)
    (3): ELU(alpha=1.0)
    (4): Linear(in_features=256, out_features=128, bias=True)
    (5): ELU(alpha=1.0)
    (6): Linear(in_features=128, out_features=18, bias=True)
  )
)
Critic Model: MLPModel(
  (obs_normalizer): EmpiricalNormalization()
  (mlp): MLP(
    (0): Linear(in_features=318, out_features=256, bias=True)
    (1): ELU(alpha=1.0)
    (2): Linear(in_features=256, out_features=256, bias=True)
    (3): ELU(alpha=1.0)
    (4): Linear(in_features=256, out_features=128, bias=True)
    (5): ELU(alpha=1.0)
    (6): Linear(in_features=128, out_features=1, bias=True)
  )
)
Storing git diff for 'HEXAPOD' in: tmp/direct_omni_recovery_001/training/cpu_smoke_001/caps/git/HEXAPOD.diff
Traceback (most recent call last):
  File "/Users/andreboufama/Documents/CUPI/HEXAPOD/tmp/direct_omni_recovery_001/training/real_rsl_regression.py", line 55, in <module>
    if __name__=='__main__':main()
                            ^^^^^^
  File "/Users/andreboufama/Documents/CUPI/HEXAPOD/tmp/direct_omni_recovery_001/training/real_rsl_regression.py", line 43, in main
    r.learn(2,init_at_random_ep_len=False)
  File "/Users/andreboufama/Documents/CUPI/HEXAPOD/tmp/reference_residual_ppo_001/_deps/rsl_rl/runners/on_policy_runner.py", line 108, in learn
    loss_dict = self.alg.update()
                ^^^^^^^^^^^^^^^^^
  File "/Users/andreboufama/Documents/CUPI/HEXAPOD/tmp/direct_omni_recovery_001/training/caps_ppo.py", line 21, in update
    result=self._caps_update()
           ^^^^^^^^^^^^^^^^^^^
  File "/Users/andreboufama/Documents/CUPI/HEXAPOD/tmp/direct_omni_recovery_001/training/caps_ppo.py", line 129, in _caps_update
    loss = loss + self.regularizer(self.actor, batch.observations)
                  ^^^^^^^^^^^^^^^^^^^^^^^^^^^^^^^^^^^^^^^^^^^^^^^^
  File "/Users/andreboufama/Documents/CUPI/HEXAPOD/tmp/direct_omni_recovery_001/training/caps.py", line 73, in __call__
    if previous.shape!=p.shape or valid.shape!=(len(p),1) or valid.dtype!=torch.bool:raise ValueError('Malformed temporal pairing evidence')
                                                                                     ^^^^^^^^^^^^^^^^^^^^^^^^^^^^^^^^^^^^^^^^^^^^^^^^^^^^^^^
ValueError: Malformed temporal pairing evidence
