time="2026-09-10T17:01:31-05:00" level=warning msg="No services to build"
time="2026-09-10T17:01:31-05:00" level=warning msg="No services to build"
 Container hexapod-reference-physics-a299ef0f35af417c9525da679a226f2a Creating 
 Container hexapod-reference-physics-a299ef0f35af417c9525da679a226f2a Created 
The '--headless' CLI argument is deprecated. Omit '--viz' for default headless. If config visualizers are enabled and you want to force headless, use '--viz none'.
Loading user config located at: '/isaac-sim/kit/data/Kit/IsaacLab/3.0/user.config.json'
2026-09-10T22:01:32Z [0ms] [Warning] [omni.ext.plugin] [ext: jobs] Extensions config 'extension.toml' doesn't exist '/output/jobs' or '/output/jobs/config'
2026-09-10T22:01:32Z [0ms] [Warning] [omni.ext.plugin] [ext: standing] Extensions config 'extension.toml' doesn't exist '/output/standing' or '/output/standing/config'
2026-09-10T22:01:32Z [0ms] [Warning] [omni.ext.plugin] [ext: isaaclab_visualizers] Extensions config 'extension.toml' doesn't exist '/workspace/isaaclab/source/isaaclab_visualizers' or '/workspace/isaaclab/source/isaaclab_visualizers/config'
2026-09-10T22:01:32Z [0ms] [Warning] [omni.ext.plugin] [ext: logs] Extensions config 'extension.toml' doesn't exist '/output/logs' or '/output/logs/config'
2026-09-10T22:01:32Z [112ms] [Warning] [carb.omniclient.plugin]  43: OmniHub: ThreadId(02) Hub encountered error. Trying to reconnect to Hub. retry_reason="Hub failed to launch: Io(\"child exited with exit status: 1 without writing file \\\"/tmp/hub-ubuntu-B8C4F903.config.json\\\"\")"
2026-09-10T22:01:32Z [184ms] [Warning] [carb.omniclient.plugin]  43: OmniHub: ThreadId(02) Hub encountered error. Trying to reconnect to Hub. retry_reason="Hub failed to launch: Io(\"child exited with exit status: 1 without writing file \\\"/tmp/hub-ubuntu-B8C4F903.config.json\\\"\")"
2026-09-10T22:01:32Z [266ms] [Warning] [carb.omniclient.plugin]  43: OmniHub: ThreadId(02) Hub encountered error. Trying to reconnect to Hub. retry_reason="Hub failed to launch: Io(\"child exited with exit status: 1 without writing file \\\"/tmp/hub-ubuntu-B8C4F903.config.json\\\"\")"
2026-09-10T22:01:32Z [357ms] [Warning] [carb.omniclient.plugin]  43: OmniHub: ThreadId(02) Hub encountered error. Trying to reconnect to Hub. retry_reason="Hub failed to launch: Io(\"child exited with exit status: 1 without writing file \\\"/tmp/hub-ubuntu-B8C4F903.config.json\\\"\")"
2026-09-10T22:01:32Z [459ms] [Warning] [carb.omniclient.plugin]  43: OmniHub: ThreadId(02) Hub encountered error. Trying to reconnect to Hub. retry_reason="Hub failed to launch: Io(\"child exited with exit status: 1 without writing file \\\"/tmp/hub-ubuntu-B8C4F903.config.json\\\"\")"
2026-09-10T22:01:32Z [572ms] [Warning] [carb.omniclient.plugin]  43: OmniHub: ThreadId(02) Hub encountered error. Trying to reconnect to Hub. retry_reason="Hub failed to launch: Io(\"child exited with exit status: 1 without writing file \\\"/tmp/hub-ubuntu-B8C4F903.config.json\\\"\")"
2026-09-10T22:01:32Z [693ms] [Warning] [carb.omniclient.plugin]  43: OmniHub: ThreadId(02) Hub encountered error. Trying to reconnect to Hub. retry_reason="Hub failed to launch: Io(\"child exited with exit status: 1 without writing file \\\"/tmp/hub-ubuntu-B8C4F903.config.json\\\"\")"
2026-09-10T22:01:33Z [827ms] [Warning] [carb.omniclient.plugin]  43: OmniHub: ThreadId(02) Hub encountered error. Trying to reconnect to Hub. retry_reason="Hub failed to launch: Io(\"child exited with exit status: 1 without writing file \\\"/tmp/hub-ubuntu-B8C4F903.config.json\\\"\")"
2026-09-10T22:01:33Z [970ms] [Warning] [carb.omniclient.plugin]  43: OmniHub: ThreadId(02) Hub encountered error. Trying to reconnect to Hub. retry_reason="Hub failed to launch: Io(\"child exited with exit status: 1 without writing file \\\"/tmp/hub-ubuntu-B8C4F903.config.json\\\"\")"
2026-09-10T22:01:33Z [1,123ms] [Warning] [carb.omniclient.plugin]  43: OmniHub: ThreadId(02) Hub encountered error. Trying to reconnect to Hub. retry_reason="Hub failed to launch: Io(\"child exited with exit status: 1 without writing file \\\"/tmp/hub-ubuntu-B8C4F903.config.json\\\"\")"
2026-09-10T22:01:33Z [1,285ms] [Warning] [carb.omniclient.plugin]  43: OmniHub: ThreadId(02) Hub encountered error. Trying to reconnect to Hub. retry_reason="Hub failed to launch: Io(\"child exited with exit status: 1 without writing file \\\"/tmp/hub-ubuntu-B8C4F903.config.json\\\"\")"
2026-09-10T22:01:33Z [1,457ms] [Warning] [carb.omniclient.plugin]  43: OmniHub: ThreadId(02) Hub encountered error. Trying to reconnect to Hub. retry_reason="Hub failed to launch: Io(\"child exited with exit status: 1 without writing file \\\"/tmp/hub-ubuntu-B8C4F903.config.json\\\"\")"
2026-09-10T22:01:33Z [1,639ms] [Warning] [carb.omniclient.plugin]  43: OmniHub: ThreadId(02) Hub encountered error. Trying to reconnect to Hub. retry_reason="Hub failed to launch: Io(\"child exited with exit status: 1 without writing file \\\"/tmp/hub-ubuntu-B8C4F903.config.json\\\"\")"
2026-09-10T22:01:34Z [1,832ms] [Warning] [carb.omniclient.plugin]  43: OmniHub: ThreadId(02) Hub encountered error. Trying to reconnect to Hub. retry_reason="Hub failed to launch: Io(\"child exited with exit status: 1 without writing file \\\"/tmp/hub-ubuntu-B8C4F903.config.json\\\"\")"
2026-09-10T22:01:34Z [2,035ms] [Warning] [carb.omniclient.plugin]  43: OmniHub: ThreadId(02) Hub encountered error. Trying to reconnect to Hub. retry_reason="Hub failed to launch: Io(\"child exited with exit status: 1 without writing file \\\"/tmp/hub-ubuntu-B8C4F903.config.json\\\"\")"
2026-09-10T22:01:34Z [2,247ms] [Warning] [carb.omniclient.plugin]  43: OmniHub: ThreadId(02) Hub encountered error. Trying to reconnect to Hub. retry_reason="Hub failed to launch: Io(\"child exited with exit status: 1 without writing file \\\"/tmp/hub-ubuntu-B8C4F903.config.json\\\"\")"
2026-09-10T22:01:34Z [2,470ms] [Warning] [carb.omniclient.plugin]  43: OmniHub: ThreadId(02) Hub encountered error. Trying to reconnect to Hub. retry_reason="Hub failed to launch: Io(\"child exited with exit status: 1 without writing file \\\"/tmp/hub-ubuntu-B8C4F903.config.json\\\"\")"
2026-09-10T22:01:34Z [2,702ms] [Warning] [carb.omniclient.plugin]  43: OmniHub: ThreadId(02) Hub encountered error. Trying to reconnect to Hub. retry_reason="Hub failed to launch: Io(\"child exited with exit status: 1 without writing file \\\"/tmp/hub-ubuntu-B8C4F903.config.json\\\"\")"
2026-09-10T22:01:35Z [2,944ms] [Warning] [carb.omniclient.plugin]  43: OmniHub: ThreadId(02) Hub encountered error. Trying to reconnect to Hub. retry_reason="Hub failed to launch: Io(\"child exited with exit status: 1 without writing file \\\"/tmp/hub-ubuntu-B8C4F903.config.json\\\"\")"
2026-09-10T22:01:35Z [3,197ms] [Warning] [carb.omniclient.plugin]  43: OmniHub: ThreadId(02) Hub encountered error. Trying to reconnect to Hub. retry_reason="Hub failed to launch: Io(\"child exited with exit status: 1 without writing file \\\"/tmp/hub-ubuntu-B8C4F903.config.json\\\"\")"
2026-09-10T22:01:35Z [3,460ms] [Warning] [carb.omniclient.plugin]  43: OmniHub: ThreadId(02) Hub encountered error. Trying to reconnect to Hub. retry_reason="Hub failed to launch: Io(\"child exited with exit status: 1 without writing file \\\"/tmp/hub-ubuntu-B8C4F903.config.json\\\"\")"
2026-09-10T22:01:36Z [3,733ms] [Warning] [carb.omniclient.plugin]  43: OmniHub: ThreadId(02) Hub encountered error. Trying to reconnect to Hub. retry_reason="Hub failed to launch: Io(\"child exited with exit status: 1 without writing file \\\"/tmp/hub-ubuntu-B8C4F903.config.json\\\"\")"
2026-09-10T22:01:36Z [4,015ms] [Warning] [carb.omniclient.plugin]  43: OmniHub: ThreadId(02) Hub encountered error. Trying to reconnect to Hub. retry_reason="Hub failed to launch: Io(\"child exited with exit status: 1 without writing file \\\"/tmp/hub-ubuntu-B8C4F903.config.json\\\"\")"
2026-09-10T22:01:36Z [4,306ms] [Warning] [carb.omniclient.plugin]  43: OmniHub: ThreadId(02) Hub encountered error. Trying to reconnect to Hub. retry_reason="Hub failed to launch: Io(\"child exited with exit status: 1 without writing file \\\"/tmp/hub-ubuntu-B8C4F903.config.json\\\"\")"
2026-09-10T22:01:36Z [4,607ms] [Warning] [carb.omniclient.plugin]  43: OmniHub: ThreadId(02) Hub encountered error. Trying to reconnect to Hub. retry_reason="Hub failed to launch: Io(\"child exited with exit status: 1 without writing file \\\"/tmp/hub-ubuntu-B8C4F903.config.json\\\"\")"
2026-09-10T22:01:37Z [4,920ms] [Warning] [carb.omniclient.plugin]  43: OmniHub: ThreadId(02) Hub encountered error. Trying to reconnect to Hub. retry_reason="Hub failed to launch: Io(\"child exited with exit status: 1 without writing file \\\"/tmp/hub-ubuntu-B8C4F903.config.json\\\"\")"
2026-09-10T22:01:37Z [5,243ms] [Warning] [carb.omniclient.plugin]  43: OmniHub: ThreadId(02) Hub encountered error. Trying to reconnect to Hub. retry_reason="Hub failed to launch: Io(\"child exited with exit status: 1 without writing file \\\"/tmp/hub-ubuntu-B8C4F903.config.json\\\"\")"
2026-09-10T22:01:37Z [5,576ms] [Warning] [carb.omniclient.plugin]  43: OmniHub: ThreadId(02) Hub encountered error. Trying to reconnect to Hub. retry_reason="Hub failed to launch: Io(\"child exited with exit status: 1 without writing file \\\"/tmp/hub-ubuntu-B8C4F903.config.json\\\"\")"
2026-09-10T22:01:38Z [5,919ms] [Warning] [carb.omniclient.plugin]  43: OmniHub: ThreadId(02) Hub encountered error. Trying to reconnect to Hub. retry_reason="Hub failed to launch: Io(\"child exited with exit status: 1 without writing file \\\"/tmp/hub-ubuntu-B8C4F903.config.json\\\"\")"
2026-09-10T22:01:38Z [6,273ms] [Warning] [carb.omniclient.plugin]  43: OmniHub: ThreadId(02) Hub encountered error. Trying to reconnect to Hub. retry_reason="Hub failed to launch: Io(\"child exited with exit status: 1 without writing file \\\"/tmp/hub-ubuntu-B8C4F903.config.json\\\"\")"
2026-09-10T22:01:38Z [6,635ms] [Warning] [carb.omniclient.plugin]  43: OmniHub: ThreadId(02) Hub encountered error. Trying to reconnect to Hub. retry_reason="Hub failed to launch: Io(\"child exited with exit status: 1 without writing file \\\"/tmp/hub-ubuntu-B8C4F903.config.json\\\"\")"
2026-09-10T22:01:39Z [7,007ms] [Warning] [carb.omniclient.plugin]  43: OmniHub: ThreadId(02) Hub encountered error. Trying to reconnect to Hub. retry_reason="Hub failed to launch: Io(\"child exited with exit status: 1 without writing file \\\"/tmp/hub-ubuntu-B8C4F903.config.json\\\"\")"
2026-09-10T22:01:39Z [7,389ms] [Warning] [carb.omniclient.plugin]  43: OmniHub: ThreadId(02) Hub encountered error. Trying to reconnect to Hub. retry_reason="Hub failed to launch: Io(\"child exited with exit status: 1 without writing file \\\"/tmp/hub-ubuntu-B8C4F903.config.json\\\"\")"
2026-09-10T22:01:40Z [7,782ms] [Warning] [carb.omniclient.plugin]  43: OmniHub: ThreadId(02) Hub encountered error. Trying to reconnect to Hub. retry_reason="Hub failed to launch: Io(\"child exited with exit status: 1 without writing file \\\"/tmp/hub-ubuntu-B8C4F903.config.json\\\"\")"
2026-09-10T22:01:40Z [8,183ms] [Warning] [carb.omniclient.plugin]  43: OmniHub: ThreadId(02) Hub encountered error. Trying to reconnect to Hub. retry_reason="Hub failed to launch: Io(\"child exited with exit status: 1 without writing file \\\"/tmp/hub-ubuntu-B8C4F903.config.json\\\"\")"
2026-09-10T22:01:40Z [8,596ms] [Warning] [carb.omniclient.plugin]  43: OmniHub: ThreadId(02) Hub encountered error. Trying to reconnect to Hub. retry_reason="Hub failed to launch: Io(\"child exited with exit status: 1 without writing file \\\"/tmp/hub-ubuntu-B8C4F903.config.json\\\"\")"
2026-09-10T22:01:41Z [9,019ms] [Warning] [carb.omniclient.plugin]  43: OmniHub: ThreadId(02) Hub encountered error. Trying to reconnect to Hub. retry_reason="Hub failed to launch: Io(\"child exited with exit status: 1 without writing file \\\"/tmp/hub-ubuntu-B8C4F903.config.json\\\"\")"
2026-09-10T22:01:41Z [9,449ms] [Warning] [carb.omniclient.plugin]  43: OmniHub: ThreadId(02) Hub encountered error. Trying to reconnect to Hub. retry_reason="Hub failed to launch: Io(\"child exited with exit status: 1 without writing file \\\"/tmp/hub-ubuntu-B8C4F903.config.json\\\"\")"
2026-09-10T22:01:42Z [9,892ms] [Warning] [carb.omniclient.plugin]  43: OmniHub: ThreadId(02) Hub encountered error. Trying to reconnect to Hub. retry_reason="Hub failed to launch: Io(\"child exited with exit status: 1 without writing file \\\"/tmp/hub-ubuntu-B8C4F903.config.json\\\"\")"
WARNING: All log messages before absl::InitializeLog() is called are written to STDERR
E0000 00:00:1789077702.623994      10 descriptor_database.cc:633] File already exists in database: grpc/health/v1/health.proto
W0000 00:00:1789077702.624024      10 message.cc:301] Protobuf GeneratedMessageFactory: File is already registered: grpc/health/v1/health.proto
2026-09-10T22:01:42Z [10,374ms] [Warning] [omni.platforminfo.plugin] failed to open the default display.  Can't verify X Server version.
2026-09-10T22:01:42Z [10,380ms] [Warning] [omni.usd_config.extension] Enable omni.materialx.libs extension to use MaterialX
/workspace/isaaclab/_isaac_sim/kit/python/lib/python3.12/site-packages/torch/cuda/__init__.py:435: UserWarning: 
    Found GPU0 NVIDIA GB10 which is of cuda capability 12.1.
    Minimum and Maximum cuda capability supported by this version of PyTorch is
    (8.0) - (12.0)
    
  queued_call()
[ISAACLAB] AppLauncher initialization complete
REFERENCE_SCREEN_APP_READY
2026-09-10T22:01:47Z [14,839ms] [Warning] [usdrt.population.plugin] Last global time was not created. Did you call setEnableUsdNoticeHandling?
2026-09-10T22:01:47Z [14,992ms] [Warning] [omni.physx.tensors.plugin] Failed to find contact report API at '/Robot/joints'
CANONICAL_STANDING control=100 replicas=1
CANONICAL_STANDING control=200 replicas=1
CANONICAL_STANDING control=300 replicas=1
CANONICAL_STANDING control=400 replicas=1
CANONICAL_STANDING control=500 replicas=1
CANONICAL_STANDING control=600 replicas=1
CANONICAL_STANDING control=700 replicas=1
CANONICAL_STANDING control=800 replicas=1
CANONICAL_STANDING control=900 replicas=1
CANONICAL_STANDING control=1000 replicas=1
CANONICAL_STANDING_ACQUISITION_COMPLETED standing_pass=True training_allowed=false
