time="2026-09-14T19:23:08-05:00" level=warning msg="No services to build"
time="2026-09-14T19:23:08-05:00" level=warning msg="No services to build"
 Container hexapod-reference-physics-9a5d219e4b844009a8da9957e957e221 Creating 
 Container hexapod-reference-physics-9a5d219e4b844009a8da9957e957e221 Created 
Loading user config located at: '/isaac-sim/kit/data/Kit/IsaacLab/3.0/user.config.json'
2026-09-15T00:23:09Z [Info] [carb] Logging to file: /isaac-sim/kit/logs/Kit/IsaacLab/3.0/kit_20260915_002309.log
2026-09-15T00:23:09Z [2ms] [Warning] [omni.ext.plugin] [ext: standing] Extensions config 'extension.toml' doesn't exist '/output/standing' or '/output/standing/config'
2026-09-15T00:23:09Z [2ms] [Warning] [omni.ext.plugin] [ext: jobs] Extensions config 'extension.toml' doesn't exist '/output/jobs' or '/output/jobs/config'
2026-09-15T00:23:09Z [2ms] [Warning] [omni.ext.plugin] [ext: logs] Extensions config 'extension.toml' doesn't exist '/output/logs' or '/output/logs/config'
2026-09-15T00:23:09Z [2ms] [Warning] [omni.ext.plugin] [ext: isaaclab_visualizers] Extensions config 'extension.toml' doesn't exist '/workspace/isaaclab/source/isaaclab_visualizers' or '/workspace/isaaclab/source/isaaclab_visualizers/config'
2026-09-15T00:23:09Z [204ms] [Warning] [carb.omniclient.plugin]  45: OmniHub: ThreadId(02) Hub encountered error. Trying to reconnect to Hub. retry_reason="Hub failed to launch: Io(\"child exited with exit status: 1 without writing file \\\"/tmp/hub-ubuntu-BCA8A280.config.json\\\"\")"
2026-09-15T00:23:09Z [276ms] [Warning] [carb.omniclient.plugin]  45: OmniHub: ThreadId(02) Hub encountered error. Trying to reconnect to Hub. retry_reason="Hub failed to launch: Io(\"child exited with exit status: 1 without writing file \\\"/tmp/hub-ubuntu-BCA8A280.config.json\\\"\")"
2026-09-15T00:23:09Z [359ms] [Warning] [carb.omniclient.plugin]  45: OmniHub: ThreadId(02) Hub encountered error. Trying to reconnect to Hub. retry_reason="Hub failed to launch: Io(\"child exited with exit status: 1 without writing file \\\"/tmp/hub-ubuntu-BCA8A280.config.json\\\"\")"
2026-09-15T00:23:09Z [452ms] [Warning] [carb.omniclient.plugin]  45: OmniHub: ThreadId(02) Hub encountered error. Trying to reconnect to Hub. retry_reason="Hub failed to launch: Io(\"child exited with exit status: 1 without writing file \\\"/tmp/hub-ubuntu-BCA8A280.config.json\\\"\")"
2026-09-15T00:23:09Z [556ms] [Warning] [carb.omniclient.plugin]  45: OmniHub: ThreadId(02) Hub encountered error. Trying to reconnect to Hub. retry_reason="Hub failed to launch: Io(\"child exited with exit status: 1 without writing file \\\"/tmp/hub-ubuntu-BCA8A280.config.json\\\"\")"
2026-09-15T00:23:09Z [670ms] [Warning] [carb.omniclient.plugin]  45: OmniHub: ThreadId(02) Hub encountered error. Trying to reconnect to Hub. retry_reason="Hub failed to launch: Io(\"child exited with exit status: 1 without writing file \\\"/tmp/hub-ubuntu-BCA8A280.config.json\\\"\")"
2026-09-15T00:23:09Z [794ms] [Warning] [carb.omniclient.plugin]  45: OmniHub: ThreadId(02) Hub encountered error. Trying to reconnect to Hub. retry_reason="Hub failed to launch: Io(\"child exited with exit status: 1 without writing file \\\"/tmp/hub-ubuntu-BCA8A280.config.json\\\"\")"
2026-09-15T00:23:10Z [928ms] [Warning] [carb.omniclient.plugin]  45: OmniHub: ThreadId(02) Hub encountered error. Trying to reconnect to Hub. retry_reason="Hub failed to launch: Io(\"child exited with exit status: 1 without writing file \\\"/tmp/hub-ubuntu-BCA8A280.config.json\\\"\")"
2026-09-15T00:23:10Z [1,071ms] [Warning] [carb.omniclient.plugin]  45: OmniHub: ThreadId(02) Hub encountered error. Trying to reconnect to Hub. retry_reason="Hub failed to launch: Io(\"child exited with exit status: 1 without writing file \\\"/tmp/hub-ubuntu-BCA8A280.config.json\\\"\")"
2026-09-15T00:23:10Z [1,225ms] [Warning] [carb.omniclient.plugin]  45: OmniHub: ThreadId(02) Hub encountered error. Trying to reconnect to Hub. retry_reason="Hub failed to launch: Io(\"child exited with exit status: 1 without writing file \\\"/tmp/hub-ubuntu-BCA8A280.config.json\\\"\")"
2026-09-15T00:23:10Z [1,388ms] [Warning] [carb.omniclient.plugin]  45: OmniHub: ThreadId(02) Hub encountered error. Trying to reconnect to Hub. retry_reason="Hub failed to launch: Io(\"child exited with exit status: 1 without writing file \\\"/tmp/hub-ubuntu-BCA8A280.config.json\\\"\")"
2026-09-15T00:23:10Z [1,561ms] [Warning] [carb.omniclient.plugin]  45: OmniHub: ThreadId(02) Hub encountered error. Trying to reconnect to Hub. retry_reason="Hub failed to launch: Io(\"child exited with exit status: 1 without writing file \\\"/tmp/hub-ubuntu-BCA8A280.config.json\\\"\")"
2026-09-15T00:23:10Z [1,744ms] [Warning] [carb.omniclient.plugin]  45: OmniHub: ThreadId(02) Hub encountered error. Trying to reconnect to Hub. retry_reason="Hub failed to launch: Io(\"child exited with exit status: 1 without writing file \\\"/tmp/hub-ubuntu-BCA8A280.config.json\\\"\")"
2026-09-15T00:23:11Z [1,938ms] [Warning] [carb.omniclient.plugin]  45: OmniHub: ThreadId(02) Hub encountered error. Trying to reconnect to Hub. retry_reason="Hub failed to launch: Io(\"child exited with exit status: 1 without writing file \\\"/tmp/hub-ubuntu-BCA8A280.config.json\\\"\")"
2026-09-15T00:23:11Z [2,141ms] [Warning] [carb.omniclient.plugin]  45: OmniHub: ThreadId(02) Hub encountered error. Trying to reconnect to Hub. retry_reason="Hub failed to launch: Io(\"child exited with exit status: 1 without writing file \\\"/tmp/hub-ubuntu-BCA8A280.config.json\\\"\")"
2026-09-15T00:23:11Z [2,354ms] [Warning] [carb.omniclient.plugin]  45: OmniHub: ThreadId(02) Hub encountered error. Trying to reconnect to Hub. retry_reason="Hub failed to launch: Io(\"child exited with exit status: 1 without writing file \\\"/tmp/hub-ubuntu-BCA8A280.config.json\\\"\")"
2026-09-15T00:23:11Z [2,578ms] [Warning] [carb.omniclient.plugin]  45: OmniHub: ThreadId(02) Hub encountered error. Trying to reconnect to Hub. retry_reason="Hub failed to launch: Io(\"child exited with exit status: 1 without writing file \\\"/tmp/hub-ubuntu-BCA8A280.config.json\\\"\")"
2026-09-15T00:23:11Z [2,812ms] [Warning] [carb.omniclient.plugin]  45: OmniHub: ThreadId(02) Hub encountered error. Trying to reconnect to Hub. retry_reason="Hub failed to launch: Io(\"child exited with exit status: 1 without writing file \\\"/tmp/hub-ubuntu-BCA8A280.config.json\\\"\")"
2026-09-15T00:23:12Z [3,055ms] [Warning] [carb.omniclient.plugin]  45: OmniHub: ThreadId(02) Hub encountered error. Trying to reconnect to Hub. retry_reason="Hub failed to launch: Io(\"child exited with exit status: 1 without writing file \\\"/tmp/hub-ubuntu-BCA8A280.config.json\\\"\")"
2026-09-15T00:23:12Z [3,308ms] [Warning] [carb.omniclient.plugin]  45: OmniHub: ThreadId(02) Hub encountered error. Trying to reconnect to Hub. retry_reason="Hub failed to launch: Io(\"child exited with exit status: 1 without writing file \\\"/tmp/hub-ubuntu-BCA8A280.config.json\\\"\")"
2026-09-15T00:23:12Z [3,572ms] [Warning] [carb.omniclient.plugin]  45: OmniHub: ThreadId(02) Hub encountered error. Trying to reconnect to Hub. retry_reason="Hub failed to launch: Io(\"child exited with exit status: 1 without writing file \\\"/tmp/hub-ubuntu-BCA8A280.config.json\\\"\")"
2026-09-15T00:23:12Z [3,846ms] [Warning] [carb.omniclient.plugin]  45: OmniHub: ThreadId(02) Hub encountered error. Trying to reconnect to Hub. retry_reason="Hub failed to launch: Io(\"child exited with exit status: 1 without writing file \\\"/tmp/hub-ubuntu-BCA8A280.config.json\\\"\")"
2026-09-15T00:23:13Z [4,129ms] [Warning] [carb.omniclient.plugin]  45: OmniHub: ThreadId(02) Hub encountered error. Trying to reconnect to Hub. retry_reason="Hub failed to launch: Io(\"child exited with exit status: 1 without writing file \\\"/tmp/hub-ubuntu-BCA8A280.config.json\\\"\")"
2026-09-15T00:23:13Z [4,422ms] [Warning] [carb.omniclient.plugin]  45: OmniHub: ThreadId(02) Hub encountered error. Trying to reconnect to Hub. retry_reason="Hub failed to launch: Io(\"child exited with exit status: 1 without writing file \\\"/tmp/hub-ubuntu-BCA8A280.config.json\\\"\")"
2026-09-15T00:23:13Z [4,725ms] [Warning] [carb.omniclient.plugin]  45: OmniHub: ThreadId(02) Hub encountered error. Trying to reconnect to Hub. retry_reason="Hub failed to launch: Io(\"child exited with exit status: 1 without writing file \\\"/tmp/hub-ubuntu-BCA8A280.config.json\\\"\")"
2026-09-15T00:23:14Z [5,039ms] [Warning] [carb.omniclient.plugin]  45: OmniHub: ThreadId(02) Hub encountered error. Trying to reconnect to Hub. retry_reason="Hub failed to launch: Io(\"child exited with exit status: 1 without writing file \\\"/tmp/hub-ubuntu-BCA8A280.config.json\\\"\")"
2026-09-15T00:23:14Z [5,362ms] [Warning] [carb.omniclient.plugin]  45: OmniHub: ThreadId(02) Hub encountered error. Trying to reconnect to Hub. retry_reason="Hub failed to launch: Io(\"child exited with exit status: 1 without writing file \\\"/tmp/hub-ubuntu-BCA8A280.config.json\\\"\")"
2026-09-15T00:23:14Z [5,696ms] [Warning] [carb.omniclient.plugin]  45: OmniHub: ThreadId(02) Hub encountered error. Trying to reconnect to Hub. retry_reason="Hub failed to launch: Io(\"child exited with exit status: 1 without writing file \\\"/tmp/hub-ubuntu-BCA8A280.config.json\\\"\")"
2026-09-15T00:23:15Z [6,039ms] [Warning] [carb.omniclient.plugin]  45: OmniHub: ThreadId(02) Hub encountered error. Trying to reconnect to Hub. retry_reason="Hub failed to launch: Io(\"child exited with exit status: 1 without writing file \\\"/tmp/hub-ubuntu-BCA8A280.config.json\\\"\")"
2026-09-15T00:23:15Z [6,391ms] [Warning] [carb.omniclient.plugin]  45: OmniHub: ThreadId(02) Hub encountered error. Trying to reconnect to Hub. retry_reason="Hub failed to launch: Io(\"child exited with exit status: 1 without writing file \\\"/tmp/hub-ubuntu-BCA8A280.config.json\\\"\")"
2026-09-15T00:23:15Z [6,755ms] [Warning] [carb.omniclient.plugin]  45: OmniHub: ThreadId(02) Hub encountered error. Trying to reconnect to Hub. retry_reason="Hub failed to launch: Io(\"child exited with exit status: 1 without writing file \\\"/tmp/hub-ubuntu-BCA8A280.config.json\\\"\")"
2026-09-15T00:23:16Z [7,128ms] [Warning] [carb.omniclient.plugin]  45: OmniHub: ThreadId(02) Hub encountered error. Trying to reconnect to Hub. retry_reason="Hub failed to launch: Io(\"child exited with exit status: 1 without writing file \\\"/tmp/hub-ubuntu-BCA8A280.config.json\\\"\")"
2026-09-15T00:23:16Z [7,512ms] [Warning] [carb.omniclient.plugin]  45: OmniHub: ThreadId(02) Hub encountered error. Trying to reconnect to Hub. retry_reason="Hub failed to launch: Io(\"child exited with exit status: 1 without writing file \\\"/tmp/hub-ubuntu-BCA8A280.config.json\\\"\")"
2026-09-15T00:23:16Z [7,904ms] [Warning] [carb.omniclient.plugin]  45: OmniHub: ThreadId(02) Hub encountered error. Trying to reconnect to Hub. retry_reason="Hub failed to launch: Io(\"child exited with exit status: 1 without writing file \\\"/tmp/hub-ubuntu-BCA8A280.config.json\\\"\")"
2026-09-15T00:23:17Z [8,307ms] [Warning] [carb.omniclient.plugin]  45: OmniHub: ThreadId(02) Hub encountered error. Trying to reconnect to Hub. retry_reason="Hub failed to launch: Io(\"child exited with exit status: 1 without writing file \\\"/tmp/hub-ubuntu-BCA8A280.config.json\\\"\")"
2026-09-15T00:23:17Z [8,721ms] [Warning] [carb.omniclient.plugin]  45: OmniHub: ThreadId(02) Hub encountered error. Trying to reconnect to Hub. retry_reason="Hub failed to launch: Io(\"child exited with exit status: 1 without writing file \\\"/tmp/hub-ubuntu-BCA8A280.config.json\\\"\")"
2026-09-15T00:23:18Z [9,142ms] [Warning] [carb.omniclient.plugin]  45: OmniHub: ThreadId(02) Hub encountered error. Trying to reconnect to Hub. retry_reason="Hub failed to launch: Io(\"child exited with exit status: 1 without writing file \\\"/tmp/hub-ubuntu-BCA8A280.config.json\\\"\")"
2026-09-15T00:23:18Z [9,573ms] [Warning] [carb.omniclient.plugin]  45: OmniHub: ThreadId(02) Hub encountered error. Trying to reconnect to Hub. retry_reason="Hub failed to launch: Io(\"child exited with exit status: 1 without writing file \\\"/tmp/hub-ubuntu-BCA8A280.config.json\\\"\")"
2026-09-15T00:23:19Z [10,016ms] [Warning] [carb.omniclient.plugin]  45: OmniHub: ThreadId(02) Hub encountered error. Trying to reconnect to Hub. retry_reason="Hub failed to launch: Io(\"child exited with exit status: 1 without writing file \\\"/tmp/hub-ubuntu-BCA8A280.config.json\\\"\")"
WARNING: All log messages before absl::InitializeLog() is called are written to STDERR
E0000 00:00:1789431799.560447      11 descriptor_database.cc:633] File already exists in database: grpc/health/v1/health.proto
W0000 00:00:1789431799.560467      11 message.cc:301] Protobuf GeneratedMessageFactory: File is already registered: grpc/health/v1/health.proto
2026-09-15T00:23:19Z [10,502ms] [Warning] [omni.platforminfo.plugin] failed to open the default display.  Can't verify X Server version.

|---------------------------------------------------------------------------------------------|
| Driver Version: 580.173.02    | Graphics API: Vulkan
|=============================================================================================|
| GPU | Name                             | Active | LDA | GPU Memory | Vendor-ID | LUID       |
|     |                                  |        |     |            | Device-ID | UUID       |
|     |                                  |        |     |            | Bus-ID    |            |
|---------------------------------------------------------------------------------------------|
| 0   | NVIDIA GB10                      | Yes: 0 |     | 93457   MB | 10de      | 0          |
|     |                                  |        |     |            | 2e12      | 2166d556.. |
|     |                                  |        |     |            | 1         |            |
|=============================================================================================|
| OS: 24.04.3 LTS (Noble Numbat) ubuntu, Version: 24.04.3, Kernel: 6.17.0-1031-nvidia
| Processor: Cortex-A725
| Cores: 20 | Logical Cores: 20
|---------------------------------------------------------------------------------------------|
| Total Memory (MB): 124609 | Free Memory: 119712
| Total Page/Swap (MB): 16383 | Free Page/Swap: 0
|---------------------------------------------------------------------------------------------|
2026-09-15T00:23:21Z [12,077ms] [Warning] [carb.windowing-glfw.plugin] GLFW initialization failed.
2026-09-15T00:23:21Z [12,077ms] [Warning] [carb] Failed to startup plugin carb.windowing-glfw.plugin (interfaces: [carb::windowing::IGLContext v1.0],[carb::windowing::IWindowing v1.5]) (impl: carb.windowing-glfw.plugin)
2026-09-15T00:23:21Z [12,174ms] [Warning] [carb.windowing-glfw.plugin] GLFW initialization failed.
2026-09-15T00:23:21Z [12,174ms] [Warning] [carb] Failed to startup plugin carb.windowing-glfw.plugin (interfaces: [carb::windowing::IGLContext v1.0],[carb::windowing::IWindowing v1.5]) (impl: carb.windowing-glfw.plugin)
2026-09-15T00:23:21Z [12,175ms] [Warning] [carb.windowing-glfw.plugin] GLFW initialization failed.
2026-09-15T00:23:21Z [12,175ms] [Warning] [carb] Failed to startup plugin carb.windowing-glfw.plugin (interfaces: [carb::windowing::IGLContext v1.0],[carb::windowing::IWindowing v1.5]) (impl: carb.windowing-glfw.plugin)
2026-09-15T00:23:21Z [12,464ms] [Warning] [omni.log] Source: omni.hydra was already registered.
2026-09-15T00:23:22Z [13,753ms] [Warning] [pxr.Semantics] pxr.Semantics is deprecated - please use Semantics instead
2026-09-15T00:23:22Z [13,886ms] [Warning] [omni.replicator.core.scripts.extension] No material configuration file, adding configuration to material settings directly.
2026-09-15T00:23:24Z [15,183ms] [Warning] [rtx.hydra] RenderDelegate : Warning /rtx/hydra/readTransformsFromFabricInRenderDelegate and geometry streaming are enabled together but this can cause issues with dynamic objects not streaming correctly due to problems in the transform update.
/workspace/isaaclab/_isaac_sim/kit/python/lib/python3.12/site-packages/torch/cuda/__init__.py:435: UserWarning: 
    Found GPU0 NVIDIA GB10 which is of cuda capability 12.1.
    Minimum and Maximum cuda capability supported by this version of PyTorch is
    (8.0) - (12.0)
    
  queued_call()
[ISAACLAB] AppLauncher initialization complete
REFERENCE_SCREEN_APP_READY
[INFO]: Registered backend 'kit' for factory Visualizer.
2026-09-15T00:23:27Z [18,604ms] [Warning] [omni.physx.tensors.plugin] Failed to find contact report API at '/Robot_000/joints'
2026-09-15T00:23:28Z [19,725ms] [Warning] [omni.syntheticdata.plugin] OgnSdPostRenderVarToHost : rendervar copy from texture directly to host buffer is counter-performant. Please use copy from texture to device buffer first.
2026-09-15T00:23:29Z [20,383ms] [Warning] [omni.kit.material.library.material_extensions] Could not initialize context menu integration: No module named 'omni.kit.context_menu'
PAPER_EVALUATION {"probe_index": 0, "probe_count": 3, "declared_probe_count": 13, "case_ids": ["learning:translate_0.05_0deg"], "controls": 100, "requested_controls": 1000}
PAPER_EVALUATION {"probe_index": 0, "probe_count": 3, "declared_probe_count": 13, "case_ids": ["learning:translate_0.05_0deg"], "controls": 200, "requested_controls": 1000}
PAPER_EVALUATION {"probe_index": 0, "probe_count": 3, "declared_probe_count": 13, "case_ids": ["learning:translate_0.05_0deg"], "controls": 300, "requested_controls": 1000}
PAPER_EVALUATION {"probe_index": 0, "probe_count": 3, "declared_probe_count": 13, "case_ids": ["learning:translate_0.05_0deg"], "controls": 400, "requested_controls": 1000}
PAPER_EVALUATION {"probe_index": 0, "probe_count": 3, "declared_probe_count": 13, "case_ids": ["learning:translate_0.05_0deg"], "controls": 500, "requested_controls": 1000}
PAPER_EVALUATION {"probe_index": 0, "probe_count": 3, "declared_probe_count": 13, "case_ids": ["learning:translate_0.05_0deg"], "controls": 600, "requested_controls": 1000}
PAPER_EVALUATION {"probe_index": 0, "probe_count": 3, "declared_probe_count": 13, "case_ids": ["learning:translate_0.05_0deg"], "controls": 700, "requested_controls": 1000}
PAPER_EVALUATION {"probe_index": 0, "probe_count": 3, "declared_probe_count": 13, "case_ids": ["learning:translate_0.05_0deg"], "controls": 800, "requested_controls": 1000}
PAPER_EVALUATION {"probe_index": 0, "probe_count": 3, "declared_probe_count": 13, "case_ids": ["learning:translate_0.05_0deg"], "controls": 900, "requested_controls": 1000}
PAPER_EVALUATION {"probe_index": 0, "probe_count": 3, "declared_probe_count": 13, "case_ids": ["learning:translate_0.05_0deg"], "controls": 1000, "requested_controls": 1000}
PAPER_EVALUATION {"probe_index": 1, "probe_count": 3, "declared_probe_count": 13, "case_ids": ["learning:quiet_20s"], "controls": 100, "requested_controls": 1000}
PAPER_EVALUATION {"probe_index": 1, "probe_count": 3, "declared_probe_count": 13, "case_ids": ["learning:quiet_20s"], "controls": 200, "requested_controls": 1000}
PAPER_EVALUATION {"probe_index": 1, "probe_count": 3, "declared_probe_count": 13, "case_ids": ["learning:quiet_20s"], "controls": 300, "requested_controls": 1000}
PAPER_EVALUATION {"probe_index": 1, "probe_count": 3, "declared_probe_count": 13, "case_ids": ["learning:quiet_20s"], "controls": 400, "requested_controls": 1000}
PAPER_EVALUATION {"probe_index": 1, "probe_count": 3, "declared_probe_count": 13, "case_ids": ["learning:quiet_20s"], "controls": 500, "requested_controls": 1000}
PAPER_EVALUATION {"probe_index": 1, "probe_count": 3, "declared_probe_count": 13, "case_ids": ["learning:quiet_20s"], "controls": 600, "requested_controls": 1000}
PAPER_EVALUATION {"probe_index": 1, "probe_count": 3, "declared_probe_count": 13, "case_ids": ["learning:quiet_20s"], "controls": 700, "requested_controls": 1000}
PAPER_EVALUATION {"probe_index": 1, "probe_count": 3, "declared_probe_count": 13, "case_ids": ["learning:quiet_20s"], "controls": 800, "requested_controls": 1000}
PAPER_EVALUATION {"probe_index": 1, "probe_count": 3, "declared_probe_count": 13, "case_ids": ["learning:quiet_20s"], "controls": 900, "requested_controls": 1000}
PAPER_EVALUATION {"probe_index": 1, "probe_count": 3, "declared_probe_count": 13, "case_ids": ["learning:quiet_20s"], "controls": 1000, "requested_controls": 1000}
PAPER_EVALUATION {"probe_index": 2, "probe_count": 3, "declared_probe_count": 13, "case_ids": ["learning:forward_0.05_to_stop"], "controls": 100, "requested_controls": 1050}
PAPER_EVALUATION {"probe_index": 2, "probe_count": 3, "declared_probe_count": 13, "case_ids": ["learning:forward_0.05_to_stop"], "controls": 200, "requested_controls": 1050}
PAPER_EVALUATION {"probe_index": 2, "probe_count": 3, "declared_probe_count": 13, "case_ids": ["learning:forward_0.05_to_stop"], "controls": 300, "requested_controls": 1050}
PAPER_EVALUATION {"probe_index": 2, "probe_count": 3, "declared_probe_count": 13, "case_ids": ["learning:forward_0.05_to_stop"], "controls": 400, "requested_controls": 1050}
PAPER_EVALUATION {"probe_index": 2, "probe_count": 3, "declared_probe_count": 13, "case_ids": ["learning:forward_0.05_to_stop"], "controls": 500, "requested_controls": 1050}
PAPER_EVALUATION {"probe_index": 2, "probe_count": 3, "declared_probe_count": 13, "case_ids": ["learning:forward_0.05_to_stop"], "controls": 600, "requested_controls": 1050}
PAPER_EVALUATION {"probe_index": 2, "probe_count": 3, "declared_probe_count": 13, "case_ids": ["learning:forward_0.05_to_stop"], "controls": 700, "requested_controls": 1050}
PAPER_EVALUATION {"probe_index": 2, "probe_count": 3, "declared_probe_count": 13, "case_ids": ["learning:forward_0.05_to_stop"], "controls": 800, "requested_controls": 1050}
PAPER_EVALUATION {"probe_index": 2, "probe_count": 3, "declared_probe_count": 13, "case_ids": ["learning:forward_0.05_to_stop"], "controls": 900, "requested_controls": 1050}
PAPER_EVALUATION {"probe_index": 2, "probe_count": 3, "declared_probe_count": 13, "case_ids": ["learning:forward_0.05_to_stop"], "controls": 1000, "requested_controls": 1050}
