2026-09-07T00:45:33.434687732Z Loading user config located at: '/isaac-sim/kit/data/Kit/IsaacLab/3.0/user.config.json'
2026-09-07T00:45:33.434728468Z 2026-09-07T00:45:31Z [0ms] [Warning] [omni.ext.plugin] [ext: isaaclab_visualizers] Extensions config 'extension.toml' doesn't exist '/workspace/isaaclab/source/isaaclab_visualizers' or '/workspace/isaaclab/source/isaaclab_visualizers/config'
2026-09-07T00:45:33.434730692Z 2026-09-07T00:45:31Z [111ms] [Warning] [carb.omniclient.plugin]  117: OmniHub: ThreadId(02) Hub encountered error. Trying to reconnect to Hub. retry_reason="Hub failed to launch: Io(\"child exited with exit status: 1 without writing file \\\"/tmp/hub-ubuntu-D42A07DD.config.json\\\"\")"
2026-09-07T00:45:33.434733589Z 2026-09-07T00:45:31Z [182ms] [Warning] [carb.omniclient.plugin]  117: OmniHub: ThreadId(02) Hub encountered error. Trying to reconnect to Hub. retry_reason="Hub failed to launch: Io(\"child exited with exit status: 1 without writing file \\\"/tmp/hub-ubuntu-D42A07DD.config.json\\\"\")"
2026-09-07T00:45:33.434735029Z 2026-09-07T00:45:31Z [264ms] [Warning] [carb.omniclient.plugin]  117: OmniHub: ThreadId(02) Hub encountered error. Trying to reconnect to Hub. retry_reason="Hub failed to launch: Io(\"child exited with exit status: 1 without writing file \\\"/tmp/hub-ubuntu-D42A07DD.config.json\\\"\")"
2026-09-07T00:45:33.434736357Z 2026-09-07T00:45:31Z [356ms] [Warning] [carb.omniclient.plugin]  117: OmniHub: ThreadId(02) Hub encountered error. Trying to reconnect to Hub. retry_reason="Hub failed to launch: Io(\"child exited with exit status: 1 without writing file \\\"/tmp/hub-ubuntu-D42A07DD.config.json\\\"\")"
2026-09-07T00:45:33.434737525Z 2026-09-07T00:45:32Z [458ms] [Warning] [carb.omniclient.plugin]  117: OmniHub: ThreadId(02) Hub encountered error. Trying to reconnect to Hub. retry_reason="Hub failed to launch: Io(\"child exited with exit status: 1 without writing file \\\"/tmp/hub-ubuntu-D42A07DD.config.json\\\"\")"
2026-09-07T00:45:33.434739365Z 2026-09-07T00:45:32Z [569ms] [Warning] [carb.omniclient.plugin]  117: OmniHub: ThreadId(02) Hub encountered error. Trying to reconnect to Hub. retry_reason="Hub failed to launch: Io(\"child exited with exit status: 1 without writing file \\\"/tmp/hub-ubuntu-D42A07DD.config.json\\\"\")"
2026-09-07T00:45:33.434740533Z 2026-09-07T00:45:32Z [692ms] [Warning] [carb.omniclient.plugin]  117: OmniHub: ThreadId(02) Hub encountered error. Trying to reconnect to Hub. retry_reason="Hub failed to launch: Io(\"child exited with exit status: 1 without writing file \\\"/tmp/hub-ubuntu-D42A07DD.config.json\\\"\")"
2026-09-07T00:45:33.434741701Z 2026-09-07T00:45:32Z [823ms] [Warning] [carb.omniclient.plugin]  117: OmniHub: ThreadId(02) Hub encountered error. Trying to reconnect to Hub. retry_reason="Hub failed to launch: Io(\"child exited with exit status: 1 without writing file \\\"/tmp/hub-ubuntu-D42A07DD.config.json\\\"\")"
2026-09-07T00:45:33.434742821Z 2026-09-07T00:45:32Z [965ms] [Warning] [carb.omniclient.plugin]  117: OmniHub: ThreadId(02) Hub encountered error. Trying to reconnect to Hub. retry_reason="Hub failed to launch: Io(\"child exited with exit status: 1 without writing file \\\"/tmp/hub-ubuntu-D42A07DD.config.json\\\"\")"
2026-09-07T00:45:33.434743989Z 2026-09-07T00:45:32Z [1,118ms] [Warning] [carb.omniclient.plugin]  117: OmniHub: ThreadId(02) Hub encountered error. Trying to reconnect to Hub. retry_reason="Hub failed to launch: Io(\"child exited with exit status: 1 without writing file \\\"/tmp/hub-ubuntu-D42A07DD.config.json\\\"\")"
2026-09-07T00:45:33.434749669Z 2026-09-07T00:45:32Z [1,279ms] [Warning] [carb.omniclient.plugin]  117: OmniHub: ThreadId(02) Hub encountered error. Trying to reconnect to Hub. retry_reason="Hub failed to launch: Io(\"child exited with exit status: 1 without writing file \\\"/tmp/hub-ubuntu-D42A07DD.config.json\\\"\")"
2026-09-07T00:45:33.434750853Z 2026-09-07T00:45:33Z [1,452ms] [Warning] [carb.omniclient.plugin]  117: OmniHub: ThreadId(02) Hub encountered error. Trying to reconnect to Hub. retry_reason="Hub failed to launch: Io(\"child exited with exit status: 1 without writing file \\\"/tmp/hub-ubuntu-D42A07DD.config.json\\\"\")"
2026-09-07T00:45:33.434752101Z 2026-09-07T00:45:33Z [1,633ms] [Warning] [carb.omniclient.plugin]  117: OmniHub: ThreadId(02) Hub encountered error. Trying to reconnect to Hub. retry_reason="Hub failed to launch: Io(\"child exited with exit status: 1 without writing file \\\"/tmp/hub-ubuntu-D42A07DD.config.json\\\"\")"
2026-09-07T00:45:33.434753429Z 2026-09-07T00:45:33Z [1,826ms] [Warning] [carb.omniclient.plugin]  117: OmniHub: ThreadId(02) Hub encountered error. Trying to reconnect to Hub. retry_reason="Hub failed to launch: Io(\"child exited with exit status: 1 without writing file \\\"/tmp/hub-ubuntu-D42A07DD.config.json\\\"\")"
2026-09-07T00:45:37.518511676Z 2026-09-07T00:45:33Z [2,027ms] [Warning] [carb.omniclient.plugin]  117: OmniHub: ThreadId(02) Hub encountered error. Trying to reconnect to Hub. retry_reason="Hub failed to launch: Io(\"child exited with exit status: 1 without writing file \\\"/tmp/hub-ubuntu-D42A07DD.config.json\\\"\")"
2026-09-07T00:45:37.518541644Z 2026-09-07T00:45:33Z [2,240ms] [Warning] [carb.omniclient.plugin]  117: OmniHub: ThreadId(02) Hub encountered error. Trying to reconnect to Hub. retry_reason="Hub failed to launch: Io(\"child exited with exit status: 1 without writing file \\\"/tmp/hub-ubuntu-D42A07DD.config.json\\\"\")"
2026-09-07T00:45:37.518543404Z 2026-09-07T00:45:34Z [2,462ms] [Warning] [carb.omniclient.plugin]  117: OmniHub: ThreadId(02) Hub encountered error. Trying to reconnect to Hub. retry_reason="Hub failed to launch: Io(\"child exited with exit status: 1 without writing file \\\"/tmp/hub-ubuntu-D42A07DD.config.json\\\"\")"
2026-09-07T00:45:37.518544780Z 2026-09-07T00:45:34Z [2,695ms] [Warning] [carb.omniclient.plugin]  117: OmniHub: ThreadId(02) Hub encountered error. Trying to reconnect to Hub. retry_reason="Hub failed to launch: Io(\"child exited with exit status: 1 without writing file \\\"/tmp/hub-ubuntu-D42A07DD.config.json\\\"\")"
2026-09-07T00:45:37.518546140Z 2026-09-07T00:45:34Z [2,937ms] [Warning] [carb.omniclient.plugin]  117: OmniHub: ThreadId(02) Hub encountered error. Trying to reconnect to Hub. retry_reason="Hub failed to launch: Io(\"child exited with exit status: 1 without writing file \\\"/tmp/hub-ubuntu-D42A07DD.config.json\\\"\")"
2026-09-07T00:45:37.518547404Z 2026-09-07T00:45:34Z [3,190ms] [Warning] [carb.omniclient.plugin]  117: OmniHub: ThreadId(02) Hub encountered error. Trying to reconnect to Hub. retry_reason="Hub failed to launch: Io(\"child exited with exit status: 1 without writing file \\\"/tmp/hub-ubuntu-D42A07DD.config.json\\\"\")"
2026-09-07T00:45:37.518548604Z 2026-09-07T00:45:35Z [3,452ms] [Warning] [carb.omniclient.plugin]  117: OmniHub: ThreadId(02) Hub encountered error. Trying to reconnect to Hub. retry_reason="Hub failed to launch: Io(\"child exited with exit status: 1 without writing file \\\"/tmp/hub-ubuntu-D42A07DD.config.json\\\"\")"
2026-09-07T00:45:37.518570460Z 2026-09-07T00:45:35Z [3,724ms] [Warning] [carb.omniclient.plugin]  117: OmniHub: ThreadId(02) Hub encountered error. Trying to reconnect to Hub. retry_reason="Hub failed to launch: Io(\"child exited with exit status: 1 without writing file \\\"/tmp/hub-ubuntu-D42A07DD.config.json\\\"\")"
2026-09-07T00:45:37.518571756Z 2026-09-07T00:45:35Z [4,006ms] [Warning] [carb.omniclient.plugin]  117: OmniHub: ThreadId(02) Hub encountered error. Trying to reconnect to Hub. retry_reason="Hub failed to launch: Io(\"child exited with exit status: 1 without writing file \\\"/tmp/hub-ubuntu-D42A07DD.config.json\\\"\")"
2026-09-07T00:45:37.518572892Z 2026-09-07T00:45:35Z [4,298ms] [Warning] [carb.omniclient.plugin]  117: OmniHub: ThreadId(02) Hub encountered error. Trying to reconnect to Hub. retry_reason="Hub failed to launch: Io(\"child exited with exit status: 1 without writing file \\\"/tmp/hub-ubuntu-D42A07DD.config.json\\\"\")"
2026-09-07T00:45:37.518575053Z 2026-09-07T00:45:36Z [4,600ms] [Warning] [carb.omniclient.plugin]  117: OmniHub: ThreadId(02) Hub encountered error. Trying to reconnect to Hub. retry_reason="Hub failed to launch: Io(\"child exited with exit status: 1 without writing file \\\"/tmp/hub-ubuntu-D42A07DD.config.json\\\"\")"
2026-09-07T00:45:37.518576189Z 2026-09-07T00:45:36Z [4,912ms] [Warning] [carb.omniclient.plugin]  117: OmniHub: ThreadId(02) Hub encountered error. Trying to reconnect to Hub. retry_reason="Hub failed to launch: Io(\"child exited with exit status: 1 without writing file \\\"/tmp/hub-ubuntu-D42A07DD.config.json\\\"\")"
2026-09-07T00:45:37.518577309Z 2026-09-07T00:45:36Z [5,235ms] [Warning] [carb.omniclient.plugin]  117: OmniHub: ThreadId(02) Hub encountered error. Trying to reconnect to Hub. retry_reason="Hub failed to launch: Io(\"child exited with exit status: 1 without writing file \\\"/tmp/hub-ubuntu-D42A07DD.config.json\\\"\")"
2026-09-07T00:45:37.518578445Z 2026-09-07T00:45:37Z [5,567ms] [Warning] [carb.omniclient.plugin]  117: OmniHub: ThreadId(02) Hub encountered error. Trying to reconnect to Hub. retry_reason="Hub failed to launch: Io(\"child exited with exit status: 1 without writing file \\\"/tmp/hub-ubuntu-D42A07DD.config.json\\\"\")"
2026-09-07T00:45:37.518579853Z 2026-09-07T00:45:37Z [5,909ms] [Warning] [carb.omniclient.plugin]  117: OmniHub: ThreadId(02) Hub encountered error. Trying to reconnect to Hub. retry_reason="Hub failed to launch: Io(\"child exited with exit status: 1 without writing file \\\"/tmp/hub-ubuntu-D42A07DD.config.json\\\"\")"
2026-09-07T00:45:41.944056832Z WARNING: All log messages before absl::InitializeLog() is called are written to STDERR
2026-09-07T00:45:41.944080160Z E0000 00:00:1788741941.943732      25 descriptor_database.cc:633] File already exists in database: grpc/health/v1/health.proto
2026-09-07T00:45:41.944081536Z W0000 00:00:1788741941.943758      25 message.cc:301] Protobuf GeneratedMessageFactory: File is already registered: grpc/health/v1/health.proto
2026-09-07T00:45:43.121467352Z /workspace/isaaclab/_isaac_sim/kit/python/lib/python3.12/site-packages/torch/cuda/__init__.py:435: UserWarning: 
2026-09-07T00:45:43.121503257Z     Found GPU0 NVIDIA GB10 which is of cuda capability 12.1.
2026-09-07T00:45:43.121505849Z     Minimum and Maximum cuda capability supported by this version of PyTorch is
2026-09-07T00:45:43.121524585Z     (8.0) - (12.0)
2026-09-07T00:45:43.121526649Z     
2026-09-07T00:45:43.121528505Z   queued_call()
2026-09-07T00:45:43.122723122Z [ISAACLAB] AppLauncher initialization complete
2026-09-07T00:45:45.899174628Z [INFO]: Parsing configuration from: hexapod_rl.tasks.mkii_fourbar_v1:HexapodMkiiFourbarV1EnvCfg
2026-09-07T00:45:45.899202404Z [INFO]: Base environment:
2026-09-07T00:45:45.899203892Z 	Environment device    : cuda:0
2026-09-07T00:45:45.899205236Z 	Environment seed      : 0
2026-09-07T00:45:45.899206228Z 	Physics step-size     : 0.000625
2026-09-07T00:45:45.899207540Z 	Rendering step-size   : 0.02
2026-09-07T00:45:45.899208516Z 	Environment step-size : 0.02
2026-09-07T00:45:45.899209476Z [INFO]: Registered backend 'physx' for factory Articulation.
2026-09-07T00:45:45.957103482Z [INFO]: Registered backend 'physx' for factory ContactSensor.
2026-09-07T00:45:46.902109373Z [INFO]: Physics scene prim path: /physicsScene
2026-09-07T00:45:51.759652949Z [INFO]: Time taken for scene creation Last: 1.148134 s, Mean: 1.148134 s, Std: 0.000000 s, N: 1
2026-09-07T00:45:51.759681573Z [INFO]: Scene manager:  <class InteractiveScene>
2026-09-07T00:45:51.759683173Z 	Number of environments: 1
2026-09-07T00:45:51.759684725Z 	Environment spacing   : 0.0
2026-09-07T00:45:51.759685765Z 	Source prim name      : /World/envs/env_0
2026-09-07T00:45:51.759686821Z 	Global prim paths     : ['/World/ground']
2026-09-07T00:45:51.759687829Z 	Replicate physics     : True
2026-09-07T00:45:51.759688933Z [INFO]: Starting the simulation. This may take a few seconds. Please wait...
2026-09-07T00:45:51.759689925Z [INFO]: Simulation parameters for joints in /World/envs/env_.*/Robot:
2026-09-07T00:45:51.759691029Z +---------------------------------------------------------------------------------------------------------------------------------------------------------------------------+
2026-09-07T00:45:51.759692245Z |                                                     Simulation Joint Information (Prim path: /World/envs/env_.*/Robot)                                                    |
2026-09-07T00:45:51.759693461Z +-------+----------------------+-----------+---------+----------+-----------------+------------------+------------------+-----------------+-----------------+---------------+
2026-09-07T00:45:51.759694533Z | Index | Name                 | Stiffness | Damping | Armature | Static Friction | Dynamic Friction | Viscous Friction | Position Limits | Velocity Limits | Effort Limits |
2026-09-07T00:45:51.759695701Z +-------+----------------------+-----------+---------+----------+-----------------+------------------+------------------+-----------------+-----------------+---------------+
2026-09-07T00:45:51.759696773Z |   0   | lf_coxa_yaw          |   0.000   |  0.000  |  0.001   |      0.010      |      0.010       |      0.002       | [-0.873, 0.873] |      50.265     |     5.500     |
2026-09-07T00:45:51.759712853Z |   1   | lm_coxa_yaw          |   0.000   |  0.000  |  0.001   |      0.010      |      0.010       |      0.002       | [-0.873, 0.873] |      50.265     |     5.500     |
2026-09-07T00:45:51.759713909Z |   2   | lr_coxa_yaw          |   0.000   |  0.000  |  0.001   |      0.010      |      0.010       |      0.002       | [-0.873, 0.873] |      50.265     |     5.500     |
2026-09-07T00:45:51.759715109Z |   3   | rf_coxa_yaw          |   0.000   |  0.000  |  0.001   |      0.010      |      0.010       |      0.002       | [-0.873, 0.873] |      50.265     |     5.500     |
2026-09-07T00:45:51.759716613Z |   4   | rm_coxa_yaw          |   0.000   |  0.000  |  0.001   |      0.010      |      0.010       |      0.002       | [-0.873, 0.873] |      50.265     |     5.500     |
2026-09-07T00:45:51.759717749Z |   5   | rr_coxa_yaw          |   0.000   |  0.000  |  0.001   |      0.010      |      0.010       |      0.002       | [-0.873, 0.873] |      50.265     |     5.500     |
2026-09-07T00:45:51.759718757Z |   6   | lf_femur_pitch       |   0.000   |  0.000  |  0.001   |      0.010      |      0.010       |      0.002       | [-1.745, 0.550] |      50.265     |     5.500     |
2026-09-07T00:45:51.759719877Z |   7   | lm_femur_pitch       |   0.000   |  0.000  |  0.001   |      0.010      |      0.010       |      0.002       | [-1.745, 0.550] |      50.265     |     5.500     |
2026-09-07T00:45:51.759720885Z |   8   | lr_femur_pitch       |   0.000   |  0.000  |  0.001   |      0.010      |      0.010       |      0.002       | [-1.745, 0.550] |      50.265     |     5.500     |
2026-09-07T00:45:51.759721973Z |   9   | rf_femur_pitch       |   0.000   |  0.000  |  0.001   |      0.010      |      0.010       |      0.002       | [-1.745, 0.550] |      50.265     |     5.500     |
2026-09-07T00:45:51.759722949Z |   10  | rm_femur_pitch       |   0.000   |  0.000  |  0.001   |      0.010      |      0.010       |      0.002       | [-1.745, 0.550] |      50.265     |     5.500     |
2026-09-07T00:45:51.759724629Z |   11  | rr_femur_pitch       |   0.000   |  0.000  |  0.001   |      0.010      |      0.010       |      0.002       | [-1.745, 0.550] |      50.265     |     5.500     |
2026-09-07T00:45:51.759725653Z |   12  | lf_tibia_lever_pivot |   0.000   |  0.000  |  0.001   |      0.010      |      0.010       |      0.002       | [-0.978, 1.722] |      50.265     |     5.500     |
2026-09-07T00:45:51.759726725Z |   13  | lf_tibia_pitch       |   0.000   |  0.000  |  0.000   |      0.000      |      0.000       |      0.000       | [-0.978, 1.722] |     1.7e+04     |     0.000     |
2026-09-07T00:45:51.759727845Z |   14  | lm_tibia_lever_pivot |   0.000   |  0.000  |  0.001   |      0.010      |      0.010       |      0.002       | [-0.990, 1.710] |      50.265     |     5.500     |
2026-09-07T00:45:51.759729045Z |   15  | lm_tibia_pitch       |   0.000   |  0.000  |  0.000   |      0.000      |      0.000       |      0.000       | [-0.990, 1.710] |     1.7e+04     |     0.000     |
2026-09-07T00:45:51.759730437Z |   16  | lr_tibia_lever_pivot |   0.000   |  0.000  |  0.001   |      0.010      |      0.010       |      0.002       | [-0.971, 1.729] |      50.265     |     5.500     |
2026-09-07T00:45:51.759731557Z |   17  | lr_tibia_pitch       |   0.000   |  0.000  |  0.000   |      0.000      |      0.000       |      0.000       | [-0.971, 1.729] |     1.7e+04     |     0.000     |
2026-09-07T00:45:51.759734773Z |   18  | rf_tibia_lever_pivot |   0.000   |  0.000  |  0.001   |      0.010      |      0.010       |      0.002       | [-0.950, 1.750] |      50.265     |     5.500     |
2026-09-07T00:45:51.759735925Z |   19  | rf_tibia_pitch       |   0.000   |  0.000  |  0.000   |      0.000      |      0.000       |      0.000       | [-0.950, 1.750] |     1.7e+04     |     0.000     |
2026-09-07T00:45:51.759736933Z |   20  | rm_tibia_lever_pivot |   0.000   |  0.000  |  0.001   |      0.010      |      0.010       |      0.002       | [-0.913, 1.787] |      50.265     |     5.500     |
2026-09-07T00:45:51.759738325Z |   21  | rm_tibia_pitch       |   0.000   |  0.000  |  0.000   |      0.000      |      0.000       |      0.000       | [-0.913, 1.787] |     1.7e+04     |     0.000     |
2026-09-07T00:45:51.759739317Z |   22  | rr_tibia_lever_pivot |   0.000   |  0.000  |  0.001   |      0.010      |      0.010       |      0.002       | [-0.950, 1.750] |      50.265     |     5.500     |
2026-09-07T00:45:51.759740405Z |   23  | rr_tibia_pitch       |   0.000   |  0.000  |  0.000   |      0.000      |      0.000       |      0.000       | [-0.950, 1.750] |     1.7e+04     |     0.000     |
2026-09-07T00:45:51.759741445Z |   24  | lf_tibia_rod_pivot   |   0.000   |  0.000  |  0.000   |      0.000      |      0.000       |      0.000       | [-1.722, 0.978] |     1.7e+04     |     0.000     |
2026-09-07T00:45:51.759742597Z |   25  | lm_tibia_rod_pivot   |   0.000   |  0.000  |  0.000   |      0.000      |      0.000       |      0.000       | [-1.710, 0.990] |     1.7e+04     |     0.000     |
2026-09-07T00:45:51.759743637Z |   26  | lr_tibia_rod_pivot   |   0.000   |  0.000  |  0.000   |      0.000      |      0.000       |      0.000       | [-1.729, 0.971] |     1.7e+04     |     0.000     |
2026-09-07T00:45:51.759744885Z |   27  | rf_tibia_rod_pivot   |   0.000   |  0.000  |  0.000   |      0.000      |      0.000       |      0.000       | [-1.750, 0.950] |     1.7e+04     |     0.000     |
2026-09-07T00:45:51.759745925Z |   28  | rm_tibia_rod_pivot   |   0.000   |  0.000  |  0.000   |      0.000      |      0.000       |      0.000       | [-1.787, 0.913] |     1.7e+04     |     0.000     |
2026-09-07T00:45:51.759747061Z |   29  | rr_tibia_rod_pivot   |   0.000   |  0.000  |  0.000   |      0.000      |      0.000       |      0.000       | [-1.750, 0.950] |     1.7e+04     |     0.000     |
2026-09-07T00:45:51.759748069Z +-------+----------------------+-----------+---------+----------+-----------------+------------------+------------------+-----------------+-----------------+---------------+
2026-09-07T00:45:55.415679133Z [INFO]: Time taken for simulation start Last: 5.060796 s, Mean: 5.060796 s, Std: 0.000000 s, N: 1
2026-09-07T00:45:55.415716061Z [INFO]: Completed setting up the environment...
2026-09-07T00:45:55.415719453Z FOURBAR_STANDING step=1/100 metrics={"substeps": 32, "height_sum": 4.5530988574028015, "min_height_m": 0.14100676774978638, "max_applied_nm": 1.199174527038993e-11, "max_demand_nm": 1.199174527038993e-11, "max_closure_point_m": 8.940696716308594e-08, "max_closure_axis_chord": 2.677412567209103e-07, "min_nonfoot_clearance_m": 0.028271973133087158, "nonfoot_contact_env_substeps": 0.0, "min_support": 0.0, "max_envelope_excess_nm": 0.0, "max_continuous_excess_nm": 0.0, "min_burst_headroom": 0.5000208616256714, "invalid_samples": 0.0, "max_passive_relation_error_rad": 0.0, "max_passive_velocity_relation_error_rad_s": 1.9573945329171005e-12, "passive_velocity_relation_squared_sum": 1.7908859814772715e-22, "max_closure_relative_point_velocity_m_s": 5.159648004530483e-14, "closure_relative_point_velocity_squared_norm_sum": 1.2783970236773157e-25, "mean_height_m": 0.14228433929383755, "passive_velocity_relation_samples": 384, "closure_relative_point_velocity_samples": 192, "rms_passive_velocity_relation_error_rad_s": 6.829176800144896e-13, "rms_closure_relative_point_velocity_m_s": 2.5803716460333162e-14}
2026-09-07T00:47:31.663937634Z FOURBAR_STANDING step=100/100 metrics={"substeps": 2560, "height_sum": 347.4421227276325, "min_height_m": 0.13571804761886597, "max_applied_nm": 0.6732375025749207, "max_demand_nm": 0.6732375025749207, "max_closure_point_m": 1.365714012990793e-07, "max_closure_axis_chord": 7.028472168713051e-07, "min_nonfoot_clearance_m": 0.025384336709976196, "nonfoot_contact_env_substeps": 0.0, "min_support": 6, "max_envelope_excess_nm": 0.0, "max_continuous_excess_nm": 0.0, "min_burst_headroom": 0.5006884336471558, "invalid_samples": 0.0, "max_passive_relation_error_rad": 2.980232238769531e-07, "max_passive_velocity_relation_error_rad_s": 0.0049054124392569065, "passive_velocity_relation_squared_sum": 0.009163565264830857, "max_closure_relative_point_velocity_m_s": 0.00032257571001537144, "closure_relative_point_velocity_squared_norm_sum": 2.773575250542812e-05, "mean_height_m": 0.13571957919048144, "passive_velocity_relation_samples": 30720, "closure_relative_point_velocity_samples": 15360, "rms_passive_velocity_relation_error_rad_s": 0.0005461621921473628, "rms_closure_relative_point_velocity_m_s": 4.249368251562589e-05}
2026-09-07T00:47:31.670983512Z FOURBAR_VALIDATION_RESULT pass=True errors=[]
2026-09-07T00:47:32.077326351Z [INFO]: SimulationContext cleared
2026-09-07T00:47:32.154602456Z 2026-09-07T00:45:37Z [6,261ms] [Warning] [carb.omniclient.plugin]  117: OmniHub: ThreadId(02) Hub encountered error. Trying to reconnect to Hub. retry_reason="Hub failed to launch: Io(\"child exited with exit status: 1 without writing file \\\"/tmp/hub-ubuntu-D42A07DD.config.json\\\"\")"
2026-09-07T00:47:32.154632120Z 2026-09-07T00:45:38Z [6,623ms] [Warning] [carb.omniclient.plugin]  117: OmniHub: ThreadId(02) Hub encountered error. Trying to reconnect to Hub. retry_reason="Hub failed to launch: Io(\"child exited with exit status: 1 without writing file \\\"/tmp/hub-ubuntu-D42A07DD.config.json\\\"\")"
2026-09-07T00:47:32.154634056Z 2026-09-07T00:45:38Z [6,995ms] [Warning] [carb.omniclient.plugin]  117: OmniHub: ThreadId(02) Hub encountered error. Trying to reconnect to Hub. retry_reason="Hub failed to launch: Io(\"child exited with exit status: 1 without writing file \\\"/tmp/hub-ubuntu-D42A07DD.config.json\\\"\")"
2026-09-07T00:47:32.154635864Z 2026-09-07T00:45:38Z [7,377ms] [Warning] [carb.omniclient.plugin]  117: OmniHub: ThreadId(02) Hub encountered error. Trying to reconnect to Hub. retry_reason="Hub failed to launch: Io(\"child exited with exit status: 1 without writing file \\\"/tmp/hub-ubuntu-D42A07DD.config.json\\\"\")"
2026-09-07T00:47:32.154637624Z 2026-09-07T00:45:39Z [7,769ms] [Warning] [carb.omniclient.plugin]  117: OmniHub: ThreadId(02) Hub encountered error. Trying to reconnect to Hub. retry_reason="Hub failed to launch: Io(\"child exited with exit status: 1 without writing file \\\"/tmp/hub-ubuntu-D42A07DD.config.json\\\"\")"
2026-09-07T00:47:32.154639176Z 2026-09-07T00:45:39Z [8,171ms] [Warning] [carb.omniclient.plugin]  117: OmniHub: ThreadId(02) Hub encountered error. Trying to reconnect to Hub. retry_reason="Hub failed to launch: Io(\"child exited with exit status: 1 without writing file \\\"/tmp/hub-ubuntu-D42A07DD.config.json\\\"\")"
2026-09-07T00:47:32.154656088Z 2026-09-07T00:45:40Z [8,582ms] [Warning] [carb.omniclient.plugin]  117: OmniHub: ThreadId(02) Hub encountered error. Trying to reconnect to Hub. retry_reason="Hub failed to launch: Io(\"child exited with exit status: 1 without writing file \\\"/tmp/hub-ubuntu-D42A07DD.config.json\\\"\")"
2026-09-07T00:47:32.154657880Z 2026-09-07T00:45:40Z [9,004ms] [Warning] [carb.omniclient.plugin]  117: OmniHub: ThreadId(02) Hub encountered error. Trying to reconnect to Hub. retry_reason="Hub failed to launch: Io(\"child exited with exit status: 1 without writing file \\\"/tmp/hub-ubuntu-D42A07DD.config.json\\\"\")"
2026-09-07T00:47:32.154659080Z 2026-09-07T00:45:41Z [9,436ms] [Warning] [carb.omniclient.plugin]  117: OmniHub: ThreadId(02) Hub encountered error. Trying to reconnect to Hub. retry_reason="Hub failed to launch: Io(\"child exited with exit status: 1 without writing file \\\"/tmp/hub-ubuntu-D42A07DD.config.json\\\"\")"
2026-09-07T00:47:32.154660248Z 2026-09-07T00:45:41Z [9,878ms] [Warning] [carb.omniclient.plugin]  117: OmniHub: ThreadId(02) Hub encountered error. Trying to reconnect to Hub. retry_reason="Hub failed to launch: Io(\"child exited with exit status: 1 without writing file \\\"/tmp/hub-ubuntu-D42A07DD.config.json\\\"\")"
2026-09-07T00:47:32.154661480Z 2026-09-07T00:45:41Z [10,361ms] [Warning] [omni.usd_config.extension] Enable omni.materialx.libs extension to use MaterialX
2026-09-07T00:47:32.154662504Z 2026-09-07T00:45:48Z [16,560ms] [Warning] [usdrt.population.plugin] Last global time was not created. Did you call setEnableUsdNoticeHandling?
2026-09-07T00:47:32.154663624Z 2026-09-07T00:45:48Z [16,564ms] [Warning] [omni.physx.plugin] Detected an articulation at /World/envs/env_0/Robot/Geometry/body with more than 4 velocity iterations being added to a TGS scene.The related behavior changed recently, please consult the changelog. This warning will only print once.
2026-09-07T00:47:32.154664824Z 2026-09-07T00:45:51Z [20,146ms] [Warning] [isaaclab_physx.assets.articulation.articulation] Not all actuators are configured! Total number of actuated joints not equal to number of joints available: 18 != 30.
