time="2026-09-10T18:02:28-05:00" level=warning msg="No services to build"
time="2026-09-10T18:02:28-05:00" level=warning msg="No services to build"
 Container hexapod-reference-physics-d9e5c3e7d76448c295f78e41f8dc04a6 Creating 
 Container hexapod-reference-physics-d9e5c3e7d76448c295f78e41f8dc04a6 Created 
The '--headless' CLI argument is deprecated. Omit '--viz' for default headless. If config visualizers are enabled and you want to force headless, use '--viz none'.
Loading user config located at: '/isaac-sim/kit/data/Kit/IsaacLab/3.0/user.config.json'
2026-09-10T23:02:29Z [0ms] [Warning] [omni.ext.plugin] [ext: logs] Extensions config 'extension.toml' doesn't exist '/output/logs' or '/output/logs/config'
2026-09-10T23:02:29Z [0ms] [Warning] [omni.ext.plugin] [ext: standing] Extensions config 'extension.toml' doesn't exist '/output/standing' or '/output/standing/config'
2026-09-10T23:02:29Z [0ms] [Warning] [omni.ext.plugin] [ext: isaaclab_visualizers] Extensions config 'extension.toml' doesn't exist '/workspace/isaaclab/source/isaaclab_visualizers' or '/workspace/isaaclab/source/isaaclab_visualizers/config'
2026-09-10T23:02:29Z [0ms] [Warning] [omni.ext.plugin] [ext: jobs] Extensions config 'extension.toml' doesn't exist '/output/jobs' or '/output/jobs/config'
2026-09-10T23:02:29Z [111ms] [Warning] [carb.omniclient.plugin]  43: OmniHub: ThreadId(02) Hub encountered error. Trying to reconnect to Hub. retry_reason="Hub failed to launch: Io(\"child exited with exit status: 1 without writing file \\\"/tmp/hub-ubuntu-6A903C42.config.json\\\"\")"
2026-09-10T23:02:29Z [183ms] [Warning] [carb.omniclient.plugin]  43: OmniHub: ThreadId(02) Hub encountered error. Trying to reconnect to Hub. retry_reason="Hub failed to launch: Io(\"child exited with exit status: 1 without writing file \\\"/tmp/hub-ubuntu-6A903C42.config.json\\\"\")"
2026-09-10T23:02:29Z [265ms] [Warning] [carb.omniclient.plugin]  43: OmniHub: ThreadId(02) Hub encountered error. Trying to reconnect to Hub. retry_reason="Hub failed to launch: Io(\"child exited with exit status: 1 without writing file \\\"/tmp/hub-ubuntu-6A903C42.config.json\\\"\")"
2026-09-10T23:02:29Z [359ms] [Warning] [carb.omniclient.plugin]  43: OmniHub: ThreadId(02) Hub encountered error. Trying to reconnect to Hub. retry_reason="Hub failed to launch: Io(\"child exited with exit status: 1 without writing file \\\"/tmp/hub-ubuntu-6A903C42.config.json\\\"\")"
2026-09-10T23:02:30Z [462ms] [Warning] [carb.omniclient.plugin]  43: OmniHub: ThreadId(02) Hub encountered error. Trying to reconnect to Hub. retry_reason="Hub failed to launch: Io(\"child exited with exit status: 1 without writing file \\\"/tmp/hub-ubuntu-6A903C42.config.json\\\"\")"
2026-09-10T23:02:30Z [574ms] [Warning] [carb.omniclient.plugin]  43: OmniHub: ThreadId(02) Hub encountered error. Trying to reconnect to Hub. retry_reason="Hub failed to launch: Io(\"child exited with exit status: 1 without writing file \\\"/tmp/hub-ubuntu-6A903C42.config.json\\\"\")"
2026-09-10T23:02:30Z [697ms] [Warning] [carb.omniclient.plugin]  43: OmniHub: ThreadId(02) Hub encountered error. Trying to reconnect to Hub. retry_reason="Hub failed to launch: Io(\"child exited with exit status: 1 without writing file \\\"/tmp/hub-ubuntu-6A903C42.config.json\\\"\")"
2026-09-10T23:02:30Z [832ms] [Warning] [carb.omniclient.plugin]  43: OmniHub: ThreadId(02) Hub encountered error. Trying to reconnect to Hub. retry_reason="Hub failed to launch: Io(\"child exited with exit status: 1 without writing file \\\"/tmp/hub-ubuntu-6A903C42.config.json\\\"\")"
2026-09-10T23:02:30Z [975ms] [Warning] [carb.omniclient.plugin]  43: OmniHub: ThreadId(02) Hub encountered error. Trying to reconnect to Hub. retry_reason="Hub failed to launch: Io(\"child exited with exit status: 1 without writing file \\\"/tmp/hub-ubuntu-6A903C42.config.json\\\"\")"
2026-09-10T23:02:30Z [1,127ms] [Warning] [carb.omniclient.plugin]  43: OmniHub: ThreadId(02) Hub encountered error. Trying to reconnect to Hub. retry_reason="Hub failed to launch: Io(\"child exited with exit status: 1 without writing file \\\"/tmp/hub-ubuntu-6A903C42.config.json\\\"\")"
2026-09-10T23:02:30Z [1,290ms] [Warning] [carb.omniclient.plugin]  43: OmniHub: ThreadId(02) Hub encountered error. Trying to reconnect to Hub. retry_reason="Hub failed to launch: Io(\"child exited with exit status: 1 without writing file \\\"/tmp/hub-ubuntu-6A903C42.config.json\\\"\")"
2026-09-10T23:02:31Z [1,462ms] [Warning] [carb.omniclient.plugin]  43: OmniHub: ThreadId(02) Hub encountered error. Trying to reconnect to Hub. retry_reason="Hub failed to launch: Io(\"child exited with exit status: 1 without writing file \\\"/tmp/hub-ubuntu-6A903C42.config.json\\\"\")"
2026-09-10T23:02:31Z [1,645ms] [Warning] [carb.omniclient.plugin]  43: OmniHub: ThreadId(02) Hub encountered error. Trying to reconnect to Hub. retry_reason="Hub failed to launch: Io(\"child exited with exit status: 1 without writing file \\\"/tmp/hub-ubuntu-6A903C42.config.json\\\"\")"
2026-09-10T23:02:31Z [1,838ms] [Warning] [carb.omniclient.plugin]  43: OmniHub: ThreadId(02) Hub encountered error. Trying to reconnect to Hub. retry_reason="Hub failed to launch: Io(\"child exited with exit status: 1 without writing file \\\"/tmp/hub-ubuntu-6A903C42.config.json\\\"\")"
2026-09-10T23:02:31Z [2,040ms] [Warning] [carb.omniclient.plugin]  43: OmniHub: ThreadId(02) Hub encountered error. Trying to reconnect to Hub. retry_reason="Hub failed to launch: Io(\"child exited with exit status: 1 without writing file \\\"/tmp/hub-ubuntu-6A903C42.config.json\\\"\")"
2026-09-10T23:02:31Z [2,253ms] [Warning] [carb.omniclient.plugin]  43: OmniHub: ThreadId(02) Hub encountered error. Trying to reconnect to Hub. retry_reason="Hub failed to launch: Io(\"child exited with exit status: 1 without writing file \\\"/tmp/hub-ubuntu-6A903C42.config.json\\\"\")"
2026-09-10T23:02:32Z [2,475ms] [Warning] [carb.omniclient.plugin]  43: OmniHub: ThreadId(02) Hub encountered error. Trying to reconnect to Hub. retry_reason="Hub failed to launch: Io(\"child exited with exit status: 1 without writing file \\\"/tmp/hub-ubuntu-6A903C42.config.json\\\"\")"
2026-09-10T23:02:32Z [2,707ms] [Warning] [carb.omniclient.plugin]  43: OmniHub: ThreadId(02) Hub encountered error. Trying to reconnect to Hub. retry_reason="Hub failed to launch: Io(\"child exited with exit status: 1 without writing file \\\"/tmp/hub-ubuntu-6A903C42.config.json\\\"\")"
2026-09-10T23:02:32Z [2,951ms] [Warning] [carb.omniclient.plugin]  43: OmniHub: ThreadId(02) Hub encountered error. Trying to reconnect to Hub. retry_reason="Hub failed to launch: Io(\"child exited with exit status: 1 without writing file \\\"/tmp/hub-ubuntu-6A903C42.config.json\\\"\")"
2026-09-10T23:02:32Z [3,204ms] [Warning] [carb.omniclient.plugin]  43: OmniHub: ThreadId(02) Hub encountered error. Trying to reconnect to Hub. retry_reason="Hub failed to launch: Io(\"child exited with exit status: 1 without writing file \\\"/tmp/hub-ubuntu-6A903C42.config.json\\\"\")"
2026-09-10T23:02:33Z [3,467ms] [Warning] [carb.omniclient.plugin]  43: OmniHub: ThreadId(02) Hub encountered error. Trying to reconnect to Hub. retry_reason="Hub failed to launch: Io(\"child exited with exit status: 1 without writing file \\\"/tmp/hub-ubuntu-6A903C42.config.json\\\"\")"
2026-09-10T23:02:33Z [3,741ms] [Warning] [carb.omniclient.plugin]  43: OmniHub: ThreadId(02) Hub encountered error. Trying to reconnect to Hub. retry_reason="Hub failed to launch: Io(\"child exited with exit status: 1 without writing file \\\"/tmp/hub-ubuntu-6A903C42.config.json\\\"\")"
2026-09-10T23:02:33Z [4,022ms] [Warning] [carb.omniclient.plugin]  43: OmniHub: ThreadId(02) Hub encountered error. Trying to reconnect to Hub. retry_reason="Hub failed to launch: Io(\"child exited with exit status: 1 without writing file \\\"/tmp/hub-ubuntu-6A903C42.config.json\\\"\")"
2026-09-10T23:02:33Z [4,316ms] [Warning] [carb.omniclient.plugin]  43: OmniHub: ThreadId(02) Hub encountered error. Trying to reconnect to Hub. retry_reason="Hub failed to launch: Io(\"child exited with exit status: 1 without writing file \\\"/tmp/hub-ubuntu-6A903C42.config.json\\\"\")"
2026-09-10T23:02:34Z [4,618ms] [Warning] [carb.omniclient.plugin]  43: OmniHub: ThreadId(02) Hub encountered error. Trying to reconnect to Hub. retry_reason="Hub failed to launch: Io(\"child exited with exit status: 1 without writing file \\\"/tmp/hub-ubuntu-6A903C42.config.json\\\"\")"
2026-09-10T23:02:34Z [4,930ms] [Warning] [carb.omniclient.plugin]  43: OmniHub: ThreadId(02) Hub encountered error. Trying to reconnect to Hub. retry_reason="Hub failed to launch: Io(\"child exited with exit status: 1 without writing file \\\"/tmp/hub-ubuntu-6A903C42.config.json\\\"\")"
2026-09-10T23:02:34Z [5,253ms] [Warning] [carb.omniclient.plugin]  43: OmniHub: ThreadId(02) Hub encountered error. Trying to reconnect to Hub. retry_reason="Hub failed to launch: Io(\"child exited with exit status: 1 without writing file \\\"/tmp/hub-ubuntu-6A903C42.config.json\\\"\")"
2026-09-10T23:02:35Z [5,587ms] [Warning] [carb.omniclient.plugin]  43: OmniHub: ThreadId(02) Hub encountered error. Trying to reconnect to Hub. retry_reason="Hub failed to launch: Io(\"child exited with exit status: 1 without writing file \\\"/tmp/hub-ubuntu-6A903C42.config.json\\\"\")"
2026-09-10T23:02:35Z [5,930ms] [Warning] [carb.omniclient.plugin]  43: OmniHub: ThreadId(02) Hub encountered error. Trying to reconnect to Hub. retry_reason="Hub failed to launch: Io(\"child exited with exit status: 1 without writing file \\\"/tmp/hub-ubuntu-6A903C42.config.json\\\"\")"
2026-09-10T23:02:35Z [6,282ms] [Warning] [carb.omniclient.plugin]  43: OmniHub: ThreadId(02) Hub encountered error. Trying to reconnect to Hub. retry_reason="Hub failed to launch: Io(\"child exited with exit status: 1 without writing file \\\"/tmp/hub-ubuntu-6A903C42.config.json\\\"\")"
2026-09-10T23:02:36Z [6,646ms] [Warning] [carb.omniclient.plugin]  43: OmniHub: ThreadId(02) Hub encountered error. Trying to reconnect to Hub. retry_reason="Hub failed to launch: Io(\"child exited with exit status: 1 without writing file \\\"/tmp/hub-ubuntu-6A903C42.config.json\\\"\")"
2026-09-10T23:02:36Z [7,018ms] [Warning] [carb.omniclient.plugin]  43: OmniHub: ThreadId(02) Hub encountered error. Trying to reconnect to Hub. retry_reason="Hub failed to launch: Io(\"child exited with exit status: 1 without writing file \\\"/tmp/hub-ubuntu-6A903C42.config.json\\\"\")"
2026-09-10T23:02:36Z [7,401ms] [Warning] [carb.omniclient.plugin]  43: OmniHub: ThreadId(02) Hub encountered error. Trying to reconnect to Hub. retry_reason="Hub failed to launch: Io(\"child exited with exit status: 1 without writing file \\\"/tmp/hub-ubuntu-6A903C42.config.json\\\"\")"
2026-09-10T23:02:37Z [7,793ms] [Warning] [carb.omniclient.plugin]  43: OmniHub: ThreadId(02) Hub encountered error. Trying to reconnect to Hub. retry_reason="Hub failed to launch: Io(\"child exited with exit status: 1 without writing file \\\"/tmp/hub-ubuntu-6A903C42.config.json\\\"\")"
2026-09-10T23:02:37Z [8,195ms] [Warning] [carb.omniclient.plugin]  43: OmniHub: ThreadId(02) Hub encountered error. Trying to reconnect to Hub. retry_reason="Hub failed to launch: Io(\"child exited with exit status: 1 without writing file \\\"/tmp/hub-ubuntu-6A903C42.config.json\\\"\")"
2026-09-10T23:02:38Z [8,610ms] [Warning] [carb.omniclient.plugin]  43: OmniHub: ThreadId(02) Hub encountered error. Trying to reconnect to Hub. retry_reason="Hub failed to launch: Io(\"child exited with exit status: 1 without writing file \\\"/tmp/hub-ubuntu-6A903C42.config.json\\\"\")"
2026-09-10T23:02:38Z [9,032ms] [Warning] [carb.omniclient.plugin]  43: OmniHub: ThreadId(02) Hub encountered error. Trying to reconnect to Hub. retry_reason="Hub failed to launch: Io(\"child exited with exit status: 1 without writing file \\\"/tmp/hub-ubuntu-6A903C42.config.json\\\"\")"
2026-09-10T23:02:39Z [9,466ms] [Warning] [carb.omniclient.plugin]  43: OmniHub: ThreadId(02) Hub encountered error. Trying to reconnect to Hub. retry_reason="Hub failed to launch: Io(\"child exited with exit status: 1 without writing file \\\"/tmp/hub-ubuntu-6A903C42.config.json\\\"\")"
2026-09-10T23:02:39Z [9,908ms] [Warning] [carb.omniclient.plugin]  43: OmniHub: ThreadId(02) Hub encountered error. Trying to reconnect to Hub. retry_reason="Hub failed to launch: Io(\"child exited with exit status: 1 without writing file \\\"/tmp/hub-ubuntu-6A903C42.config.json\\\"\")"
WARNING: All log messages before absl::InitializeLog() is called are written to STDERR
E0000 00:00:1789081359.962073      10 descriptor_database.cc:633] File already exists in database: grpc/health/v1/health.proto
W0000 00:00:1789081359.962100      10 message.cc:301] Protobuf GeneratedMessageFactory: File is already registered: grpc/health/v1/health.proto
2026-09-10T23:02:39Z [10,390ms] [Warning] [omni.platforminfo.plugin] failed to open the default display.  Can't verify X Server version.
2026-09-10T23:02:39Z [10,399ms] [Warning] [omni.usd_config.extension] Enable omni.materialx.libs extension to use MaterialX
/workspace/isaaclab/_isaac_sim/kit/python/lib/python3.12/site-packages/torch/cuda/__init__.py:435: UserWarning: 
    Found GPU0 NVIDIA GB10 which is of cuda capability 12.1.
    Minimum and Maximum cuda capability supported by this version of PyTorch is
    (8.0) - (12.0)
    
  queued_call()
REFERENCE_SCREEN_APP_READY
[ISAACLAB] AppLauncher initialization complete
2026-09-10T23:02:48Z [18,983ms] [Warning] [usdrt.population.plugin] Last global time was not created. Did you call setEnableUsdNoticeHandling?
2026-09-10T23:02:49Z [19,660ms] [Warning] [omni.physx.tensors.plugin] Failed to find contact report API at '/Robot/joints'
2026-09-10T23:02:49Z [19,660ms] [Warning] [omni.physx.tensors.plugin] Failed to find contact report API at '/Robot_001/joints'
2026-09-10T23:02:49Z [19,660ms] [Warning] [omni.physx.tensors.plugin] Failed to find contact report API at '/Robot_002/joints'
2026-09-10T23:02:49Z [19,660ms] [Warning] [omni.physx.tensors.plugin] Failed to find contact report API at '/Robot_003/joints'
2026-09-10T23:02:49Z [19,660ms] [Warning] [omni.physx.tensors.plugin] Failed to find contact report API at '/Robot_004/joints'
2026-09-10T23:02:49Z [19,660ms] [Warning] [omni.physx.tensors.plugin] Failed to find contact report API at '/Robot_005/joints'
2026-09-10T23:02:49Z [19,660ms] [Warning] [omni.physx.tensors.plugin] Failed to find contact report API at '/Robot_006/joints'
2026-09-10T23:02:49Z [19,660ms] [Warning] [omni.physx.tensors.plugin] Failed to find contact report API at '/Robot_007/joints'
2026-09-10T23:02:49Z [19,660ms] [Warning] [omni.physx.tensors.plugin] Failed to find contact report API at '/Robot_008/joints'
2026-09-10T23:02:49Z [19,660ms] [Warning] [omni.physx.tensors.plugin] Failed to find contact report API at '/Robot_009/joints'
2026-09-10T23:02:49Z [19,660ms] [Warning] [omni.physx.tensors.plugin] Failed to find contact report API at '/Robot_010/joints'
2026-09-10T23:02:49Z [19,660ms] [Warning] [omni.physx.tensors.plugin] Failed to find contact report API at '/Robot_011/joints'
2026-09-10T23:02:49Z [19,660ms] [Warning] [omni.physx.tensors.plugin] Failed to find contact report API at '/Robot_012/joints'
2026-09-10T23:02:49Z [19,660ms] [Warning] [omni.physx.tensors.plugin] Failed to find contact report API at '/Robot_013/joints'
2026-09-10T23:02:49Z [19,660ms] [Warning] [omni.physx.tensors.plugin] Failed to find contact report API at '/Robot_014/joints'
2026-09-10T23:02:49Z [19,660ms] [Warning] [omni.physx.tensors.plugin] Failed to find contact report API at '/Robot_015/joints'
2026-09-10T23:02:49Z [19,660ms] [Warning] [omni.physx.tensors.plugin] Failed to find contact report API at '/Robot_016/joints'
2026-09-10T23:02:49Z [19,660ms] [Warning] [omni.physx.tensors.plugin] Failed to find contact report API at '/Robot_017/joints'
2026-09-10T23:02:49Z [19,660ms] [Warning] [omni.physx.tensors.plugin] Failed to find contact report API at '/Robot_018/joints'
2026-09-10T23:02:49Z [19,660ms] [Warning] [omni.physx.tensors.plugin] Failed to find contact report API at '/Robot_019/joints'
2026-09-10T23:02:49Z [19,660ms] [Warning] [omni.physx.tensors.plugin] Failed to find contact report API at '/Robot_020/joints'
2026-09-10T23:02:49Z [19,660ms] [Warning] [omni.physx.tensors.plugin] Failed to find contact report API at '/Robot_021/joints'
2026-09-10T23:02:49Z [19,660ms] [Warning] [omni.physx.tensors.plugin] Failed to find contact report API at '/Robot_022/joints'
2026-09-10T23:02:49Z [19,660ms] [Warning] [omni.physx.tensors.plugin] Failed to find contact report API at '/Robot_023/joints'
2026-09-10T23:02:49Z [19,660ms] [Warning] [omni.physx.tensors.plugin] Failed to find contact report API at '/Robot_024/joints'
2026-09-10T23:02:49Z [19,660ms] [Warning] [omni.physx.tensors.plugin] Failed to find contact report API at '/Robot_025/joints'
2026-09-10T23:02:49Z [19,660ms] [Warning] [omni.physx.tensors.plugin] Failed to find contact report API at '/Robot_026/joints'
2026-09-10T23:02:49Z [19,660ms] [Warning] [omni.physx.tensors.plugin] Failed to find contact report API at '/Robot_027/joints'
2026-09-10T23:02:49Z [19,660ms] [Warning] [omni.physx.tensors.plugin] Failed to find contact report API at '/Robot_028/joints'
2026-09-10T23:02:49Z [19,660ms] [Warning] [omni.physx.tensors.plugin] Failed to find contact report API at '/Robot_029/joints'
2026-09-10T23:02:49Z [19,660ms] [Warning] [omni.physx.tensors.plugin] Failed to find contact report API at '/Robot_030/joints'
2026-09-10T23:02:49Z [19,660ms] [Warning] [omni.physx.tensors.plugin] Failed to find contact report API at '/Robot_031/joints'
CANONICAL_STANDING control=100 replicas=32
CANONICAL_STANDING control=200 replicas=32
CANONICAL_STANDING control=300 replicas=32
CANONICAL_STANDING control=400 replicas=32
CANONICAL_STANDING control=500 replicas=32
CANONICAL_STANDING control=600 replicas=32
CANONICAL_STANDING control=700 replicas=32
CANONICAL_STANDING control=800 replicas=32
CANONICAL_STANDING control=900 replicas=32
CANONICAL_STANDING control=1000 replicas=32
CANONICAL_STANDING_ACQUISITION_COMPLETED standing_pass=False training_allowed=false

