VERIFIED 0 forecast_pause/restore.lock
VERIFIED 154 forecast_pause/restored.json
VERIFIED 265 run/standing_immutable.sha256.json
VERIFIED 331 run/jobs/final_constant_contact_data_audit.json
VERIFIED 331 run/jobs/final_stop_contact_data_audit.json
VERIFIED 331 run/jobs/initial_constant_contact_data_audit.json
VERIFIED 331 run/jobs/initial_stop_contact_data_audit.json
VERIFIED 331 run/jobs/standing_contact_data_audit.json
VERIFIED 331 run/jobs/train_contact_data_audit.json
VERIFIED 344 run/standing_accepted.json
VERIFIED 444 run/final_stop_immutable.sha256.json
VERIFIED 444 run/initial_stop_immutable.sha256.json
VERIFIED 445 run/final_constant_immutable.sha256.json
VERIFIED 445 run/initial_constant_immutable.sha256.json
VERIFIED 529 run/train_accepted.json
VERIFIED 602 run/final_constant_accepted.json
VERIFIED 604 run/initial_constant_accepted.json
VERIFIED 1004 run/final_stop_accepted.json
VERIFIED 1006 run/initial_stop_accepted.json
VERIFIED 1185 run/final_constant/agent.yaml
VERIFIED 1185 run/final_stop/agent.yaml
VERIFIED 1185 run/initial_constant/agent.yaml
VERIFIED 1185 run/initial_stop/agent.yaml
VERIFIED 1237 run/jobs/train.json
VERIFIED 1241 run/jobs/final_stop.json
VERIFIED 1241 run/jobs/standing.json
VERIFIED 1244 run/jobs/initial_stop.json
VERIFIED 1246 run/jobs/final_constant.json
VERIFIED 1248 run/jobs/initial_constant.json
VERIFIED 1303 run/train/agent.yaml
VERIFIED 1402 forecast_pause/launch.json
VERIFIED 1525 run/train/repair_initialization.json
VERIFIED 1613 forecast_pause/pause.json
VERIFIED 1737 run/standing/admission.json
VERIFIED 2199 forecast_pause/resume_forecasting.py
VERIFIED 5805 run/initial_stop/state.json
VERIFIED 5806 run/final_stop/state.json
VERIFIED 5810 run/final_constant/state.json
VERIFIED 5810 run/initial_constant/state.json
VERIFIED 5944 run/train_immutable.sha256.json
VERIFIED 6253 run/standing/state.json
VERIFIED 7654 run/campaign.json
VERIFIED 18723 run/logs/standing.log
VERIFIED 19882 run/logs/initial_constant.log
VERIFIED 20235 run/logs/initial_stop.log
VERIFIED 20411 run/logs/final_constant.log
VERIFIED 20760 run/logs/final_stop.log
VERIFIED 41363 run/final_constant/environment.yaml
VERIFIED 41363 run/final_stop/environment.yaml
VERIFIED 41363 run/initial_constant/environment.yaml
VERIFIED 41363 run/initial_stop/environment.yaml
VERIFIED 41363 run/standing/environment.yaml
VERIFIED 41365 run/train/environment.yaml
VERIFIED 113788 run/train/policy/events.out.tfevents.1789057057.spark-e26c.11.0
VERIFIED 120983 run/train/training_receipt.json
VERIFIED 131842 run/logs/train.log
VERIFIED 140594 run/train/state.json
VERIFIED 471522 run/initial_constant/diagnostics.json
VERIFIED 471664 run/final_constant/diagnostics.json
VERIFIED 826104 run/final_stop/stop_diagnostics.json
VERIFIED 826285 run/initial_stop/stop_diagnostics.json
VERIFIED 5972085 run/train/training_events.json
VERIFIED 4694835 run/initial_constant/diagnostic_trace.npz
VERIFIED 4696549 run/final_constant/diagnostic_trace.npz
VERIFIED 52102578 run/initial_stop/stop_trace.npz
VERIFIED 52124017 run/final_stop/stop_trace.npz
VERIFIED 3524577 run/train/training_joint_trace.npz
scp: write local "tmp/direct_omni_train_pilot_curriculum_results_001/run/train/training_trace.npz.part": No space left on device
Traceback (most recent call last):
  File "/Users/andreboufama/Documents/CUPI/HEXAPOD/tmp/direct_omni_train_pilot_curriculum_fetch_001.py", line 23, in <module>
    subprocess.run(['scp','-q','-o','BatchMode=yes','-o','ConnectTimeout=8','spark:'+remote,str(partial)],check=True,timeout=180)
  File "/Library/Developer/CommandLineTools/Library/Frameworks/Python3.framework/Versions/3.9/lib/python3.9/subprocess.py", line 528, in run
    raise CalledProcessError(retcode, process.args,
subprocess.CalledProcessError: Command '['scp', '-q', '-o', 'BatchMode=yes', '-o', 'ConnectTimeout=8', 'spark:/home/orionh/HEXAPOD_runs/mock_length_study_20260909/direct_omni_train_pilot_curriculum_001/train/training_trace.npz', 'tmp/direct_omni_train_pilot_curriculum_results_001/run/train/training_trace.npz.part']' returned non-zero exit status 1.
