time="2026-09-10T19:49:59-05:00" level=warning msg="No services to build"
time="2026-09-10T19:49:59-05:00" level=warning msg="No services to build"
 Container hexapod-reference-physics-df274fc065cc402ba0e8f74e7a004c87 Creating 
 Container hexapod-reference-physics-df274fc065cc402ba0e8f74e7a004c87 Created 
The '--headless' CLI argument is deprecated. Omit '--viz' for default headless. If config visualizers are enabled and you want to force headless, use '--viz none'.
Loading user config located at: '/isaac-sim/kit/data/Kit/IsaacLab/3.0/user.config.json'
2026-09-11T00:50:00Z [0ms] [Warning] [omni.ext.plugin] [ext: jobs] Extensions config 'extension.toml' doesn't exist '/output/jobs' or '/output/jobs/config'
2026-09-11T00:50:00Z [0ms] [Warning] [omni.ext.plugin] [ext: logs] Extensions config 'extension.toml' doesn't exist '/output/logs' or '/output/logs/config'
2026-09-11T00:50:00Z [0ms] [Warning] [omni.ext.plugin] [ext: standing] Extensions config 'extension.toml' doesn't exist '/output/standing' or '/output/standing/config'
2026-09-11T00:50:00Z [0ms] [Warning] [omni.ext.plugin] [ext: isaaclab_visualizers] Extensions config 'extension.toml' doesn't exist '/workspace/isaaclab/source/isaaclab_visualizers' or '/workspace/isaaclab/source/isaaclab_visualizers/config'
2026-09-11T00:50:00Z [109ms] [Warning] [carb.omniclient.plugin]  44: OmniHub: ThreadId(02) Hub encountered error. Trying to reconnect to Hub. retry_reason="Hub failed to launch: Io(\"child exited with exit status: 1 without writing file \\\"/tmp/hub-ubuntu-D1DD39F0.config.json\\\"\")"
2026-09-11T00:50:00Z [181ms] [Warning] [carb.omniclient.plugin]  44: OmniHub: ThreadId(02) Hub encountered error. Trying to reconnect to Hub. retry_reason="Hub failed to launch: Io(\"child exited with exit status: 1 without writing file \\\"/tmp/hub-ubuntu-D1DD39F0.config.json\\\"\")"
2026-09-11T00:50:00Z [264ms] [Warning] [carb.omniclient.plugin]  44: OmniHub: ThreadId(02) Hub encountered error. Trying to reconnect to Hub. retry_reason="Hub failed to launch: Io(\"child exited with exit status: 1 without writing file \\\"/tmp/hub-ubuntu-D1DD39F0.config.json\\\"\")"
2026-09-11T00:50:00Z [356ms] [Warning] [carb.omniclient.plugin]  44: OmniHub: ThreadId(02) Hub encountered error. Trying to reconnect to Hub. retry_reason="Hub failed to launch: Io(\"child exited with exit status: 1 without writing file \\\"/tmp/hub-ubuntu-D1DD39F0.config.json\\\"\")"
2026-09-11T00:50:00Z [458ms] [Warning] [carb.omniclient.plugin]  44: OmniHub: ThreadId(02) Hub encountered error. Trying to reconnect to Hub. retry_reason="Hub failed to launch: Io(\"child exited with exit status: 1 without writing file \\\"/tmp/hub-ubuntu-D1DD39F0.config.json\\\"\")"
2026-09-11T00:50:01Z [570ms] [Warning] [carb.omniclient.plugin]  44: OmniHub: ThreadId(02) Hub encountered error. Trying to reconnect to Hub. retry_reason="Hub failed to launch: Io(\"child exited with exit status: 1 without writing file \\\"/tmp/hub-ubuntu-D1DD39F0.config.json\\\"\")"
2026-09-11T00:50:01Z [692ms] [Warning] [carb.omniclient.plugin]  44: OmniHub: ThreadId(02) Hub encountered error. Trying to reconnect to Hub. retry_reason="Hub failed to launch: Io(\"child exited with exit status: 1 without writing file \\\"/tmp/hub-ubuntu-D1DD39F0.config.json\\\"\")"
2026-09-11T00:50:01Z [825ms] [Warning] [carb.omniclient.plugin]  44: OmniHub: ThreadId(02) Hub encountered error. Trying to reconnect to Hub. retry_reason="Hub failed to launch: Io(\"child exited with exit status: 1 without writing file \\\"/tmp/hub-ubuntu-D1DD39F0.config.json\\\"\")"
2026-09-11T00:50:01Z [969ms] [Warning] [carb.omniclient.plugin]  44: OmniHub: ThreadId(02) Hub encountered error. Trying to reconnect to Hub. retry_reason="Hub failed to launch: Io(\"child exited with exit status: 1 without writing file \\\"/tmp/hub-ubuntu-D1DD39F0.config.json\\\"\")"
2026-09-11T00:50:01Z [1,121ms] [Warning] [carb.omniclient.plugin]  44: OmniHub: ThreadId(02) Hub encountered error. Trying to reconnect to Hub. retry_reason="Hub failed to launch: Io(\"child exited with exit status: 1 without writing file \\\"/tmp/hub-ubuntu-D1DD39F0.config.json\\\"\")"
2026-09-11T00:50:01Z [1,283ms] [Warning] [carb.omniclient.plugin]  44: OmniHub: ThreadId(02) Hub encountered error. Trying to reconnect to Hub. retry_reason="Hub failed to launch: Io(\"child exited with exit status: 1 without writing file \\\"/tmp/hub-ubuntu-D1DD39F0.config.json\\\"\")"
2026-09-11T00:50:01Z [1,456ms] [Warning] [carb.omniclient.plugin]  44: OmniHub: ThreadId(02) Hub encountered error. Trying to reconnect to Hub. retry_reason="Hub failed to launch: Io(\"child exited with exit status: 1 without writing file \\\"/tmp/hub-ubuntu-D1DD39F0.config.json\\\"\")"
2026-09-11T00:50:02Z [1,638ms] [Warning] [carb.omniclient.plugin]  44: OmniHub: ThreadId(02) Hub encountered error. Trying to reconnect to Hub. retry_reason="Hub failed to launch: Io(\"child exited with exit status: 1 without writing file \\\"/tmp/hub-ubuntu-D1DD39F0.config.json\\\"\")"
2026-09-11T00:50:02Z [1,831ms] [Warning] [carb.omniclient.plugin]  44: OmniHub: ThreadId(02) Hub encountered error. Trying to reconnect to Hub. retry_reason="Hub failed to launch: Io(\"child exited with exit status: 1 without writing file \\\"/tmp/hub-ubuntu-D1DD39F0.config.json\\\"\")"
2026-09-11T00:50:02Z [2,033ms] [Warning] [carb.omniclient.plugin]  44: OmniHub: ThreadId(02) Hub encountered error. Trying to reconnect to Hub. retry_reason="Hub failed to launch: Io(\"child exited with exit status: 1 without writing file \\\"/tmp/hub-ubuntu-D1DD39F0.config.json\\\"\")"
2026-09-11T00:50:02Z [2,246ms] [Warning] [carb.omniclient.plugin]  44: OmniHub: ThreadId(02) Hub encountered error. Trying to reconnect to Hub. retry_reason="Hub failed to launch: Io(\"child exited with exit status: 1 without writing file \\\"/tmp/hub-ubuntu-D1DD39F0.config.json\\\"\")"
2026-09-11T00:50:03Z [2,467ms] [Warning] [carb.omniclient.plugin]  44: OmniHub: ThreadId(02) Hub encountered error. Trying to reconnect to Hub. retry_reason="Hub failed to launch: Io(\"child exited with exit status: 1 without writing file \\\"/tmp/hub-ubuntu-D1DD39F0.config.json\\\"\")"
2026-09-11T00:50:03Z [2,699ms] [Warning] [carb.omniclient.plugin]  44: OmniHub: ThreadId(02) Hub encountered error. Trying to reconnect to Hub. retry_reason="Hub failed to launch: Io(\"child exited with exit status: 1 without writing file \\\"/tmp/hub-ubuntu-D1DD39F0.config.json\\\"\")"
2026-09-11T00:50:03Z [2,942ms] [Warning] [carb.omniclient.plugin]  44: OmniHub: ThreadId(02) Hub encountered error. Trying to reconnect to Hub. retry_reason="Hub failed to launch: Io(\"child exited with exit status: 1 without writing file \\\"/tmp/hub-ubuntu-D1DD39F0.config.json\\\"\")"
2026-09-11T00:50:03Z [3,194ms] [Warning] [carb.omniclient.plugin]  44: OmniHub: ThreadId(02) Hub encountered error. Trying to reconnect to Hub. retry_reason="Hub failed to launch: Io(\"child exited with exit status: 1 without writing file \\\"/tmp/hub-ubuntu-D1DD39F0.config.json\\\"\")"
2026-09-11T00:50:03Z [3,456ms] [Warning] [carb.omniclient.plugin]  44: OmniHub: ThreadId(02) Hub encountered error. Trying to reconnect to Hub. retry_reason="Hub failed to launch: Io(\"child exited with exit status: 1 without writing file \\\"/tmp/hub-ubuntu-D1DD39F0.config.json\\\"\")"
2026-09-11T00:50:04Z [3,730ms] [Warning] [carb.omniclient.plugin]  44: OmniHub: ThreadId(02) Hub encountered error. Trying to reconnect to Hub. retry_reason="Hub failed to launch: Io(\"child exited with exit status: 1 without writing file \\\"/tmp/hub-ubuntu-D1DD39F0.config.json\\\"\")"
2026-09-11T00:50:04Z [4,012ms] [Warning] [carb.omniclient.plugin]  44: OmniHub: ThreadId(02) Hub encountered error. Trying to reconnect to Hub. retry_reason="Hub failed to launch: Io(\"child exited with exit status: 1 without writing file \\\"/tmp/hub-ubuntu-D1DD39F0.config.json\\\"\")"
2026-09-11T00:50:04Z [4,306ms] [Warning] [carb.omniclient.plugin]  44: OmniHub: ThreadId(02) Hub encountered error. Trying to reconnect to Hub. retry_reason="Hub failed to launch: Io(\"child exited with exit status: 1 without writing file \\\"/tmp/hub-ubuntu-D1DD39F0.config.json\\\"\")"
2026-09-11T00:50:05Z [4,609ms] [Warning] [carb.omniclient.plugin]  44: OmniHub: ThreadId(02) Hub encountered error. Trying to reconnect to Hub. retry_reason="Hub failed to launch: Io(\"child exited with exit status: 1 without writing file \\\"/tmp/hub-ubuntu-D1DD39F0.config.json\\\"\")"
2026-09-11T00:50:05Z [4,921ms] [Warning] [carb.omniclient.plugin]  44: OmniHub: ThreadId(02) Hub encountered error. Trying to reconnect to Hub. retry_reason="Hub failed to launch: Io(\"child exited with exit status: 1 without writing file \\\"/tmp/hub-ubuntu-D1DD39F0.config.json\\\"\")"
2026-09-11T00:50:05Z [5,244ms] [Warning] [carb.omniclient.plugin]  44: OmniHub: ThreadId(02) Hub encountered error. Trying to reconnect to Hub. retry_reason="Hub failed to launch: Io(\"child exited with exit status: 1 without writing file \\\"/tmp/hub-ubuntu-D1DD39F0.config.json\\\"\")"
2026-09-11T00:50:06Z [5,577ms] [Warning] [carb.omniclient.plugin]  44: OmniHub: ThreadId(02) Hub encountered error. Trying to reconnect to Hub. retry_reason="Hub failed to launch: Io(\"child exited with exit status: 1 without writing file \\\"/tmp/hub-ubuntu-D1DD39F0.config.json\\\"\")"
2026-09-11T00:50:06Z [5,920ms] [Warning] [carb.omniclient.plugin]  44: OmniHub: ThreadId(02) Hub encountered error. Trying to reconnect to Hub. retry_reason="Hub failed to launch: Io(\"child exited with exit status: 1 without writing file \\\"/tmp/hub-ubuntu-D1DD39F0.config.json\\\"\")"
2026-09-11T00:50:06Z [6,273ms] [Warning] [carb.omniclient.plugin]  44: OmniHub: ThreadId(02) Hub encountered error. Trying to reconnect to Hub. retry_reason="Hub failed to launch: Io(\"child exited with exit status: 1 without writing file \\\"/tmp/hub-ubuntu-D1DD39F0.config.json\\\"\")"
2026-09-11T00:50:07Z [6,636ms] [Warning] [carb.omniclient.plugin]  44: OmniHub: ThreadId(02) Hub encountered error. Trying to reconnect to Hub. retry_reason="Hub failed to launch: Io(\"child exited with exit status: 1 without writing file \\\"/tmp/hub-ubuntu-D1DD39F0.config.json\\\"\")"
2026-09-11T00:50:07Z [7,010ms] [Warning] [carb.omniclient.plugin]  44: OmniHub: ThreadId(02) Hub encountered error. Trying to reconnect to Hub. retry_reason="Hub failed to launch: Io(\"child exited with exit status: 1 without writing file \\\"/tmp/hub-ubuntu-D1DD39F0.config.json\\\"\")"
2026-09-11T00:50:07Z [7,394ms] [Warning] [carb.omniclient.plugin]  44: OmniHub: ThreadId(02) Hub encountered error. Trying to reconnect to Hub. retry_reason="Hub failed to launch: Io(\"child exited with exit status: 1 without writing file \\\"/tmp/hub-ubuntu-D1DD39F0.config.json\\\"\")"
2026-09-11T00:50:08Z [7,788ms] [Warning] [carb.omniclient.plugin]  44: OmniHub: ThreadId(02) Hub encountered error. Trying to reconnect to Hub. retry_reason="Hub failed to launch: Io(\"child exited with exit status: 1 without writing file \\\"/tmp/hub-ubuntu-D1DD39F0.config.json\\\"\")"
2026-09-11T00:50:08Z [8,190ms] [Warning] [carb.omniclient.plugin]  44: OmniHub: ThreadId(02) Hub encountered error. Trying to reconnect to Hub. retry_reason="Hub failed to launch: Io(\"child exited with exit status: 1 without writing file \\\"/tmp/hub-ubuntu-D1DD39F0.config.json\\\"\")"
2026-09-11T00:50:09Z [8,602ms] [Warning] [carb.omniclient.plugin]  44: OmniHub: ThreadId(02) Hub encountered error. Trying to reconnect to Hub. retry_reason="Hub failed to launch: Io(\"child exited with exit status: 1 without writing file \\\"/tmp/hub-ubuntu-D1DD39F0.config.json\\\"\")"
2026-09-11T00:50:09Z [9,025ms] [Warning] [carb.omniclient.plugin]  44: OmniHub: ThreadId(02) Hub encountered error. Trying to reconnect to Hub. retry_reason="Hub failed to launch: Io(\"child exited with exit status: 1 without writing file \\\"/tmp/hub-ubuntu-D1DD39F0.config.json\\\"\")"
2026-09-11T00:50:09Z [9,458ms] [Warning] [carb.omniclient.plugin]  44: OmniHub: ThreadId(02) Hub encountered error. Trying to reconnect to Hub. retry_reason="Hub failed to launch: Io(\"child exited with exit status: 1 without writing file \\\"/tmp/hub-ubuntu-D1DD39F0.config.json\\\"\")"
2026-09-11T00:50:10Z [9,901ms] [Warning] [carb.omniclient.plugin]  44: OmniHub: ThreadId(02) Hub encountered error. Trying to reconnect to Hub. retry_reason="Hub failed to launch: Io(\"child exited with exit status: 1 without writing file \\\"/tmp/hub-ubuntu-D1DD39F0.config.json\\\"\")"
WARNING: All log messages before absl::InitializeLog() is called are written to STDERR
E0000 00:00:1789087810.893256      11 descriptor_database.cc:633] File already exists in database: grpc/health/v1/health.proto
W0000 00:00:1789087810.893282      11 message.cc:301] Protobuf GeneratedMessageFactory: File is already registered: grpc/health/v1/health.proto
2026-09-11T00:50:10Z [10,391ms] [Warning] [omni.platforminfo.plugin] failed to open the default display.  Can't verify X Server version.
2026-09-11T00:50:10Z [10,394ms] [Warning] [omni.usd_config.extension] Enable omni.materialx.libs extension to use MaterialX
/workspace/isaaclab/_isaac_sim/kit/python/lib/python3.12/site-packages/torch/cuda/__init__.py:435: UserWarning: 
    Found GPU0 NVIDIA GB10 which is of cuda capability 12.1.
    Minimum and Maximum cuda capability supported by this version of PyTorch is
    (8.0) - (12.0)
    
  queued_call()
REFERENCE_SCREEN_APP_READY
[ISAACLAB] AppLauncher initialization complete
2026-09-11T00:50:19Z [18,832ms] [Warning] [usdrt.population.plugin] Last global time was not created. Did you call setEnableUsdNoticeHandling?
2026-09-11T00:50:19Z [19,349ms] [Warning] [omni.physx.tensors.plugin] DEPRECATED: Please use getDofFrictionProperties instead.
2026-09-11T00:50:20Z [19,529ms] [Warning] [omni.physx.tensors.plugin] Failed to find contact report API at '/Robot/joints'
2026-09-11T00:50:20Z [19,529ms] [Warning] [omni.physx.tensors.plugin] Failed to find contact report API at '/Robot_001/joints'
2026-09-11T00:50:20Z [19,529ms] [Warning] [omni.physx.tensors.plugin] Failed to find contact report API at '/Robot_002/joints'
2026-09-11T00:50:20Z [19,529ms] [Warning] [omni.physx.tensors.plugin] Failed to find contact report API at '/Robot_003/joints'
2026-09-11T00:50:20Z [19,529ms] [Warning] [omni.physx.tensors.plugin] Failed to find contact report API at '/Robot_004/joints'
2026-09-11T00:50:20Z [19,529ms] [Warning] [omni.physx.tensors.plugin] Failed to find contact report API at '/Robot_005/joints'
2026-09-11T00:50:20Z [19,529ms] [Warning] [omni.physx.tensors.plugin] Failed to find contact report API at '/Robot_006/joints'
2026-09-11T00:50:20Z [19,529ms] [Warning] [omni.physx.tensors.plugin] Failed to find contact report API at '/Robot_007/joints'
2026-09-11T00:50:20Z [19,529ms] [Warning] [omni.physx.tensors.plugin] Failed to find contact report API at '/Robot_008/joints'
2026-09-11T00:50:20Z [19,529ms] [Warning] [omni.physx.tensors.plugin] Failed to find contact report API at '/Robot_009/joints'
2026-09-11T00:50:20Z [19,529ms] [Warning] [omni.physx.tensors.plugin] Failed to find contact report API at '/Robot_010/joints'
2026-09-11T00:50:20Z [19,529ms] [Warning] [omni.physx.tensors.plugin] Failed to find contact report API at '/Robot_011/joints'
2026-09-11T00:50:20Z [19,529ms] [Warning] [omni.physx.tensors.plugin] Failed to find contact report API at '/Robot_012/joints'
2026-09-11T00:50:20Z [19,529ms] [Warning] [omni.physx.tensors.plugin] Failed to find contact report API at '/Robot_013/joints'
2026-09-11T00:50:20Z [19,529ms] [Warning] [omni.physx.tensors.plugin] Failed to find contact report API at '/Robot_014/joints'
2026-09-11T00:50:20Z [19,529ms] [Warning] [omni.physx.tensors.plugin] Failed to find contact report API at '/Robot_015/joints'
2026-09-11T00:50:20Z [19,530ms] [Warning] [omni.physx.tensors.plugin] Failed to find contact report API at '/Robot_016/joints'
2026-09-11T00:50:20Z [19,530ms] [Warning] [omni.physx.tensors.plugin] Failed to find contact report API at '/Robot_017/joints'
2026-09-11T00:50:20Z [19,530ms] [Warning] [omni.physx.tensors.plugin] Failed to find contact report API at '/Robot_018/joints'
2026-09-11T00:50:20Z [19,530ms] [Warning] [omni.physx.tensors.plugin] Failed to find contact report API at '/Robot_019/joints'
2026-09-11T00:50:20Z [19,530ms] [Warning] [omni.physx.tensors.plugin] Failed to find contact report API at '/Robot_020/joints'
2026-09-11T00:50:20Z [19,530ms] [Warning] [omni.physx.tensors.plugin] Failed to find contact report API at '/Robot_021/joints'
2026-09-11T00:50:20Z [19,530ms] [Warning] [omni.physx.tensors.plugin] Failed to find contact report API at '/Robot_022/joints'
2026-09-11T00:50:20Z [19,530ms] [Warning] [omni.physx.tensors.plugin] Failed to find contact report API at '/Robot_023/joints'
2026-09-11T00:50:20Z [19,530ms] [Warning] [omni.physx.tensors.plugin] Failed to find contact report API at '/Robot_024/joints'
2026-09-11T00:50:20Z [19,530ms] [Warning] [omni.physx.tensors.plugin] Failed to find contact report API at '/Robot_025/joints'
2026-09-11T00:50:20Z [19,530ms] [Warning] [omni.physx.tensors.plugin] Failed to find contact report API at '/Robot_026/joints'
2026-09-11T00:50:20Z [19,530ms] [Warning] [omni.physx.tensors.plugin] Failed to find contact report API at '/Robot_027/joints'
2026-09-11T00:50:20Z [19,530ms] [Warning] [omni.physx.tensors.plugin] Failed to find contact report API at '/Robot_028/joints'
2026-09-11T00:50:20Z [19,530ms] [Warning] [omni.physx.tensors.plugin] Failed to find contact report API at '/Robot_029/joints'
2026-09-11T00:50:20Z [19,530ms] [Warning] [omni.physx.tensors.plugin] Failed to find contact report API at '/Robot_030/joints'
2026-09-11T00:50:20Z [19,530ms] [Warning] [omni.physx.tensors.plugin] Failed to find contact report API at '/Robot_031/joints'
CANONICAL_STANDING control=100 replicas=32
CANONICAL_STANDING control=200 replicas=32
CANONICAL_STANDING control=300 replicas=32
CANONICAL_STANDING control=400 replicas=32
CANONICAL_STANDING control=500 replicas=32
CANONICAL_STANDING control=600 replicas=32
CANONICAL_STANDING control=700 replicas=32
CANONICAL_STANDING control=800 replicas=32
CANONICAL_STANDING control=900 replicas=32
CANONICAL_STANDING control=1000 replicas=32
CANONICAL_STANDING_ACQUISITION_COMPLETED standing_pass=False training_allowed=false
