time="2026-09-10T19:16:42-05:00" level=warning msg="No services to build"
time="2026-09-10T19:16:42-05:00" level=warning msg="No services to build"
 Container hexapod-reference-physics-61dc1a26fcf84da3aba8361284e72334 Creating 
 Container hexapod-reference-physics-61dc1a26fcf84da3aba8361284e72334 Created 
The '--headless' CLI argument is deprecated. Omit '--viz' for default headless. If config visualizers are enabled and you want to force headless, use '--viz none'.
Loading user config located at: '/isaac-sim/kit/data/Kit/IsaacLab/3.0/user.config.json'
2026-09-11T00:16:43Z [0ms] [Warning] [omni.ext.plugin] [ext: standing] Extensions config 'extension.toml' doesn't exist '/output/standing' or '/output/standing/config'
2026-09-11T00:16:43Z [0ms] [Warning] [omni.ext.plugin] [ext: isaaclab_visualizers] Extensions config 'extension.toml' doesn't exist '/workspace/isaaclab/source/isaaclab_visualizers' or '/workspace/isaaclab/source/isaaclab_visualizers/config'
2026-09-11T00:16:43Z [0ms] [Warning] [omni.ext.plugin] [ext: logs] Extensions config 'extension.toml' doesn't exist '/output/logs' or '/output/logs/config'
2026-09-11T00:16:43Z [0ms] [Warning] [omni.ext.plugin] [ext: jobs] Extensions config 'extension.toml' doesn't exist '/output/jobs' or '/output/jobs/config'
2026-09-11T00:16:43Z [110ms] [Warning] [carb.omniclient.plugin]  44: OmniHub: ThreadId(02) Hub encountered error. Trying to reconnect to Hub. retry_reason="Hub failed to launch: Io(\"child exited with exit status: 1 without writing file \\\"/tmp/hub-ubuntu-A0C7C373.config.json\\\"\")"
2026-09-11T00:16:43Z [182ms] [Warning] [carb.omniclient.plugin]  44: OmniHub: ThreadId(02) Hub encountered error. Trying to reconnect to Hub. retry_reason="Hub failed to launch: Io(\"child exited with exit status: 1 without writing file \\\"/tmp/hub-ubuntu-A0C7C373.config.json\\\"\")"
2026-09-11T00:16:43Z [264ms] [Warning] [carb.omniclient.plugin]  44: OmniHub: ThreadId(02) Hub encountered error. Trying to reconnect to Hub. retry_reason="Hub failed to launch: Io(\"child exited with exit status: 1 without writing file \\\"/tmp/hub-ubuntu-A0C7C373.config.json\\\"\")"
2026-09-11T00:16:43Z [356ms] [Warning] [carb.omniclient.plugin]  44: OmniHub: ThreadId(02) Hub encountered error. Trying to reconnect to Hub. retry_reason="Hub failed to launch: Io(\"child exited with exit status: 1 without writing file \\\"/tmp/hub-ubuntu-A0C7C373.config.json\\\"\")"
2026-09-11T00:16:44Z [459ms] [Warning] [carb.omniclient.plugin]  44: OmniHub: ThreadId(02) Hub encountered error. Trying to reconnect to Hub. retry_reason="Hub failed to launch: Io(\"child exited with exit status: 1 without writing file \\\"/tmp/hub-ubuntu-A0C7C373.config.json\\\"\")"
2026-09-11T00:16:44Z [572ms] [Warning] [carb.omniclient.plugin]  44: OmniHub: ThreadId(02) Hub encountered error. Trying to reconnect to Hub. retry_reason="Hub failed to launch: Io(\"child exited with exit status: 1 without writing file \\\"/tmp/hub-ubuntu-A0C7C373.config.json\\\"\")"
2026-09-11T00:16:44Z [694ms] [Warning] [carb.omniclient.plugin]  44: OmniHub: ThreadId(02) Hub encountered error. Trying to reconnect to Hub. retry_reason="Hub failed to launch: Io(\"child exited with exit status: 1 without writing file \\\"/tmp/hub-ubuntu-A0C7C373.config.json\\\"\")"
2026-09-11T00:16:44Z [827ms] [Warning] [carb.omniclient.plugin]  44: OmniHub: ThreadId(02) Hub encountered error. Trying to reconnect to Hub. retry_reason="Hub failed to launch: Io(\"child exited with exit status: 1 without writing file \\\"/tmp/hub-ubuntu-A0C7C373.config.json\\\"\")"
2026-09-11T00:16:44Z [970ms] [Warning] [carb.omniclient.plugin]  44: OmniHub: ThreadId(02) Hub encountered error. Trying to reconnect to Hub. retry_reason="Hub failed to launch: Io(\"child exited with exit status: 1 without writing file \\\"/tmp/hub-ubuntu-A0C7C373.config.json\\\"\")"
2026-09-11T00:16:44Z [1,122ms] [Warning] [carb.omniclient.plugin]  44: OmniHub: ThreadId(02) Hub encountered error. Trying to reconnect to Hub. retry_reason="Hub failed to launch: Io(\"child exited with exit status: 1 without writing file \\\"/tmp/hub-ubuntu-A0C7C373.config.json\\\"\")"
2026-09-11T00:16:44Z [1,285ms] [Warning] [carb.omniclient.plugin]  44: OmniHub: ThreadId(02) Hub encountered error. Trying to reconnect to Hub. retry_reason="Hub failed to launch: Io(\"child exited with exit status: 1 without writing file \\\"/tmp/hub-ubuntu-A0C7C373.config.json\\\"\")"
2026-09-11T00:16:45Z [1,458ms] [Warning] [carb.omniclient.plugin]  44: OmniHub: ThreadId(02) Hub encountered error. Trying to reconnect to Hub. retry_reason="Hub failed to launch: Io(\"child exited with exit status: 1 without writing file \\\"/tmp/hub-ubuntu-A0C7C373.config.json\\\"\")"
2026-09-11T00:16:45Z [1,642ms] [Warning] [carb.omniclient.plugin]  44: OmniHub: ThreadId(02) Hub encountered error. Trying to reconnect to Hub. retry_reason="Hub failed to launch: Io(\"child exited with exit status: 1 without writing file \\\"/tmp/hub-ubuntu-A0C7C373.config.json\\\"\")"
2026-09-11T00:16:45Z [1,834ms] [Warning] [carb.omniclient.plugin]  44: OmniHub: ThreadId(02) Hub encountered error. Trying to reconnect to Hub. retry_reason="Hub failed to launch: Io(\"child exited with exit status: 1 without writing file \\\"/tmp/hub-ubuntu-A0C7C373.config.json\\\"\")"
2026-09-11T00:16:45Z [2,036ms] [Warning] [carb.omniclient.plugin]  44: OmniHub: ThreadId(02) Hub encountered error. Trying to reconnect to Hub. retry_reason="Hub failed to launch: Io(\"child exited with exit status: 1 without writing file \\\"/tmp/hub-ubuntu-A0C7C373.config.json\\\"\")"
2026-09-11T00:16:45Z [2,248ms] [Warning] [carb.omniclient.plugin]  44: OmniHub: ThreadId(02) Hub encountered error. Trying to reconnect to Hub. retry_reason="Hub failed to launch: Io(\"child exited with exit status: 1 without writing file \\\"/tmp/hub-ubuntu-A0C7C373.config.json\\\"\")"
2026-09-11T00:16:46Z [2,471ms] [Warning] [carb.omniclient.plugin]  44: OmniHub: ThreadId(02) Hub encountered error. Trying to reconnect to Hub. retry_reason="Hub failed to launch: Io(\"child exited with exit status: 1 without writing file \\\"/tmp/hub-ubuntu-A0C7C373.config.json\\\"\")"
2026-09-11T00:16:46Z [2,705ms] [Warning] [carb.omniclient.plugin]  44: OmniHub: ThreadId(02) Hub encountered error. Trying to reconnect to Hub. retry_reason="Hub failed to launch: Io(\"child exited with exit status: 1 without writing file \\\"/tmp/hub-ubuntu-A0C7C373.config.json\\\"\")"
2026-09-11T00:16:46Z [2,947ms] [Warning] [carb.omniclient.plugin]  44: OmniHub: ThreadId(02) Hub encountered error. Trying to reconnect to Hub. retry_reason="Hub failed to launch: Io(\"child exited with exit status: 1 without writing file \\\"/tmp/hub-ubuntu-A0C7C373.config.json\\\"\")"
2026-09-11T00:16:46Z [3,199ms] [Warning] [carb.omniclient.plugin]  44: OmniHub: ThreadId(02) Hub encountered error. Trying to reconnect to Hub. retry_reason="Hub failed to launch: Io(\"child exited with exit status: 1 without writing file \\\"/tmp/hub-ubuntu-A0C7C373.config.json\\\"\")"
2026-09-11T00:16:47Z [3,461ms] [Warning] [carb.omniclient.plugin]  44: OmniHub: ThreadId(02) Hub encountered error. Trying to reconnect to Hub. retry_reason="Hub failed to launch: Io(\"child exited with exit status: 1 without writing file \\\"/tmp/hub-ubuntu-A0C7C373.config.json\\\"\")"
2026-09-11T00:16:47Z [3,734ms] [Warning] [carb.omniclient.plugin]  44: OmniHub: ThreadId(02) Hub encountered error. Trying to reconnect to Hub. retry_reason="Hub failed to launch: Io(\"child exited with exit status: 1 without writing file \\\"/tmp/hub-ubuntu-A0C7C373.config.json\\\"\")"
2026-09-11T00:16:47Z [4,016ms] [Warning] [carb.omniclient.plugin]  44: OmniHub: ThreadId(02) Hub encountered error. Trying to reconnect to Hub. retry_reason="Hub failed to launch: Io(\"child exited with exit status: 1 without writing file \\\"/tmp/hub-ubuntu-A0C7C373.config.json\\\"\")"
2026-09-11T00:16:47Z [4,309ms] [Warning] [carb.omniclient.plugin]  44: OmniHub: ThreadId(02) Hub encountered error. Trying to reconnect to Hub. retry_reason="Hub failed to launch: Io(\"child exited with exit status: 1 without writing file \\\"/tmp/hub-ubuntu-A0C7C373.config.json\\\"\")"
2026-09-11T00:16:48Z [4,612ms] [Warning] [carb.omniclient.plugin]  44: OmniHub: ThreadId(02) Hub encountered error. Trying to reconnect to Hub. retry_reason="Hub failed to launch: Io(\"child exited with exit status: 1 without writing file \\\"/tmp/hub-ubuntu-A0C7C373.config.json\\\"\")"
2026-09-11T00:16:48Z [4,924ms] [Warning] [carb.omniclient.plugin]  44: OmniHub: ThreadId(02) Hub encountered error. Trying to reconnect to Hub. retry_reason="Hub failed to launch: Io(\"child exited with exit status: 1 without writing file \\\"/tmp/hub-ubuntu-A0C7C373.config.json\\\"\")"
2026-09-11T00:16:48Z [5,247ms] [Warning] [carb.omniclient.plugin]  44: OmniHub: ThreadId(02) Hub encountered error. Trying to reconnect to Hub. retry_reason="Hub failed to launch: Io(\"child exited with exit status: 1 without writing file \\\"/tmp/hub-ubuntu-A0C7C373.config.json\\\"\")"
2026-09-11T00:16:49Z [5,580ms] [Warning] [carb.omniclient.plugin]  44: OmniHub: ThreadId(02) Hub encountered error. Trying to reconnect to Hub. retry_reason="Hub failed to launch: Io(\"child exited with exit status: 1 without writing file \\\"/tmp/hub-ubuntu-A0C7C373.config.json\\\"\")"
2026-09-11T00:16:49Z [5,922ms] [Warning] [carb.omniclient.plugin]  44: OmniHub: ThreadId(02) Hub encountered error. Trying to reconnect to Hub. retry_reason="Hub failed to launch: Io(\"child exited with exit status: 1 without writing file \\\"/tmp/hub-ubuntu-A0C7C373.config.json\\\"\")"
2026-09-11T00:16:49Z [6,275ms] [Warning] [carb.omniclient.plugin]  44: OmniHub: ThreadId(02) Hub encountered error. Trying to reconnect to Hub. retry_reason="Hub failed to launch: Io(\"child exited with exit status: 1 without writing file \\\"/tmp/hub-ubuntu-A0C7C373.config.json\\\"\")"
2026-09-11T00:16:50Z [6,638ms] [Warning] [carb.omniclient.plugin]  44: OmniHub: ThreadId(02) Hub encountered error. Trying to reconnect to Hub. retry_reason="Hub failed to launch: Io(\"child exited with exit status: 1 without writing file \\\"/tmp/hub-ubuntu-A0C7C373.config.json\\\"\")"
2026-09-11T00:16:50Z [7,010ms] [Warning] [carb.omniclient.plugin]  44: OmniHub: ThreadId(02) Hub encountered error. Trying to reconnect to Hub. retry_reason="Hub failed to launch: Io(\"child exited with exit status: 1 without writing file \\\"/tmp/hub-ubuntu-A0C7C373.config.json\\\"\")"
2026-09-11T00:16:51Z [7,392ms] [Warning] [carb.omniclient.plugin]  44: OmniHub: ThreadId(02) Hub encountered error. Trying to reconnect to Hub. retry_reason="Hub failed to launch: Io(\"child exited with exit status: 1 without writing file \\\"/tmp/hub-ubuntu-A0C7C373.config.json\\\"\")"
2026-09-11T00:16:51Z [7,785ms] [Warning] [carb.omniclient.plugin]  44: OmniHub: ThreadId(02) Hub encountered error. Trying to reconnect to Hub. retry_reason="Hub failed to launch: Io(\"child exited with exit status: 1 without writing file \\\"/tmp/hub-ubuntu-A0C7C373.config.json\\\"\")"
2026-09-11T00:16:51Z [8,187ms] [Warning] [carb.omniclient.plugin]  44: OmniHub: ThreadId(02) Hub encountered error. Trying to reconnect to Hub. retry_reason="Hub failed to launch: Io(\"child exited with exit status: 1 without writing file \\\"/tmp/hub-ubuntu-A0C7C373.config.json\\\"\")"
2026-09-11T00:16:52Z [8,601ms] [Warning] [carb.omniclient.plugin]  44: OmniHub: ThreadId(02) Hub encountered error. Trying to reconnect to Hub. retry_reason="Hub failed to launch: Io(\"child exited with exit status: 1 without writing file \\\"/tmp/hub-ubuntu-A0C7C373.config.json\\\"\")"
2026-09-11T00:16:52Z [9,021ms] [Warning] [carb.omniclient.plugin]  44: OmniHub: ThreadId(02) Hub encountered error. Trying to reconnect to Hub. retry_reason="Hub failed to launch: Io(\"child exited with exit status: 1 without writing file \\\"/tmp/hub-ubuntu-A0C7C373.config.json\\\"\")"
2026-09-11T00:16:53Z [9,454ms] [Warning] [carb.omniclient.plugin]  44: OmniHub: ThreadId(02) Hub encountered error. Trying to reconnect to Hub. retry_reason="Hub failed to launch: Io(\"child exited with exit status: 1 without writing file \\\"/tmp/hub-ubuntu-A0C7C373.config.json\\\"\")"
2026-09-11T00:16:53Z [9,896ms] [Warning] [carb.omniclient.plugin]  44: OmniHub: ThreadId(02) Hub encountered error. Trying to reconnect to Hub. retry_reason="Hub failed to launch: Io(\"child exited with exit status: 1 without writing file \\\"/tmp/hub-ubuntu-A0C7C373.config.json\\\"\")"
WARNING: All log messages before absl::InitializeLog() is called are written to STDERR
E0000 00:00:1789085813.998648      11 descriptor_database.cc:633] File already exists in database: grpc/health/v1/health.proto
W0000 00:00:1789085813.998674      11 message.cc:301] Protobuf GeneratedMessageFactory: File is already registered: grpc/health/v1/health.proto
2026-09-11T00:16:54Z [10,379ms] [Warning] [omni.platforminfo.plugin] failed to open the default display.  Can't verify X Server version.
2026-09-11T00:16:54Z [10,387ms] [Warning] [omni.usd_config.extension] Enable omni.materialx.libs extension to use MaterialX
/workspace/isaaclab/_isaac_sim/kit/python/lib/python3.12/site-packages/torch/cuda/__init__.py:435: UserWarning: 
    Found GPU0 NVIDIA GB10 which is of cuda capability 12.1.
    Minimum and Maximum cuda capability supported by this version of PyTorch is
    (8.0) - (12.0)
    
  queued_call()
[ISAACLAB] AppLauncher initialization complete
REFERENCE_SCREEN_APP_READY
2026-09-11T00:17:02Z [18,896ms] [Warning] [usdrt.population.plugin] Last global time was not created. Did you call setEnableUsdNoticeHandling?
2026-09-11T00:17:03Z [19,405ms] [Warning] [omni.physx.tensors.plugin] DEPRECATED: Please use getDofFrictionProperties instead.
2026-09-11T00:17:03Z [19,584ms] [Warning] [omni.physx.tensors.plugin] Failed to find contact report API at '/Robot/joints'
2026-09-11T00:17:03Z [19,584ms] [Warning] [omni.physx.tensors.plugin] Failed to find contact report API at '/Robot_001/joints'
2026-09-11T00:17:03Z [19,584ms] [Warning] [omni.physx.tensors.plugin] Failed to find contact report API at '/Robot_002/joints'
2026-09-11T00:17:03Z [19,584ms] [Warning] [omni.physx.tensors.plugin] Failed to find contact report API at '/Robot_003/joints'
2026-09-11T00:17:03Z [19,584ms] [Warning] [omni.physx.tensors.plugin] Failed to find contact report API at '/Robot_004/joints'
2026-09-11T00:17:03Z [19,584ms] [Warning] [omni.physx.tensors.plugin] Failed to find contact report API at '/Robot_005/joints'
2026-09-11T00:17:03Z [19,584ms] [Warning] [omni.physx.tensors.plugin] Failed to find contact report API at '/Robot_006/joints'
2026-09-11T00:17:03Z [19,584ms] [Warning] [omni.physx.tensors.plugin] Failed to find contact report API at '/Robot_007/joints'
2026-09-11T00:17:03Z [19,584ms] [Warning] [omni.physx.tensors.plugin] Failed to find contact report API at '/Robot_008/joints'
2026-09-11T00:17:03Z [19,585ms] [Warning] [omni.physx.tensors.plugin] Failed to find contact report API at '/Robot_009/joints'
2026-09-11T00:17:03Z [19,585ms] [Warning] [omni.physx.tensors.plugin] Failed to find contact report API at '/Robot_010/joints'
2026-09-11T00:17:03Z [19,585ms] [Warning] [omni.physx.tensors.plugin] Failed to find contact report API at '/Robot_011/joints'
2026-09-11T00:17:03Z [19,585ms] [Warning] [omni.physx.tensors.plugin] Failed to find contact report API at '/Robot_012/joints'
2026-09-11T00:17:03Z [19,585ms] [Warning] [omni.physx.tensors.plugin] Failed to find contact report API at '/Robot_013/joints'
2026-09-11T00:17:03Z [19,585ms] [Warning] [omni.physx.tensors.plugin] Failed to find contact report API at '/Robot_014/joints'
2026-09-11T00:17:03Z [19,585ms] [Warning] [omni.physx.tensors.plugin] Failed to find contact report API at '/Robot_015/joints'
2026-09-11T00:17:03Z [19,585ms] [Warning] [omni.physx.tensors.plugin] Failed to find contact report API at '/Robot_016/joints'
2026-09-11T00:17:03Z [19,585ms] [Warning] [omni.physx.tensors.plugin] Failed to find contact report API at '/Robot_017/joints'
2026-09-11T00:17:03Z [19,585ms] [Warning] [omni.physx.tensors.plugin] Failed to find contact report API at '/Robot_018/joints'
2026-09-11T00:17:03Z [19,585ms] [Warning] [omni.physx.tensors.plugin] Failed to find contact report API at '/Robot_019/joints'
2026-09-11T00:17:03Z [19,585ms] [Warning] [omni.physx.tensors.plugin] Failed to find contact report API at '/Robot_020/joints'
2026-09-11T00:17:03Z [19,585ms] [Warning] [omni.physx.tensors.plugin] Failed to find contact report API at '/Robot_021/joints'
2026-09-11T00:17:03Z [19,585ms] [Warning] [omni.physx.tensors.plugin] Failed to find contact report API at '/Robot_022/joints'
2026-09-11T00:17:03Z [19,585ms] [Warning] [omni.physx.tensors.plugin] Failed to find contact report API at '/Robot_023/joints'
2026-09-11T00:17:03Z [19,585ms] [Warning] [omni.physx.tensors.plugin] Failed to find contact report API at '/Robot_024/joints'
2026-09-11T00:17:03Z [19,585ms] [Warning] [omni.physx.tensors.plugin] Failed to find contact report API at '/Robot_025/joints'
2026-09-11T00:17:03Z [19,585ms] [Warning] [omni.physx.tensors.plugin] Failed to find contact report API at '/Robot_026/joints'
2026-09-11T00:17:03Z [19,585ms] [Warning] [omni.physx.tensors.plugin] Failed to find contact report API at '/Robot_027/joints'
2026-09-11T00:17:03Z [19,585ms] [Warning] [omni.physx.tensors.plugin] Failed to find contact report API at '/Robot_028/joints'
2026-09-11T00:17:03Z [19,585ms] [Warning] [omni.physx.tensors.plugin] Failed to find contact report API at '/Robot_029/joints'
2026-09-11T00:17:03Z [19,585ms] [Warning] [omni.physx.tensors.plugin] Failed to find contact report API at '/Robot_030/joints'
2026-09-11T00:17:03Z [19,585ms] [Warning] [omni.physx.tensors.plugin] Failed to find contact report API at '/Robot_031/joints'
CANONICAL_STANDING control=100 replicas=32
CANONICAL_STANDING control=200 replicas=32
CANONICAL_STANDING control=300 replicas=32
CANONICAL_STANDING control=400 replicas=32
CANONICAL_STANDING control=500 replicas=32
CANONICAL_STANDING control=600 replicas=32
CANONICAL_STANDING control=700 replicas=32
CANONICAL_STANDING control=800 replicas=32
CANONICAL_STANDING control=900 replicas=32

