time="2026-09-14T18:34:04-05:00" level=warning msg="No services to build"
time="2026-09-14T18:34:04-05:00" level=warning msg="No services to build"
 Container hexapod-reference-physics-3792552d2854492d818cd9a33a8146af Creating 
 Container hexapod-reference-physics-3792552d2854492d818cd9a33a8146af Created 
Loading user config located at: '/isaac-sim/kit/data/Kit/IsaacLab/3.0/user.config.json'
2026-09-14T23:34:05Z [Info] [carb] Logging to file: /isaac-sim/kit/logs/Kit/IsaacLab/3.0/kit_20260914_233405.log
2026-09-14T23:34:05Z [2ms] [Warning] [omni.ext.plugin] [ext: jobs] Extensions config 'extension.toml' doesn't exist '/output/jobs' or '/output/jobs/config'
2026-09-14T23:34:05Z [2ms] [Warning] [omni.ext.plugin] [ext: standing] Extensions config 'extension.toml' doesn't exist '/output/standing' or '/output/standing/config'
2026-09-14T23:34:05Z [3ms] [Warning] [omni.ext.plugin] [ext: logs] Extensions config 'extension.toml' doesn't exist '/output/logs' or '/output/logs/config'
2026-09-14T23:34:05Z [3ms] [Warning] [omni.ext.plugin] [ext: isaaclab_visualizers] Extensions config 'extension.toml' doesn't exist '/workspace/isaaclab/source/isaaclab_visualizers' or '/workspace/isaaclab/source/isaaclab_visualizers/config'
2026-09-14T23:34:05Z [208ms] [Warning] [carb.omniclient.plugin]  45: OmniHub: ThreadId(02) Hub encountered error. Trying to reconnect to Hub. retry_reason="Hub failed to launch: Io(\"child exited with exit status: 1 without writing file \\\"/tmp/hub-ubuntu-491CCC03.config.json\\\"\")"
2026-09-14T23:34:05Z [280ms] [Warning] [carb.omniclient.plugin]  45: OmniHub: ThreadId(02) Hub encountered error. Trying to reconnect to Hub. retry_reason="Hub failed to launch: Io(\"child exited with exit status: 1 without writing file \\\"/tmp/hub-ubuntu-491CCC03.config.json\\\"\")"
2026-09-14T23:34:05Z [361ms] [Warning] [carb.omniclient.plugin]  45: OmniHub: ThreadId(02) Hub encountered error. Trying to reconnect to Hub. retry_reason="Hub failed to launch: Io(\"child exited with exit status: 1 without writing file \\\"/tmp/hub-ubuntu-491CCC03.config.json\\\"\")"
2026-09-14T23:34:05Z [453ms] [Warning] [carb.omniclient.plugin]  45: OmniHub: ThreadId(02) Hub encountered error. Trying to reconnect to Hub. retry_reason="Hub failed to launch: Io(\"child exited with exit status: 1 without writing file \\\"/tmp/hub-ubuntu-491CCC03.config.json\\\"\")"
2026-09-14T23:34:05Z [555ms] [Warning] [carb.omniclient.plugin]  45: OmniHub: ThreadId(02) Hub encountered error. Trying to reconnect to Hub. retry_reason="Hub failed to launch: Io(\"child exited with exit status: 1 without writing file \\\"/tmp/hub-ubuntu-491CCC03.config.json\\\"\")"
2026-09-14T23:34:05Z [668ms] [Warning] [carb.omniclient.plugin]  45: OmniHub: ThreadId(02) Hub encountered error. Trying to reconnect to Hub. retry_reason="Hub failed to launch: Io(\"child exited with exit status: 1 without writing file \\\"/tmp/hub-ubuntu-491CCC03.config.json\\\"\")"
2026-09-14T23:34:05Z [791ms] [Warning] [carb.omniclient.plugin]  45: OmniHub: ThreadId(02) Hub encountered error. Trying to reconnect to Hub. retry_reason="Hub failed to launch: Io(\"child exited with exit status: 1 without writing file \\\"/tmp/hub-ubuntu-491CCC03.config.json\\\"\")"
2026-09-14T23:34:06Z [925ms] [Warning] [carb.omniclient.plugin]  45: OmniHub: ThreadId(02) Hub encountered error. Trying to reconnect to Hub. retry_reason="Hub failed to launch: Io(\"child exited with exit status: 1 without writing file \\\"/tmp/hub-ubuntu-491CCC03.config.json\\\"\")"
2026-09-14T23:34:06Z [1,068ms] [Warning] [carb.omniclient.plugin]  45: OmniHub: ThreadId(02) Hub encountered error. Trying to reconnect to Hub. retry_reason="Hub failed to launch: Io(\"child exited with exit status: 1 without writing file \\\"/tmp/hub-ubuntu-491CCC03.config.json\\\"\")"
2026-09-14T23:34:06Z [1,222ms] [Warning] [carb.omniclient.plugin]  45: OmniHub: ThreadId(02) Hub encountered error. Trying to reconnect to Hub. retry_reason="Hub failed to launch: Io(\"child exited with exit status: 1 without writing file \\\"/tmp/hub-ubuntu-491CCC03.config.json\\\"\")"
2026-09-14T23:34:06Z [1,386ms] [Warning] [carb.omniclient.plugin]  45: OmniHub: ThreadId(02) Hub encountered error. Trying to reconnect to Hub. retry_reason="Hub failed to launch: Io(\"child exited with exit status: 1 without writing file \\\"/tmp/hub-ubuntu-491CCC03.config.json\\\"\")"
2026-09-14T23:34:06Z [1,559ms] [Warning] [carb.omniclient.plugin]  45: OmniHub: ThreadId(02) Hub encountered error. Trying to reconnect to Hub. retry_reason="Hub failed to launch: Io(\"child exited with exit status: 1 without writing file \\\"/tmp/hub-ubuntu-491CCC03.config.json\\\"\")"
2026-09-14T23:34:06Z [1,743ms] [Warning] [carb.omniclient.plugin]  45: OmniHub: ThreadId(02) Hub encountered error. Trying to reconnect to Hub. retry_reason="Hub failed to launch: Io(\"child exited with exit status: 1 without writing file \\\"/tmp/hub-ubuntu-491CCC03.config.json\\\"\")"
2026-09-14T23:34:07Z [1,935ms] [Warning] [carb.omniclient.plugin]  45: OmniHub: ThreadId(02) Hub encountered error. Trying to reconnect to Hub. retry_reason="Hub failed to launch: Io(\"child exited with exit status: 1 without writing file \\\"/tmp/hub-ubuntu-491CCC03.config.json\\\"\")"
2026-09-14T23:34:07Z [2,138ms] [Warning] [carb.omniclient.plugin]  45: OmniHub: ThreadId(02) Hub encountered error. Trying to reconnect to Hub. retry_reason="Hub failed to launch: Io(\"child exited with exit status: 1 without writing file \\\"/tmp/hub-ubuntu-491CCC03.config.json\\\"\")"
2026-09-14T23:34:07Z [2,351ms] [Warning] [carb.omniclient.plugin]  45: OmniHub: ThreadId(02) Hub encountered error. Trying to reconnect to Hub. retry_reason="Hub failed to launch: Io(\"child exited with exit status: 1 without writing file \\\"/tmp/hub-ubuntu-491CCC03.config.json\\\"\")"
2026-09-14T23:34:07Z [2,574ms] [Warning] [carb.omniclient.plugin]  45: OmniHub: ThreadId(02) Hub encountered error. Trying to reconnect to Hub. retry_reason="Hub failed to launch: Io(\"child exited with exit status: 1 without writing file \\\"/tmp/hub-ubuntu-491CCC03.config.json\\\"\")"
2026-09-14T23:34:07Z [2,807ms] [Warning] [carb.omniclient.plugin]  45: OmniHub: ThreadId(02) Hub encountered error. Trying to reconnect to Hub. retry_reason="Hub failed to launch: Io(\"child exited with exit status: 1 without writing file \\\"/tmp/hub-ubuntu-491CCC03.config.json\\\"\")"
2026-09-14T23:34:08Z [3,051ms] [Warning] [carb.omniclient.plugin]  45: OmniHub: ThreadId(02) Hub encountered error. Trying to reconnect to Hub. retry_reason="Hub failed to launch: Io(\"child exited with exit status: 1 without writing file \\\"/tmp/hub-ubuntu-491CCC03.config.json\\\"\")"
2026-09-14T23:34:08Z [3,304ms] [Warning] [carb.omniclient.plugin]  45: OmniHub: ThreadId(02) Hub encountered error. Trying to reconnect to Hub. retry_reason="Hub failed to launch: Io(\"child exited with exit status: 1 without writing file \\\"/tmp/hub-ubuntu-491CCC03.config.json\\\"\")"
2026-09-14T23:34:08Z [3,568ms] [Warning] [carb.omniclient.plugin]  45: OmniHub: ThreadId(02) Hub encountered error. Trying to reconnect to Hub. retry_reason="Hub failed to launch: Io(\"child exited with exit status: 1 without writing file \\\"/tmp/hub-ubuntu-491CCC03.config.json\\\"\")"
2026-09-14T23:34:08Z [3,842ms] [Warning] [carb.omniclient.plugin]  45: OmniHub: ThreadId(02) Hub encountered error. Trying to reconnect to Hub. retry_reason="Hub failed to launch: Io(\"child exited with exit status: 1 without writing file \\\"/tmp/hub-ubuntu-491CCC03.config.json\\\"\")"
2026-09-14T23:34:09Z [4,125ms] [Warning] [carb.omniclient.plugin]  45: OmniHub: ThreadId(02) Hub encountered error. Trying to reconnect to Hub. retry_reason="Hub failed to launch: Io(\"child exited with exit status: 1 without writing file \\\"/tmp/hub-ubuntu-491CCC03.config.json\\\"\")"
2026-09-14T23:34:09Z [4,419ms] [Warning] [carb.omniclient.plugin]  45: OmniHub: ThreadId(02) Hub encountered error. Trying to reconnect to Hub. retry_reason="Hub failed to launch: Io(\"child exited with exit status: 1 without writing file \\\"/tmp/hub-ubuntu-491CCC03.config.json\\\"\")"
2026-09-14T23:34:09Z [4,720ms] [Warning] [carb.omniclient.plugin]  45: OmniHub: ThreadId(02) Hub encountered error. Trying to reconnect to Hub. retry_reason="Hub failed to launch: Io(\"child exited with exit status: 1 without writing file \\\"/tmp/hub-ubuntu-491CCC03.config.json\\\"\")"
2026-09-14T23:34:10Z [5,033ms] [Warning] [carb.omniclient.plugin]  45: OmniHub: ThreadId(02) Hub encountered error. Trying to reconnect to Hub. retry_reason="Hub failed to launch: Io(\"child exited with exit status: 1 without writing file \\\"/tmp/hub-ubuntu-491CCC03.config.json\\\"\")"
2026-09-14T23:34:10Z [5,357ms] [Warning] [carb.omniclient.plugin]  45: OmniHub: ThreadId(02) Hub encountered error. Trying to reconnect to Hub. retry_reason="Hub failed to launch: Io(\"child exited with exit status: 1 without writing file \\\"/tmp/hub-ubuntu-491CCC03.config.json\\\"\")"
2026-09-14T23:34:10Z [5,691ms] [Warning] [carb.omniclient.plugin]  45: OmniHub: ThreadId(02) Hub encountered error. Trying to reconnect to Hub. retry_reason="Hub failed to launch: Io(\"child exited with exit status: 1 without writing file \\\"/tmp/hub-ubuntu-491CCC03.config.json\\\"\")"
2026-09-14T23:34:11Z [6,034ms] [Warning] [carb.omniclient.plugin]  45: OmniHub: ThreadId(02) Hub encountered error. Trying to reconnect to Hub. retry_reason="Hub failed to launch: Io(\"child exited with exit status: 1 without writing file \\\"/tmp/hub-ubuntu-491CCC03.config.json\\\"\")"
2026-09-14T23:34:11Z [6,388ms] [Warning] [carb.omniclient.plugin]  45: OmniHub: ThreadId(02) Hub encountered error. Trying to reconnect to Hub. retry_reason="Hub failed to launch: Io(\"child exited with exit status: 1 without writing file \\\"/tmp/hub-ubuntu-491CCC03.config.json\\\"\")"
2026-09-14T23:34:11Z [6,751ms] [Warning] [carb.omniclient.plugin]  45: OmniHub: ThreadId(02) Hub encountered error. Trying to reconnect to Hub. retry_reason="Hub failed to launch: Io(\"child exited with exit status: 1 without writing file \\\"/tmp/hub-ubuntu-491CCC03.config.json\\\"\")"
2026-09-14T23:34:12Z [7,123ms] [Warning] [carb.omniclient.plugin]  45: OmniHub: ThreadId(02) Hub encountered error. Trying to reconnect to Hub. retry_reason="Hub failed to launch: Io(\"child exited with exit status: 1 without writing file \\\"/tmp/hub-ubuntu-491CCC03.config.json\\\"\")"
2026-09-14T23:34:12Z [7,507ms] [Warning] [carb.omniclient.plugin]  45: OmniHub: ThreadId(02) Hub encountered error. Trying to reconnect to Hub. retry_reason="Hub failed to launch: Io(\"child exited with exit status: 1 without writing file \\\"/tmp/hub-ubuntu-491CCC03.config.json\\\"\")"
2026-09-14T23:34:13Z [7,901ms] [Warning] [carb.omniclient.plugin]  45: OmniHub: ThreadId(02) Hub encountered error. Trying to reconnect to Hub. retry_reason="Hub failed to launch: Io(\"child exited with exit status: 1 without writing file \\\"/tmp/hub-ubuntu-491CCC03.config.json\\\"\")"
2026-09-14T23:34:13Z [8,304ms] [Warning] [carb.omniclient.plugin]  45: OmniHub: ThreadId(02) Hub encountered error. Trying to reconnect to Hub. retry_reason="Hub failed to launch: Io(\"child exited with exit status: 1 without writing file \\\"/tmp/hub-ubuntu-491CCC03.config.json\\\"\")"
2026-09-14T23:34:13Z [8,718ms] [Warning] [carb.omniclient.plugin]  45: OmniHub: ThreadId(02) Hub encountered error. Trying to reconnect to Hub. retry_reason="Hub failed to launch: Io(\"child exited with exit status: 1 without writing file \\\"/tmp/hub-ubuntu-491CCC03.config.json\\\"\")"
2026-09-14T23:34:14Z [9,142ms] [Warning] [carb.omniclient.plugin]  45: OmniHub: ThreadId(02) Hub encountered error. Trying to reconnect to Hub. retry_reason="Hub failed to launch: Io(\"child exited with exit status: 1 without writing file \\\"/tmp/hub-ubuntu-491CCC03.config.json\\\"\")"
2026-09-14T23:34:14Z [9,574ms] [Warning] [carb.omniclient.plugin]  45: OmniHub: ThreadId(02) Hub encountered error. Trying to reconnect to Hub. retry_reason="Hub failed to launch: Io(\"child exited with exit status: 1 without writing file \\\"/tmp/hub-ubuntu-491CCC03.config.json\\\"\")"
2026-09-14T23:34:15Z [10,018ms] [Warning] [carb.omniclient.plugin]  45: OmniHub: ThreadId(02) Hub encountered error. Trying to reconnect to Hub. retry_reason="Hub failed to launch: Io(\"child exited with exit status: 1 without writing file \\\"/tmp/hub-ubuntu-491CCC03.config.json\\\"\")"
WARNING: All log messages before absl::InitializeLog() is called are written to STDERR
E0000 00:00:1789428855.624419      11 descriptor_database.cc:633] File already exists in database: grpc/health/v1/health.proto
W0000 00:00:1789428855.624440      11 message.cc:301] Protobuf GeneratedMessageFactory: File is already registered: grpc/health/v1/health.proto
2026-09-14T23:34:15Z [10,502ms] [Warning] [omni.platforminfo.plugin] failed to open the default display.  Can't verify X Server version.

|---------------------------------------------------------------------------------------------|
| Driver Version: 580.173.02    | Graphics API: Vulkan
|=============================================================================================|
| GPU | Name                             | Active | LDA | GPU Memory | Vendor-ID | LUID       |
|     |                                  |        |     |            | Device-ID | UUID       |
|     |                                  |        |     |            | Bus-ID    |            |
|---------------------------------------------------------------------------------------------|
| 0   | NVIDIA GB10                      | Yes: 0 |     | 93457   MB | 10de      | 0          |
|     |                                  |        |     |            | 2e12      | 2166d556.. |
|     |                                  |        |     |            | 1         |            |
|=============================================================================================|
| OS: 24.04.3 LTS (Noble Numbat) ubuntu, Version: 24.04.3, Kernel: 6.17.0-1031-nvidia
| Processor: Cortex-A725
| Cores: 20 | Logical Cores: 20
|---------------------------------------------------------------------------------------------|
| Total Memory (MB): 124609 | Free Memory: 119779
| Total Page/Swap (MB): 16383 | Free Page/Swap: 0
|---------------------------------------------------------------------------------------------|
2026-09-14T23:34:17Z [12,134ms] [Warning] [carb.windowing-glfw.plugin] GLFW initialization failed.
2026-09-14T23:34:17Z [12,135ms] [Warning] [carb] Failed to startup plugin carb.windowing-glfw.plugin (interfaces: [carb::windowing::IGLContext v1.0],[carb::windowing::IWindowing v1.5]) (impl: carb.windowing-glfw.plugin)
2026-09-14T23:34:17Z [12,225ms] [Warning] [carb.windowing-glfw.plugin] GLFW initialization failed.
2026-09-14T23:34:17Z [12,225ms] [Warning] [carb] Failed to startup plugin carb.windowing-glfw.plugin (interfaces: [carb::windowing::IGLContext v1.0],[carb::windowing::IWindowing v1.5]) (impl: carb.windowing-glfw.plugin)
2026-09-14T23:34:17Z [12,226ms] [Warning] [carb.windowing-glfw.plugin] GLFW initialization failed.
2026-09-14T23:34:17Z [12,226ms] [Warning] [carb] Failed to startup plugin carb.windowing-glfw.plugin (interfaces: [carb::windowing::IGLContext v1.0],[carb::windowing::IWindowing v1.5]) (impl: carb.windowing-glfw.plugin)
2026-09-14T23:34:17Z [12,521ms] [Warning] [omni.log] Source: omni.hydra was already registered.
2026-09-14T23:34:19Z [13,856ms] [Warning] [pxr.Semantics] pxr.Semantics is deprecated - please use Semantics instead
2026-09-14T23:34:19Z [13,999ms] [Warning] [omni.replicator.core.scripts.extension] No material configuration file, adding configuration to material settings directly.
2026-09-14T23:34:20Z [15,345ms] [Warning] [rtx.hydra] RenderDelegate : Warning /rtx/hydra/readTransformsFromFabricInRenderDelegate and geometry streaming are enabled together but this can cause issues with dynamic objects not streaming correctly due to problems in the transform update.
/workspace/isaaclab/_isaac_sim/kit/python/lib/python3.12/site-packages/torch/cuda/__init__.py:435: UserWarning: 
    Found GPU0 NVIDIA GB10 which is of cuda capability 12.1.
    Minimum and Maximum cuda capability supported by this version of PyTorch is
    (8.0) - (12.0)
    
  queued_call()
[ISAACLAB] AppLauncher initialization complete
REFERENCE_SCREEN_APP_READY
[INFO]: Registered backend 'kit' for factory Visualizer.
2026-09-14T23:34:24Z [18,915ms] [Warning] [omni.physx.tensors.plugin] Failed to find contact report API at '/Robot_000/joints'
2026-09-14T23:34:25Z [19,977ms] [Warning] [omni.syntheticdata.plugin] OgnSdPostRenderVarToHost : rendervar copy from texture directly to host buffer is counter-performant. Please use copy from texture to device buffer first.
2026-09-14T23:34:25Z [20,625ms] [Warning] [omni.kit.material.library.material_extensions] Could not initialize context menu integration: No module named 'omni.kit.context_menu'
PAPER_EVALUATION {"probe_index": 0, "probe_count": 3, "declared_probe_count": 13, "case_ids": ["learning:translate_0.05_0deg"], "controls": 100, "requested_controls": 1000}
PAPER_EVALUATION {"probe_index": 0, "probe_count": 3, "declared_probe_count": 13, "case_ids": ["learning:translate_0.05_0deg"], "controls": 200, "requested_controls": 1000}
PAPER_EVALUATION {"probe_index": 0, "probe_count": 3, "declared_probe_count": 13, "case_ids": ["learning:translate_0.05_0deg"], "controls": 300, "requested_controls": 1000}
PAPER_EVALUATION {"probe_index": 0, "probe_count": 3, "declared_probe_count": 13, "case_ids": ["learning:translate_0.05_0deg"], "controls": 400, "requested_controls": 1000}
PAPER_EVALUATION {"probe_index": 0, "probe_count": 3, "declared_probe_count": 13, "case_ids": ["learning:translate_0.05_0deg"], "controls": 500, "requested_controls": 1000}
PAPER_EVALUATION {"probe_index": 0, "probe_count": 3, "declared_probe_count": 13, "case_ids": ["learning:translate_0.05_0deg"], "controls": 600, "requested_controls": 1000}
PAPER_EVALUATION {"probe_index": 0, "probe_count": 3, "declared_probe_count": 13, "case_ids": ["learning:translate_0.05_0deg"], "controls": 700, "requested_controls": 1000}
PAPER_EVALUATION {"probe_index": 0, "probe_count": 3, "declared_probe_count": 13, "case_ids": ["learning:translate_0.05_0deg"], "controls": 800, "requested_controls": 1000}
PAPER_EVALUATION {"probe_index": 0, "probe_count": 3, "declared_probe_count": 13, "case_ids": ["learning:translate_0.05_0deg"], "controls": 900, "requested_controls": 1000}
PAPER_EVALUATION {"probe_index": 0, "probe_count": 3, "declared_probe_count": 13, "case_ids": ["learning:translate_0.05_0deg"], "controls": 1000, "requested_controls": 1000}
PAPER_EVALUATION {"probe_index": 1, "probe_count": 3, "declared_probe_count": 13, "case_ids": ["learning:quiet_20s"], "controls": 100, "requested_controls": 1000}
PAPER_EVALUATION {"probe_index": 1, "probe_count": 3, "declared_probe_count": 13, "case_ids": ["learning:quiet_20s"], "controls": 200, "requested_controls": 1000}
PAPER_EVALUATION {"probe_index": 1, "probe_count": 3, "declared_probe_count": 13, "case_ids": ["learning:quiet_20s"], "controls": 300, "requested_controls": 1000}
PAPER_EVALUATION {"probe_index": 1, "probe_count": 3, "declared_probe_count": 13, "case_ids": ["learning:quiet_20s"], "controls": 400, "requested_controls": 1000}
PAPER_EVALUATION {"probe_index": 1, "probe_count": 3, "declared_probe_count": 13, "case_ids": ["learning:quiet_20s"], "controls": 500, "requested_controls": 1000}
PAPER_EVALUATION {"probe_index": 1, "probe_count": 3, "declared_probe_count": 13, "case_ids": ["learning:quiet_20s"], "controls": 600, "requested_controls": 1000}
PAPER_EVALUATION {"probe_index": 1, "probe_count": 3, "declared_probe_count": 13, "case_ids": ["learning:quiet_20s"], "controls": 700, "requested_controls": 1000}
PAPER_EVALUATION {"probe_index": 1, "probe_count": 3, "declared_probe_count": 13, "case_ids": ["learning:quiet_20s"], "controls": 800, "requested_controls": 1000}
PAPER_EVALUATION {"probe_index": 1, "probe_count": 3, "declared_probe_count": 13, "case_ids": ["learning:quiet_20s"], "controls": 900, "requested_controls": 1000}
PAPER_EVALUATION {"probe_index": 1, "probe_count": 3, "declared_probe_count": 13, "case_ids": ["learning:quiet_20s"], "controls": 1000, "requested_controls": 1000}
PAPER_EVALUATION {"probe_index": 2, "probe_count": 3, "declared_probe_count": 13, "case_ids": ["learning:forward_0.05_to_stop"], "controls": 100, "requested_controls": 1050}
PAPER_EVALUATION {"probe_index": 2, "probe_count": 3, "declared_probe_count": 13, "case_ids": ["learning:forward_0.05_to_stop"], "controls": 200, "requested_controls": 1050}
PAPER_EVALUATION {"probe_index": 2, "probe_count": 3, "declared_probe_count": 13, "case_ids": ["learning:forward_0.05_to_stop"], "controls": 300, "requested_controls": 1050}
PAPER_EVALUATION {"probe_index": 2, "probe_count": 3, "declared_probe_count": 13, "case_ids": ["learning:forward_0.05_to_stop"], "controls": 400, "requested_controls": 1050}
PAPER_EVALUATION {"probe_index": 2, "probe_count": 3, "declared_probe_count": 13, "case_ids": ["learning:forward_0.05_to_stop"], "controls": 500, "requested_controls": 1050}
PAPER_EVALUATION {"probe_index": 2, "probe_count": 3, "declared_probe_count": 13, "case_ids": ["learning:forward_0.05_to_stop"], "controls": 600, "requested_controls": 1050}
PAPER_EVALUATION {"probe_index": 2, "probe_count": 3, "declared_probe_count": 13, "case_ids": ["learning:forward_0.05_to_stop"], "controls": 700, "requested_controls": 1050}
PAPER_EVALUATION {"probe_index": 2, "probe_count": 3, "declared_probe_count": 13, "case_ids": ["learning:forward_0.05_to_stop"], "controls": 800, "requested_controls": 1050}
PAPER_EVALUATION {"probe_index": 2, "probe_count": 3, "declared_probe_count": 13, "case_ids": ["learning:forward_0.05_to_stop"], "controls": 900, "requested_controls": 1050}
PAPER_EVALUATION {"probe_index": 2, "probe_count": 3, "declared_probe_count": 13, "case_ids": ["learning:forward_0.05_to_stop"], "controls": 1000, "requested_controls": 1050}
