Ray frame 1 of 85 elapsed 0.5
Ray frame 21 of 85 elapsed 7.4
Ray frame 41 of 85 elapsed 14.4
Ray frame 61 of 85 elapsed 22.0
Ray frame 81 of 85 elapsed 28.5
[
  {
    "id": "2cam_continuous",
    "camera_count": 2,
    "sectors": [
      "lm",
      "rm"
    ],
    "dropout": false,
    "mean_instantaneous_visibility_fraction": 0.1788954248366013,
    "mean_retained_usable_fraction": 0.17999346405228756,
    "final_ever_observed_fraction": 0.21027777777777779,
    "mean_required_footprint_usable_fraction": 0.3374888979982236,
    "minimum_required_footprint_usable_fraction": 0.21951219512195122,
    "complete_required_footprint_frames": 0,
    "mean_required_footprint_optical_fraction": 0.7251902712304432,
    "mean_active_planned_footprint_usable_fraction": 0.5018796992481203,
    "mean_required_future_use_fraction": [
      0.3374888979982235,
      0.33403737104597925,
      0.0,
      0.0,
      0.0,
      0.0
    ]
  },
  {
    "id": "2cam_dropout",
    "camera_count": 2,
    "sectors": [
      "lm",
      "rm"
    ],
    "dropout": true,
    "mean_instantaneous_visibility_fraction": 0.1788954248366013,
    "mean_retained_usable_fraction": 0.17160457516339866,
    "final_ever_observed_fraction": 0.21027777777777779,
    "mean_required_footprint_usable_fraction": 0.3233712509394001,
    "minimum_required_footprint_usable_fraction": 0.0,
    "complete_required_footprint_frames": 0,
    "mean_required_footprint_optical_fraction": 0.7251902712304432,
    "mean_active_planned_footprint_usable_fraction": 0.4868421052631579,
    "mean_required_future_use_fraction": [
      0.32337125093940006,
      0.3163903122224499,
      0.0,
      0.0,
      0.0,
      0.0
    ]
  },
  {
    "id": "4cam_continuous",
    "camera_count": 4,
    "sectors": [
      "lf",
      "lm",
      "rm",
      "rr"
    ],
    "dropout": false,
    "mean_instantaneous_visibility_fraction": 0.33802614379084966,
    "mean_retained_usable_fraction": 0.33950653594771235,
    "final_ever_observed_fraction": 0.3827777777777778,
    "mean_required_footprint_usable_fraction": 0.3790315638450502,
    "minimum_required_footprint_usable_fraction": 0.3170731707317073,
    "complete_required_footprint_frames": 0,
    "mean_required_footprint_optical_fraction": 0.7747151055544168,
    "mean_active_planned_footprint_usable_fraction": 0.6390977443609023,
    "mean_required_future_use_fraction": [
      0.37903156384505066,
      0.3750198128031704,
      0.0,
      0.0,
      0.0,
      0.0
    ]
  },
  {
    "id": "4cam_dropout",
    "camera_count": 4,
    "sectors": [
      "lf",
      "lm",
      "rm",
      "rr"
    ],
    "dropout": true,
    "mean_instantaneous_visibility_fraction": 0.33802614379084966,
    "mean_retained_usable_fraction": 0.3234509803921568,
    "final_ever_observed_fraction": 0.3827777777777778,
    "mean_required_footprint_usable_fraction": 0.36256097560975614,
    "minimum_required_footprint_usable_fraction": 0.0,
    "complete_required_footprint_frames": 0,
    "mean_required_footprint_optical_fraction": 0.7747151055544168,
    "mean_active_planned_footprint_usable_fraction": 0.6203007518796992,
    "mean_required_future_use_fraction": [
      0.3625609756097565,
      0.35443157750905274,
      0.0,
      0.0,
      0.0,
      0.0
    ]
  },
  {
    "id": "6cam_continuous",
    "camera_count": 6,
    "sectors": [
      "lf",
      "lm",
      "lr",
      "rf",
      "rm",
      "rr"
    ],
    "dropout": false,
    "mean_instantaneous_visibility_fraction": 0.4081013071895425,
    "mean_retained_usable_fraction": 0.4096372549019608,
    "final_ever_observed_fraction": 0.45305555555555554,
    "mean_required_footprint_usable_fraction": 0.5525818132130902,
    "minimum_required_footprint_usable_fraction": 0.4878048780487805,
    "complete_required_footprint_frames": 0,
    "mean_required_footprint_optical_fraction": 1.0,
    "mean_active_planned_footprint_usable_fraction": 0.8211152882205514,
    "mean_required_future_use_fraction": [
      0.5525818132130905,
      0.5482899501263925,
      0.0,
      0.0,
      0.0,
      0.0
    ]
  },
  {
    "id": "6cam_dropout",
    "camera_count": 6,
    "sectors": [
      "lf",
      "lm",
      "lr",
      "rf",
      "rm",
      "rr"
    ],
    "dropout": true,
    "mean_instantaneous_visibility_fraction": 0.4081013071895425,
    "mean_retained_usable_fraction": 0.39027777777777783,
    "final_ever_observed_fraction": 0.45305555555555554,
    "mean_required_footprint_usable_fraction": 0.527875930860149,
    "minimum_required_footprint_usable_fraction": 0.0,
    "complete_required_footprint_frames": 0,
    "mean_required_footprint_optical_fraction": 1.0,
    "mean_active_planned_footprint_usable_fraction": 0.8023182957393483,
    "mean_required_future_use_fraction": [
      0.5278759308601493,
      0.5174075971852159,
      0.0,
      0.0,
      0.0,
      0.0
    ]
  }
]
