{
  "scope": "Optical and assumed uncertainty sensitivity on the same recorded motion, meshes and sample grid",
  "nominal_optical_depth_range_of_visible_points_m": [
    0.26553051523302684,
    0.2722555784439304
  ],
  "optical_cases": [
    {
      "effective_min_optical_depth_m": 0.07,
      "effective_image_roi_fraction": 1.0,
      "mean_instantaneous_ground_grid_fraction": 0.4081013071895425,
      "mean_required_footprint_visible_fraction": 0.5439984286397487,
      "basis": "Conservative synthetic usable-depth/crop sensitivity; nominal profile retains its original vendor-derived bounds"
    },
    {
      "effective_min_optical_depth_m": 0.07,
      "effective_image_roi_fraction": 0.9,
      "mean_instantaneous_ground_grid_fraction": 0.363375816993464,
      "mean_required_footprint_visible_fraction": 0.496210630593701,
      "basis": "Conservative synthetic usable-depth/crop sensitivity; nominal profile retains its original vendor-derived bounds"
    },
    {
      "effective_min_optical_depth_m": 0.07,
      "effective_image_roi_fraction": 0.8,
      "mean_instantaneous_ground_grid_fraction": 0.300173202614379,
      "mean_required_footprint_visible_fraction": 0.4494770103163216,
      "basis": "Conservative synthetic usable-depth/crop sensitivity; nominal profile retains its original vendor-derived bounds"
    },
    {
      "effective_min_optical_depth_m": 0.1,
      "effective_image_roi_fraction": 1.0,
      "mean_instantaneous_ground_grid_fraction": 0.4081013071895425,
      "mean_required_footprint_visible_fraction": 0.5439984286397487,
      "basis": "Conservative synthetic usable-depth/crop sensitivity; nominal profile retains its original vendor-derived bounds"
    },
    {
      "effective_min_optical_depth_m": 0.1,
      "effective_image_roi_fraction": 0.9,
      "mean_instantaneous_ground_grid_fraction": 0.363375816993464,
      "mean_required_footprint_visible_fraction": 0.496210630593701,
      "basis": "Conservative synthetic usable-depth/crop sensitivity; nominal profile retains its original vendor-derived bounds"
    },
    {
      "effective_min_optical_depth_m": 0.1,
      "effective_image_roi_fraction": 0.8,
      "mean_instantaneous_ground_grid_fraction": 0.300173202614379,
      "mean_required_footprint_visible_fraction": 0.4494770103163216,
      "basis": "Conservative synthetic usable-depth/crop sensitivity; nominal profile retains its original vendor-derived bounds"
    },
    {
      "effective_min_optical_depth_m": 0.2,
      "effective_image_roi_fraction": 1.0,
      "mean_instantaneous_ground_grid_fraction": 0.4081013071895425,
      "mean_required_footprint_visible_fraction": 0.5439984286397487,
      "basis": "Conservative synthetic usable-depth/crop sensitivity; nominal profile retains its original vendor-derived bounds"
    },
    {
      "effective_min_optical_depth_m": 0.2,
      "effective_image_roi_fraction": 0.9,
      "mean_instantaneous_ground_grid_fraction": 0.363375816993464,
      "mean_required_footprint_visible_fraction": 0.496210630593701,
      "basis": "Conservative synthetic usable-depth/crop sensitivity; nominal profile retains its original vendor-derived bounds"
    },
    {
      "effective_min_optical_depth_m": 0.2,
      "effective_image_roi_fraction": 0.8,
      "mean_instantaneous_ground_grid_fraction": 0.300173202614379,
      "mean_required_footprint_visible_fraction": 0.4494770103163216,
      "basis": "Conservative synthetic usable-depth/crop sensitivity; nominal profile retains its original vendor-derived bounds"
    },
    {
      "effective_min_optical_depth_m": 0.26,
      "effective_image_roi_fraction": 1.0,
      "mean_instantaneous_ground_grid_fraction": 0.4081013071895425,
      "mean_required_footprint_visible_fraction": 0.5439984286397487,
      "basis": "Conservative synthetic usable-depth/crop sensitivity; nominal profile retains its original vendor-derived bounds"
    },
    {
      "effective_min_optical_depth_m": 0.26,
      "effective_image_roi_fraction": 0.9,
      "mean_instantaneous_ground_grid_fraction": 0.363375816993464,
      "mean_required_footprint_visible_fraction": 0.496210630593701,
      "basis": "Conservative synthetic usable-depth/crop sensitivity; nominal profile retains its original vendor-derived bounds"
    },
    {
      "effective_min_optical_depth_m": 0.26,
      "effective_image_roi_fraction": 0.8,
      "mean_instantaneous_ground_grid_fraction": 0.300173202614379,
      "mean_required_footprint_visible_fraction": 0.4494770103163216,
      "basis": "Conservative synthetic usable-depth/crop sensitivity; nominal profile retains its original vendor-derived bounds"
    },
    {
      "effective_min_optical_depth_m": 0.3,
      "effective_image_roi_fraction": 1.0,
      "mean_instantaneous_ground_grid_fraction": 0.0,
      "mean_required_footprint_visible_fraction": 0.0,
      "basis": "Conservative synthetic usable-depth/crop sensitivity; nominal profile retains its original vendor-derived bounds"
    },
    {
      "effective_min_optical_depth_m": 0.3,
      "effective_image_roi_fraction": 0.9,
      "mean_instantaneous_ground_grid_fraction": 0.0,
      "mean_required_footprint_visible_fraction": 0.0,
      "basis": "Conservative synthetic usable-depth/crop sensitivity; nominal profile retains its original vendor-derived bounds"
    },
    {
      "effective_min_optical_depth_m": 0.3,
      "effective_image_roi_fraction": 0.8,
      "mean_instantaneous_ground_grid_fraction": 0.0,
      "mean_required_footprint_visible_fraction": 0.0,
      "basis": "Conservative synthetic usable-depth/crop sensitivity; nominal profile retains its original vendor-derived bounds"
    }
  ],
  "uncertainty_cases": [
    {
      "assumed_isotropic_point_sigma_m": 0.003,
      "assumed_300mm_lever_total_sigma_m": 0.003176476034853718,
      "usable_under_15mm_contract": true,
      "basis": "Unqualified synthetic noise/pose sensitivity"
    },
    {
      "assumed_isotropic_point_sigma_m": 0.01,
      "assumed_300mm_lever_total_sigma_m": 0.010054352291420866,
      "usable_under_15mm_contract": true,
      "basis": "Unqualified synthetic noise/pose sensitivity"
    },
    {
      "assumed_isotropic_point_sigma_m": 0.015,
      "assumed_300mm_lever_total_sigma_m": 0.015036289435894749,
      "usable_under_15mm_contract": false,
      "basis": "Unqualified synthetic noise/pose sensitivity"
    },
    {
      "assumed_isotropic_point_sigma_m": 0.02,
      "assumed_300mm_lever_total_sigma_m": 0.02002723146118804,
      "usable_under_15mm_contract": false,
      "basis": "Unqualified synthetic noise/pose sensitivity"
    }
  ],
  "hardware_qualification": false
}
