time="2026-09-16T21:14:35-05:00" level=warning msg="No services to build"
time="2026-09-16T21:14:35-05:00" level=warning msg="No services to build"
 Container hexapod-reference-physics-dd3e0c3bc3bc4ff7b8bbf16f46f83aa0 Creating 
 Container hexapod-reference-physics-dd3e0c3bc3bc4ff7b8bbf16f46f83aa0 Created 
Loading user config located at: '/isaac-sim/kit/data/Kit/IsaacLab/3.0/user.config.json'
2026-09-17T02:14:36Z [Info] [carb] Logging to file: /isaac-sim/kit/logs/Kit/IsaacLab/3.0/kit_20260917_021436.log
2026-09-17T02:14:36Z [2ms] [Warning] [omni.ext.plugin] [ext: logs] Extensions config 'extension.toml' doesn't exist '/output/logs' or '/output/logs/config'
2026-09-17T02:14:36Z [2ms] [Warning] [omni.ext.plugin] [ext: isaaclab_visualizers] Extensions config 'extension.toml' doesn't exist '/workspace/isaaclab/source/isaaclab_visualizers' or '/workspace/isaaclab/source/isaaclab_visualizers/config'
2026-09-17T02:14:36Z [2ms] [Warning] [omni.ext.plugin] [ext: jobs] Extensions config 'extension.toml' doesn't exist '/output/jobs' or '/output/jobs/config'
2026-09-17T02:14:36Z [2ms] [Warning] [omni.ext.plugin] [ext: standing] Extensions config 'extension.toml' doesn't exist '/output/standing' or '/output/standing/config'
2026-09-17T02:14:36Z [211ms] [Warning] [carb.omniclient.plugin]  44: OmniHub: ThreadId(02) Hub encountered error. Trying to reconnect to Hub. retry_reason="Hub failed to launch: Io(\"child exited with exit status: 1 without writing file \\\"/tmp/hub-ubuntu-5DAE399C.config.json\\\"\")"
2026-09-17T02:14:36Z [284ms] [Warning] [carb.omniclient.plugin]  44: OmniHub: ThreadId(02) Hub encountered error. Trying to reconnect to Hub. retry_reason="Hub failed to launch: Io(\"child exited with exit status: 1 without writing file \\\"/tmp/hub-ubuntu-5DAE399C.config.json\\\"\")"
2026-09-17T02:14:36Z [367ms] [Warning] [carb.omniclient.plugin]  44: OmniHub: ThreadId(02) Hub encountered error. Trying to reconnect to Hub. retry_reason="Hub failed to launch: Io(\"child exited with exit status: 1 without writing file \\\"/tmp/hub-ubuntu-5DAE399C.config.json\\\"\")"
2026-09-17T02:14:36Z [460ms] [Warning] [carb.omniclient.plugin]  44: OmniHub: ThreadId(02) Hub encountered error. Trying to reconnect to Hub. retry_reason="Hub failed to launch: Io(\"child exited with exit status: 1 without writing file \\\"/tmp/hub-ubuntu-5DAE399C.config.json\\\"\")"
2026-09-17T02:14:36Z [563ms] [Warning] [carb.omniclient.plugin]  44: OmniHub: ThreadId(02) Hub encountered error. Trying to reconnect to Hub. retry_reason="Hub failed to launch: Io(\"child exited with exit status: 1 without writing file \\\"/tmp/hub-ubuntu-5DAE399C.config.json\\\"\")"
2026-09-17T02:14:36Z [676ms] [Warning] [carb.omniclient.plugin]  44: OmniHub: ThreadId(02) Hub encountered error. Trying to reconnect to Hub. retry_reason="Hub failed to launch: Io(\"child exited with exit status: 1 without writing file \\\"/tmp/hub-ubuntu-5DAE399C.config.json\\\"\")"
2026-09-17T02:14:37Z [800ms] [Warning] [carb.omniclient.plugin]  44: OmniHub: ThreadId(02) Hub encountered error. Trying to reconnect to Hub. retry_reason="Hub failed to launch: Io(\"child exited with exit status: 1 without writing file \\\"/tmp/hub-ubuntu-5DAE399C.config.json\\\"\")"
2026-09-17T02:14:37Z [935ms] [Warning] [carb.omniclient.plugin]  44: OmniHub: ThreadId(02) Hub encountered error. Trying to reconnect to Hub. retry_reason="Hub failed to launch: Io(\"child exited with exit status: 1 without writing file \\\"/tmp/hub-ubuntu-5DAE399C.config.json\\\"\")"
2026-09-17T02:14:37Z [1,077ms] [Warning] [carb.omniclient.plugin]  44: OmniHub: ThreadId(02) Hub encountered error. Trying to reconnect to Hub. retry_reason="Hub failed to launch: Io(\"child exited with exit status: 1 without writing file \\\"/tmp/hub-ubuntu-5DAE399C.config.json\\\"\")"
2026-09-17T02:14:37Z [1,230ms] [Warning] [carb.omniclient.plugin]  44: OmniHub: ThreadId(02) Hub encountered error. Trying to reconnect to Hub. retry_reason="Hub failed to launch: Io(\"child exited with exit status: 1 without writing file \\\"/tmp/hub-ubuntu-5DAE399C.config.json\\\"\")"
2026-09-17T02:14:37Z [1,395ms] [Warning] [carb.omniclient.plugin]  44: OmniHub: ThreadId(02) Hub encountered error. Trying to reconnect to Hub. retry_reason="Hub failed to launch: Io(\"child exited with exit status: 1 without writing file \\\"/tmp/hub-ubuntu-5DAE399C.config.json\\\"\")"
2026-09-17T02:14:37Z [1,568ms] [Warning] [carb.omniclient.plugin]  44: OmniHub: ThreadId(02) Hub encountered error. Trying to reconnect to Hub. retry_reason="Hub failed to launch: Io(\"child exited with exit status: 1 without writing file \\\"/tmp/hub-ubuntu-5DAE399C.config.json\\\"\")"
2026-09-17T02:14:38Z [1,751ms] [Warning] [carb.omniclient.plugin]  44: OmniHub: ThreadId(02) Hub encountered error. Trying to reconnect to Hub. retry_reason="Hub failed to launch: Io(\"child exited with exit status: 1 without writing file \\\"/tmp/hub-ubuntu-5DAE399C.config.json\\\"\")"
2026-09-17T02:14:38Z [1,945ms] [Warning] [carb.omniclient.plugin]  44: OmniHub: ThreadId(02) Hub encountered error. Trying to reconnect to Hub. retry_reason="Hub failed to launch: Io(\"child exited with exit status: 1 without writing file \\\"/tmp/hub-ubuntu-5DAE399C.config.json\\\"\")"
2026-09-17T02:14:38Z [2,148ms] [Warning] [carb.omniclient.plugin]  44: OmniHub: ThreadId(02) Hub encountered error. Trying to reconnect to Hub. retry_reason="Hub failed to launch: Io(\"child exited with exit status: 1 without writing file \\\"/tmp/hub-ubuntu-5DAE399C.config.json\\\"\")"
2026-09-17T02:14:38Z [2,363ms] [Warning] [carb.omniclient.plugin]  44: OmniHub: ThreadId(02) Hub encountered error. Trying to reconnect to Hub. retry_reason="Hub failed to launch: Io(\"child exited with exit status: 1 without writing file \\\"/tmp/hub-ubuntu-5DAE399C.config.json\\\"\")"
2026-09-17T02:14:38Z [2,586ms] [Warning] [carb.omniclient.plugin]  44: OmniHub: ThreadId(02) Hub encountered error. Trying to reconnect to Hub. retry_reason="Hub failed to launch: Io(\"child exited with exit status: 1 without writing file \\\"/tmp/hub-ubuntu-5DAE399C.config.json\\\"\")"
2026-09-17T02:14:39Z [2,820ms] [Warning] [carb.omniclient.plugin]  44: OmniHub: ThreadId(02) Hub encountered error. Trying to reconnect to Hub. retry_reason="Hub failed to launch: Io(\"child exited with exit status: 1 without writing file \\\"/tmp/hub-ubuntu-5DAE399C.config.json\\\"\")"
2026-09-17T02:14:39Z [3,063ms] [Warning] [carb.omniclient.plugin]  44: OmniHub: ThreadId(02) Hub encountered error. Trying to reconnect to Hub. retry_reason="Hub failed to launch: Io(\"child exited with exit status: 1 without writing file \\\"/tmp/hub-ubuntu-5DAE399C.config.json\\\"\")"
2026-09-17T02:14:39Z [3,316ms] [Warning] [carb.omniclient.plugin]  44: OmniHub: ThreadId(02) Hub encountered error. Trying to reconnect to Hub. retry_reason="Hub failed to launch: Io(\"child exited with exit status: 1 without writing file \\\"/tmp/hub-ubuntu-5DAE399C.config.json\\\"\")"
2026-09-17T02:14:39Z [3,580ms] [Warning] [carb.omniclient.plugin]  44: OmniHub: ThreadId(02) Hub encountered error. Trying to reconnect to Hub. retry_reason="Hub failed to launch: Io(\"child exited with exit status: 1 without writing file \\\"/tmp/hub-ubuntu-5DAE399C.config.json\\\"\")"
2026-09-17T02:14:40Z [3,854ms] [Warning] [carb.omniclient.plugin]  44: OmniHub: ThreadId(02) Hub encountered error. Trying to reconnect to Hub. retry_reason="Hub failed to launch: Io(\"child exited with exit status: 1 without writing file \\\"/tmp/hub-ubuntu-5DAE399C.config.json\\\"\")"
2026-09-17T02:14:40Z [4,137ms] [Warning] [carb.omniclient.plugin]  44: OmniHub: ThreadId(02) Hub encountered error. Trying to reconnect to Hub. retry_reason="Hub failed to launch: Io(\"child exited with exit status: 1 without writing file \\\"/tmp/hub-ubuntu-5DAE399C.config.json\\\"\")"
2026-09-17T02:14:40Z [4,429ms] [Warning] [carb.omniclient.plugin]  44: OmniHub: ThreadId(02) Hub encountered error. Trying to reconnect to Hub. retry_reason="Hub failed to launch: Io(\"child exited with exit status: 1 without writing file \\\"/tmp/hub-ubuntu-5DAE399C.config.json\\\"\")"
2026-09-17T02:14:41Z [4,733ms] [Warning] [carb.omniclient.plugin]  44: OmniHub: ThreadId(02) Hub encountered error. Trying to reconnect to Hub. retry_reason="Hub failed to launch: Io(\"child exited with exit status: 1 without writing file \\\"/tmp/hub-ubuntu-5DAE399C.config.json\\\"\")"
2026-09-17T02:14:41Z [5,045ms] [Warning] [carb.omniclient.plugin]  44: OmniHub: ThreadId(02) Hub encountered error. Trying to reconnect to Hub. retry_reason="Hub failed to launch: Io(\"child exited with exit status: 1 without writing file \\\"/tmp/hub-ubuntu-5DAE399C.config.json\\\"\")"
2026-09-17T02:14:41Z [5,368ms] [Warning] [carb.omniclient.plugin]  44: OmniHub: ThreadId(02) Hub encountered error. Trying to reconnect to Hub. retry_reason="Hub failed to launch: Io(\"child exited with exit status: 1 without writing file \\\"/tmp/hub-ubuntu-5DAE399C.config.json\\\"\")"
2026-09-17T02:14:41Z [5,701ms] [Warning] [carb.omniclient.plugin]  44: OmniHub: ThreadId(02) Hub encountered error. Trying to reconnect to Hub. retry_reason="Hub failed to launch: Io(\"child exited with exit status: 1 without writing file \\\"/tmp/hub-ubuntu-5DAE399C.config.json\\\"\")"
2026-09-17T02:14:42Z [6,044ms] [Warning] [carb.omniclient.plugin]  44: OmniHub: ThreadId(02) Hub encountered error. Trying to reconnect to Hub. retry_reason="Hub failed to launch: Io(\"child exited with exit status: 1 without writing file \\\"/tmp/hub-ubuntu-5DAE399C.config.json\\\"\")"
2026-09-17T02:14:42Z [6,397ms] [Warning] [carb.omniclient.plugin]  44: OmniHub: ThreadId(02) Hub encountered error. Trying to reconnect to Hub. retry_reason="Hub failed to launch: Io(\"child exited with exit status: 1 without writing file \\\"/tmp/hub-ubuntu-5DAE399C.config.json\\\"\")"
2026-09-17T02:14:43Z [6,760ms] [Warning] [carb.omniclient.plugin]  44: OmniHub: ThreadId(02) Hub encountered error. Trying to reconnect to Hub. retry_reason="Hub failed to launch: Io(\"child exited with exit status: 1 without writing file \\\"/tmp/hub-ubuntu-5DAE399C.config.json\\\"\")"
2026-09-17T02:14:43Z [7,133ms] [Warning] [carb.omniclient.plugin]  44: OmniHub: ThreadId(02) Hub encountered error. Trying to reconnect to Hub. retry_reason="Hub failed to launch: Io(\"child exited with exit status: 1 without writing file \\\"/tmp/hub-ubuntu-5DAE399C.config.json\\\"\")"
2026-09-17T02:14:43Z [7,515ms] [Warning] [carb.omniclient.plugin]  44: OmniHub: ThreadId(02) Hub encountered error. Trying to reconnect to Hub. retry_reason="Hub failed to launch: Io(\"child exited with exit status: 1 without writing file \\\"/tmp/hub-ubuntu-5DAE399C.config.json\\\"\")"
2026-09-17T02:14:44Z [7,909ms] [Warning] [carb.omniclient.plugin]  44: OmniHub: ThreadId(02) Hub encountered error. Trying to reconnect to Hub. retry_reason="Hub failed to launch: Io(\"child exited with exit status: 1 without writing file \\\"/tmp/hub-ubuntu-5DAE399C.config.json\\\"\")"
2026-09-17T02:14:44Z [8,313ms] [Warning] [carb.omniclient.plugin]  44: OmniHub: ThreadId(02) Hub encountered error. Trying to reconnect to Hub. retry_reason="Hub failed to launch: Io(\"child exited with exit status: 1 without writing file \\\"/tmp/hub-ubuntu-5DAE399C.config.json\\\"\")"
2026-09-17T02:14:45Z [8,725ms] [Warning] [carb.omniclient.plugin]  44: OmniHub: ThreadId(02) Hub encountered error. Trying to reconnect to Hub. retry_reason="Hub failed to launch: Io(\"child exited with exit status: 1 without writing file \\\"/tmp/hub-ubuntu-5DAE399C.config.json\\\"\")"
2026-09-17T02:14:45Z [9,148ms] [Warning] [carb.omniclient.plugin]  44: OmniHub: ThreadId(02) Hub encountered error. Trying to reconnect to Hub. retry_reason="Hub failed to launch: Io(\"child exited with exit status: 1 without writing file \\\"/tmp/hub-ubuntu-5DAE399C.config.json\\\"\")"
2026-09-17T02:14:45Z [9,579ms] [Warning] [carb.omniclient.plugin]  44: OmniHub: ThreadId(02) Hub encountered error. Trying to reconnect to Hub. retry_reason="Hub failed to launch: Io(\"child exited with exit status: 1 without writing file \\\"/tmp/hub-ubuntu-5DAE399C.config.json\\\"\")"
2026-09-17T02:14:46Z [10,021ms] [Warning] [carb.omniclient.plugin]  44: OmniHub: ThreadId(02) Hub encountered error. Trying to reconnect to Hub. retry_reason="Hub failed to launch: Io(\"child exited with exit status: 1 without writing file \\\"/tmp/hub-ubuntu-5DAE399C.config.json\\\"\")"
WARNING: All log messages before absl::InitializeLog() is called are written to STDERR
E0000 00:00:1789611286.762957      10 descriptor_database.cc:633] File already exists in database: grpc/health/v1/health.proto
W0000 00:00:1789611286.762976      10 message.cc:301] Protobuf GeneratedMessageFactory: File is already registered: grpc/health/v1/health.proto
2026-09-17T02:14:46Z [10,506ms] [Warning] [omni.platforminfo.plugin] failed to open the default display.  Can't verify X Server version.

|---------------------------------------------------------------------------------------------|
| Driver Version: 580.173.02    | Graphics API: Vulkan
|=============================================================================================|
| GPU | Name                             | Active | LDA | GPU Memory | Vendor-ID | LUID       |
|     |                                  |        |     |            | Device-ID | UUID       |
|     |                                  |        |     |            | Bus-ID    |            |
|---------------------------------------------------------------------------------------------|
| 0   | NVIDIA GB10                      | Yes: 0 |     | 93457   MB | 10de      | 0          |
|     |                                  |        |     |            | 2e12      | 2166d556.. |
|     |                                  |        |     |            | 1         |            |
|=============================================================================================|
| OS: 24.04.3 LTS (Noble Numbat) ubuntu, Version: 24.04.3, Kernel: 6.17.0-1031-nvidia
| Processor: Cortex-A725
| Cores: 20 | Logical Cores: 20
|---------------------------------------------------------------------------------------------|
| Total Memory (MB): 124609 | Free Memory: 119294
| Total Page/Swap (MB): 16383 | Free Page/Swap: 0
|---------------------------------------------------------------------------------------------|
2026-09-17T02:14:48Z [12,144ms] [Warning] [carb.windowing-glfw.plugin] GLFW initialization failed.
2026-09-17T02:14:48Z [12,145ms] [Warning] [carb] Failed to startup plugin carb.windowing-glfw.plugin (interfaces: [carb::windowing::IGLContext v1.0],[carb::windowing::IWindowing v1.5]) (impl: carb.windowing-glfw.plugin)
2026-09-17T02:14:48Z [12,236ms] [Warning] [carb.windowing-glfw.plugin] GLFW initialization failed.
2026-09-17T02:14:48Z [12,236ms] [Warning] [carb] Failed to startup plugin carb.windowing-glfw.plugin (interfaces: [carb::windowing::IGLContext v1.0],[carb::windowing::IWindowing v1.5]) (impl: carb.windowing-glfw.plugin)
2026-09-17T02:14:48Z [12,237ms] [Warning] [carb.windowing-glfw.plugin] GLFW initialization failed.
2026-09-17T02:14:48Z [12,237ms] [Warning] [carb] Failed to startup plugin carb.windowing-glfw.plugin (interfaces: [carb::windowing::IGLContext v1.0],[carb::windowing::IWindowing v1.5]) (impl: carb.windowing-glfw.plugin)
2026-09-17T02:14:48Z [12,533ms] [Warning] [omni.log] Source: omni.hydra was already registered.
2026-09-17T02:14:50Z [13,863ms] [Warning] [pxr.Semantics] pxr.Semantics is deprecated - please use Semantics instead
2026-09-17T02:14:50Z [14,002ms] [Warning] [omni.replicator.core.scripts.extension] No material configuration file, adding configuration to material settings directly.
2026-09-17T02:14:51Z [15,269ms] [Warning] [rtx.hydra] RenderDelegate : Warning /rtx/hydra/readTransformsFromFabricInRenderDelegate and geometry streaming are enabled together but this can cause issues with dynamic objects not streaming correctly due to problems in the transform update.
/workspace/isaaclab/_isaac_sim/kit/python/lib/python3.12/site-packages/torch/cuda/__init__.py:435: UserWarning: 
    Found GPU0 NVIDIA GB10 which is of cuda capability 12.1.
    Minimum and Maximum cuda capability supported by this version of PyTorch is
    (8.0) - (12.0)
    
  queued_call()
[ISAACLAB] AppLauncher initialization complete
REFERENCE_SCREEN_APP_READY
[INFO]: Registered backend 'kit' for factory Visualizer.
2026-09-17T02:14:55Z [19,500ms] [Warning] [omni.physx.tensors.plugin] Failed to find contact report API at '/Robot_000/joints'
--------------------------------------------------------------------------------
Resolved observation sets: 
	 actor :  ['policy']
	 critic :  ['critic']
--------------------------------------------------------------------------------
Actor Model: MLPModel(
  (obs_normalizer): EmpiricalNormalization()
  (distribution): GaussianDistribution()
  (mlp): MLP(
    (0): Linear(in_features=231, out_features=256, bias=True)
    (1): ELU(alpha=1.0)
    (2): Linear(in_features=256, out_features=256, bias=True)
    (3): ELU(alpha=1.0)
    (4): Linear(in_features=256, out_features=128, bias=True)
    (5): ELU(alpha=1.0)
    (6): Linear(in_features=128, out_features=18, bias=True)
  )
)
Critic Model: MLPModel(
  (obs_normalizer): EmpiricalNormalization()
  (mlp): MLP(
    (0): Linear(in_features=234, out_features=256, bias=True)
    (1): ELU(alpha=1.0)
    (2): Linear(in_features=256, out_features=256, bias=True)
    (3): ELU(alpha=1.0)
    (4): Linear(in_features=256, out_features=128, bias=True)
    (5): ELU(alpha=1.0)
    (6): Linear(in_features=128, out_features=1, bias=True)
  )
)
2026-09-17T02:14:56Z [20,042ms] [Warning] [omni.syntheticdata.plugin] OgnSdPostRenderVarToHost : rendervar copy from texture directly to host buffer is counter-performant. Please use copy from texture to device buffer first.
2026-09-17T02:14:57Z [20,720ms] [Warning] [omni.kit.material.library.material_extensions] Could not initialize context menu integration: No module named 'omni.kit.context_menu'
{"case_ids": ["learning:translate_0.05_0deg"], "controls": 100, "requested_controls": 1000}
{"case_ids": ["learning:translate_0.05_0deg"], "controls": 200, "requested_controls": 1000}
{"case_ids": ["learning:translate_0.05_0deg"], "controls": 300, "requested_controls": 1000}
{"case_ids": ["learning:translate_0.05_0deg"], "controls": 400, "requested_controls": 1000}
{"case_ids": ["learning:translate_0.05_0deg"], "controls": 500, "requested_controls": 1000}
{"case_ids": ["learning:translate_0.05_0deg"], "controls": 600, "requested_controls": 1000}
{"case_ids": ["learning:translate_0.05_0deg"], "controls": 700, "requested_controls": 1000}
{"case_ids": ["learning:translate_0.05_0deg"], "controls": 800, "requested_controls": 1000}
{"case_ids": ["learning:translate_0.05_0deg"], "controls": 900, "requested_controls": 1000}
{"case_ids": ["learning:translate_0.05_0deg"], "controls": 1000, "requested_controls": 1000}
{"case_ids": ["learning:quiet_20s"], "controls": 100, "requested_controls": 1000}
{"case_ids": ["learning:quiet_20s"], "controls": 200, "requested_controls": 1000}
{"case_ids": ["learning:quiet_20s"], "controls": 300, "requested_controls": 1000}
{"case_ids": ["learning:quiet_20s"], "controls": 400, "requested_controls": 1000}
{"case_ids": ["learning:quiet_20s"], "controls": 500, "requested_controls": 1000}
{"case_ids": ["learning:quiet_20s"], "controls": 600, "requested_controls": 1000}
{"case_ids": ["learning:quiet_20s"], "controls": 700, "requested_controls": 1000}
{"case_ids": ["learning:quiet_20s"], "controls": 800, "requested_controls": 1000}
{"case_ids": ["learning:quiet_20s"], "controls": 900, "requested_controls": 1000}
{"case_ids": ["learning:quiet_20s"], "controls": 1000, "requested_controls": 1000}
{"case_ids": ["learning:forward_0.05_to_stop"], "controls": 100, "requested_controls": 1050}
{"case_ids": ["learning:forward_0.05_to_stop"], "controls": 200, "requested_controls": 1050}
{"case_ids": ["learning:forward_0.05_to_stop"], "controls": 300, "requested_controls": 1050}
{"case_ids": ["learning:forward_0.05_to_stop"], "controls": 400, "requested_controls": 1050}
{"case_ids": ["learning:forward_0.05_to_stop"], "controls": 500, "requested_controls": 1050}
{"case_ids": ["learning:forward_0.05_to_stop"], "controls": 600, "requested_controls": 1050}
{"case_ids": ["learning:forward_0.05_to_stop"], "controls": 700, "requested_controls": 1050}
{"case_ids": ["learning:forward_0.05_to_stop"], "controls": 800, "requested_controls": 1050}
{"case_ids": ["learning:forward_0.05_to_stop"], "controls": 900, "requested_controls": 1050}
{"case_ids": ["learning:forward_0.05_to_stop"], "controls": 1000, "requested_controls": 1050}
