2026-09-05T05:35:07.520251858Z Loading user config located at: '/isaac-sim/kit/data/Kit/IsaacLab/3.0/user.config.json'
2026-09-05T05:35:07.520312051Z 2026-09-05T05:35:05Z [0ms] [Warning] [omni.ext.plugin] [ext: isaaclab_visualizers] Extensions config 'extension.toml' doesn't exist '/workspace/isaaclab/source/isaaclab_visualizers' or '/workspace/isaaclab/source/isaaclab_visualizers/config'
2026-09-05T05:35:07.520316515Z 2026-09-05T05:35:05Z [110ms] [Warning] [carb.omniclient.plugin]  117: OmniHub: ThreadId(02) Hub encountered error. Trying to reconnect to Hub. retry_reason="Hub failed to launch: Io(\"child exited with exit status: 1 without writing file \\\"/tmp/hub-ubuntu-13466900.config.json\\\"\")"
2026-09-05T05:35:07.520319379Z 2026-09-05T05:35:05Z [182ms] [Warning] [carb.omniclient.plugin]  117: OmniHub: ThreadId(02) Hub encountered error. Trying to reconnect to Hub. retry_reason="Hub failed to launch: Io(\"child exited with exit status: 1 without writing file \\\"/tmp/hub-ubuntu-13466900.config.json\\\"\")"
2026-09-05T05:35:07.520321843Z 2026-09-05T05:35:05Z [264ms] [Warning] [carb.omniclient.plugin]  117: OmniHub: ThreadId(02) Hub encountered error. Trying to reconnect to Hub. retry_reason="Hub failed to launch: Io(\"child exited with exit status: 1 without writing file \\\"/tmp/hub-ubuntu-13466900.config.json\\\"\")"
2026-09-05T05:35:07.520324083Z 2026-09-05T05:35:06Z [355ms] [Warning] [carb.omniclient.plugin]  117: OmniHub: ThreadId(02) Hub encountered error. Trying to reconnect to Hub. retry_reason="Hub failed to launch: Io(\"child exited with exit status: 1 without writing file \\\"/tmp/hub-ubuntu-13466900.config.json\\\"\")"
2026-09-05T05:35:07.520326531Z 2026-09-05T05:35:06Z [457ms] [Warning] [carb.omniclient.plugin]  117: OmniHub: ThreadId(02) Hub encountered error. Trying to reconnect to Hub. retry_reason="Hub failed to launch: Io(\"child exited with exit status: 1 without writing file \\\"/tmp/hub-ubuntu-13466900.config.json\\\"\")"
2026-09-05T05:35:07.520329795Z 2026-09-05T05:35:06Z [569ms] [Warning] [carb.omniclient.plugin]  117: OmniHub: ThreadId(02) Hub encountered error. Trying to reconnect to Hub. retry_reason="Hub failed to launch: Io(\"child exited with exit status: 1 without writing file \\\"/tmp/hub-ubuntu-13466900.config.json\\\"\")"
2026-09-05T05:35:07.520332051Z 2026-09-05T05:35:06Z [692ms] [Warning] [carb.omniclient.plugin]  117: OmniHub: ThreadId(02) Hub encountered error. Trying to reconnect to Hub. retry_reason="Hub failed to launch: Io(\"child exited with exit status: 1 without writing file \\\"/tmp/hub-ubuntu-13466900.config.json\\\"\")"
2026-09-05T05:35:07.520334211Z 2026-09-05T05:35:06Z [825ms] [Warning] [carb.omniclient.plugin]  117: OmniHub: ThreadId(02) Hub encountered error. Trying to reconnect to Hub. retry_reason="Hub failed to launch: Io(\"child exited with exit status: 1 without writing file \\\"/tmp/hub-ubuntu-13466900.config.json\\\"\")"
2026-09-05T05:35:07.520336355Z 2026-09-05T05:35:06Z [968ms] [Warning] [carb.omniclient.plugin]  117: OmniHub: ThreadId(02) Hub encountered error. Trying to reconnect to Hub. retry_reason="Hub failed to launch: Io(\"child exited with exit status: 1 without writing file \\\"/tmp/hub-ubuntu-13466900.config.json\\\"\")"
2026-09-05T05:35:07.520338451Z 2026-09-05T05:35:06Z [1,120ms] [Warning] [carb.omniclient.plugin]  117: OmniHub: ThreadId(02) Hub encountered error. Trying to reconnect to Hub. retry_reason="Hub failed to launch: Io(\"child exited with exit status: 1 without writing file \\\"/tmp/hub-ubuntu-13466900.config.json\\\"\")"
2026-09-05T05:35:07.520345923Z 2026-09-05T05:35:06Z [1,282ms] [Warning] [carb.omniclient.plugin]  117: OmniHub: ThreadId(02) Hub encountered error. Trying to reconnect to Hub. retry_reason="Hub failed to launch: Io(\"child exited with exit status: 1 without writing file \\\"/tmp/hub-ubuntu-13466900.config.json\\\"\")"
2026-09-05T05:35:07.520348227Z 2026-09-05T05:35:07Z [1,454ms] [Warning] [carb.omniclient.plugin]  117: OmniHub: ThreadId(02) Hub encountered error. Trying to reconnect to Hub. retry_reason="Hub failed to launch: Io(\"child exited with exit status: 1 without writing file \\\"/tmp/hub-ubuntu-13466900.config.json\\\"\")"
2026-09-05T05:35:07.520350627Z 2026-09-05T05:35:07Z [1,636ms] [Warning] [carb.omniclient.plugin]  117: OmniHub: ThreadId(02) Hub encountered error. Trying to reconnect to Hub. retry_reason="Hub failed to launch: Io(\"child exited with exit status: 1 without writing file \\\"/tmp/hub-ubuntu-13466900.config.json\\\"\")"
2026-09-05T05:35:07.520353155Z 2026-09-05T05:35:07Z [1,828ms] [Warning] [carb.omniclient.plugin]  117: OmniHub: ThreadId(02) Hub encountered error. Trying to reconnect to Hub. retry_reason="Hub failed to launch: Io(\"child exited with exit status: 1 without writing file \\\"/tmp/hub-ubuntu-13466900.config.json\\\"\")"
2026-09-05T05:35:11.599724420Z 2026-09-05T05:35:07Z [2,030ms] [Warning] [carb.omniclient.plugin]  117: OmniHub: ThreadId(02) Hub encountered error. Trying to reconnect to Hub. retry_reason="Hub failed to launch: Io(\"child exited with exit status: 1 without writing file \\\"/tmp/hub-ubuntu-13466900.config.json\\\"\")"
2026-09-05T05:35:11.599744532Z 2026-09-05T05:35:07Z [2,242ms] [Warning] [carb.omniclient.plugin]  117: OmniHub: ThreadId(02) Hub encountered error. Trying to reconnect to Hub. retry_reason="Hub failed to launch: Io(\"child exited with exit status: 1 without writing file \\\"/tmp/hub-ubuntu-13466900.config.json\\\"\")"
2026-09-05T05:35:11.599746340Z 2026-09-05T05:35:08Z [2,464ms] [Warning] [carb.omniclient.plugin]  117: OmniHub: ThreadId(02) Hub encountered error. Trying to reconnect to Hub. retry_reason="Hub failed to launch: Io(\"child exited with exit status: 1 without writing file \\\"/tmp/hub-ubuntu-13466900.config.json\\\"\")"
2026-09-05T05:35:11.599747764Z 2026-09-05T05:35:08Z [2,697ms] [Warning] [carb.omniclient.plugin]  117: OmniHub: ThreadId(02) Hub encountered error. Trying to reconnect to Hub. retry_reason="Hub failed to launch: Io(\"child exited with exit status: 1 without writing file \\\"/tmp/hub-ubuntu-13466900.config.json\\\"\")"
2026-09-05T05:35:11.599749156Z 2026-09-05T05:35:08Z [2,938ms] [Warning] [carb.omniclient.plugin]  117: OmniHub: ThreadId(02) Hub encountered error. Trying to reconnect to Hub. retry_reason="Hub failed to launch: Io(\"child exited with exit status: 1 without writing file \\\"/tmp/hub-ubuntu-13466900.config.json\\\"\")"
2026-09-05T05:35:11.599750564Z 2026-09-05T05:35:08Z [3,190ms] [Warning] [carb.omniclient.plugin]  117: OmniHub: ThreadId(02) Hub encountered error. Trying to reconnect to Hub. retry_reason="Hub failed to launch: Io(\"child exited with exit status: 1 without writing file \\\"/tmp/hub-ubuntu-13466900.config.json\\\"\")"
2026-09-05T05:35:11.599752388Z 2026-09-05T05:35:09Z [3,452ms] [Warning] [carb.omniclient.plugin]  117: OmniHub: ThreadId(02) Hub encountered error. Trying to reconnect to Hub. retry_reason="Hub failed to launch: Io(\"child exited with exit status: 1 without writing file \\\"/tmp/hub-ubuntu-13466900.config.json\\\"\")"
2026-09-05T05:35:11.599762708Z 2026-09-05T05:35:09Z [3,724ms] [Warning] [carb.omniclient.plugin]  117: OmniHub: ThreadId(02) Hub encountered error. Trying to reconnect to Hub. retry_reason="Hub failed to launch: Io(\"child exited with exit status: 1 without writing file \\\"/tmp/hub-ubuntu-13466900.config.json\\\"\")"
2026-09-05T05:35:11.599764036Z 2026-09-05T05:35:09Z [4,007ms] [Warning] [carb.omniclient.plugin]  117: OmniHub: ThreadId(02) Hub encountered error. Trying to reconnect to Hub. retry_reason="Hub failed to launch: Io(\"child exited with exit status: 1 without writing file \\\"/tmp/hub-ubuntu-13466900.config.json\\\"\")"
2026-09-05T05:35:11.599765188Z 2026-09-05T05:35:09Z [4,298ms] [Warning] [carb.omniclient.plugin]  117: OmniHub: ThreadId(02) Hub encountered error. Trying to reconnect to Hub. retry_reason="Hub failed to launch: Io(\"child exited with exit status: 1 without writing file \\\"/tmp/hub-ubuntu-13466900.config.json\\\"\")"
2026-09-05T05:35:11.599766420Z 2026-09-05T05:35:10Z [4,601ms] [Warning] [carb.omniclient.plugin]  117: OmniHub: ThreadId(02) Hub encountered error. Trying to reconnect to Hub. retry_reason="Hub failed to launch: Io(\"child exited with exit status: 1 without writing file \\\"/tmp/hub-ubuntu-13466900.config.json\\\"\")"
2026-09-05T05:35:11.599767588Z 2026-09-05T05:35:10Z [4,913ms] [Warning] [carb.omniclient.plugin]  117: OmniHub: ThreadId(02) Hub encountered error. Trying to reconnect to Hub. retry_reason="Hub failed to launch: Io(\"child exited with exit status: 1 without writing file \\\"/tmp/hub-ubuntu-13466900.config.json\\\"\")"
2026-09-05T05:35:11.599768788Z 2026-09-05T05:35:10Z [5,233ms] [Warning] [carb.omniclient.plugin]  117: OmniHub: ThreadId(02) Hub encountered error. Trying to reconnect to Hub. retry_reason="Hub failed to launch: Io(\"child exited with exit status: 1 without writing file \\\"/tmp/hub-ubuntu-13466900.config.json\\\"\")"
2026-09-05T05:35:11.599769940Z 2026-09-05T05:35:11Z [5,564ms] [Warning] [carb.omniclient.plugin]  117: OmniHub: ThreadId(02) Hub encountered error. Trying to reconnect to Hub. retry_reason="Hub failed to launch: Io(\"child exited with exit status: 1 without writing file \\\"/tmp/hub-ubuntu-13466900.config.json\\\"\")"
2026-09-05T05:35:11.599771300Z 2026-09-05T05:35:11Z [5,907ms] [Warning] [carb.omniclient.plugin]  117: OmniHub: ThreadId(02) Hub encountered error. Trying to reconnect to Hub. retry_reason="Hub failed to launch: Io(\"child exited with exit status: 1 without writing file \\\"/tmp/hub-ubuntu-13466900.config.json\\\"\")"
2026-09-05T05:35:16.032690847Z WARNING: All log messages before absl::InitializeLog() is called are written to STDERR
2026-09-05T05:35:16.032720399Z E0000 00:00:1788586516.032483      25 descriptor_database.cc:633] File already exists in database: grpc/health/v1/health.proto
2026-09-05T05:35:16.032723279Z W0000 00:00:1788586516.032508      25 message.cc:301] Protobuf GeneratedMessageFactory: File is already registered: grpc/health/v1/health.proto
2026-09-05T05:35:17.186455259Z /workspace/isaaclab/_isaac_sim/kit/python/lib/python3.12/site-packages/torch/cuda/__init__.py:435: UserWarning: 
2026-09-05T05:35:17.186478987Z     Found GPU0 NVIDIA GB10 which is of cuda capability 12.1.
2026-09-05T05:35:17.186480395Z     Minimum and Maximum cuda capability supported by this version of PyTorch is
2026-09-05T05:35:17.186494236Z     (8.0) - (12.0)
2026-09-05T05:35:17.186495340Z     
2026-09-05T05:35:17.186496556Z   queued_call()
2026-09-05T05:35:17.187598386Z [ISAACLAB] AppLauncher initialization complete
2026-09-05T05:35:19.900720999Z [INFO]: Parsing configuration from: hexapod_rl.tasks.mkii_fourbar_v1:HexapodMkiiFourbarV1EnvCfg
2026-09-05T05:35:19.900753223Z [INFO]: Base environment:
2026-09-05T05:35:19.900755703Z 	Environment device    : cuda:0
2026-09-05T05:35:19.900757799Z 	Environment seed      : 0
2026-09-05T05:35:19.900759447Z 	Physics step-size     : 0.00125
2026-09-05T05:35:19.900761159Z 	Rendering step-size   : 0.02
2026-09-05T05:35:19.900762839Z 	Environment step-size : 0.02
2026-09-05T05:35:19.900764471Z [INFO]: Registered backend 'physx' for factory Articulation.
2026-09-05T05:35:19.956005529Z [INFO]: Registered backend 'physx' for factory ContactSensor.
2026-09-05T05:35:25.380471150Z [INFO]: Time taken for scene creation Last: 1.164744 s, Mean: 1.164744 s, Std: 0.000000 s, N: 1
2026-09-05T05:35:25.380510110Z [INFO]: Scene manager:  <class InteractiveScene>
2026-09-05T05:35:25.380513006Z 	Number of environments: 1
2026-09-05T05:35:25.380515038Z 	Environment spacing   : 2.0
2026-09-05T05:35:25.380517535Z 	Source prim name      : /World/envs/env_0
2026-09-05T05:35:25.380519215Z 	Global prim paths     : []
2026-09-05T05:35:25.380520767Z 	Replicate physics     : True
2026-09-05T05:35:25.380522463Z [INFO]: Starting the simulation. This may take a few seconds. Please wait...
2026-09-05T05:35:25.380524223Z [INFO]: Simulation parameters for joints in /World/envs/env_.*/Robot:
2026-09-05T05:35:25.380526111Z +---------------------------------------------------------------------------------------------------------------------------------------------------------------------------+
2026-09-05T05:35:25.380528479Z |                                                     Simulation Joint Information (Prim path: /World/envs/env_.*/Robot)                                                    |
2026-09-05T05:35:25.380530479Z +-------+----------------------+-----------+---------+----------+-----------------+------------------+------------------+-----------------+-----------------+---------------+
2026-09-05T05:35:25.380532495Z | Index | Name                 | Stiffness | Damping | Armature | Static Friction | Dynamic Friction | Viscous Friction | Position Limits | Velocity Limits | Effort Limits |
2026-09-05T05:35:25.380534527Z +-------+----------------------+-----------+---------+----------+-----------------+------------------+------------------+-----------------+-----------------+---------------+
2026-09-05T05:35:25.380536543Z |   0   | lf_coxa_yaw          |   0.000   |  0.000  |  0.001   |      0.010      |      0.010       |      0.002       | [-0.873, 0.873] |      50.265     |     5.500     |
2026-09-05T05:35:25.380538495Z |   1   | lm_coxa_yaw          |   0.000   |  0.000  |  0.001   |      0.010      |      0.010       |      0.002       | [-0.873, 0.873] |      50.265     |     5.500     |
2026-09-05T05:35:25.380558111Z |   2   | lr_coxa_yaw          |   0.000   |  0.000  |  0.001   |      0.010      |      0.010       |      0.002       | [-0.873, 0.873] |      50.265     |     5.500     |
2026-09-05T05:35:25.380561887Z |   3   | rf_coxa_yaw          |   0.000   |  0.000  |  0.001   |      0.010      |      0.010       |      0.002       | [-0.873, 0.873] |      50.265     |     5.500     |
2026-09-05T05:35:25.380565087Z |   4   | rm_coxa_yaw          |   0.000   |  0.000  |  0.001   |      0.010      |      0.010       |      0.002       | [-0.873, 0.873] |      50.265     |     5.500     |
2026-09-05T05:35:25.380567231Z |   5   | rr_coxa_yaw          |   0.000   |  0.000  |  0.001   |      0.010      |      0.010       |      0.002       | [-0.873, 0.873] |      50.265     |     5.500     |
2026-09-05T05:35:25.380569023Z |   6   | lf_femur_pitch       |   0.000   |  0.000  |  0.001   |      0.010      |      0.010       |      0.002       | [-1.745, 0.550] |      50.265     |     5.500     |
2026-09-05T05:35:25.380570879Z |   7   | lm_femur_pitch       |   0.000   |  0.000  |  0.001   |      0.010      |      0.010       |      0.002       | [-1.745, 0.550] |      50.265     |     5.500     |
2026-09-05T05:35:25.380572703Z |   8   | lr_femur_pitch       |   0.000   |  0.000  |  0.001   |      0.010      |      0.010       |      0.002       | [-1.745, 0.550] |      50.265     |     5.500     |
2026-09-05T05:35:25.380574479Z |   9   | rf_femur_pitch       |   0.000   |  0.000  |  0.001   |      0.010      |      0.010       |      0.002       | [-1.745, 0.550] |      50.265     |     5.500     |
2026-09-05T05:35:25.380576239Z |   10  | rm_femur_pitch       |   0.000   |  0.000  |  0.001   |      0.010      |      0.010       |      0.002       | [-1.745, 0.550] |      50.265     |     5.500     |
2026-09-05T05:35:25.380578047Z |   11  | rr_femur_pitch       |   0.000   |  0.000  |  0.001   |      0.010      |      0.010       |      0.002       | [-1.745, 0.550] |      50.265     |     5.500     |
2026-09-05T05:35:25.380580015Z |   12  | lf_tibia_lever_pivot |   0.000   |  0.000  |  0.001   |      0.010      |      0.010       |      0.002       | [-0.978, 1.722] |      50.265     |     5.500     |
2026-09-05T05:35:25.380581855Z |   13  | lf_tibia_pitch       |   0.000   |  0.000  |  0.000   |      0.000      |      0.000       |      0.000       | [-0.978, 1.722] |     1.7e+04     |     0.000     |
2026-09-05T05:35:25.380583759Z |   14  | lm_tibia_lever_pivot |   0.000   |  0.000  |  0.001   |      0.010      |      0.010       |      0.002       | [-0.990, 1.710] |      50.265     |     5.500     |
2026-09-05T05:35:25.380585791Z |   15  | lm_tibia_pitch       |   0.000   |  0.000  |  0.000   |      0.000      |      0.000       |      0.000       | [-0.990, 1.710] |     1.7e+04     |     0.000     |
2026-09-05T05:35:25.380587551Z |   16  | lr_tibia_lever_pivot |   0.000   |  0.000  |  0.001   |      0.010      |      0.010       |      0.002       | [-0.971, 1.729] |      50.265     |     5.500     |
2026-09-05T05:35:25.380589343Z |   17  | lr_tibia_pitch       |   0.000   |  0.000  |  0.000   |      0.000      |      0.000       |      0.000       | [-0.971, 1.729] |     1.7e+04     |     0.000     |
2026-09-05T05:35:25.380591103Z |   18  | rf_tibia_lever_pivot |   0.000   |  0.000  |  0.001   |      0.010      |      0.010       |      0.002       | [-0.950, 1.750] |      50.265     |     5.500     |
2026-09-05T05:35:25.380595711Z |   19  | rf_tibia_pitch       |   0.000   |  0.000  |  0.000   |      0.000      |      0.000       |      0.000       | [-0.950, 1.750] |     1.7e+04     |     0.000     |
2026-09-05T05:35:25.380597583Z |   20  | rm_tibia_lever_pivot |   0.000   |  0.000  |  0.001   |      0.010      |      0.010       |      0.002       | [-0.913, 1.787] |      50.265     |     5.500     |
2026-09-05T05:35:25.380599375Z |   21  | rm_tibia_pitch       |   0.000   |  0.000  |  0.000   |      0.000      |      0.000       |      0.000       | [-0.913, 1.787] |     1.7e+04     |     0.000     |
2026-09-05T05:35:25.380601135Z |   22  | rr_tibia_lever_pivot |   0.000   |  0.000  |  0.001   |      0.010      |      0.010       |      0.002       | [-0.950, 1.750] |      50.265     |     5.500     |
2026-09-05T05:35:25.380603183Z |   23  | rr_tibia_pitch       |   0.000   |  0.000  |  0.000   |      0.000      |      0.000       |      0.000       | [-0.950, 1.750] |     1.7e+04     |     0.000     |
2026-09-05T05:35:25.380604943Z |   24  | lf_tibia_rod_pivot   |   0.000   |  0.000  |  0.000   |      0.000      |      0.000       |      0.000       | [-1.722, 0.978] |     1.7e+04     |     0.000     |
2026-09-05T05:35:25.380606703Z |   25  | lm_tibia_rod_pivot   |   0.000   |  0.000  |  0.000   |      0.000      |      0.000       |      0.000       | [-1.710, 0.990] |     1.7e+04     |     0.000     |
2026-09-05T05:35:25.380608495Z |   26  | lr_tibia_rod_pivot   |   0.000   |  0.000  |  0.000   |      0.000      |      0.000       |      0.000       | [-1.729, 0.971] |     1.7e+04     |     0.000     |
2026-09-05T05:35:25.380610655Z |   27  | rf_tibia_rod_pivot   |   0.000   |  0.000  |  0.000   |      0.000      |      0.000       |      0.000       | [-1.750, 0.950] |     1.7e+04     |     0.000     |
2026-09-05T05:35:25.380612735Z |   28  | rm_tibia_rod_pivot   |   0.000   |  0.000  |  0.000   |      0.000      |      0.000       |      0.000       | [-1.787, 0.913] |     1.7e+04     |     0.000     |
2026-09-05T05:35:25.380614511Z |   29  | rr_tibia_rod_pivot   |   0.000   |  0.000  |  0.000   |      0.000      |      0.000       |      0.000       | [-1.750, 0.950] |     1.7e+04     |     0.000     |
2026-09-05T05:35:25.380616287Z +-------+----------------------+-----------+---------+----------+-----------------+------------------+------------------+-----------------+-----------------+---------------+
2026-09-05T05:37:03.618479207Z [INFO]: Time taken for simulation start Last: 4.571929 s, Mean: 4.571929 s, Std: 0.000000 s, N: 1
2026-09-05T05:37:03.618557688Z [INFO]: Completed setting up the environment...
2026-09-05T05:37:03.618562040Z FOURBAR_DIAGNOSTIC_SEGMENT {"segment": {"phase": "standing", "motors": [], "offset_rad": 0.0, "steps": 200}, "metrics": {"substeps": 2560, "height_sum": 347.4115522503853, "min_height_m": 0.13570687174797058, "max_applied_nm": 0.6657018661499023, "max_demand_nm": 0.6657018661499023, "max_closure_point_m": 4.4002601384818263e-07, "max_closure_axis_chord": 7.840681632842461e-07, "min_nonfoot_clearance_m": 0.025384262204170227, "nonfoot_contact_env_substeps": 0.0, "min_support": 6, "max_envelope_excess_nm": 0.0, "max_continuous_excess_nm": 0.0, "min_burst_headroom": 0.5005054473876953, "invalid_samples": 0.0, "max_passive_relation_error_rad": 2.7894973754882812e-05, "mean_height_m": 0.13570763759780674}}
2026-09-05T05:37:51.168338747Z FOURBAR_DIAGNOSTIC_SEGMENT {"segment": {"motors": ["lf_tibia_lever_pivot"], "offset_rad": 0.04, "steps": 100, "phase": "driven"}, "metrics": {"substeps": 1600, "height_sum": 217.63312184810638, "min_height_m": 0.13570868968963623, "max_applied_nm": 1.654292345046997, "max_demand_nm": 1.654292345046997, "max_closure_point_m": 1.481223421251343e-06, "max_closure_axis_chord": 7.610928491885716e-07, "min_nonfoot_clearance_m": 0.02529314160346985, "nonfoot_contact_env_substeps": 0.0, "min_support": 6, "max_envelope_excess_nm": 0.0, "max_continuous_excess_nm": 0.45429205894470215, "min_burst_headroom": 0.5005054473876953, "invalid_samples": 0.0, "max_passive_relation_error_rad": 8.225440979003906e-05, "mean_height_m": 0.13602070115506648}}
2026-09-05T05:38:37.721038610Z FOURBAR_DIAGNOSTIC_SEGMENT {"segment": {"motors": ["lf_tibia_lever_pivot"], "offset_rad": -0.04, "steps": 100, "phase": "driven"}, "metrics": {"substeps": 3200, "height_sum": 434.22135831415653, "min_height_m": 0.1353142261505127, "max_applied_nm": 1.654292345046997, "max_demand_nm": 1.654292345046997, "max_closure_point_m": 6.031952580087818e-06, "max_closure_axis_chord": 7.610928491885716e-07, "min_nonfoot_clearance_m": 0.02492690086364746, "nonfoot_contact_env_substeps": 0.0, "min_support": 5.0, "max_envelope_excess_nm": 0.0, "max_continuous_excess_nm": 0.45429205894470215, "min_burst_headroom": 0.5005054473876953, "invalid_samples": 0.0, "max_passive_relation_error_rad": 0.0001118779182434082, "mean_height_m": 0.13569417447317392}}
2026-09-05T05:39:24.297371903Z FOURBAR_DIAGNOSTIC_SEGMENT {"segment": {"motors": [], "offset_rad": 0.0, "steps": 100, "phase": "driven"}, "metrics": {"substeps": 4800, "height_sum": 651.2826774716377, "min_height_m": 0.1353142261505127, "max_applied_nm": 1.654292345046997, "max_demand_nm": 1.654292345046997, "max_closure_point_m": 6.031952580087818e-06, "max_closure_axis_chord": 7.610928491885716e-07, "min_nonfoot_clearance_m": 0.02492690086364746, "nonfoot_contact_env_substeps": 0.0, "min_support": 5.0, "max_envelope_excess_nm": 0.0, "max_continuous_excess_nm": 0.45429205894470215, "min_burst_headroom": 0.5005054473876953, "invalid_samples": 0.0, "max_passive_relation_error_rad": 0.0001118779182434082, "mean_height_m": 0.13568389113992452}}
2026-09-05T05:39:24.549100138Z [INFO]: SimulationContext cleared
2026-09-05T05:39:24.607348442Z 2026-09-05T05:35:11Z [6,259ms] [Warning] [carb.omniclient.plugin]  117: OmniHub: ThreadId(02) Hub encountered error. Trying to reconnect to Hub. retry_reason="Hub failed to launch: Io(\"child exited with exit status: 1 without writing file \\\"/tmp/hub-ubuntu-13466900.config.json\\\"\")"
2026-09-05T05:39:24.607429787Z 2026-09-05T05:35:12Z [6,622ms] [Warning] [carb.omniclient.plugin]  117: OmniHub: ThreadId(02) Hub encountered error. Trying to reconnect to Hub. retry_reason="Hub failed to launch: Io(\"child exited with exit status: 1 without writing file \\\"/tmp/hub-ubuntu-13466900.config.json\\\"\")"
2026-09-05T05:39:24.607438475Z 2026-09-05T05:35:12Z [6,994ms] [Warning] [carb.omniclient.plugin]  117: OmniHub: ThreadId(02) Hub encountered error. Trying to reconnect to Hub. retry_reason="Hub failed to launch: Io(\"child exited with exit status: 1 without writing file \\\"/tmp/hub-ubuntu-13466900.config.json\\\"\")"
2026-09-05T05:39:24.607440379Z 2026-09-05T05:35:13Z [7,377ms] [Warning] [carb.omniclient.plugin]  117: OmniHub: ThreadId(02) Hub encountered error. Trying to reconnect to Hub. retry_reason="Hub failed to launch: Io(\"child exited with exit status: 1 without writing file \\\"/tmp/hub-ubuntu-13466900.config.json\\\"\")"
2026-09-05T05:39:24.607453803Z 2026-09-05T05:35:13Z [7,769ms] [Warning] [carb.omniclient.plugin]  117: OmniHub: ThreadId(02) Hub encountered error. Trying to reconnect to Hub. retry_reason="Hub failed to launch: Io(\"child exited with exit status: 1 without writing file \\\"/tmp/hub-ubuntu-13466900.config.json\\\"\")"
2026-09-05T05:39:24.607455131Z 2026-09-05T05:35:13Z [8,172ms] [Warning] [carb.omniclient.plugin]  117: OmniHub: ThreadId(02) Hub encountered error. Trying to reconnect to Hub. retry_reason="Hub failed to launch: Io(\"child exited with exit status: 1 without writing file \\\"/tmp/hub-ubuntu-13466900.config.json\\\"\")"
2026-09-05T05:39:24.607456363Z 2026-09-05T05:35:14Z [8,584ms] [Warning] [carb.omniclient.plugin]  117: OmniHub: ThreadId(02) Hub encountered error. Trying to reconnect to Hub. retry_reason="Hub failed to launch: Io(\"child exited with exit status: 1 without writing file \\\"/tmp/hub-ubuntu-13466900.config.json\\\"\")"
2026-09-05T05:39:24.607461195Z 2026-09-05T05:35:14Z [9,007ms] [Warning] [carb.omniclient.plugin]  117: OmniHub: ThreadId(02) Hub encountered error. Trying to reconnect to Hub. retry_reason="Hub failed to launch: Io(\"child exited with exit status: 1 without writing file \\\"/tmp/hub-ubuntu-13466900.config.json\\\"\")"
2026-09-05T05:39:24.607462811Z 2026-09-05T05:35:15Z [9,440ms] [Warning] [carb.omniclient.plugin]  117: OmniHub: ThreadId(02) Hub encountered error. Trying to reconnect to Hub. retry_reason="Hub failed to launch: Io(\"child exited with exit status: 1 without writing file \\\"/tmp/hub-ubuntu-13466900.config.json\\\"\")"
2026-09-05T05:39:24.607465131Z 2026-09-05T05:35:15Z [9,884ms] [Warning] [carb.omniclient.plugin]  117: OmniHub: ThreadId(02) Hub encountered error. Trying to reconnect to Hub. retry_reason="Hub failed to launch: Io(\"child exited with exit status: 1 without writing file \\\"/tmp/hub-ubuntu-13466900.config.json\\\"\")"
2026-09-05T05:39:24.607466427Z 2026-09-05T05:35:16Z [10,356ms] [Warning] [omni.usd_config.extension] Enable omni.materialx.libs extension to use MaterialX
2026-09-05T05:39:24.607467723Z 2026-09-05T05:35:22Z [16,431ms] [Warning] [usdrt.population.plugin] Last global time was not created. Did you call setEnableUsdNoticeHandling?
2026-09-05T05:39:24.607468731Z 2026-09-05T05:35:25Z [19,684ms] [Warning] [isaaclab_physx.assets.articulation.articulation] Not all actuators are configured! Total number of actuated joints not equal to number of joints available: 18 != 30.
