{
  "raw_payloads_verified": 38,
  "source_files_verified": 934,
  "standing32_physical_and_quiet_replay_passed": true,
  "pair_proposed_criteria_replay_passed": true,
  "measured_bounds_extrema": {
    "measured_support_margin_m": 0.18500739457377144,
    "body_displacement_m": 0.0007910598651506007,
    "body_rotation_rad": 0.0013420590994757224,
    "corner_drift_m": 0.000751606270387,
    "corner_max_slip_mps": 0.010451099835336208
  },
  "max_actual_substep_requested": {
    "index": 3604,
    "relative_pair_time_s": 9.01,
    "physical_time_s": 13.01,
    "runtime_joint": "revolute_2_3",
    "torque_nm": -1.401371717453003
  },
  "numeric_replay_differences": []
}
