time="2026-09-14T12:39:06-05:00" level=warning msg="No services to build"
time="2026-09-14T12:39:06-05:00" level=warning msg="No services to build"
 Container hexapod-reference-physics-8c8f94ef65514b68b2f4119e0c22dd7e Creating 
 Container hexapod-reference-physics-8c8f94ef65514b68b2f4119e0c22dd7e Created 
The '--headless' CLI argument is deprecated. Omit '--viz' for default headless. If config visualizers are enabled and you want to force headless, use '--viz none'.
Loading user config located at: '/isaac-sim/kit/data/Kit/IsaacLab/3.0/user.config.json'
2026-09-14T17:39:07Z [0ms] [Warning] [omni.ext.plugin] [ext: jobs] Extensions config 'extension.toml' doesn't exist '/output/jobs' or '/output/jobs/config'
2026-09-14T17:39:07Z [0ms] [Warning] [omni.ext.plugin] [ext: standing] Extensions config 'extension.toml' doesn't exist '/output/standing' or '/output/standing/config'
2026-09-14T17:39:07Z [0ms] [Warning] [omni.ext.plugin] [ext: isaaclab_visualizers] Extensions config 'extension.toml' doesn't exist '/workspace/isaaclab/source/isaaclab_visualizers' or '/workspace/isaaclab/source/isaaclab_visualizers/config'
2026-09-14T17:39:07Z [0ms] [Warning] [omni.ext.plugin] [ext: logs] Extensions config 'extension.toml' doesn't exist '/output/logs' or '/output/logs/config'
2026-09-14T17:39:07Z [109ms] [Warning] [carb.omniclient.plugin]  44: OmniHub: ThreadId(02) Hub encountered error. Trying to reconnect to Hub. retry_reason="Hub failed to launch: Io(\"child exited with exit status: 1 without writing file \\\"/tmp/hub-ubuntu-3E248179.config.json\\\"\")"
2026-09-14T17:39:07Z [182ms] [Warning] [carb.omniclient.plugin]  44: OmniHub: ThreadId(02) Hub encountered error. Trying to reconnect to Hub. retry_reason="Hub failed to launch: Io(\"child exited with exit status: 1 without writing file \\\"/tmp/hub-ubuntu-3E248179.config.json\\\"\")"
2026-09-14T17:39:07Z [264ms] [Warning] [carb.omniclient.plugin]  44: OmniHub: ThreadId(02) Hub encountered error. Trying to reconnect to Hub. retry_reason="Hub failed to launch: Io(\"child exited with exit status: 1 without writing file \\\"/tmp/hub-ubuntu-3E248179.config.json\\\"\")"
2026-09-14T17:39:07Z [358ms] [Warning] [carb.omniclient.plugin]  44: OmniHub: ThreadId(02) Hub encountered error. Trying to reconnect to Hub. retry_reason="Hub failed to launch: Io(\"child exited with exit status: 1 without writing file \\\"/tmp/hub-ubuntu-3E248179.config.json\\\"\")"
2026-09-14T17:39:07Z [462ms] [Warning] [carb.omniclient.plugin]  44: OmniHub: ThreadId(02) Hub encountered error. Trying to reconnect to Hub. retry_reason="Hub failed to launch: Io(\"child exited with exit status: 1 without writing file \\\"/tmp/hub-ubuntu-3E248179.config.json\\\"\")"
2026-09-14T17:39:07Z [574ms] [Warning] [carb.omniclient.plugin]  44: OmniHub: ThreadId(02) Hub encountered error. Trying to reconnect to Hub. retry_reason="Hub failed to launch: Io(\"child exited with exit status: 1 without writing file \\\"/tmp/hub-ubuntu-3E248179.config.json\\\"\")"
2026-09-14T17:39:07Z [699ms] [Warning] [carb.omniclient.plugin]  44: OmniHub: ThreadId(02) Hub encountered error. Trying to reconnect to Hub. retry_reason="Hub failed to launch: Io(\"child exited with exit status: 1 without writing file \\\"/tmp/hub-ubuntu-3E248179.config.json\\\"\")"
2026-09-14T17:39:07Z [832ms] [Warning] [carb.omniclient.plugin]  44: OmniHub: ThreadId(02) Hub encountered error. Trying to reconnect to Hub. retry_reason="Hub failed to launch: Io(\"child exited with exit status: 1 without writing file \\\"/tmp/hub-ubuntu-3E248179.config.json\\\"\")"
2026-09-14T17:39:08Z [975ms] [Warning] [carb.omniclient.plugin]  44: OmniHub: ThreadId(02) Hub encountered error. Trying to reconnect to Hub. retry_reason="Hub failed to launch: Io(\"child exited with exit status: 1 without writing file \\\"/tmp/hub-ubuntu-3E248179.config.json\\\"\")"
2026-09-14T17:39:08Z [1,129ms] [Warning] [carb.omniclient.plugin]  44: OmniHub: ThreadId(02) Hub encountered error. Trying to reconnect to Hub. retry_reason="Hub failed to launch: Io(\"child exited with exit status: 1 without writing file \\\"/tmp/hub-ubuntu-3E248179.config.json\\\"\")"
2026-09-14T17:39:08Z [1,292ms] [Warning] [carb.omniclient.plugin]  44: OmniHub: ThreadId(02) Hub encountered error. Trying to reconnect to Hub. retry_reason="Hub failed to launch: Io(\"child exited with exit status: 1 without writing file \\\"/tmp/hub-ubuntu-3E248179.config.json\\\"\")"
2026-09-14T17:39:08Z [1,467ms] [Warning] [carb.omniclient.plugin]  44: OmniHub: ThreadId(02) Hub encountered error. Trying to reconnect to Hub. retry_reason="Hub failed to launch: Io(\"child exited with exit status: 1 without writing file \\\"/tmp/hub-ubuntu-3E248179.config.json\\\"\")"
2026-09-14T17:39:08Z [1,650ms] [Warning] [carb.omniclient.plugin]  44: OmniHub: ThreadId(02) Hub encountered error. Trying to reconnect to Hub. retry_reason="Hub failed to launch: Io(\"child exited with exit status: 1 without writing file \\\"/tmp/hub-ubuntu-3E248179.config.json\\\"\")"
2026-09-14T17:39:08Z [1,844ms] [Warning] [carb.omniclient.plugin]  44: OmniHub: ThreadId(02) Hub encountered error. Trying to reconnect to Hub. retry_reason="Hub failed to launch: Io(\"child exited with exit status: 1 without writing file \\\"/tmp/hub-ubuntu-3E248179.config.json\\\"\")"
2026-09-14T17:39:09Z [2,047ms] [Warning] [carb.omniclient.plugin]  44: OmniHub: ThreadId(02) Hub encountered error. Trying to reconnect to Hub. retry_reason="Hub failed to launch: Io(\"child exited with exit status: 1 without writing file \\\"/tmp/hub-ubuntu-3E248179.config.json\\\"\")"
2026-09-14T17:39:09Z [2,260ms] [Warning] [carb.omniclient.plugin]  44: OmniHub: ThreadId(02) Hub encountered error. Trying to reconnect to Hub. retry_reason="Hub failed to launch: Io(\"child exited with exit status: 1 without writing file \\\"/tmp/hub-ubuntu-3E248179.config.json\\\"\")"
2026-09-14T17:39:09Z [2,485ms] [Warning] [carb.omniclient.plugin]  44: OmniHub: ThreadId(02) Hub encountered error. Trying to reconnect to Hub. retry_reason="Hub failed to launch: Io(\"child exited with exit status: 1 without writing file \\\"/tmp/hub-ubuntu-3E248179.config.json\\\"\")"
2026-09-14T17:39:09Z [2,718ms] [Warning] [carb.omniclient.plugin]  44: OmniHub: ThreadId(02) Hub encountered error. Trying to reconnect to Hub. retry_reason="Hub failed to launch: Io(\"child exited with exit status: 1 without writing file \\\"/tmp/hub-ubuntu-3E248179.config.json\\\"\")"
2026-09-14T17:39:09Z [2,962ms] [Warning] [carb.omniclient.plugin]  44: OmniHub: ThreadId(02) Hub encountered error. Trying to reconnect to Hub. retry_reason="Hub failed to launch: Io(\"child exited with exit status: 1 without writing file \\\"/tmp/hub-ubuntu-3E248179.config.json\\\"\")"
2026-09-14T17:39:10Z [3,214ms] [Warning] [carb.omniclient.plugin]  44: OmniHub: ThreadId(02) Hub encountered error. Trying to reconnect to Hub. retry_reason="Hub failed to launch: Io(\"child exited with exit status: 1 without writing file \\\"/tmp/hub-ubuntu-3E248179.config.json\\\"\")"
2026-09-14T17:39:10Z [3,478ms] [Warning] [carb.omniclient.plugin]  44: OmniHub: ThreadId(02) Hub encountered error. Trying to reconnect to Hub. retry_reason="Hub failed to launch: Io(\"child exited with exit status: 1 without writing file \\\"/tmp/hub-ubuntu-3E248179.config.json\\\"\")"
2026-09-14T17:39:10Z [3,752ms] [Warning] [carb.omniclient.plugin]  44: OmniHub: ThreadId(02) Hub encountered error. Trying to reconnect to Hub. retry_reason="Hub failed to launch: Io(\"child exited with exit status: 1 without writing file \\\"/tmp/hub-ubuntu-3E248179.config.json\\\"\")"
2026-09-14T17:39:11Z [4,035ms] [Warning] [carb.omniclient.plugin]  44: OmniHub: ThreadId(02) Hub encountered error. Trying to reconnect to Hub. retry_reason="Hub failed to launch: Io(\"child exited with exit status: 1 without writing file \\\"/tmp/hub-ubuntu-3E248179.config.json\\\"\")"
2026-09-14T17:39:11Z [4,328ms] [Warning] [carb.omniclient.plugin]  44: OmniHub: ThreadId(02) Hub encountered error. Trying to reconnect to Hub. retry_reason="Hub failed to launch: Io(\"child exited with exit status: 1 without writing file \\\"/tmp/hub-ubuntu-3E248179.config.json\\\"\")"
2026-09-14T17:39:11Z [4,633ms] [Warning] [carb.omniclient.plugin]  44: OmniHub: ThreadId(02) Hub encountered error. Trying to reconnect to Hub. retry_reason="Hub failed to launch: Io(\"child exited with exit status: 1 without writing file \\\"/tmp/hub-ubuntu-3E248179.config.json\\\"\")"
2026-09-14T17:39:11Z [4,944ms] [Warning] [carb.omniclient.plugin]  44: OmniHub: ThreadId(02) Hub encountered error. Trying to reconnect to Hub. retry_reason="Hub failed to launch: Io(\"child exited with exit status: 1 without writing file \\\"/tmp/hub-ubuntu-3E248179.config.json\\\"\")"
2026-09-14T17:39:12Z [5,267ms] [Warning] [carb.omniclient.plugin]  44: OmniHub: ThreadId(02) Hub encountered error. Trying to reconnect to Hub. retry_reason="Hub failed to launch: Io(\"child exited with exit status: 1 without writing file \\\"/tmp/hub-ubuntu-3E248179.config.json\\\"\")"
2026-09-14T17:39:12Z [5,601ms] [Warning] [carb.omniclient.plugin]  44: OmniHub: ThreadId(02) Hub encountered error. Trying to reconnect to Hub. retry_reason="Hub failed to launch: Io(\"child exited with exit status: 1 without writing file \\\"/tmp/hub-ubuntu-3E248179.config.json\\\"\")"
2026-09-14T17:39:12Z [5,944ms] [Warning] [carb.omniclient.plugin]  44: OmniHub: ThreadId(02) Hub encountered error. Trying to reconnect to Hub. retry_reason="Hub failed to launch: Io(\"child exited with exit status: 1 without writing file \\\"/tmp/hub-ubuntu-3E248179.config.json\\\"\")"
2026-09-14T17:39:13Z [6,298ms] [Warning] [carb.omniclient.plugin]  44: OmniHub: ThreadId(02) Hub encountered error. Trying to reconnect to Hub. retry_reason="Hub failed to launch: Io(\"child exited with exit status: 1 without writing file \\\"/tmp/hub-ubuntu-3E248179.config.json\\\"\")"
2026-09-14T17:39:13Z [6,661ms] [Warning] [carb.omniclient.plugin]  44: OmniHub: ThreadId(02) Hub encountered error. Trying to reconnect to Hub. retry_reason="Hub failed to launch: Io(\"child exited with exit status: 1 without writing file \\\"/tmp/hub-ubuntu-3E248179.config.json\\\"\")"
2026-09-14T17:39:14Z [7,035ms] [Warning] [carb.omniclient.plugin]  44: OmniHub: ThreadId(02) Hub encountered error. Trying to reconnect to Hub. retry_reason="Hub failed to launch: Io(\"child exited with exit status: 1 without writing file \\\"/tmp/hub-ubuntu-3E248179.config.json\\\"\")"
2026-09-14T17:39:14Z [7,418ms] [Warning] [carb.omniclient.plugin]  44: OmniHub: ThreadId(02) Hub encountered error. Trying to reconnect to Hub. retry_reason="Hub failed to launch: Io(\"child exited with exit status: 1 without writing file \\\"/tmp/hub-ubuntu-3E248179.config.json\\\"\")"
2026-09-14T17:39:14Z [7,812ms] [Warning] [carb.omniclient.plugin]  44: OmniHub: ThreadId(02) Hub encountered error. Trying to reconnect to Hub. retry_reason="Hub failed to launch: Io(\"child exited with exit status: 1 without writing file \\\"/tmp/hub-ubuntu-3E248179.config.json\\\"\")"
2026-09-14T17:39:15Z [8,215ms] [Warning] [carb.omniclient.plugin]  44: OmniHub: ThreadId(02) Hub encountered error. Trying to reconnect to Hub. retry_reason="Hub failed to launch: Io(\"child exited with exit status: 1 without writing file \\\"/tmp/hub-ubuntu-3E248179.config.json\\\"\")"
2026-09-14T17:39:15Z [8,628ms] [Warning] [carb.omniclient.plugin]  44: OmniHub: ThreadId(02) Hub encountered error. Trying to reconnect to Hub. retry_reason="Hub failed to launch: Io(\"child exited with exit status: 1 without writing file \\\"/tmp/hub-ubuntu-3E248179.config.json\\\"\")"
2026-09-14T17:39:16Z [9,051ms] [Warning] [carb.omniclient.plugin]  44: OmniHub: ThreadId(02) Hub encountered error. Trying to reconnect to Hub. retry_reason="Hub failed to launch: Io(\"child exited with exit status: 1 without writing file \\\"/tmp/hub-ubuntu-3E248179.config.json\\\"\")"
2026-09-14T17:39:16Z [9,484ms] [Warning] [carb.omniclient.plugin]  44: OmniHub: ThreadId(02) Hub encountered error. Trying to reconnect to Hub. retry_reason="Hub failed to launch: Io(\"child exited with exit status: 1 without writing file \\\"/tmp/hub-ubuntu-3E248179.config.json\\\"\")"
2026-09-14T17:39:16Z [9,927ms] [Warning] [carb.omniclient.plugin]  44: OmniHub: ThreadId(02) Hub encountered error. Trying to reconnect to Hub. retry_reason="Hub failed to launch: Io(\"child exited with exit status: 1 without writing file \\\"/tmp/hub-ubuntu-3E248179.config.json\\\"\")"
WARNING: All log messages before absl::InitializeLog() is called are written to STDERR
E0000 00:00:1789407557.422683      11 descriptor_database.cc:633] File already exists in database: grpc/health/v1/health.proto
W0000 00:00:1789407557.422705      11 message.cc:301] Protobuf GeneratedMessageFactory: File is already registered: grpc/health/v1/health.proto
2026-09-14T17:39:17Z [10,412ms] [Warning] [omni.platforminfo.plugin] failed to open the default display.  Can't verify X Server version.
2026-09-14T17:39:17Z [10,417ms] [Warning] [omni.usd_config.extension] Enable omni.materialx.libs extension to use MaterialX
/workspace/isaaclab/_isaac_sim/kit/python/lib/python3.12/site-packages/torch/cuda/__init__.py:435: UserWarning: 
    Found GPU0 NVIDIA GB10 which is of cuda capability 12.1.
    Minimum and Maximum cuda capability supported by this version of PyTorch is
    (8.0) - (12.0)
    
  queued_call()
[ISAACLAB] AppLauncher initialization complete
REFERENCE_SCREEN_APP_READY
2026-09-14T17:39:25Z [18,672ms] [Warning] [usdrt.population.plugin] Last global time was not created. Did you call setEnableUsdNoticeHandling?
2026-09-14T17:39:26Z [18,971ms] [Warning] [omni.physx.tensors.plugin] Failed to find contact report API at '/Robot_000/joints'
2026-09-14T17:39:26Z [18,971ms] [Warning] [omni.physx.tensors.plugin] Failed to find contact report API at '/Robot_001/joints'
2026-09-14T17:39:26Z [18,971ms] [Warning] [omni.physx.tensors.plugin] Failed to find contact report API at '/Robot_002/joints'
2026-09-14T17:39:26Z [18,971ms] [Warning] [omni.physx.tensors.plugin] Failed to find contact report API at '/Robot_003/joints'
2026-09-14T17:39:26Z [18,971ms] [Warning] [omni.physx.tensors.plugin] Failed to find contact report API at '/Robot_004/joints'
2026-09-14T17:39:26Z [18,971ms] [Warning] [omni.physx.tensors.plugin] Failed to find contact report API at '/Robot_005/joints'
2026-09-14T17:39:26Z [18,971ms] [Warning] [omni.physx.tensors.plugin] Failed to find contact report API at '/Robot_006/joints'
2026-09-14T17:39:26Z [18,971ms] [Warning] [omni.physx.tensors.plugin] Failed to find contact report API at '/Robot_007/joints'
2026-09-14T17:39:26Z [18,971ms] [Warning] [omni.physx.tensors.plugin] Failed to find contact report API at '/Robot_008/joints'
2026-09-14T17:39:26Z [18,971ms] [Warning] [omni.physx.tensors.plugin] Failed to find contact report API at '/Robot_009/joints'
2026-09-14T17:39:26Z [18,971ms] [Warning] [omni.physx.tensors.plugin] Failed to find contact report API at '/Robot_010/joints'
2026-09-14T17:39:26Z [18,971ms] [Warning] [omni.physx.tensors.plugin] Failed to find contact report API at '/Robot_011/joints'
2026-09-14T17:39:26Z [18,971ms] [Warning] [omni.physx.tensors.plugin] Failed to find contact report API at '/Robot_012/joints'
2026-09-14T17:39:26Z [18,971ms] [Warning] [omni.physx.tensors.plugin] Failed to find contact report API at '/Robot_013/joints'
2026-09-14T17:39:26Z [18,971ms] [Warning] [omni.physx.tensors.plugin] Failed to find contact report API at '/Robot_014/joints'
2026-09-14T17:39:26Z [18,971ms] [Warning] [omni.physx.tensors.plugin] Failed to find contact report API at '/Robot_015/joints'
2026-09-14T17:39:26Z [18,971ms] [Warning] [omni.physx.tensors.plugin] Failed to find contact report API at '/Robot_016/joints'
2026-09-14T17:39:26Z [18,971ms] [Warning] [omni.physx.tensors.plugin] Failed to find contact report API at '/Robot_017/joints'
2026-09-14T17:39:26Z [18,971ms] [Warning] [omni.physx.tensors.plugin] Failed to find contact report API at '/Robot_018/joints'
2026-09-14T17:39:26Z [18,971ms] [Warning] [omni.physx.tensors.plugin] Failed to find contact report API at '/Robot_019/joints'
2026-09-14T17:39:26Z [18,971ms] [Warning] [omni.physx.tensors.plugin] Failed to find contact report API at '/Robot_020/joints'
2026-09-14T17:39:26Z [18,971ms] [Warning] [omni.physx.tensors.plugin] Failed to find contact report API at '/Robot_021/joints'
2026-09-14T17:39:26Z [18,971ms] [Warning] [omni.physx.tensors.plugin] Failed to find contact report API at '/Robot_022/joints'
2026-09-14T17:39:26Z [18,971ms] [Warning] [omni.physx.tensors.plugin] Failed to find contact report API at '/Robot_023/joints'
2026-09-14T17:39:26Z [18,971ms] [Warning] [omni.physx.tensors.plugin] Failed to find contact report API at '/Robot_024/joints'
2026-09-14T17:39:26Z [18,971ms] [Warning] [omni.physx.tensors.plugin] Failed to find contact report API at '/Robot_025/joints'
2026-09-14T17:39:26Z [18,971ms] [Warning] [omni.physx.tensors.plugin] Failed to find contact report API at '/Robot_026/joints'
2026-09-14T17:39:26Z [18,971ms] [Warning] [omni.physx.tensors.plugin] Failed to find contact report API at '/Robot_027/joints'
2026-09-14T17:39:26Z [18,971ms] [Warning] [omni.physx.tensors.plugin] Failed to find contact report API at '/Robot_028/joints'
2026-09-14T17:39:26Z [18,971ms] [Warning] [omni.physx.tensors.plugin] Failed to find contact report API at '/Robot_029/joints'
2026-09-14T17:39:26Z [18,971ms] [Warning] [omni.physx.tensors.plugin] Failed to find contact report API at '/Robot_030/joints'
2026-09-14T17:39:26Z [18,971ms] [Warning] [omni.physx.tensors.plugin] Failed to find contact report API at '/Robot_031/joints'
PAPER_REPLAY {"controls": 200, "cycle_completed": 0, "any_termination": false}
PAPER_REPLAY {"controls": 260, "cycle_completed": 1, "any_termination": false}
PAPER_REPLAY {"controls": 320, "cycle_completed": 2, "any_termination": false}
PAPER_REPLAY {"controls": 380, "cycle_completed": 3, "any_termination": false}
