{
  "status": "CPU_only_contingency_not_selected_or_dynamically_admitted",
  "benchmark": {
    "urdf_sha256": "e916b1ebbb2720c90f23974bbffa5da120b32d2e5409fe419fb1492b8556746c",
    "reference_cycle_shape_max_fk_error_m": 2.6293015208569613e-07,
    "match_condition": "forward .20m/s, fixed 1.3Hz, duty .65, lift .020m; not a learned-policy comparison",
    "selected_checkpoint_sha256": "5ecbe978d659413dc050fec93b0e211a3eadf6ce1c807790d87c14044ff245a2"
  },
  "transition": {
    "seconds": 44.0,
    "segments": [
      [
        "start",
        2,
        [
          0,
          0,
          0
        ]
      ],
      [
        "forward",
        5,
        [
          0.1,
          0,
          0
        ]
      ],
      [
        "reverse",
        5,
        [
          -0.1,
          0,
          0
        ]
      ],
      [
        "left",
        5,
        [
          0,
          0.1,
          0
        ]
      ],
      [
        "left_arc",
        5,
        [
          0,
          0.1,
          0.2
        ]
      ],
      [
        "right_arc",
        5,
        [
          0.1,
          0,
          -0.2
        ]
      ],
      [
        "yaw",
        5,
        [
          0,
          0,
          0.3
        ]
      ],
      [
        "stop",
        12,
        [
          0,
          0,
          0
        ]
      ]
    ],
    "invalid_leg_steps": 7,
    "max_joint_reference_step_rad": 0.13930720082283754,
    "final_max_q_velocity_rad_s": 1.0617568989677146e-19,
    "final_max_foot_offset_m": 0.0,
    "max_stance_world_reference_slip_mps": 0.09521732693707269,
    "note": "Slip diagnostic assumes commanded twist exactly achieved; actual robot tracking is unknown. Target slew/actuator dynamics are not simulated."
  },
  "cpu_seconds": 10.4265245
}
CASE_SUMMARY 147 98
MAX_JOINT_SPEED 13.763418994217322
FAILURES ['v0.10_bearing45_yaw-0.40', 'v0.10_bearing45_yaw-0.20', 'v0.10_bearing45_yaw+0.20', 'v0.10_bearing45_yaw+0.40', 'v0.10_bearing67.5_yaw-0.40', 'v0.10_bearing67.5_yaw-0.20', 'v0.10_bearing67.5_yaw+0.20', 'v0.10_bearing67.5_yaw+0.40', 'v0.10_bearing90_yaw-0.40', 'v0.10_bearing90_yaw-0.20', 'v0.10_bearing90_yaw+0.20', 'v0.10_bearing90_yaw+0.40', 'v0.10_bearing112.5_yaw-0.40', 'v0.10_bearing112.5_yaw-0.20', 'v0.10_bearing112.5_yaw+0.20', 'v0.10_bearing112.5_yaw+0.40', 'v0.10_bearing135_yaw-0.40', 'v0.10_bearing135_yaw-0.20', 'v0.10_bearing135_yaw+0.20', 'v0.10_bearing135_yaw+0.40']
