time="2026-09-10T18:34:34-05:00" level=warning msg="No services to build"
time="2026-09-10T18:34:34-05:00" level=warning msg="No services to build"
 Container hexapod-reference-physics-989c897be6034a729bf385cf120289fd Creating 
 Container hexapod-reference-physics-989c897be6034a729bf385cf120289fd Created 
The '--headless' CLI argument is deprecated. Omit '--viz' for default headless. If config visualizers are enabled and you want to force headless, use '--viz none'.
Loading user config located at: '/isaac-sim/kit/data/Kit/IsaacLab/3.0/user.config.json'
2026-09-10T23:34:35Z [0ms] [Warning] [omni.ext.plugin] [ext: logs] Extensions config 'extension.toml' doesn't exist '/output/logs' or '/output/logs/config'
2026-09-10T23:34:35Z [0ms] [Warning] [omni.ext.plugin] [ext: jobs] Extensions config 'extension.toml' doesn't exist '/output/jobs' or '/output/jobs/config'
2026-09-10T23:34:35Z [0ms] [Warning] [omni.ext.plugin] [ext: isaaclab_visualizers] Extensions config 'extension.toml' doesn't exist '/workspace/isaaclab/source/isaaclab_visualizers' or '/workspace/isaaclab/source/isaaclab_visualizers/config'
2026-09-10T23:34:35Z [0ms] [Warning] [omni.ext.plugin] [ext: standing] Extensions config 'extension.toml' doesn't exist '/output/standing' or '/output/standing/config'
2026-09-10T23:34:35Z [111ms] [Warning] [carb.omniclient.plugin]  43: OmniHub: ThreadId(02) Hub encountered error. Trying to reconnect to Hub. retry_reason="Hub failed to launch: Io(\"child exited with exit status: 1 without writing file \\\"/tmp/hub-ubuntu-AD947D1F.config.json\\\"\")"
2026-09-10T23:34:35Z [183ms] [Warning] [carb.omniclient.plugin]  43: OmniHub: ThreadId(02) Hub encountered error. Trying to reconnect to Hub. retry_reason="Hub failed to launch: Io(\"child exited with exit status: 1 without writing file \\\"/tmp/hub-ubuntu-AD947D1F.config.json\\\"\")"
2026-09-10T23:34:35Z [265ms] [Warning] [carb.omniclient.plugin]  43: OmniHub: ThreadId(02) Hub encountered error. Trying to reconnect to Hub. retry_reason="Hub failed to launch: Io(\"child exited with exit status: 1 without writing file \\\"/tmp/hub-ubuntu-AD947D1F.config.json\\\"\")"
2026-09-10T23:34:35Z [358ms] [Warning] [carb.omniclient.plugin]  43: OmniHub: ThreadId(02) Hub encountered error. Trying to reconnect to Hub. retry_reason="Hub failed to launch: Io(\"child exited with exit status: 1 without writing file \\\"/tmp/hub-ubuntu-AD947D1F.config.json\\\"\")"
2026-09-10T23:34:35Z [461ms] [Warning] [carb.omniclient.plugin]  43: OmniHub: ThreadId(02) Hub encountered error. Trying to reconnect to Hub. retry_reason="Hub failed to launch: Io(\"child exited with exit status: 1 without writing file \\\"/tmp/hub-ubuntu-AD947D1F.config.json\\\"\")"
2026-09-10T23:34:36Z [575ms] [Warning] [carb.omniclient.plugin]  43: OmniHub: ThreadId(02) Hub encountered error. Trying to reconnect to Hub. retry_reason="Hub failed to launch: Io(\"child exited with exit status: 1 without writing file \\\"/tmp/hub-ubuntu-AD947D1F.config.json\\\"\")"
2026-09-10T23:34:36Z [697ms] [Warning] [carb.omniclient.plugin]  43: OmniHub: ThreadId(02) Hub encountered error. Trying to reconnect to Hub. retry_reason="Hub failed to launch: Io(\"child exited with exit status: 1 without writing file \\\"/tmp/hub-ubuntu-AD947D1F.config.json\\\"\")"
2026-09-10T23:34:36Z [829ms] [Warning] [carb.omniclient.plugin]  43: OmniHub: ThreadId(02) Hub encountered error. Trying to reconnect to Hub. retry_reason="Hub failed to launch: Io(\"child exited with exit status: 1 without writing file \\\"/tmp/hub-ubuntu-AD947D1F.config.json\\\"\")"
2026-09-10T23:34:36Z [971ms] [Warning] [carb.omniclient.plugin]  43: OmniHub: ThreadId(02) Hub encountered error. Trying to reconnect to Hub. retry_reason="Hub failed to launch: Io(\"child exited with exit status: 1 without writing file \\\"/tmp/hub-ubuntu-AD947D1F.config.json\\\"\")"
2026-09-10T23:34:36Z [1,123ms] [Warning] [carb.omniclient.plugin]  43: OmniHub: ThreadId(02) Hub encountered error. Trying to reconnect to Hub. retry_reason="Hub failed to launch: Io(\"child exited with exit status: 1 without writing file \\\"/tmp/hub-ubuntu-AD947D1F.config.json\\\"\")"
2026-09-10T23:34:36Z [1,286ms] [Warning] [carb.omniclient.plugin]  43: OmniHub: ThreadId(02) Hub encountered error. Trying to reconnect to Hub. retry_reason="Hub failed to launch: Io(\"child exited with exit status: 1 without writing file \\\"/tmp/hub-ubuntu-AD947D1F.config.json\\\"\")"
2026-09-10T23:34:36Z [1,458ms] [Warning] [carb.omniclient.plugin]  43: OmniHub: ThreadId(02) Hub encountered error. Trying to reconnect to Hub. retry_reason="Hub failed to launch: Io(\"child exited with exit status: 1 without writing file \\\"/tmp/hub-ubuntu-AD947D1F.config.json\\\"\")"
2026-09-10T23:34:37Z [1,641ms] [Warning] [carb.omniclient.plugin]  43: OmniHub: ThreadId(02) Hub encountered error. Trying to reconnect to Hub. retry_reason="Hub failed to launch: Io(\"child exited with exit status: 1 without writing file \\\"/tmp/hub-ubuntu-AD947D1F.config.json\\\"\")"
2026-09-10T23:34:37Z [1,834ms] [Warning] [carb.omniclient.plugin]  43: OmniHub: ThreadId(02) Hub encountered error. Trying to reconnect to Hub. retry_reason="Hub failed to launch: Io(\"child exited with exit status: 1 without writing file \\\"/tmp/hub-ubuntu-AD947D1F.config.json\\\"\")"
2026-09-10T23:34:37Z [2,036ms] [Warning] [carb.omniclient.plugin]  43: OmniHub: ThreadId(02) Hub encountered error. Trying to reconnect to Hub. retry_reason="Hub failed to launch: Io(\"child exited with exit status: 1 without writing file \\\"/tmp/hub-ubuntu-AD947D1F.config.json\\\"\")"
2026-09-10T23:34:37Z [2,247ms] [Warning] [carb.omniclient.plugin]  43: OmniHub: ThreadId(02) Hub encountered error. Trying to reconnect to Hub. retry_reason="Hub failed to launch: Io(\"child exited with exit status: 1 without writing file \\\"/tmp/hub-ubuntu-AD947D1F.config.json\\\"\")"
2026-09-10T23:34:37Z [2,470ms] [Warning] [carb.omniclient.plugin]  43: OmniHub: ThreadId(02) Hub encountered error. Trying to reconnect to Hub. retry_reason="Hub failed to launch: Io(\"child exited with exit status: 1 without writing file \\\"/tmp/hub-ubuntu-AD947D1F.config.json\\\"\")"
2026-09-10T23:34:38Z [2,702ms] [Warning] [carb.omniclient.plugin]  43: OmniHub: ThreadId(02) Hub encountered error. Trying to reconnect to Hub. retry_reason="Hub failed to launch: Io(\"child exited with exit status: 1 without writing file \\\"/tmp/hub-ubuntu-AD947D1F.config.json\\\"\")"
2026-09-10T23:34:38Z [2,945ms] [Warning] [carb.omniclient.plugin]  43: OmniHub: ThreadId(02) Hub encountered error. Trying to reconnect to Hub. retry_reason="Hub failed to launch: Io(\"child exited with exit status: 1 without writing file \\\"/tmp/hub-ubuntu-AD947D1F.config.json\\\"\")"
2026-09-10T23:34:38Z [3,197ms] [Warning] [carb.omniclient.plugin]  43: OmniHub: ThreadId(02) Hub encountered error. Trying to reconnect to Hub. retry_reason="Hub failed to launch: Io(\"child exited with exit status: 1 without writing file \\\"/tmp/hub-ubuntu-AD947D1F.config.json\\\"\")"
2026-09-10T23:34:38Z [3,459ms] [Warning] [carb.omniclient.plugin]  43: OmniHub: ThreadId(02) Hub encountered error. Trying to reconnect to Hub. retry_reason="Hub failed to launch: Io(\"child exited with exit status: 1 without writing file \\\"/tmp/hub-ubuntu-AD947D1F.config.json\\\"\")"
2026-09-10T23:34:39Z [3,733ms] [Warning] [carb.omniclient.plugin]  43: OmniHub: ThreadId(02) Hub encountered error. Trying to reconnect to Hub. retry_reason="Hub failed to launch: Io(\"child exited with exit status: 1 without writing file \\\"/tmp/hub-ubuntu-AD947D1F.config.json\\\"\")"
2026-09-10T23:34:39Z [4,016ms] [Warning] [carb.omniclient.plugin]  43: OmniHub: ThreadId(02) Hub encountered error. Trying to reconnect to Hub. retry_reason="Hub failed to launch: Io(\"child exited with exit status: 1 without writing file \\\"/tmp/hub-ubuntu-AD947D1F.config.json\\\"\")"
2026-09-10T23:34:39Z [4,307ms] [Warning] [carb.omniclient.plugin]  43: OmniHub: ThreadId(02) Hub encountered error. Trying to reconnect to Hub. retry_reason="Hub failed to launch: Io(\"child exited with exit status: 1 without writing file \\\"/tmp/hub-ubuntu-AD947D1F.config.json\\\"\")"
2026-09-10T23:34:40Z [4,610ms] [Warning] [carb.omniclient.plugin]  43: OmniHub: ThreadId(02) Hub encountered error. Trying to reconnect to Hub. retry_reason="Hub failed to launch: Io(\"child exited with exit status: 1 without writing file \\\"/tmp/hub-ubuntu-AD947D1F.config.json\\\"\")"
2026-09-10T23:34:40Z [4,922ms] [Warning] [carb.omniclient.plugin]  43: OmniHub: ThreadId(02) Hub encountered error. Trying to reconnect to Hub. retry_reason="Hub failed to launch: Io(\"child exited with exit status: 1 without writing file \\\"/tmp/hub-ubuntu-AD947D1F.config.json\\\"\")"
2026-09-10T23:34:40Z [5,243ms] [Warning] [carb.omniclient.plugin]  43: OmniHub: ThreadId(02) Hub encountered error. Trying to reconnect to Hub. retry_reason="Hub failed to launch: Io(\"child exited with exit status: 1 without writing file \\\"/tmp/hub-ubuntu-AD947D1F.config.json\\\"\")"
2026-09-10T23:34:41Z [5,575ms] [Warning] [carb.omniclient.plugin]  43: OmniHub: ThreadId(02) Hub encountered error. Trying to reconnect to Hub. retry_reason="Hub failed to launch: Io(\"child exited with exit status: 1 without writing file \\\"/tmp/hub-ubuntu-AD947D1F.config.json\\\"\")"
2026-09-10T23:34:41Z [5,918ms] [Warning] [carb.omniclient.plugin]  43: OmniHub: ThreadId(02) Hub encountered error. Trying to reconnect to Hub. retry_reason="Hub failed to launch: Io(\"child exited with exit status: 1 without writing file \\\"/tmp/hub-ubuntu-AD947D1F.config.json\\\"\")"
2026-09-10T23:34:41Z [6,271ms] [Warning] [carb.omniclient.plugin]  43: OmniHub: ThreadId(02) Hub encountered error. Trying to reconnect to Hub. retry_reason="Hub failed to launch: Io(\"child exited with exit status: 1 without writing file \\\"/tmp/hub-ubuntu-AD947D1F.config.json\\\"\")"
2026-09-10T23:34:42Z [6,634ms] [Warning] [carb.omniclient.plugin]  43: OmniHub: ThreadId(02) Hub encountered error. Trying to reconnect to Hub. retry_reason="Hub failed to launch: Io(\"child exited with exit status: 1 without writing file \\\"/tmp/hub-ubuntu-AD947D1F.config.json\\\"\")"
2026-09-10T23:34:42Z [7,007ms] [Warning] [carb.omniclient.plugin]  43: OmniHub: ThreadId(02) Hub encountered error. Trying to reconnect to Hub. retry_reason="Hub failed to launch: Io(\"child exited with exit status: 1 without writing file \\\"/tmp/hub-ubuntu-AD947D1F.config.json\\\"\")"
2026-09-10T23:34:42Z [7,389ms] [Warning] [carb.omniclient.plugin]  43: OmniHub: ThreadId(02) Hub encountered error. Trying to reconnect to Hub. retry_reason="Hub failed to launch: Io(\"child exited with exit status: 1 without writing file \\\"/tmp/hub-ubuntu-AD947D1F.config.json\\\"\")"
2026-09-10T23:34:43Z [7,781ms] [Warning] [carb.omniclient.plugin]  43: OmniHub: ThreadId(02) Hub encountered error. Trying to reconnect to Hub. retry_reason="Hub failed to launch: Io(\"child exited with exit status: 1 without writing file \\\"/tmp/hub-ubuntu-AD947D1F.config.json\\\"\")"
2026-09-10T23:34:43Z [8,184ms] [Warning] [carb.omniclient.plugin]  43: OmniHub: ThreadId(02) Hub encountered error. Trying to reconnect to Hub. retry_reason="Hub failed to launch: Io(\"child exited with exit status: 1 without writing file \\\"/tmp/hub-ubuntu-AD947D1F.config.json\\\"\")"
2026-09-10T23:34:44Z [8,597ms] [Warning] [carb.omniclient.plugin]  43: OmniHub: ThreadId(02) Hub encountered error. Trying to reconnect to Hub. retry_reason="Hub failed to launch: Io(\"child exited with exit status: 1 without writing file \\\"/tmp/hub-ubuntu-AD947D1F.config.json\\\"\")"
2026-09-10T23:34:44Z [9,019ms] [Warning] [carb.omniclient.plugin]  43: OmniHub: ThreadId(02) Hub encountered error. Trying to reconnect to Hub. retry_reason="Hub failed to launch: Io(\"child exited with exit status: 1 without writing file \\\"/tmp/hub-ubuntu-AD947D1F.config.json\\\"\")"
2026-09-10T23:34:44Z [9,451ms] [Warning] [carb.omniclient.plugin]  43: OmniHub: ThreadId(02) Hub encountered error. Trying to reconnect to Hub. retry_reason="Hub failed to launch: Io(\"child exited with exit status: 1 without writing file \\\"/tmp/hub-ubuntu-AD947D1F.config.json\\\"\")"
2026-09-10T23:34:45Z [9,893ms] [Warning] [carb.omniclient.plugin]  43: OmniHub: ThreadId(02) Hub encountered error. Trying to reconnect to Hub. retry_reason="Hub failed to launch: Io(\"child exited with exit status: 1 without writing file \\\"/tmp/hub-ubuntu-AD947D1F.config.json\\\"\")"
WARNING: All log messages before absl::InitializeLog() is called are written to STDERR
E0000 00:00:1789083285.820747      10 descriptor_database.cc:633] File already exists in database: grpc/health/v1/health.proto
W0000 00:00:1789083285.820774      10 message.cc:301] Protobuf GeneratedMessageFactory: File is already registered: grpc/health/v1/health.proto
2026-09-10T23:34:45Z [10,377ms] [Warning] [omni.platforminfo.plugin] failed to open the default display.  Can't verify X Server version.
2026-09-10T23:34:45Z [10,390ms] [Warning] [omni.usd_config.extension] Enable omni.materialx.libs extension to use MaterialX
/workspace/isaaclab/_isaac_sim/kit/python/lib/python3.12/site-packages/torch/cuda/__init__.py:435: UserWarning: 
    Found GPU0 NVIDIA GB10 which is of cuda capability 12.1.
    Minimum and Maximum cuda capability supported by this version of PyTorch is
    (8.0) - (12.0)
    
  queued_call()
[ISAACLAB] AppLauncher initialization complete
REFERENCE_SCREEN_APP_READY
2026-09-10T23:34:50Z [14,925ms] [Warning] [usdrt.population.plugin] Last global time was not created. Did you call setEnableUsdNoticeHandling?
2026-09-10T23:34:50Z [15,062ms] [Warning] [omni.physx.tensors.plugin] Failed to find contact report API at '/Robot/joints'
CANONICAL_STANDING control=100 replicas=1
CANONICAL_STANDING control=200 replicas=1
CANONICAL_STANDING control=300 replicas=1
CANONICAL_STANDING control=400 replicas=1
CANONICAL_STANDING control=500 replicas=1
CANONICAL_STANDING control=600 replicas=1
CANONICAL_STANDING control=700 replicas=1
CANONICAL_STANDING control=800 replicas=1
CANONICAL_STANDING control=900 replicas=1
CANONICAL_STANDING control=1000 replicas=1
CANONICAL_STANDING_ACQUISITION_COMPLETED standing_pass=False training_allowed=false
