2026-09-04T23:54:31.057097975Z [Warning] [simulation_app.simulation_app] Modules: ['pxr', 'pxr.Tf._tf', 'pxr.Tf', 'pxr.Gf._gf', 'pxr.Gf', 'pxr.Trace._trace', 'pxr.Trace', 'pxr.Work._work', 'pxr.Work', 'pxr.Plug._plug', 'pxr.Plug', 'pxr.Vt._vt', 'pxr.Vt', 'pxr.Ar._ar', 'pxr.Ar', 'pxr.Ts._ts', 'pxr.Ts', 'pxr.Sdf._sdf', 'pxr.Sdf', 'pxr.Kind._kind', 'pxr.Kind', 'pxr.Pcp._pcp', 'pxr.Pcp', 'pxr.Usd._usd', 'pxr.Usd', 'pxr.UsdGeom._usdGeom', 'pxr.UsdGeom', 'pxr.Sdr._sdr', 'pxr.Sdr', 'pxr.UsdShade._usdShade', 'pxr.UsdShade', 'pxr.UsdPhysics._usdPhysics', 'pxr.UsdPhysics', 'pxr.UsdUtils._usdUtils', 'pxr.UsdUI._usdUI', 'pxr.UsdUI', 'pxr.UsdUtils.constantsGroup', 'pxr.UsdUtils.updateSchemaWithSdrNode', 'pxr.UsdUtils.fixBrokenPixarSchemas', 'pxr.UsdUtils.usdzUtils', 'pxr.UsdUtils'] were loaded before SimulationApp was started and might not be loaded correctly.
2026-09-04T23:54:31.057156535Z [Warning] [simulation_app.simulation_app] Please check to make sure no extra omniverse or pxr modules are imported before the call to SimulationApp(...)
2026-09-04T23:54:31.057159767Z Loading user config located at: '/isaac-sim/kit/data/Kit/IsaacLab/3.0/user.config.json'
2026-09-04T23:54:31.057161815Z 2026-09-04T23:54:30Z [0ms] [Warning] [omni.ext.plugin] [ext: isaaclab_visualizers] Extensions config 'extension.toml' doesn't exist '/workspace/isaaclab/source/isaaclab_visualizers' or '/workspace/isaaclab/source/isaaclab_visualizers/config'
2026-09-04T23:54:31.057164039Z 2026-09-04T23:54:30Z [0ms] [Warning] [omni.ext.plugin] [ext: robot] Extensions config 'extension.toml' doesn't exist '/workspace/hexapod/robot' or '/workspace/hexapod/robot/config'
2026-09-04T23:54:31.057165927Z 2026-09-04T23:54:30Z [0ms] [Warning] [omni.ext.plugin] [ext: packages] Extensions config 'extension.toml' doesn't exist '/workspace/hexapod/packages' or '/workspace/hexapod/packages/config'
2026-09-04T23:54:31.057167751Z 2026-09-04T23:54:30Z [0ms] [Warning] [omni.ext.plugin] [ext: isaaclab] Extensions config 'extension.toml' doesn't exist '/workspace/hexapod/isaaclab' or '/workspace/hexapod/isaaclab/config'
2026-09-04T23:54:31.057170535Z 2026-09-04T23:54:30Z [1ms] [Warning] [omni.ext.plugin] [ext: configs] Extensions config 'extension.toml' doesn't exist '/workspace/hexapod/configs' or '/workspace/hexapod/configs/config'
2026-09-04T23:54:31.057172439Z 2026-09-04T23:54:30Z [1ms] [Warning] [omni.ext.plugin] [ext: tools] Extensions config 'extension.toml' doesn't exist '/workspace/hexapod/tools' or '/workspace/hexapod/tools/config'
2026-09-04T23:54:31.057174263Z 2026-09-04T23:54:30Z [110ms] [Warning] [carb.omniclient.plugin]  96: OmniHub: ThreadId(02) Hub encountered error. Trying to reconnect to Hub. retry_reason="Hub failed to launch: Io(\"child exited with exit status: 1 without writing file \\\"/tmp/hub-ubuntu-FDC42B4.config.json\\\"\")"
2026-09-04T23:54:31.057176695Z 2026-09-04T23:54:30Z [183ms] [Warning] [carb.omniclient.plugin]  96: OmniHub: ThreadId(02) Hub encountered error. Trying to reconnect to Hub. retry_reason="Hub failed to launch: Io(\"child exited with exit status: 1 without writing file \\\"/tmp/hub-ubuntu-FDC42B4.config.json\\\"\")"
2026-09-04T23:54:31.057178951Z 2026-09-04T23:54:30Z [265ms] [Warning] [carb.omniclient.plugin]  96: OmniHub: ThreadId(02) Hub encountered error. Trying to reconnect to Hub. retry_reason="Hub failed to launch: Io(\"child exited with exit status: 1 without writing file \\\"/tmp/hub-ubuntu-FDC42B4.config.json\\\"\")"
2026-09-04T23:54:31.057181095Z 2026-09-04T23:54:30Z [358ms] [Warning] [carb.omniclient.plugin]  96: OmniHub: ThreadId(02) Hub encountered error. Trying to reconnect to Hub. retry_reason="Hub failed to launch: Io(\"child exited with exit status: 1 without writing file \\\"/tmp/hub-ubuntu-FDC42B4.config.json\\\"\")"
2026-09-04T23:54:31.057203959Z 2026-09-04T23:54:30Z [462ms] [Warning] [carb.omniclient.plugin]  96: OmniHub: ThreadId(02) Hub encountered error. Trying to reconnect to Hub. retry_reason="Hub failed to launch: Io(\"child exited with exit status: 1 without writing file \\\"/tmp/hub-ubuntu-FDC42B4.config.json\\\"\")"
2026-09-04T23:54:31.057206567Z 2026-09-04T23:54:30Z [575ms] [Warning] [carb.omniclient.plugin]  96: OmniHub: ThreadId(02) Hub encountered error. Trying to reconnect to Hub. retry_reason="Hub failed to launch: Io(\"child exited with exit status: 1 without writing file \\\"/tmp/hub-ubuntu-FDC42B4.config.json\\\"\")"
2026-09-04T23:54:31.057208919Z 2026-09-04T23:54:31Z [697ms] [Warning] [carb.omniclient.plugin]  96: OmniHub: ThreadId(02) Hub encountered error. Trying to reconnect to Hub. retry_reason="Hub failed to launch: Io(\"child exited with exit status: 1 without writing file \\\"/tmp/hub-ubuntu-FDC42B4.config.json\\\"\")"
2026-09-04T23:54:34.106682830Z 2026-09-04T23:54:31Z [830ms] [Warning] [carb.omniclient.plugin]  96: OmniHub: ThreadId(02) Hub encountered error. Trying to reconnect to Hub. retry_reason="Hub failed to launch: Io(\"child exited with exit status: 1 without writing file \\\"/tmp/hub-ubuntu-FDC42B4.config.json\\\"\")"
2026-09-04T23:54:34.106708030Z 2026-09-04T23:54:31Z [974ms] [Warning] [carb.omniclient.plugin]  96: OmniHub: ThreadId(02) Hub encountered error. Trying to reconnect to Hub. retry_reason="Hub failed to launch: Io(\"child exited with exit status: 1 without writing file \\\"/tmp/hub-ubuntu-FDC42B4.config.json\\\"\")"
2026-09-04T23:54:34.106709726Z 2026-09-04T23:54:31Z [1,127ms] [Warning] [carb.omniclient.plugin]  96: OmniHub: ThreadId(02) Hub encountered error. Trying to reconnect to Hub. retry_reason="Hub failed to launch: Io(\"child exited with exit status: 1 without writing file \\\"/tmp/hub-ubuntu-FDC42B4.config.json\\\"\")"
2026-09-04T23:54:34.106711166Z 2026-09-04T23:54:31Z [1,290ms] [Warning] [carb.omniclient.plugin]  96: OmniHub: ThreadId(02) Hub encountered error. Trying to reconnect to Hub. retry_reason="Hub failed to launch: Io(\"child exited with exit status: 1 without writing file \\\"/tmp/hub-ubuntu-FDC42B4.config.json\\\"\")"
2026-09-04T23:54:34.106712414Z 2026-09-04T23:54:31Z [1,463ms] [Warning] [carb.omniclient.plugin]  96: OmniHub: ThreadId(02) Hub encountered error. Trying to reconnect to Hub. retry_reason="Hub failed to launch: Io(\"child exited with exit status: 1 without writing file \\\"/tmp/hub-ubuntu-FDC42B4.config.json\\\"\")"
2026-09-04T23:54:34.106713630Z 2026-09-04T23:54:32Z [1,646ms] [Warning] [carb.omniclient.plugin]  96: OmniHub: ThreadId(02) Hub encountered error. Trying to reconnect to Hub. retry_reason="Hub failed to launch: Io(\"child exited with exit status: 1 without writing file \\\"/tmp/hub-ubuntu-FDC42B4.config.json\\\"\")"
2026-09-04T23:54:34.106714958Z 2026-09-04T23:54:32Z [1,840ms] [Warning] [carb.omniclient.plugin]  96: OmniHub: ThreadId(02) Hub encountered error. Trying to reconnect to Hub. retry_reason="Hub failed to launch: Io(\"child exited with exit status: 1 without writing file \\\"/tmp/hub-ubuntu-FDC42B4.config.json\\\"\")"
2026-09-04T23:54:34.106716782Z 2026-09-04T23:54:32Z [2,043ms] [Warning] [carb.omniclient.plugin]  96: OmniHub: ThreadId(02) Hub encountered error. Trying to reconnect to Hub. retry_reason="Hub failed to launch: Io(\"child exited with exit status: 1 without writing file \\\"/tmp/hub-ubuntu-FDC42B4.config.json\\\"\")"
2026-09-04T23:54:34.106733918Z 2026-09-04T23:54:32Z [2,255ms] [Warning] [carb.omniclient.plugin]  96: OmniHub: ThreadId(02) Hub encountered error. Trying to reconnect to Hub. retry_reason="Hub failed to launch: Io(\"child exited with exit status: 1 without writing file \\\"/tmp/hub-ubuntu-FDC42B4.config.json\\\"\")"
2026-09-04T23:54:34.106735214Z 2026-09-04T23:54:32Z [2,480ms] [Warning] [carb.omniclient.plugin]  96: OmniHub: ThreadId(02) Hub encountered error. Trying to reconnect to Hub. retry_reason="Hub failed to launch: Io(\"child exited with exit status: 1 without writing file \\\"/tmp/hub-ubuntu-FDC42B4.config.json\\\"\")"
2026-09-04T23:54:34.106736446Z 2026-09-04T23:54:33Z [2,712ms] [Warning] [carb.omniclient.plugin]  96: OmniHub: ThreadId(02) Hub encountered error. Trying to reconnect to Hub. retry_reason="Hub failed to launch: Io(\"child exited with exit status: 1 without writing file \\\"/tmp/hub-ubuntu-FDC42B4.config.json\\\"\")"
2026-09-04T23:54:34.106737582Z 2026-09-04T23:54:33Z [2,955ms] [Warning] [carb.omniclient.plugin]  96: OmniHub: ThreadId(02) Hub encountered error. Trying to reconnect to Hub. retry_reason="Hub failed to launch: Io(\"child exited with exit status: 1 without writing file \\\"/tmp/hub-ubuntu-FDC42B4.config.json\\\"\")"
2026-09-04T23:54:34.106738814Z 2026-09-04T23:54:33Z [3,209ms] [Warning] [carb.omniclient.plugin]  96: OmniHub: ThreadId(02) Hub encountered error. Trying to reconnect to Hub. retry_reason="Hub failed to launch: Io(\"child exited with exit status: 1 without writing file \\\"/tmp/hub-ubuntu-FDC42B4.config.json\\\"\")"
2026-09-04T23:54:34.106739998Z 2026-09-04T23:54:33Z [3,473ms] [Warning] [carb.omniclient.plugin]  96: OmniHub: ThreadId(02) Hub encountered error. Trying to reconnect to Hub. retry_reason="Hub failed to launch: Io(\"child exited with exit status: 1 without writing file \\\"/tmp/hub-ubuntu-FDC42B4.config.json\\\"\")"
2026-09-04T23:54:34.106741390Z 2026-09-04T23:54:34Z [3,747ms] [Warning] [carb.omniclient.plugin]  96: OmniHub: ThreadId(02) Hub encountered error. Trying to reconnect to Hub. retry_reason="Hub failed to launch: Io(\"child exited with exit status: 1 without writing file \\\"/tmp/hub-ubuntu-FDC42B4.config.json\\\"\")"
2026-09-04T23:54:39.405481757Z 2026-09-04T23:54:34Z [4,031ms] [Warning] [carb.omniclient.plugin]  96: OmniHub: ThreadId(02) Hub encountered error. Trying to reconnect to Hub. retry_reason="Hub failed to launch: Io(\"child exited with exit status: 1 without writing file \\\"/tmp/hub-ubuntu-FDC42B4.config.json\\\"\")"
2026-09-04T23:54:39.405523725Z 2026-09-04T23:54:34Z [4,324ms] [Warning] [carb.omniclient.plugin]  96: OmniHub: ThreadId(02) Hub encountered error. Trying to reconnect to Hub. retry_reason="Hub failed to launch: Io(\"child exited with exit status: 1 without writing file \\\"/tmp/hub-ubuntu-FDC42B4.config.json\\\"\")"
2026-09-04T23:54:39.405527181Z 2026-09-04T23:54:34Z [4,627ms] [Warning] [carb.omniclient.plugin]  96: OmniHub: ThreadId(02) Hub encountered error. Trying to reconnect to Hub. retry_reason="Hub failed to launch: Io(\"child exited with exit status: 1 without writing file \\\"/tmp/hub-ubuntu-FDC42B4.config.json\\\"\")"
2026-09-04T23:54:39.405529901Z 2026-09-04T23:54:35Z [4,941ms] [Warning] [carb.omniclient.plugin]  96: OmniHub: ThreadId(02) Hub encountered error. Trying to reconnect to Hub. retry_reason="Hub failed to launch: Io(\"child exited with exit status: 1 without writing file \\\"/tmp/hub-ubuntu-FDC42B4.config.json\\\"\")"
2026-09-04T23:54:39.405549757Z 2026-09-04T23:54:35Z [5,264ms] [Warning] [carb.omniclient.plugin]  96: OmniHub: ThreadId(02) Hub encountered error. Trying to reconnect to Hub. retry_reason="Hub failed to launch: Io(\"child exited with exit status: 1 without writing file \\\"/tmp/hub-ubuntu-FDC42B4.config.json\\\"\")"
2026-09-04T23:54:39.405552173Z 2026-09-04T23:54:35Z [5,597ms] [Warning] [carb.omniclient.plugin]  96: OmniHub: ThreadId(02) Hub encountered error. Trying to reconnect to Hub. retry_reason="Hub failed to launch: Io(\"child exited with exit status: 1 without writing file \\\"/tmp/hub-ubuntu-FDC42B4.config.json\\\"\")"
2026-09-04T23:54:39.405554333Z 2026-09-04T23:54:36Z [5,940ms] [Warning] [carb.omniclient.plugin]  96: OmniHub: ThreadId(02) Hub encountered error. Trying to reconnect to Hub. retry_reason="Hub failed to launch: Io(\"child exited with exit status: 1 without writing file \\\"/tmp/hub-ubuntu-FDC42B4.config.json\\\"\")"
2026-09-04T23:54:39.405557501Z 2026-09-04T23:54:36Z [6,293ms] [Warning] [carb.omniclient.plugin]  96: OmniHub: ThreadId(02) Hub encountered error. Trying to reconnect to Hub. retry_reason="Hub failed to launch: Io(\"child exited with exit status: 1 without writing file \\\"/tmp/hub-ubuntu-FDC42B4.config.json\\\"\")"
2026-09-04T23:54:39.405559629Z 2026-09-04T23:54:37Z [6,656ms] [Warning] [carb.omniclient.plugin]  96: OmniHub: ThreadId(02) Hub encountered error. Trying to reconnect to Hub. retry_reason="Hub failed to launch: Io(\"child exited with exit status: 1 without writing file \\\"/tmp/hub-ubuntu-FDC42B4.config.json\\\"\")"
2026-09-04T23:54:39.405562029Z 2026-09-04T23:54:37Z [7,029ms] [Warning] [carb.omniclient.plugin]  96: OmniHub: ThreadId(02) Hub encountered error. Trying to reconnect to Hub. retry_reason="Hub failed to launch: Io(\"child exited with exit status: 1 without writing file \\\"/tmp/hub-ubuntu-FDC42B4.config.json\\\"\")"
2026-09-04T23:54:39.405564141Z 2026-09-04T23:54:37Z [7,412ms] [Warning] [carb.omniclient.plugin]  96: OmniHub: ThreadId(02) Hub encountered error. Trying to reconnect to Hub. retry_reason="Hub failed to launch: Io(\"child exited with exit status: 1 without writing file \\\"/tmp/hub-ubuntu-FDC42B4.config.json\\\"\")"
2026-09-04T23:54:39.405566253Z 2026-09-04T23:54:38Z [7,806ms] [Warning] [carb.omniclient.plugin]  96: OmniHub: ThreadId(02) Hub encountered error. Trying to reconnect to Hub. retry_reason="Hub failed to launch: Io(\"child exited with exit status: 1 without writing file \\\"/tmp/hub-ubuntu-FDC42B4.config.json\\\"\")"
2026-09-04T23:54:39.405568349Z 2026-09-04T23:54:38Z [8,210ms] [Warning] [carb.omniclient.plugin]  96: OmniHub: ThreadId(02) Hub encountered error. Trying to reconnect to Hub. retry_reason="Hub failed to launch: Io(\"child exited with exit status: 1 without writing file \\\"/tmp/hub-ubuntu-FDC42B4.config.json\\\"\")"
2026-09-04T23:54:39.405570397Z 2026-09-04T23:54:38Z [8,622ms] [Warning] [carb.omniclient.plugin]  96: OmniHub: ThreadId(02) Hub encountered error. Trying to reconnect to Hub. retry_reason="Hub failed to launch: Io(\"child exited with exit status: 1 without writing file \\\"/tmp/hub-ubuntu-FDC42B4.config.json\\\"\")"
2026-09-04T23:54:39.405572605Z 2026-09-04T23:54:39Z [9,045ms] [Warning] [carb.omniclient.plugin]  96: OmniHub: ThreadId(02) Hub encountered error. Trying to reconnect to Hub. retry_reason="Hub failed to launch: Io(\"child exited with exit status: 1 without writing file \\\"/tmp/hub-ubuntu-FDC42B4.config.json\\\"\")"
2026-09-04T23:54:40.741755086Z WARNING: All log messages before absl::InitializeLog() is called are written to STDERR
2026-09-04T23:54:40.741785838Z E0000 00:00:1788566080.741207      24 descriptor_database.cc:633] File already exists in database: grpc/health/v1/health.proto
2026-09-04T23:54:40.741788686Z W0000 00:00:1788566080.741230      24 message.cc:301] Protobuf GeneratedMessageFactory: File is already registered: grpc/health/v1/health.proto
2026-09-04T23:54:40.950198532Z 2026-09-04T23:54:39Z [9,478ms] [Warning] [carb.omniclient.plugin]  96: OmniHub: ThreadId(02) Hub encountered error. Trying to reconnect to Hub. retry_reason="Hub failed to launch: Io(\"child exited with exit status: 1 without writing file \\\"/tmp/hub-ubuntu-FDC42B4.config.json\\\"\")"
2026-09-04T23:54:40.950223044Z 2026-09-04T23:54:40Z [9,922ms] [Warning] [carb.omniclient.plugin]  96: OmniHub: ThreadId(02) Hub encountered error. Trying to reconnect to Hub. retry_reason="Hub failed to launch: Io(\"child exited with exit status: 1 without writing file \\\"/tmp/hub-ubuntu-FDC42B4.config.json\\\"\")"
2026-09-04T23:54:40.950224740Z 2026-09-04T23:54:40Z [10,425ms] [Warning] [omni.usd_config.extension] Enable omni.materialx.libs extension to use MaterialX
2026-09-04T23:54:40.950225972Z 2026-09-04T23:54:40Z [10,473ms] [Warning] [omni.platforminfo.plugin] failed to open the default display.  Can't verify X Server version.
2026-09-04T23:54:40.950245332Z 2026-09-04T23:54:40Z [10,590ms] [Error] [omni.ext._impl._internal] Failed to import python module omni.UsdMdl from /isaac-sim/extscache/omni.kit.usd.mdl-1.1.9+f9bf0dda.la64.r.cp312. Error: extension class wrapper for base class pxrInternal_v0_25_11__pxrReserved__::TfNotice has not been created yet. Traceback:
2026-09-04T23:54:40.950254564Z Traceback (most recent call last):
2026-09-04T23:54:40.950256100Z   File "/workspace/isaaclab/_isaac_sim/kit/kernel/py/omni/ext/_impl/_internal.py", line 212, in _custom_importer
2026-09-04T23:54:40.950257540Z     return _import_public(ext_module.path, ext_module.name, reload_enabled)
2026-09-04T23:54:40.950258836Z            ^^^^^^^^^^^^^^^^^^^^^^^^^^^^^^^^^^^^^^^^^^^^^^^^^^^^^^^^^^^^^^^^
2026-09-04T23:54:40.950260004Z   File "/workspace/isaaclab/_isaac_sim/kit/kernel/py/omni/ext/_impl/_internal.py", line 111, in _import_public
2026-09-04T23:54:40.950261204Z     module = import_module(module_name)
2026-09-04T23:54:40.950262228Z              ^^^^^^^^^^^^^^^^^^^^^^^^^^
2026-09-04T23:54:40.950263172Z   File "/workspace/isaaclab/_isaac_sim/kit/kernel/py/omni/ext/_impl/custom_importer.py", line 107, in import_module
2026-09-04T23:54:40.950264308Z     return importlib.import_module(name)
2026-09-04T23:54:40.950265268Z            ^^^^^^^^^^^^^^^^^^^^^^^^^^^^^
2026-09-04T23:54:40.950266884Z   File "/workspace/isaaclab/_isaac_sim/kit/python/lib/python3.12/importlib/__init__.py", line 90, in import_module
2026-09-04T23:54:40.950267924Z     return _bootstrap._gcd_import(name[level:], package, level)
2026-09-04T23:54:40.950268980Z            ^^^^^^^^^^^^^^^^^^^^^^^^^^^^^^^^^^^^^^^^^^^^^^^^^^^^
2026-09-04T23:54:40.950277892Z   File "<frozen importlib._bootstrap>", line 1387, in _gcd_import
2026-09-04T23:54:40.950279172Z   File "<frozen importlib._bootstrap>", line 1360, in _find_and_load
2026-09-04T23:54:40.950280164Z   File "<frozen importlib._bootstrap>", line 1331, in _find_and_load_unlocked
2026-09-04T23:54:40.950281124Z   File "<frozen importlib._bootstrap>", line 935, in _load_unlocked
2026-09-04T23:54:40.950282100Z   File "<frozen importlib._bootstrap_external>", line 999, in exec_module
2026-09-04T23:54:40.950283204Z   File "<frozen importlib._bootstrap>", line 488, in _call_with_frames_removed
2026-09-04T23:54:40.950284228Z   File "/isaac-sim/extscache/omni.kit.usd.mdl-1.1.9+f9bf0dda.la64.r.cp312/omni/UsdMdl/__init__.py", line 3, in <module>
2026-09-04T23:54:40.950285476Z     Tf.PreparePythonModule()
2026-09-04T23:54:40.950286404Z   File "/workspace/isaaclab/_isaac_sim/kit/python/lib/python3.12/site-packages/pxr/Tf/__init__.py", line 86, in PreparePythonModule
2026-09-04T23:54:40.950287524Z     module = importlib.import_module(
2026-09-04T23:54:40.950288420Z              ^^^^^^^^^^^^^^^^^^^^^^^^
2026-09-04T23:54:40.950290548Z   File "/workspace/isaaclab/_isaac_sim/kit/python/lib/python3.12/importlib/__init__.py", line 90, in import_module
2026-09-04T23:54:40.950291781Z     return _bootstrap._gcd_import(name[level:], package, level)
2026-09-04T23:54:40.950292741Z            ^^^^^^^^^^^^^^^^^^^^^^^^^^^^^^^^^^^^^^^^^^^^^^^^^^^^
2026-09-04T23:54:40.950293653Z   File "<frozen importlib._bootstrap>", line 1387, in _gcd_import
2026-09-04T23:54:40.950294693Z   File "<frozen importlib._bootstrap>", line 1360, in _find_and_load
2026-09-04T23:54:40.950295669Z   File "<frozen importlib._bootstrap>", line 1331, in _find_and_load_unlocked
2026-09-04T23:54:40.950296709Z   File "<frozen importlib._bootstrap>", line 921, in _load_unlocked
2026-09-04T23:54:40.950297781Z   File "<frozen importlib._bootstrap>", line 813, in module_from_spec
2026-09-04T23:54:40.950298901Z   File "<frozen importlib._bootstrap_external>", line 1293, in create_module
2026-09-04T23:54:40.950299925Z   File "<frozen importlib._bootstrap>", line 488, in _call_with_frames_removed
2026-09-04T23:54:40.950300885Z RuntimeError: extension class wrapper for base class pxrInternal_v0_25_11__pxrReserved__::TfNotice has not been created yet
2026-09-04T23:54:40.950301925Z 
2026-09-04T23:54:40.950311893Z 2026-09-04T23:54:40Z [10,591ms] [Error] [carb.scripting-python.plugin] Exception: Extension python module: 'omni.UsdMdl' in '/isaac-sim/extscache/omni.kit.usd.mdl-1.1.9+f9bf0dda.la64.r.cp312' failed to load.
2026-09-04T23:54:40.950319397Z 
2026-09-04T23:54:40.950320773Z At:
2026-09-04T23:54:40.950321925Z   /workspace/isaaclab/_isaac_sim/kit/kernel/py/omni/ext/_impl/_internal.py(240): startup
2026-09-04T23:54:40.950323045Z   /workspace/isaaclab/_isaac_sim/kit/kernel/py/omni/ext/_impl/_internal.py(366): startup_extension
2026-09-04T23:54:40.950333893Z   PythonExtension.cpp::startup()(2): <module>
2026-09-04T23:54:40.950335061Z   /workspace/isaaclab/_isaac_sim/exts/isaacsim.simulation_app/isaacsim/simulation_app/simulation_app.py(576): _start_app
2026-09-04T23:54:40.950336181Z   /workspace/isaaclab/_isaac_sim/exts/isaacsim.simulation_app/isaacsim/simulation_app/simulation_app.py(289): __init__
2026-09-04T23:54:40.950337189Z   /workspace/isaaclab/source/isaaclab/isaaclab/app/app_launcher.py(1208): _create_app
2026-09-04T23:54:40.950338277Z   /workspace/isaaclab/source/isaaclab/isaaclab/app/app_launcher.py(300): __init__
2026-09-04T23:54:40.950339269Z   /workspace/isaaclab/source/isaaclab_tasks/isaaclab_tasks/utils/sim_launcher.py(466): launch_simulation
2026-09-04T23:54:40.950340341Z   /workspace/isaaclab/_isaac_sim/kit/python/lib/python3.12/contextlib.py(137): __enter__
2026-09-04T23:54:40.950341349Z   /workspace/hexapod/isaaclab/validate_mkii_v2.py(203): run_live
2026-09-04T23:54:40.950342389Z   /workspace/hexapod/isaaclab/validate_mkii_v2.py(318): main
2026-09-04T23:54:40.950343349Z   /workspace/hexapod/isaaclab/validate_mkii_v2.py(338): <module>
2026-09-04T23:54:40.950344405Z 
2026-09-04T23:54:40.950345333Z 2026-09-04T23:54:40Z [10,591ms] [Error] [omni.ext.plugin] [ext: omni.kit.usd.mdl-1.1.9] Failed to startup python extension.
2026-09-04T23:54:41.098069375Z Warning: in _LoadLibModules at line 329 of /builds/omniverse/usd-ci/conan/src/0.25.11.kit.2/pxr/base/tf/scriptModuleLoader.cpp -- Error loading lib usdSkel's module 'pxr.UsdSkel':
2026-09-04T23:54:41.098088591Z Traceback (most recent call last):
2026-09-04T23:54:41.098089967Z   File "/isaac-sim/extscache/omni.usd.libs-1.0.3+f9bf0dda.la64.r.cp312/pxr/UsdSkel/__init__.py", line 8, in <module>
2026-09-04T23:54:41.098091471Z     Tf.PreparePythonModule()
2026-09-04T23:54:41.098092607Z   File "/workspace/isaaclab/_isaac_sim/kit/python/lib/python3.12/site-packages/pxr/Tf/__init__.py", line 86, in PreparePythonModule
2026-09-04T23:54:41.098093775Z     module = importlib.import_module(
2026-09-04T23:54:41.098094879Z              ^^^^^^^^^^^^^^^^^^^^^^^^
2026-09-04T23:54:41.098095855Z   File "/workspace/isaaclab/_isaac_sim/kit/python/lib/python3.12/importlib/__init__.py", line 90, in import_module
2026-09-04T23:54:41.098097055Z     return _bootstrap._gcd_import(name[level:], package, level)
2026-09-04T23:54:41.098098063Z            ^^^^^^^^^^^^^^^^^^^^^^^^^^^^^^^^^^^^^^^^^^^^^^^^^^^^
2026-09-04T23:54:41.098099135Z TypeError: No to_python (by-value) converter found for C++ type: pxrInternal_v0_25_11__pxrReserved__::VtValue
2026-09-04T23:54:41.098100159Z 
2026-09-04T23:54:41.098101679Z 2026-09-04T23:54:41Z [10,738ms] [Error] [omni.ext._impl._internal] Failed to import python module AnimationSchema from /isaac-sim/extscache/omni.usd.schema.anim-0.0.1+f9bf0dda.la64.r.cp312. Error: extension class wrapper for base class pxrInternal_v0_25_11__pxrReserved__::UsdAPISchemaBase has not been created yet. Traceback:
2026-09-04T23:54:41.098115119Z Traceback (most recent call last):
2026-09-04T23:54:41.098116111Z   File "/workspace/isaaclab/_isaac_sim/kit/kernel/py/omni/ext/_impl/_internal.py", line 212, in _custom_importer
2026-09-04T23:54:41.098117215Z     return _import_public(ext_module.path, ext_module.name, reload_enabled)
2026-09-04T23:54:41.098118175Z            ^^^^^^^^^^^^^^^^^^^^^^^^^^^^^^^^^^^^^^^^^^^^^^^^^^^^^^^^^^^^^^^^
2026-09-04T23:54:41.098119215Z   File "/workspace/isaaclab/_isaac_sim/kit/kernel/py/omni/ext/_impl/_internal.py", line 111, in _import_public
2026-09-04T23:54:41.098120207Z     module = import_module(module_name)
2026-09-04T23:54:41.098121215Z              ^^^^^^^^^^^^^^^^^^^^^^^^^^
2026-09-04T23:54:41.098122127Z   File "/workspace/isaaclab/_isaac_sim/kit/kernel/py/omni/ext/_impl/custom_importer.py", line 107, in import_module
2026-09-04T23:54:41.098123247Z     return importlib.import_module(name)
2026-09-04T23:54:41.098124159Z            ^^^^^^^^^^^^^^^^^^^^^^^^^^^^^
2026-09-04T23:54:41.098125775Z   File "/workspace/isaaclab/_isaac_sim/kit/python/lib/python3.12/importlib/__init__.py", line 90, in import_module
2026-09-04T23:54:41.098127519Z     return _bootstrap._gcd_import(name[level:], package, level)
2026-09-04T23:54:41.098128543Z            ^^^^^^^^^^^^^^^^^^^^^^^^^^^^^^^^^^^^^^^^^^^^^^^^^^^^
2026-09-04T23:54:41.098129487Z   File "<frozen importlib._bootstrap>", line 1387, in _gcd_import
2026-09-04T23:54:41.098130591Z   File "<frozen importlib._bootstrap>", line 1360, in _find_and_load
2026-09-04T23:54:41.098131711Z   File "<frozen importlib._bootstrap>", line 1331, in _find_and_load_unlocked
2026-09-04T23:54:41.098132879Z   File "<frozen importlib._bootstrap>", line 935, in _load_unlocked
2026-09-04T23:54:41.098133855Z   File "<frozen importlib._bootstrap_external>", line 999, in exec_module
2026-09-04T23:54:41.098134991Z   File "<frozen importlib._bootstrap>", line 488, in _call_with_frames_removed
2026-09-04T23:54:41.098135951Z   File "/isaac-sim/extscache/omni.usd.schema.anim-0.0.1+f9bf0dda.la64.r.cp312/AnimationSchema/__init__.py", line 7, in <module>
2026-09-04T23:54:41.098137119Z     Tf.PreparePythonModule()
2026-09-04T23:54:41.098138095Z   File "/workspace/isaaclab/_isaac_sim/kit/python/lib/python3.12/site-packages/pxr/Tf/__init__.py", line 86, in PreparePythonModule
2026-09-04T23:54:41.098139247Z     module = importlib.import_module(
2026-09-04T23:54:41.098140143Z              ^^^^^^^^^^^^^^^^^^^^^^^^
2026-09-04T23:54:41.098141151Z   File "/workspace/isaaclab/_isaac_sim/kit/python/lib/python3.12/importlib/__init__.py", line 90, in import_module
2026-09-04T23:54:41.098142159Z     return _bootstrap._gcd_import(name[level:], package, level)
2026-09-04T23:54:41.098143183Z            ^^^^^^^^^^^^^^^^^^^^^^^^^^^^^^^^^^^^^^^^^^^^^^^^^^^^
2026-09-04T23:54:41.098144095Z   File "<frozen importlib._bootstrap>", line 1387, in _gcd_import
2026-09-04T23:54:41.098147167Z   File "<frozen importlib._bootstrap>", line 1360, in _find_and_load
2026-09-04T23:54:41.098148191Z   File "<frozen importlib._bootstrap>", line 1331, in _find_and_load_unlocked
2026-09-04T23:54:41.098149263Z   File "<frozen importlib._bootstrap>", line 921, in _load_unlocked
2026-09-04T23:54:41.098150319Z   File "<frozen importlib._bootstrap>", line 813, in module_from_spec
2026-09-04T23:54:41.098151247Z   File "<frozen importlib._bootstrap_external>", line 1293, in create_module
2026-09-04T23:54:41.098152335Z   File "<frozen importlib._bootstrap>", line 488, in _call_with_frames_removed
2026-09-04T23:54:41.098153343Z RuntimeError: extension class wrapper for base class pxrInternal_v0_25_11__pxrReserved__::UsdAPISchemaBase has not been created yet
2026-09-04T23:54:41.098154479Z 
2026-09-04T23:54:41.098155471Z 2026-09-04T23:54:41Z [10,739ms] [Error] [carb.scripting-python.plugin] Exception: Extension python module: 'AnimationSchema' in '/isaac-sim/extscache/omni.usd.schema.anim-0.0.1+f9bf0dda.la64.r.cp312' failed to load.
2026-09-04T23:54:41.098156591Z 
2026-09-04T23:54:41.098157503Z At:
2026-09-04T23:54:41.098158527Z   /workspace/isaaclab/_isaac_sim/kit/kernel/py/omni/ext/_impl/_internal.py(240): startup
2026-09-04T23:54:41.098159519Z   /workspace/isaaclab/_isaac_sim/kit/kernel/py/omni/ext/_impl/_internal.py(366): startup_extension
2026-09-04T23:54:41.098160511Z   PythonExtension.cpp::startup()(2): <module>
2026-09-04T23:54:41.098161599Z   /workspace/isaaclab/_isaac_sim/exts/isaacsim.simulation_app/isaacsim/simulation_app/simulation_app.py(576): _start_app
2026-09-04T23:54:41.098162767Z   /workspace/isaaclab/_isaac_sim/exts/isaacsim.simulation_app/isaacsim/simulation_app/simulation_app.py(289): __init__
2026-09-04T23:54:41.098163855Z   /workspace/isaaclab/source/isaaclab/isaaclab/app/app_launcher.py(1208): _create_app
2026-09-04T23:54:41.098165039Z   /workspace/isaaclab/source/isaaclab/isaaclab/app/app_launcher.py(300): __init__
2026-09-04T23:54:41.098166047Z   /workspace/isaaclab/source/isaaclab_tasks/isaaclab_tasks/utils/sim_launcher.py(466): launch_simulation
2026-09-04T23:54:41.098167023Z   /workspace/isaaclab/_isaac_sim/kit/python/lib/python3.12/contextlib.py(137): __enter__
2026-09-04T23:54:41.098167999Z   /workspace/hexapod/isaaclab/validate_mkii_v2.py(203): run_live
2026-09-04T23:54:41.098168927Z   /workspace/hexapod/isaaclab/validate_mkii_v2.py(318): main
2026-09-04T23:54:41.098169887Z   /workspace/hexapod/isaaclab/validate_mkii_v2.py(338): <module>
2026-09-04T23:54:41.098170863Z 
2026-09-04T23:54:41.098171759Z 2026-09-04T23:54:41Z [10,739ms] [Error] [omni.ext.plugin] [ext: omni.usd.schema.anim-0.0.1] Failed to startup python extension.
2026-09-04T23:54:41.163645946Z 2026-09-04T23:54:41Z [10,804ms] [Error] [omni.ext._impl._internal] Failed to import python module OmniAudioSchema from /isaac-sim/extscache/omni.usd.schema.audio-0.0.1+f9bf0dda.la64.r.cp312. Error: extension class wrapper for base class pxrInternal_v0_25_11__pxrReserved__::UsdGeomXformable has not been created yet. Traceback:
2026-09-04T23:54:41.163674138Z Traceback (most recent call last):
2026-09-04T23:54:41.163675514Z   File "/workspace/isaaclab/_isaac_sim/kit/kernel/py/omni/ext/_impl/_internal.py", line 212, in _custom_importer
2026-09-04T23:54:41.163676778Z     return _import_public(ext_module.path, ext_module.name, reload_enabled)
2026-09-04T23:54:41.163677786Z            ^^^^^^^^^^^^^^^^^^^^^^^^^^^^^^^^^^^^^^^^^^^^^^^^^^^^^^^^^^^^^^^^
2026-09-04T23:54:41.163678762Z   File "/workspace/isaaclab/_isaac_sim/kit/kernel/py/omni/ext/_impl/_internal.py", line 111, in _import_public
2026-09-04T23:54:41.163679786Z     module = import_module(module_name)
2026-09-04T23:54:41.163680986Z              ^^^^^^^^^^^^^^^^^^^^^^^^^^
2026-09-04T23:54:41.163681914Z   File "/workspace/isaaclab/_isaac_sim/kit/kernel/py/omni/ext/_impl/custom_importer.py", line 107, in import_module
2026-09-04T23:54:41.163683034Z     return importlib.import_module(name)
2026-09-04T23:54:41.163683978Z            ^^^^^^^^^^^^^^^^^^^^^^^^^^^^^
2026-09-04T23:54:41.163685002Z   File "/workspace/isaaclab/_isaac_sim/kit/python/lib/python3.12/importlib/__init__.py", line 90, in import_module
2026-09-04T23:54:41.163686010Z     return _bootstrap._gcd_import(name[level:], package, level)
2026-09-04T23:54:41.163687066Z            ^^^^^^^^^^^^^^^^^^^^^^^^^^^^^^^^^^^^^^^^^^^^^^^^^^^^
2026-09-04T23:54:41.163688298Z   File "<frozen importlib._bootstrap>", line 1387, in _gcd_import
2026-09-04T23:54:41.163689578Z   File "<frozen importlib._bootstrap>", line 1360, in _find_and_load
2026-09-04T23:54:41.163690570Z   File "<frozen importlib._bootstrap>", line 1331, in _find_and_load_unlocked
2026-09-04T23:54:41.163691674Z   File "<frozen importlib._bootstrap>", line 935, in _load_unlocked
2026-09-04T23:54:41.163692634Z   File "<frozen importlib._bootstrap_external>", line 999, in exec_module
2026-09-04T23:54:41.163693754Z   File "<frozen importlib._bootstrap>", line 488, in _call_with_frames_removed
2026-09-04T23:54:41.163694762Z   File "/isaac-sim/extscache/omni.usd.schema.audio-0.0.1+f9bf0dda.la64.r.cp312/OmniAudioSchema/__init__.py", line 7, in <module>
2026-09-04T23:54:41.163695994Z     Tf.PreparePythonModule()
2026-09-04T23:54:41.163696938Z   File "/workspace/isaaclab/_isaac_sim/kit/python/lib/python3.12/site-packages/pxr/Tf/__init__.py", line 86, in PreparePythonModule
2026-09-04T23:54:41.163698058Z     module = importlib.import_module(
2026-09-04T23:54:41.163699434Z              ^^^^^^^^^^^^^^^^^^^^^^^^
2026-09-04T23:54:41.163700458Z   File "/workspace/isaaclab/_isaac_sim/kit/python/lib/python3.12/importlib/__init__.py", line 90, in import_module
2026-09-04T23:54:41.163701434Z     return _bootstrap._gcd_import(name[level:], package, level)
2026-09-04T23:54:41.163702474Z            ^^^^^^^^^^^^^^^^^^^^^^^^^^^^^^^^^^^^^^^^^^^^^^^^^^^^
2026-09-04T23:54:41.163705370Z   File "<frozen importlib._bootstrap>", line 1387, in _gcd_import
2026-09-04T23:54:41.163706490Z   File "<frozen importlib._bootstrap>", line 1360, in _find_and_load
2026-09-04T23:54:41.163707450Z   File "<frozen importlib._bootstrap>", line 1331, in _find_and_load_unlocked
2026-09-04T23:54:41.163708666Z   File "<frozen importlib._bootstrap>", line 921, in _load_unlocked
2026-09-04T23:54:41.163709626Z   File "<frozen importlib._bootstrap>", line 813, in module_from_spec
2026-09-04T23:54:41.163710714Z   File "<frozen importlib._bootstrap_external>", line 1293, in create_module
2026-09-04T23:54:41.163711690Z   File "<frozen importlib._bootstrap>", line 488, in _call_with_frames_removed
2026-09-04T23:54:41.163712794Z RuntimeError: extension class wrapper for base class pxrInternal_v0_25_11__pxrReserved__::UsdGeomXformable has not been created yet
2026-09-04T23:54:41.163713786Z 
2026-09-04T23:54:41.163714858Z 2026-09-04T23:54:41Z [10,804ms] [Error] [carb.scripting-python.plugin] Exception: Extension python module: 'OmniAudioSchema' in '/isaac-sim/extscache/omni.usd.schema.audio-0.0.1+f9bf0dda.la64.r.cp312' failed to load.
2026-09-04T23:54:41.163715962Z 
2026-09-04T23:54:41.163717034Z At:
2026-09-04T23:54:41.163717962Z   /workspace/isaaclab/_isaac_sim/kit/kernel/py/omni/ext/_impl/_internal.py(240): startup
2026-09-04T23:54:41.163719018Z   /workspace/isaaclab/_isaac_sim/kit/kernel/py/omni/ext/_impl/_internal.py(366): startup_extension
2026-09-04T23:54:41.163719978Z   PythonExtension.cpp::startup()(2): <module>
2026-09-04T23:54:41.163721082Z   /workspace/isaaclab/_isaac_sim/exts/isaacsim.simulation_app/isaacsim/simulation_app/simulation_app.py(576): _start_app
2026-09-04T23:54:41.163722106Z   /workspace/isaaclab/_isaac_sim/exts/isaacsim.simulation_app/isaacsim/simulation_app/simulation_app.py(289): __init__
2026-09-04T23:54:41.163723178Z   /workspace/isaaclab/source/isaaclab/isaaclab/app/app_launcher.py(1208): _create_app
2026-09-04T23:54:41.163724090Z   /workspace/isaaclab/source/isaaclab/isaaclab/app/app_launcher.py(300): __init__
2026-09-04T23:54:41.163725178Z   /workspace/isaaclab/source/isaaclab_tasks/isaaclab_tasks/utils/sim_launcher.py(466): launch_simulation
2026-09-04T23:54:41.163726122Z   /workspace/isaaclab/_isaac_sim/kit/python/lib/python3.12/contextlib.py(137): __enter__
2026-09-04T23:54:41.163727274Z   /workspace/hexapod/isaaclab/validate_mkii_v2.py(203): run_live
2026-09-04T23:54:41.163728330Z   /workspace/hexapod/isaaclab/validate_mkii_v2.py(318): main
2026-09-04T23:54:41.163729274Z   /workspace/hexapod/isaaclab/validate_mkii_v2.py(338): <module>
2026-09-04T23:54:41.163730250Z 
2026-09-04T23:54:41.163731162Z 2026-09-04T23:54:41Z [10,804ms] [Error] [omni.ext.plugin] [ext: omni.usd.schema.audio-0.0.1] Failed to startup python extension.
2026-09-04T23:54:41.243498705Z 2026-09-04T23:54:41Z [10,884ms] [Error] [omni.ext._impl._internal] Failed to import python module pxr.PhysxSchema from /isaac-sim/extscache/omni.usd.schema.physx-110.1.13+110.1.2.la64.r.cp312.u7f4. Error: extension class wrapper for base class pxrInternal_v0_25_11__pxrReserved__::UsdAPISchemaBase has not been created yet. Traceback:
2026-09-04T23:54:41.243525489Z Traceback (most recent call last):
2026-09-04T23:54:41.243526897Z   File "/workspace/isaaclab/_isaac_sim/kit/kernel/py/omni/ext/_impl/_internal.py", line 212, in _custom_importer
2026-09-04T23:54:41.243528161Z     return _import_public(ext_module.path, ext_module.name, reload_enabled)
2026-09-04T23:54:41.243529201Z            ^^^^^^^^^^^^^^^^^^^^^^^^^^^^^^^^^^^^^^^^^^^^^^^^^^^^^^^^^^^^^^^^
2026-09-04T23:54:41.243530273Z   File "/workspace/isaaclab/_isaac_sim/kit/kernel/py/omni/ext/_impl/_internal.py", line 111, in _import_public
2026-09-04T23:54:41.243531297Z     module = import_module(module_name)
2026-09-04T23:54:41.243532337Z              ^^^^^^^^^^^^^^^^^^^^^^^^^^
2026-09-04T23:54:41.243533297Z   File "/workspace/isaaclab/_isaac_sim/kit/kernel/py/omni/ext/_impl/custom_importer.py", line 107, in import_module
2026-09-04T23:54:41.243534417Z     return importlib.import_module(name)
2026-09-04T23:54:41.243535473Z            ^^^^^^^^^^^^^^^^^^^^^^^^^^^^^
2026-09-04T23:54:41.243536497Z   File "/workspace/isaaclab/_isaac_sim/kit/python/lib/python3.12/importlib/__init__.py", line 90, in import_module
2026-09-04T23:54:41.243537553Z     return _bootstrap._gcd_import(name[level:], package, level)
2026-09-04T23:54:41.243538481Z            ^^^^^^^^^^^^^^^^^^^^^^^^^^^^^^^^^^^^^^^^^^^^^^^^^^^^
2026-09-04T23:54:41.243539521Z   File "<frozen importlib._bootstrap>", line 1387, in _gcd_import
2026-09-04T23:54:41.243542737Z   File "<frozen importlib._bootstrap>", line 1360, in _find_and_load
2026-09-04T23:54:41.243543809Z   File "<frozen importlib._bootstrap>", line 1331, in _find_and_load_unlocked
2026-09-04T23:54:41.243544897Z   File "<frozen importlib._bootstrap>", line 935, in _load_unlocked
2026-09-04T23:54:41.243545873Z   File "<frozen importlib._bootstrap_external>", line 999, in exec_module
2026-09-04T23:54:41.243546977Z   File "<frozen importlib._bootstrap>", line 488, in _call_with_frames_removed
2026-09-04T23:54:41.243547985Z   File "/isaac-sim/extscache/omni.usd.schema.physx-110.1.13+110.1.2.la64.r.cp312.u7f4/pxr/PhysxSchema/__init__.py", line 10, in <module>
2026-09-04T23:54:41.243549169Z     Tf.PreparePythonModule()
2026-09-04T23:54:41.243550081Z   File "/workspace/isaaclab/_isaac_sim/kit/python/lib/python3.12/site-packages/pxr/Tf/__init__.py", line 86, in PreparePythonModule
2026-09-04T23:54:41.243551233Z     module = importlib.import_module(
2026-09-04T23:54:41.243552657Z              ^^^^^^^^^^^^^^^^^^^^^^^^
2026-09-04T23:54:41.243553729Z   File "/workspace/isaaclab/_isaac_sim/kit/python/lib/python3.12/importlib/__init__.py", line 90, in import_module
2026-09-04T23:54:41.243554753Z     return _bootstrap._gcd_import(name[level:], package, level)
2026-09-04T23:54:41.243555825Z            ^^^^^^^^^^^^^^^^^^^^^^^^^^^^^^^^^^^^^^^^^^^^^^^^^^^^
2026-09-04T23:54:41.243558641Z   File "<frozen importlib._bootstrap>", line 1387, in _gcd_import
2026-09-04T23:54:41.243559745Z   File "<frozen importlib._bootstrap>", line 1360, in _find_and_load
2026-09-04T23:54:41.243561169Z   File "<frozen importlib._bootstrap>", line 1331, in _find_and_load_unlocked
2026-09-04T23:54:41.243562257Z   File "<frozen importlib._bootstrap>", line 921, in _load_unlocked
2026-09-04T23:54:41.243563313Z   File "<frozen importlib._bootstrap>", line 813, in module_from_spec
2026-09-04T23:54:41.243564353Z   File "<frozen importlib._bootstrap_external>", line 1293, in create_module
2026-09-04T23:54:41.243565361Z   File "<frozen importlib._bootstrap>", line 488, in _call_with_frames_removed
2026-09-04T23:54:41.243566433Z RuntimeError: extension class wrapper for base class pxrInternal_v0_25_11__pxrReserved__::UsdAPISchemaBase has not been created yet
2026-09-04T23:54:41.243567441Z 
2026-09-04T23:54:41.243568433Z 2026-09-04T23:54:41Z [10,884ms] [Error] [carb.scripting-python.plugin] Exception: Extension python module: 'pxr.PhysxSchema' in '/isaac-sim/extscache/omni.usd.schema.physx-110.1.13+110.1.2.la64.r.cp312.u7f4' failed to load.
2026-09-04T23:54:41.243569505Z 
2026-09-04T23:54:41.243570482Z At:
2026-09-04T23:54:41.243571426Z   /workspace/isaaclab/_isaac_sim/kit/kernel/py/omni/ext/_impl/_internal.py(240): startup
2026-09-04T23:54:41.243572482Z   /workspace/isaaclab/_isaac_sim/kit/kernel/py/omni/ext/_impl/_internal.py(366): startup_extension
2026-09-04T23:54:41.243573442Z   PythonExtension.cpp::startup()(2): <module>
2026-09-04T23:54:41.243574498Z   /workspace/isaaclab/_isaac_sim/exts/isaacsim.simulation_app/isaacsim/simulation_app/simulation_app.py(576): _start_app
2026-09-04T23:54:41.243575490Z   /workspace/isaaclab/_isaac_sim/exts/isaacsim.simulation_app/isaacsim/simulation_app/simulation_app.py(289): __init__
2026-09-04T23:54:41.243576610Z   /workspace/isaaclab/source/isaaclab/isaaclab/app/app_launcher.py(1208): _create_app
2026-09-04T23:54:41.243577554Z   /workspace/isaaclab/source/isaaclab/isaaclab/app/app_launcher.py(300): __init__
2026-09-04T23:54:41.243578610Z   /workspace/isaaclab/source/isaaclab_tasks/isaaclab_tasks/utils/sim_launcher.py(466): launch_simulation
2026-09-04T23:54:41.243579602Z   /workspace/isaaclab/_isaac_sim/kit/python/lib/python3.12/contextlib.py(137): __enter__
2026-09-04T23:54:41.243580594Z   /workspace/hexapod/isaaclab/validate_mkii_v2.py(203): run_live
2026-09-04T23:54:41.243581714Z   /workspace/hexapod/isaaclab/validate_mkii_v2.py(318): main
2026-09-04T23:54:41.243582690Z   /workspace/hexapod/isaaclab/validate_mkii_v2.py(338): <module>
2026-09-04T23:54:41.243583666Z 
2026-09-04T23:54:41.243584546Z 2026-09-04T23:54:41Z [10,884ms] [Error] [omni.ext.plugin] [ext: omni.usd.schema.physx-110.1.13] Failed to startup python extension.
2026-09-04T23:54:41.374471255Z 2026-09-04T23:54:41Z [11,015ms] [Error] [omni.ext._impl._internal] Failed to import python module omni.usd from /isaac-sim/extscache/omni.usd-1.16.0+f9bf0dda.la64.r.cp312. Error: extension class wrapper for base class pxrInternal_v0_25_11__pxrReserved__::UsdAPISchemaBase has not been created yet. Traceback:
2026-09-04T23:54:41.374502535Z Traceback (most recent call last):
2026-09-04T23:54:41.374503847Z   File "/workspace/isaaclab/_isaac_sim/kit/kernel/py/omni/ext/_impl/_internal.py", line 212, in _custom_importer
2026-09-04T23:54:41.374505127Z     return _import_public(ext_module.path, ext_module.name, reload_enabled)
2026-09-04T23:54:41.374506167Z            ^^^^^^^^^^^^^^^^^^^^^^^^^^^^^^^^^^^^^^^^^^^^^^^^^^^^^^^^^^^^^^^^
2026-09-04T23:54:41.374507207Z   File "/workspace/isaaclab/_isaac_sim/kit/kernel/py/omni/ext/_impl/_internal.py", line 111, in _import_public
2026-09-04T23:54:41.374508231Z     module = import_module(module_name)
2026-09-04T23:54:41.374509239Z              ^^^^^^^^^^^^^^^^^^^^^^^^^^
2026-09-04T23:54:41.374510183Z   File "/workspace/isaaclab/_isaac_sim/kit/kernel/py/omni/ext/_impl/custom_importer.py", line 107, in import_module
2026-09-04T23:54:41.374511287Z     return importlib.import_module(name)
2026-09-04T23:54:41.374512231Z            ^^^^^^^^^^^^^^^^^^^^^^^^^^^^^
2026-09-04T23:54:41.374513687Z   File "/workspace/isaaclab/_isaac_sim/kit/python/lib/python3.12/importlib/__init__.py", line 90, in import_module
2026-09-04T23:54:41.374514695Z     return _bootstrap._gcd_import(name[level:], package, level)
2026-09-04T23:54:41.374515703Z            ^^^^^^^^^^^^^^^^^^^^^^^^^^^^^^^^^^^^^^^^^^^^^^^^^^^^
2026-09-04T23:54:41.374516615Z   File "<frozen importlib._bootstrap>", line 1387, in _gcd_import
2026-09-04T23:54:41.374517847Z   File "<frozen importlib._bootstrap>", line 1360, in _find_and_load
2026-09-04T23:54:41.374518887Z   File "<frozen importlib._bootstrap>", line 1331, in _find_and_load_unlocked
2026-09-04T23:54:41.374519879Z   File "<frozen importlib._bootstrap>", line 935, in _load_unlocked
2026-09-04T23:54:41.374520935Z   File "<frozen importlib._bootstrap_external>", line 999, in exec_module
2026-09-04T23:54:41.374521943Z   File "<frozen importlib._bootstrap>", line 488, in _call_with_frames_removed
2026-09-04T23:54:41.374523047Z   File "/isaac-sim/extscache/omni.usd-1.16.0+f9bf0dda.la64.r.cp312/omni/usd/__init__.py", line 44, in <module>
2026-09-04T23:54:41.374524103Z     from ._impl import *
2026-09-04T23:54:41.374525079Z   File "/isaac-sim/extscache/omni.usd-1.16.0+f9bf0dda.la64.r.cp312/omni/usd/_impl/__init__.py", line 11, in <module>
2026-09-04T23:54:41.374526471Z     from .utils import *
2026-09-04T23:54:41.374528151Z   File "/isaac-sim/extscache/omni.usd-1.16.0+f9bf0dda.la64.r.cp312/omni/usd/_impl/utils.py", line 19, in <module>
2026-09-04T23:54:41.374529207Z     from pxr import Usd, Tf, Sdf, Gf, UsdShade, UsdGeom, UsdLux, Trace, UsdUtils
2026-09-04T23:54:41.374530247Z   File "/isaac-sim/extscache/omni.usd.libs-1.0.3+f9bf0dda.la64.r.cp312/pxr/UsdLux/__init__.py", line 8, in <module>
2026-09-04T23:54:41.374533031Z     Tf.PreparePythonModule()
2026-09-04T23:54:41.374534087Z   File "/workspace/isaaclab/_isaac_sim/kit/python/lib/python3.12/site-packages/pxr/Tf/__init__.py", line 86, in PreparePythonModule
2026-09-04T23:54:41.374535111Z     module = importlib.import_module(
2026-09-04T23:54:41.374536151Z              ^^^^^^^^^^^^^^^^^^^^^^^^
2026-09-04T23:54:41.374537031Z   File "/workspace/isaaclab/_isaac_sim/kit/python/lib/python3.12/importlib/__init__.py", line 90, in import_module
2026-09-04T23:54:41.374538119Z     return _bootstrap._gcd_import(name[level:], package, level)
2026-09-04T23:54:41.374539127Z            ^^^^^^^^^^^^^^^^^^^^^^^^^^^^^^^^^^^^^^^^^^^^^^^^^^^^
2026-09-04T23:54:41.374540135Z RuntimeError: extension class wrapper for base class pxrInternal_v0_25_11__pxrReserved__::UsdAPISchemaBase has not been created yet
2026-09-04T23:54:41.374541111Z 
2026-09-04T23:54:41.374542103Z 2026-09-04T23:54:41Z [11,015ms] [Error] [carb.scripting-python.plugin] Exception: Extension python module: 'omni.usd' in '/isaac-sim/extscache/omni.usd-1.16.0+f9bf0dda.la64.r.cp312' failed to load.
2026-09-04T23:54:41.374543175Z 
2026-09-04T23:54:41.374544135Z At:
2026-09-04T23:54:41.374545063Z   /workspace/isaaclab/_isaac_sim/kit/kernel/py/omni/ext/_impl/_internal.py(240): startup
2026-09-04T23:54:41.374546119Z   /workspace/isaaclab/_isaac_sim/kit/kernel/py/omni/ext/_impl/_internal.py(366): startup_extension
2026-09-04T23:54:41.374547111Z   PythonExtension.cpp::startup()(2): <module>
2026-09-04T23:54:41.374548167Z   /workspace/isaaclab/_isaac_sim/exts/isaacsim.simulation_app/isaacsim/simulation_app/simulation_app.py(576): _start_app
2026-09-04T23:54:41.374549175Z   /workspace/isaaclab/_isaac_sim/exts/isaacsim.simulation_app/isaacsim/simulation_app/simulation_app.py(289): __init__
2026-09-04T23:54:41.374550199Z   /workspace/isaaclab/source/isaaclab/isaaclab/app/app_launcher.py(1208): _create_app
2026-09-04T23:54:41.374551143Z   /workspace/isaaclab/source/isaaclab/isaaclab/app/app_launcher.py(300): __init__
2026-09-04T23:54:41.374552167Z   /workspace/isaaclab/source/isaaclab_tasks/isaaclab_tasks/utils/sim_launcher.py(466): launch_simulation
2026-09-04T23:54:41.374553143Z   /workspace/isaaclab/_isaac_sim/kit/python/lib/python3.12/contextlib.py(137): __enter__
2026-09-04T23:54:41.374554183Z   /workspace/hexapod/isaaclab/validate_mkii_v2.py(203): run_live
2026-09-04T23:54:41.374555095Z   /workspace/hexapod/isaaclab/validate_mkii_v2.py(318): main
2026-09-04T23:54:41.374556231Z   /workspace/hexapod/isaaclab/validate_mkii_v2.py(338): <module>
2026-09-04T23:54:41.374557287Z 
2026-09-04T23:54:41.374558279Z 2026-09-04T23:54:41Z [11,015ms] [Error] [omni.ext.plugin] [ext: omni.usd-1.16.0] Failed to startup python extension.
2026-09-04T23:54:41.442055465Z 2026-09-04T23:54:41Z [11,082ms] [Error] [carb.scripting-python.plugin] AttributeError: module 'omni.usd' has no attribute 'get_context'
2026-09-04T23:54:41.442083513Z 
2026-09-04T23:54:41.442084809Z At:
2026-09-04T23:54:41.442086457Z   /isaac-sim/exts/isaacsim.core.deprecation_manager/isaacsim/core/deprecation_manager/extension.py(72): on_startup
2026-09-04T23:54:41.442087529Z   /workspace/isaaclab/_isaac_sim/kit/kernel/py/omni/ext/_impl/_internal.py(187): _startup_ext
2026-09-04T23:54:41.442088697Z   /workspace/isaaclab/_isaac_sim/kit/kernel/py/omni/ext/_impl/_internal.py(251): startup
2026-09-04T23:54:41.442089657Z   /workspace/isaaclab/_isaac_sim/kit/kernel/py/omni/ext/_impl/_internal.py(366): startup_extension
2026-09-04T23:54:41.442090777Z   PythonExtension.cpp::startup()(2): <module>
2026-09-04T23:54:41.442091865Z   /workspace/isaaclab/_isaac_sim/exts/isaacsim.simulation_app/isaacsim/simulation_app/simulation_app.py(576): _start_app
2026-09-04T23:54:41.442092937Z   /workspace/isaaclab/_isaac_sim/exts/isaacsim.simulation_app/isaacsim/simulation_app/simulation_app.py(289): __init__
2026-09-04T23:54:41.442093897Z   /workspace/isaaclab/source/isaaclab/isaaclab/app/app_launcher.py(1208): _create_app
2026-09-04T23:54:41.442094937Z   /workspace/isaaclab/source/isaaclab/isaaclab/app/app_launcher.py(300): __init__
2026-09-04T23:54:41.442095913Z   /workspace/isaaclab/source/isaaclab_tasks/isaaclab_tasks/utils/sim_launcher.py(466): launch_simulation
2026-09-04T23:54:41.442096985Z   /workspace/isaaclab/_isaac_sim/kit/python/lib/python3.12/contextlib.py(137): __enter__
2026-09-04T23:54:41.442098025Z   /workspace/hexapod/isaaclab/validate_mkii_v2.py(203): run_live
2026-09-04T23:54:41.442099033Z   /workspace/hexapod/isaaclab/validate_mkii_v2.py(318): main
2026-09-04T23:54:41.442099961Z   /workspace/hexapod/isaaclab/validate_mkii_v2.py(338): <module>
2026-09-04T23:54:41.442101065Z 
2026-09-04T23:54:41.442101945Z 2026-09-04T23:54:41Z [11,082ms] [Error] [omni.ext.plugin] [ext: isaacsim.core.deprecation_manager-0.4.2] Failed to startup python extension.
2026-09-04T23:54:41.521340142Z 2026-09-04T23:54:41Z [11,162ms] [Error] [omni.ext._impl._internal] Failed to import python module omni.kit.usd.layers from /isaac-sim/extscache/omni.kit.usd.layers-2.6.1+f9bf0dda.la64.r.cp312. Error: module 'omni.usd' has no attribute 'UsdContext'. Traceback:
2026-09-04T23:54:41.521358286Z Traceback (most recent call last):
2026-09-04T23:54:41.521359678Z   File "/workspace/isaaclab/_isaac_sim/kit/kernel/py/omni/ext/_impl/_internal.py", line 212, in _custom_importer
2026-09-04T23:54:41.521360894Z     return _import_public(ext_module.path, ext_module.name, reload_enabled)
2026-09-04T23:54:41.521362062Z            ^^^^^^^^^^^^^^^^^^^^^^^^^^^^^^^^^^^^^^^^^^^^^^^^^^^^^^^^^^^^^^^^
2026-09-04T23:54:41.521363055Z   File "/workspace/isaaclab/_isaac_sim/kit/kernel/py/omni/ext/_impl/_internal.py", line 111, in _import_public
2026-09-04T23:54:41.521364223Z     module = import_module(module_name)
2026-09-04T23:54:41.521365343Z              ^^^^^^^^^^^^^^^^^^^^^^^^^^
2026-09-04T23:54:41.521366399Z   File "/workspace/isaaclab/_isaac_sim/kit/kernel/py/omni/ext/_impl/custom_importer.py", line 107, in import_module
2026-09-04T23:54:41.521377231Z     return importlib.import_module(name)
2026-09-04T23:54:41.521378303Z            ^^^^^^^^^^^^^^^^^^^^^^^^^^^^^
2026-09-04T23:54:41.521379263Z   File "/workspace/isaaclab/_isaac_sim/kit/python/lib/python3.12/importlib/__init__.py", line 90, in import_module
2026-09-04T23:54:41.521382831Z     return _bootstrap._gcd_import(name[level:], package, level)
2026-09-04T23:54:41.521383791Z            ^^^^^^^^^^^^^^^^^^^^^^^^^^^^^^^^^^^^^^^^^^^^^^^^^^^^
2026-09-04T23:54:41.521384815Z   File "<frozen importlib._bootstrap>", line 1387, in _gcd_import
2026-09-04T23:54:41.521385983Z   File "<frozen importlib._bootstrap>", line 1360, in _find_and_load
2026-09-04T23:54:41.521387087Z   File "<frozen importlib._bootstrap>", line 1331, in _find_and_load_unlocked
2026-09-04T23:54:41.521388079Z   File "<frozen importlib._bootstrap>", line 935, in _load_unlocked
2026-09-04T23:54:41.521389135Z   File "<frozen importlib._bootstrap_external>", line 999, in exec_module
2026-09-04T23:54:41.521390159Z   File "<frozen importlib._bootstrap>", line 488, in _call_with_frames_removed
2026-09-04T23:54:41.521391263Z   File "/isaac-sim/extscache/omni.kit.usd.layers-2.6.1+f9bf0dda.la64.r.cp312/omni/kit/usd/layers/__init__.py", line 9, in <module>
2026-09-04T23:54:41.521392463Z     from ._impl import *
2026-09-04T23:54:41.521393455Z   File "/isaac-sim/extscache/omni.kit.usd.layers-2.6.1+f9bf0dda.la64.r.cp312/omni/kit/usd/layers/_impl/__init__.py", line 9, in <module>
2026-09-04T23:54:41.521395103Z     from .extension import *
2026-09-04T23:54:41.521396687Z   File "/isaac-sim/extscache/omni.kit.usd.layers-2.6.1+f9bf0dda.la64.r.cp312/omni/kit/usd/layers/_impl/extension.py", line 21, in <module>
2026-09-04T23:54:41.521397855Z     from .layers_interface import Layers, LiveSyncing, LayersState, AutoAuthoring
2026-09-04T23:54:41.521398927Z   File "/isaac-sim/extscache/omni.kit.usd.layers-2.6.1+f9bf0dda.la64.r.cp312/omni/kit/usd/layers/_impl/layers_interface.py", line 21, in <module>
2026-09-04T23:54:41.521399983Z     from .live_syncing import LiveSyncing
2026-09-04T23:54:41.521400975Z   File "/isaac-sim/extscache/omni.kit.usd.layers-2.6.1+f9bf0dda.la64.r.cp312/omni/kit/usd/layers/_impl/live_syncing.py", line 291, in <module>
2026-09-04T23:54:41.521402095Z     class LiveSyncing:
2026-09-04T23:54:41.521403119Z   File "/isaac-sim/extscache/omni.kit.usd.layers-2.6.1+f9bf0dda.la64.r.cp312/omni/kit/usd/layers/_impl/live_syncing.py", line 436, in LiveSyncing
2026-09-04T23:54:41.521404335Z     def usd_context(self) -> omni.usd.UsdContext:
2026-09-04T23:54:41.521405375Z                              ^^^^^^^^^^^^^^^^^^^
2026-09-04T23:54:41.521406415Z AttributeError: module 'omni.usd' has no attribute 'UsdContext'
2026-09-04T23:54:41.521407503Z 
2026-09-04T23:54:41.521408479Z 2026-09-04T23:54:41Z [11,162ms] [Error] [carb.scripting-python.plugin] Exception: Extension python module: 'omni.kit.usd.layers' in '/isaac-sim/extscache/omni.kit.usd.layers-2.6.1+f9bf0dda.la64.r.cp312' failed to load.
2026-09-04T23:54:41.521411439Z 
2026-09-04T23:54:41.521412463Z At:
2026-09-04T23:54:41.521413375Z   /workspace/isaaclab/_isaac_sim/kit/kernel/py/omni/ext/_impl/_internal.py(240): startup
2026-09-04T23:54:41.521414447Z   /workspace/isaaclab/_isaac_sim/kit/kernel/py/omni/ext/_impl/_internal.py(366): startup_extension
2026-09-04T23:54:41.521415439Z   PythonExtension.cpp::startup()(2): <module>
2026-09-04T23:54:41.521416511Z   /workspace/isaaclab/_isaac_sim/exts/isaacsim.simulation_app/isaacsim/simulation_app/simulation_app.py(576): _start_app
2026-09-04T23:54:41.521417503Z   /workspace/isaaclab/_isaac_sim/exts/isaacsim.simulation_app/isaacsim/simulation_app/simulation_app.py(289): __init__
2026-09-04T23:54:41.521418623Z   /workspace/isaaclab/source/isaaclab/isaaclab/app/app_launcher.py(1208): _create_app
2026-09-04T23:54:41.521419615Z   /workspace/isaaclab/source/isaaclab/isaaclab/app/app_launcher.py(300): __init__
2026-09-04T23:54:41.521420655Z   /workspace/isaaclab/source/isaaclab_tasks/isaaclab_tasks/utils/sim_launcher.py(466): launch_simulation
2026-09-04T23:54:41.521421647Z   /workspace/isaaclab/_isaac_sim/kit/python/lib/python3.12/contextlib.py(137): __enter__
2026-09-04T23:54:41.521422703Z   /workspace/hexapod/isaaclab/validate_mkii_v2.py(203): run_live
2026-09-04T23:54:41.521423647Z   /workspace/hexapod/isaaclab/validate_mkii_v2.py(318): main
2026-09-04T23:54:41.521424735Z   /workspace/hexapod/isaaclab/validate_mkii_v2.py(338): <module>
2026-09-04T23:54:41.521425743Z 
2026-09-04T23:54:41.521426959Z 2026-09-04T23:54:41Z [11,162ms] [Error] [omni.ext.plugin] [ext: omni.kit.usd.layers-2.6.1] Failed to startup python extension.
2026-09-04T23:54:41.598752686Z <frozen importlib._bootstrap>:488: RuntimeWarning: to-Python converter for (anonymous namespace)::UsdLuxLightAPI_CanApplyResult already registered; second conversion method ignored.
2026-09-04T23:54:41.598770350Z 2026-09-04T23:54:41Z [11,239ms] [Error] [carb.scripting-python.plugin] RuntimeError: extension class wrapper for base class pxrInternal_v0_25_11__pxrReserved__::UsdAPISchemaBase has not been created yet
2026-09-04T23:54:41.598771774Z 
2026-09-04T23:54:41.598772830Z At:
2026-09-04T23:54:41.598773854Z   /workspace/isaaclab/_isaac_sim/kit/python/lib/python3.12/importlib/__init__.py(90): import_module
2026-09-04T23:54:41.598775006Z   /workspace/isaaclab/_isaac_sim/kit/python/lib/python3.12/site-packages/pxr/Tf/__init__.py(106): PreparePythonModule
2026-09-04T23:54:41.598776302Z   /isaac-sim/extscache/omni.usd.libs-1.0.3+f9bf0dda.la64.r.cp312/pxr/UsdLux/__init__.py(8): <module>
2026-09-04T23:54:41.598777470Z   <frozen importlib._bootstrap>(488): _call_with_frames_removed
2026-09-04T23:54:41.598778526Z   <frozen importlib._bootstrap_external>(999): exec_module
2026-09-04T23:54:41.598779614Z   <frozen importlib._bootstrap>(950): _load_unlocked
2026-09-04T23:54:41.598790286Z   <frozen importlib._bootstrap>(1334): _find_and_load_unlocked
2026-09-04T23:54:41.598791374Z   <frozen importlib._bootstrap>(1360): _find_and_load
2026-09-04T23:54:41.598792318Z   <frozen importlib._bootstrap>(488): _call_with_frames_removed
2026-09-04T23:54:41.598793358Z   <frozen importlib._bootstrap>(1416): _handle_fromlist
2026-09-04T23:54:41.598794302Z   /isaac-sim/extscache/omni.kit.stage_templates-2.0.2+f9bf0dda/omni/kit/stage_templates/templates/sunlight.py(3): <module>
2026-09-04T23:54:41.598795486Z   <frozen importlib._bootstrap>(488): _call_with_frames_removed
2026-09-04T23:54:41.598796430Z   <frozen importlib._bootstrap_external>(999): exec_module
2026-09-04T23:54:41.598797503Z   <frozen importlib._bootstrap>(950): _load_unlocked
2026-09-04T23:54:41.598798463Z   <frozen importlib._bootstrap>(1334): _find_and_load_unlocked
2026-09-04T23:54:41.598799503Z   <frozen importlib._bootstrap>(1360): _find_and_load
2026-09-04T23:54:41.598800431Z   /isaac-sim/extscache/omni.kit.stage_templates-2.0.2+f9bf0dda/omni/kit/stage_templates/new_stage.py(106): _load_templates
2026-09-04T23:54:41.598801519Z   /isaac-sim/extscache/omni.kit.stage_templates-2.0.2+f9bf0dda/omni/kit/stage_templates/new_stage.py(49): on_startup
2026-09-04T23:54:41.598802495Z   /workspace/isaaclab/_isaac_sim/kit/kernel/py/omni/ext/_impl/_internal.py(187): _startup_ext
2026-09-04T23:54:41.598803535Z   /workspace/isaaclab/_isaac_sim/kit/kernel/py/omni/ext/_impl/_internal.py(251): startup
2026-09-04T23:54:41.598804911Z   /workspace/isaaclab/_isaac_sim/kit/kernel/py/omni/ext/_impl/_internal.py(366): startup_extension
2026-09-04T23:54:41.598806031Z   PythonExtension.cpp::startup()(2): <module>
2026-09-04T23:54:41.598807039Z   /workspace/isaaclab/_isaac_sim/exts/isaacsim.simulation_app/isaacsim/simulation_app/simulation_app.py(576): _start_app
2026-09-04T23:54:41.598808111Z   /workspace/isaaclab/_isaac_sim/exts/isaacsim.simulation_app/isaacsim/simulation_app/simulation_app.py(289): __init__
2026-09-04T23:54:41.598809087Z   /workspace/isaaclab/source/isaaclab/isaaclab/app/app_launcher.py(1208): _create_app
2026-09-04T23:54:41.598810143Z   /workspace/isaaclab/source/isaaclab/isaaclab/app/app_launcher.py(300): __init__
2026-09-04T23:54:41.598811087Z   /workspace/isaaclab/source/isaaclab_tasks/isaaclab_tasks/utils/sim_launcher.py(466): launch_simulation
2026-09-04T23:54:41.598812159Z   /workspace/isaaclab/_isaac_sim/kit/python/lib/python3.12/contextlib.py(137): __enter__
2026-09-04T23:54:41.598813103Z   /workspace/hexapod/isaaclab/validate_mkii_v2.py(203): run_live
2026-09-04T23:54:41.598814159Z   /workspace/hexapod/isaaclab/validate_mkii_v2.py(318): main
2026-09-04T23:54:41.598815151Z   /workspace/hexapod/isaaclab/validate_mkii_v2.py(338): <module>
2026-09-04T23:54:41.598816175Z 
2026-09-04T23:54:41.598819807Z 2026-09-04T23:54:41Z [11,239ms] [Error] [omni.ext.plugin] [ext: omni.kit.stage_templates-2.0.2] Failed to startup python extension.
2026-09-04T23:54:41.804764973Z 2026-09-04T23:54:41Z [11,445ms] [Error] [omni.ext._impl._internal] Failed to import python module omni.physx from /isaac-sim/extscache/omni.physx-110.1.13+110.1.2.la64.r.cp312.u7f4. Error: module 'pxr.PhysxSchema' has no attribute 'Tokens'. Traceback:
2026-09-04T23:54:41.804783005Z Traceback (most recent call last):
2026-09-04T23:54:41.804784413Z   File "/workspace/isaaclab/_isaac_sim/kit/kernel/py/omni/ext/_impl/_internal.py", line 212, in _custom_importer
2026-09-04T23:54:41.804785645Z     return _import_public(ext_module.path, ext_module.name, reload_enabled)
2026-09-04T23:54:41.804786781Z            ^^^^^^^^^^^^^^^^^^^^^^^^^^^^^^^^^^^^^^^^^^^^^^^^^^^^^^^^^^^^^^^^
2026-09-04T23:54:41.804787757Z   File "/workspace/isaaclab/_isaac_sim/kit/kernel/py/omni/ext/_impl/_internal.py", line 111, in _import_public
2026-09-04T23:54:41.804788925Z     module = import_module(module_name)
2026-09-04T23:54:41.804789901Z              ^^^^^^^^^^^^^^^^^^^^^^^^^^
2026-09-04T23:54:41.804790973Z   File "/workspace/isaaclab/_isaac_sim/kit/kernel/py/omni/ext/_impl/custom_importer.py", line 107, in import_module
2026-09-04T23:54:41.804792045Z     return importlib.import_module(name)
2026-09-04T23:54:41.804793101Z            ^^^^^^^^^^^^^^^^^^^^^^^^^^^^^
2026-09-04T23:54:41.804794461Z   File "/workspace/isaaclab/_isaac_sim/kit/python/lib/python3.12/importlib/__init__.py", line 90, in import_module
2026-09-04T23:54:41.804795597Z     return _bootstrap._gcd_import(name[level:], package, level)
2026-09-04T23:54:41.804796573Z            ^^^^^^^^^^^^^^^^^^^^^^^^^^^^^^^^^^^^^^^^^^^^^^^^^^^^
2026-09-04T23:54:41.804797757Z   File "<frozen importlib._bootstrap>", line 1387, in _gcd_import
2026-09-04T23:54:41.804798925Z   File "<frozen importlib._bootstrap>", line 1360, in _find_and_load
2026-09-04T23:54:41.804800093Z   File "<frozen importlib._bootstrap>", line 1331, in _find_and_load_unlocked
2026-09-04T23:54:41.804801133Z   File "<frozen importlib._bootstrap>", line 935, in _load_unlocked
2026-09-04T23:54:41.804802253Z   File "<frozen importlib._bootstrap_external>", line 999, in exec_module
2026-09-04T23:54:41.804803325Z   File "<frozen importlib._bootstrap>", line 488, in _call_with_frames_removed
2026-09-04T23:54:41.804804461Z   File "/isaac-sim/extscache/omni.physx-110.1.13+110.1.2.la64.r.cp312.u7f4/omni/physx/__init__.py", line 7, in <module>
2026-09-04T23:54:41.804805597Z     from .scripts.ifaces import *
2026-09-04T23:54:41.804806653Z   File "/isaac-sim/extscache/omni.physx-110.1.13+110.1.2.la64.r.cp312.u7f4/omni/physx/scripts/__init__.py", line 5, in <module>
2026-09-04T23:54:41.804807773Z     from .utils import safe_import_tests
2026-09-04T23:54:41.804809309Z   File "/isaac-sim/extscache/omni.physx-110.1.13+110.1.2.la64.r.cp312.u7f4/omni/physx/scripts/utils.py", line 20, in <module>
2026-09-04T23:54:41.804820429Z     PhysxSchema.Tokens.convexHull,
2026-09-04T23:54:41.804821549Z     ^^^^^^^^^^^^^^^^^^
2026-09-04T23:54:41.804822557Z AttributeError: module 'pxr.PhysxSchema' has no attribute 'Tokens'
2026-09-04T23:54:41.804823629Z 
2026-09-04T23:54:41.804824541Z 2026-09-04T23:54:41Z [11,445ms] [Error] [carb.scripting-python.plugin] Exception: Extension python module: 'omni.physx' in '/isaac-sim/extscache/omni.physx-110.1.13+110.1.2.la64.r.cp312.u7f4' failed to load.
2026-09-04T23:54:41.804825677Z 
2026-09-04T23:54:41.804826541Z At:
2026-09-04T23:54:41.804827597Z   /workspace/isaaclab/_isaac_sim/kit/kernel/py/omni/ext/_impl/_internal.py(240): startup
2026-09-04T23:54:41.804828525Z   /workspace/isaaclab/_isaac_sim/kit/kernel/py/omni/ext/_impl/_internal.py(366): startup_extension
2026-09-04T23:54:41.804829565Z   PythonExtension.cpp::startup()(2): <module>
2026-09-04T23:54:41.804830605Z   /workspace/isaaclab/_isaac_sim/exts/isaacsim.simulation_app/isaacsim/simulation_app/simulation_app.py(576): _start_app
2026-09-04T23:54:41.804831693Z   /workspace/isaaclab/_isaac_sim/exts/isaacsim.simulation_app/isaacsim/simulation_app/simulation_app.py(289): __init__
2026-09-04T23:54:41.804832701Z   /workspace/isaaclab/source/isaaclab/isaaclab/app/app_launcher.py(1208): _create_app
2026-09-04T23:54:41.804833805Z   /workspace/isaaclab/source/isaaclab/isaaclab/app/app_launcher.py(300): __init__
2026-09-04T23:54:41.804834781Z   /workspace/isaaclab/source/isaaclab_tasks/isaaclab_tasks/utils/sim_launcher.py(466): launch_simulation
2026-09-04T23:54:41.804835821Z   /workspace/isaaclab/_isaac_sim/kit/python/lib/python3.12/contextlib.py(137): __enter__
2026-09-04T23:54:41.804836781Z   /workspace/hexapod/isaaclab/validate_mkii_v2.py(203): run_live
2026-09-04T23:54:41.804837789Z   /workspace/hexapod/isaaclab/validate_mkii_v2.py(318): main
2026-09-04T23:54:41.804838701Z   /workspace/hexapod/isaaclab/validate_mkii_v2.py(338): <module>
2026-09-04T23:54:41.804839949Z 
2026-09-04T23:54:41.804840829Z 2026-09-04T23:54:41Z [11,445ms] [Error] [omni.ext.plugin] [ext: omni.physx-110.1.13] Failed to startup python extension.
2026-09-04T23:54:42.302126276Z 2026-09-04T23:54:42Z [0ms] [Warning] [carb.crashreporter-breakpad.plugin] [crash] A crash has occurred.  If a debugger should be attached, please set the '/crashreporter/debuggerAttachTimeoutMs' setting to a timeout in milliseconds.  This can be used to allow the crash reporter to wait for up to that long for a debugger to attach before processing or sending the crash report.
2026-09-04T23:54:42.303052247Z 2026-09-04T23:54:42Z [0ms] [Warning] [carb.crashreporter-breakpad.plugin] [crash] compressing 3 files into '/isaac-sim/kit/data/Kit/IsaacLab/3.0/552da55a-376a-4a8c-7214ef98-f14b2030.dmp.zip' for upload.
2026-09-04T23:54:42.416246583Z 2026-09-04T23:54:42Z [113ms] [Warning] [carb.crashreporter-breakpad.plugin] failed to open the input file '/isaac-sim/kit/data/Kit/IsaacLab/3.0/$crashid.py.txt' for read.
2026-09-04T23:54:42.416943897Z 2026-09-04T23:54:42Z [114ms] [Error] [carb.crashreporter-breakpad.plugin] [crash] Wrote dump file '/isaac-sim/kit/data/Kit/IsaacLab/3.0/552da55a-376a-4a8c-7214ef98-f14b2030.dmp.zip'
2026-09-04T23:54:42.416959769Z 2026-09-04T23:54:42Z [114ms] [Warning] [carb.crashreporter-breakpad.plugin] [crash] Uploading minidump: file:'/isaac-sim/kit/data/Kit/IsaacLab/3.0/552da55a-376a-4a8c-7214ef98-f14b2030.dmp.zip' svr:'https://services.nvidia.com/submit'
2026-09-04T23:54:42.416961209Z 2026-09-04T23:54:42Z [114ms] [Warning] [carb.crashreporter-breakpad.plugin] [crash] Crash metadata for upload:
2026-09-04T23:54:42.416962345Z 2026-09-04T23:54:42Z [114ms] [Warning] [carb.crashreporter-breakpad.plugin] [crash]   'BuildGitlabJobID' = '339414763'
2026-09-04T23:54:42.416963401Z 2026-09-04T23:54:42Z [114ms] [Warning] [carb.crashreporter-breakpad.plugin] [crash]   'CarbSdkVersion' = '210.1.11+release.13746.80f6dc72.gl'
2026-09-04T23:54:42.416964425Z 2026-09-04T23:54:42Z [114ms] [Warning] [carb.crashreporter-breakpad.plugin] [crash]   'CrashTime' = 'Fri Sep  4 23:54:42 2026 GMT'
2026-09-04T23:54:42.416965465Z 2026-09-04T23:54:42Z [114ms] [Warning] [carb.crashreporter-breakpad.plugin] [crash]   'DumpId' = '552da55a-376a-4a8c-7214ef98-f14b2030'
2026-09-04T23:54:42.416966473Z 2026-09-04T23:54:42Z [114ms] [Warning] [carb.crashreporter-breakpad.plugin] [crash]   'GlibcVersion' = '2.39'
2026-09-04T23:54:42.416967465Z 2026-09-04T23:54:42Z [114ms] [Warning] [carb.crashreporter-breakpad.plugin] [crash]   'LastUploadStatus' = ''
2026-09-04T23:54:42.416968409Z 2026-09-04T23:54:42Z [114ms] [Warning] [carb.crashreporter-breakpad.plugin] [crash]   'ProductName' = 'OmniverseKit'
2026-09-04T23:54:42.416969385Z 2026-09-04T23:54:42Z [114ms] [Warning] [carb.crashreporter-breakpad.plugin] [crash]   'PythonTracebackStatus' = 'No traceback binary specified'
2026-09-04T23:54:42.416970377Z 2026-09-04T23:54:42Z [114ms] [Warning] [carb.crashreporter-breakpad.plugin] [crash]   'RetryCount' = '0'
2026-09-04T23:54:42.416971369Z 2026-09-04T23:54:42Z [114ms] [Warning] [carb.crashreporter-breakpad.plugin] [crash]   'StartupTime' = '1788566070'
2026-09-04T23:54:42.416972313Z 2026-09-04T23:54:42Z [114ms] [Warning] [carb.crashreporter-breakpad.plugin] [crash]   'UploadSuccessful' = '0'
2026-09-04T23:54:42.416973321Z 2026-09-04T23:54:42Z [114ms] [Warning] [carb.crashreporter-breakpad.plugin] [crash]   'UptimeSeconds' = '12'
2026-09-04T23:54:42.416974681Z 2026-09-04T23:54:42Z [114ms] [Warning] [carb.crashreporter-breakpad.plugin] [crash]   'UserEmail' = ''
2026-09-04T23:54:42.416976089Z 2026-09-04T23:54:42Z [114ms] [Warning] [carb.crashreporter-breakpad.plugin] [crash]   'UserStory' = ''
2026-09-04T23:54:42.416977097Z 2026-09-04T23:54:42Z [114ms] [Warning] [carb.crashreporter-breakpad.plugin] [crash]   'UserStoryStatus' = 'No user story tool binary specified'
2026-09-04T23:54:42.416978153Z 2026-09-04T23:54:42Z [114ms] [Warning] [carb.crashreporter-breakpad.plugin] [crash]   'Version' = '110.1.2+production.326809.f9bf0dda.gl'
2026-09-04T23:54:42.416979161Z 2026-09-04T23:54:42Z [114ms] [Warning] [carb.crashreporter-breakpad.plugin] [crash]   'appName' = 'IsaacLab'
2026-09-04T23:54:42.416980121Z 2026-09-04T23:54:42Z [114ms] [Warning] [carb.crashreporter-breakpad.plugin] [crash]   'appState' = 'startup'
2026-09-04T23:54:42.416981065Z 2026-09-04T23:54:42Z [114ms] [Warning] [carb.crashreporter-breakpad.plugin] [crash]   'appVersion' = '3.0.0'
2026-09-04T23:54:42.416983609Z 2026-09-04T23:54:42Z [114ms] [Warning] [carb.crashreporter-breakpad.plugin] [crash]   'autoloadExts' = ''
2026-09-04T23:54:42.416984713Z 2026-09-04T23:54:42Z [114ms] [Warning] [carb.crashreporter-breakpad.plugin] [crash]   'buildBranch' = 'production'
2026-09-04T23:54:42.416985689Z 2026-09-04T23:54:42Z [114ms] [Warning] [carb.crashreporter-breakpad.plugin] [crash]   'buildCi' = 'gl'
2026-09-04T23:54:42.416986729Z 2026-09-04T23:54:42Z [114ms] [Warning] [carb.crashreporter-breakpad.plugin] [crash]   'buildConfig' = 'release'
2026-09-04T23:54:42.416987881Z 2026-09-04T23:54:42Z [114ms] [Warning] [carb.crashreporter-breakpad.plugin] [crash]   'buildGitlabJobName' = 'kit-build-release-linux-aarch64'
2026-09-04T23:54:42.416988953Z 2026-09-04T23:54:42Z [114ms] [Warning] [carb.crashreporter-breakpad.plugin] [crash]   'buildGitlabJobStage' = 'kit-build'
2026-09-04T23:54:42.416989929Z 2026-09-04T23:54:42Z [114ms] [Warning] [carb.crashreporter-breakpad.plugin] [crash]   'buildGitlabPipelineID' = '54503051'
2026-09-04T23:54:42.416991017Z 2026-09-04T23:54:42Z [114ms] [Warning] [carb.crashreporter-breakpad.plugin] [crash]   'buildHash' = 'f9bf0dda'
2026-09-04T23:54:42.416991993Z 2026-09-04T23:54:42Z [114ms] [Warning] [carb.crashreporter-breakpad.plugin] [crash]   'buildMajor' = '110'
2026-09-04T23:54:42.416993097Z 2026-09-04T23:54:42Z [114ms] [Warning] [carb.crashreporter-breakpad.plugin] [crash]   'buildMinor' = '1'
2026-09-04T23:54:42.416994041Z 2026-09-04T23:54:42Z [114ms] [Warning] [carb.crashreporter-breakpad.plugin] [crash]   'buildNumber' = '326809'
2026-09-04T23:54:42.416995193Z 2026-09-04T23:54:42Z [114ms] [Warning] [carb.crashreporter-breakpad.plugin] [crash]   'buildPatch' = '2'
2026-09-04T23:54:42.416996185Z 2026-09-04T23:54:42Z [114ms] [Warning] [carb.crashreporter-breakpad.plugin] [crash]   'buildVersion' = '110.1.2'
2026-09-04T23:54:42.416997289Z 2026-09-04T23:54:42Z [114ms] [Warning] [carb.crashreporter-breakpad.plugin] [crash]   'commandLine' = '/workspace/isaaclab/_isaac_sim/kit/python/bin/python3 /workspace/hexapod/isaaclab/validate_mkii_v2.py --num_envs 1 --steps 100 --report /workspace/validation_artifacts/report.json --viz none --device cuda:0'
2026-09-04T23:54:42.416998457Z 2026-09-04T23:54:42Z [114ms] [Warning] [carb.crashreporter-breakpad.plugin] [crash]   'cpuCoreLimited' = '20'
2026-09-04T23:54:42.416999513Z 2026-09-04T23:54:42Z [114ms] [Warning] [carb.crashreporter-breakpad.plugin] [crash]   'cpuId' = 'aarch64 Variant r0p1 Revision 1'
2026-09-04T23:54:42.417000521Z 2026-09-04T23:54:42Z [114ms] [Warning] [carb.crashreporter-breakpad.plugin] [crash]   'cpuLogicalCoresBareMetal' = '20'
2026-09-04T23:54:42.417001593Z 2026-09-04T23:54:42Z [114ms] [Warning] [carb.crashreporter-breakpad.plugin] [crash]   'cpuName' = 'Cortex-A725'
2026-09-04T23:54:42.417002521Z 2026-09-04T23:54:42Z [114ms] [Warning] [carb.crashreporter-breakpad.plugin] [crash]   'cpuPhysicalCoresBareMetal' = '20'
2026-09-04T23:54:42.417003561Z 2026-09-04T23:54:42Z [114ms] [Warning] [carb.crashreporter-breakpad.plugin] [crash]   'cpuUsageQuota' = '-1.000000'
2026-09-04T23:54:42.417004553Z 2026-09-04T23:54:42Z [114ms] [Warning] [carb.crashreporter-breakpad.plugin] [crash]   'cpuVendor' = 'ARM'
2026-09-04T23:54:42.417006969Z 2026-09-04T23:54:42Z [114ms] [Warning] [carb.crashreporter-breakpad.plugin] [crash]   'environmentName' = 'Individual'
2026-09-04T23:54:42.417007961Z 2026-09-04T23:54:42Z [114ms] [Warning] [carb.crashreporter-breakpad.plugin] [crash]   'experience' = 'Isaac Sim'
2026-09-04T23:54:42.417009033Z 2026-09-04T23:54:42Z [114ms] [Warning] [carb.crashreporter-breakpad.plugin] [crash]   'externalBuild' = '1'
2026-09-04T23:54:42.417018857Z 2026-09-04T23:54:42Z [114ms] [Warning] [carb.crashreporter-breakpad.plugin] [crash]   'graphicsApi' = 'vulkan'
2026-09-04T23:54:42.417023257Z 2026-09-04T23:54:42Z [114ms] [Warning] [carb.crashreporter-breakpad.plugin] [crash]   'lib_physx_buildBranch' = 'HEAD'
2026-09-04T23:54:42.417024265Z 2026-09-04T23:54:42Z [114ms] [Warning] [carb.crashreporter-breakpad.plugin] [crash]   'lib_physx_buildDate' = 'Jun-04-2026'
2026-09-04T23:54:42.417025593Z 2026-09-04T23:54:42Z [114ms] [Warning] [carb.crashreporter-breakpad.plugin] [crash]   'lib_physx_buildHash' = 'c38f7d1'
2026-09-04T23:54:42.417026585Z 2026-09-04T23:54:42Z [114ms] [Warning] [carb.crashreporter-breakpad.plugin] [crash]   'lib_physx_buildRepo' = 'omniverse/physics'
2026-09-04T23:54:42.417027641Z 2026-09-04T23:54:42Z [114ms] [Warning] [carb.crashreporter-breakpad.plugin] [crash]   'lib_physx_buildVersion' = '110.1.13'
2026-09-04T23:54:42.417028633Z 2026-09-04T23:54:42Z [114ms] [Warning] [carb.crashreporter-breakpad.plugin] [crash]   'memoryStats' = '(avail/total) RAM: 117.526/121.689GB, Swap: 15.6412/16GB, VM: 1.71799e+10/1.71799e+10GB'
2026-09-04T23:54:42.417029785Z 2026-09-04T23:54:42Z [114ms] [Warning] [carb.crashreporter-breakpad.plugin] [crash]   'osDistro' = 'ubuntu'
2026-09-04T23:54:42.417030745Z 2026-09-04T23:54:42Z [114ms] [Warning] [carb.crashreporter-breakpad.plugin] [crash]   'osName' = '24.04.3 LTS (Noble Numbat)'
2026-09-04T23:54:42.417031833Z 2026-09-04T23:54:42Z [114ms] [Warning] [carb.crashreporter-breakpad.plugin] [crash]   'osVersion' = '24.04.3'
2026-09-04T23:54:42.417032793Z 2026-09-04T23:54:42Z [114ms] [Warning] [carb.crashreporter-breakpad.plugin] [crash]   'portableMode' = '1'
2026-09-04T23:54:42.417033817Z 2026-09-04T23:54:42Z [114ms] [Warning] [carb.crashreporter-breakpad.plugin] [crash]   'runEnvironment' = 'Individual'
2026-09-04T23:54:42.417034825Z 2026-09-04T23:54:42Z [114ms] [Warning] [carb.crashreporter-breakpad.plugin] [crash]   'runningInContainer' = '1'
2026-09-04T23:54:42.417035881Z 2026-09-04T23:54:42Z [114ms] [Warning] [carb.crashreporter-breakpad.plugin] [crash]   'telemetrySessionId' = '8986918492746926287'
2026-09-04T23:54:42.417036857Z 2026-09-04T23:54:42Z [114ms] [Warning] [carb.crashreporter-breakpad.plugin] [crash]   'terminatedByAbort' = '0'
2026-09-04T23:54:42.417037881Z 2026-09-04T23:54:42Z [114ms] [Warning] [carb.crashreporter-breakpad.plugin] [crash]   'totalRamBareMetalMB' = '124609'
2026-09-04T23:54:42.417038889Z 2026-09-04T23:54:42Z [114ms] [Warning] [carb.crashreporter-breakpad.plugin] [crash]   'totalRamLimitedMB' = '124609'
2026-09-04T23:54:42.417039945Z 2026-09-04T23:54:42Z [114ms] [Warning] [carb.crashreporter-breakpad.plugin] [crash]   'totalSwapBareMetalMB' = '16383'
2026-09-04T23:54:42.417041113Z 2026-09-04T23:54:42Z [114ms] [Warning] [carb.crashreporter-breakpad.plugin] [crash]   'totalSwapLimitedMB' = '16383'
2026-09-04T23:54:42.417044057Z 2026-09-04T23:54:42Z [114ms] [Warning] [carb.crashreporter-breakpad.plugin] [crash]   'userId' = 'default'
2026-09-04T23:54:42.417045177Z 2026-09-04T23:54:42Z [114ms] [Warning] [carb.crashreporter-breakpad.plugin] [crash]   'workingDirectory' = '/workspace/hexapod'
2026-09-04T23:54:42.417046281Z 2026-09-04T23:54:42Z [114ms] [Warning] [carb.crashreporter-breakpad.plugin] [crash] Crash report files for upload:
2026-09-04T23:54:42.417047257Z 2026-09-04T23:54:42Z [114ms] [Warning] [carb.crashreporter-breakpad.plugin] [crash]   'upload_file_minidump' = '/isaac-sim/kit/data/Kit/IsaacLab/3.0/552da55a-376a-4a8c-7214ef98-f14b2030.dmp.zip'
2026-09-04T23:54:43.101071605Z 2026-09-04T23:54:43Z [799ms] [Warning] [carb.crashreporter-breakpad.plugin] [crash] uploaded minidump: file: '/isaac-sim/kit/data/Kit/IsaacLab/3.0/552da55a-376a-4a8c-7214ef98-f14b2030.dmp.zip', code:200, response:
2026-09-04T23:54:43.101095813Z 2026-09-04T23:54:43Z [799ms] [Warning] [carb.crashreporter-breakpad.plugin] [crash]     1035f7d0-ceb3-4a76-8247-450b5ff8cff8
2026-09-04T23:54:43.101098389Z 2026-09-04T23:54:43Z [799ms] [Warning] [carb.crashreporter-breakpad.plugin] [crash] Deleting file: '/isaac-sim/kit/data/Kit/IsaacLab/3.0/552da55a-376a-4a8c-7214ef98-f14b2030.dmp.zip' (use setting "/crashreporter/preserveDump=true" to save)
2026-09-04T23:54:43.101100917Z 2026-09-04T23:54:43Z [799ms] [Warning] [carb.crashreporter-breakpad.plugin] [crash] Deleting file: '/isaac-sim/kit/data/Kit/IsaacLab/3.0/552da55a-376a-4a8c-7214ef98-f14b2030.dmp.zip.toml'
2026-09-04T23:54:43.101103013Z 2026-09-04T23:54:43Z [799ms] [Error] [carb.crashreporter-breakpad.plugin] [crash]     dump file size is 0 bytes, file is readable.
2026-09-04T23:54:43.101687111Z 2026-09-04T23:54:43Z [799ms] [Fatal] [carb.crashreporter-breakpad.plugin] [crash] Crash detected in pid 24 thread 24
2026-09-04T23:54:43.101696279Z 2026-09-04T23:54:43Z [799ms] [Warning] [carb.crashreporter-breakpad.plugin] [crash] Crash metadata:
2026-09-04T23:54:43.101697527Z 2026-09-04T23:54:43Z [799ms] [Warning] [carb.crashreporter-breakpad.plugin] [crash]  BuildGitlabJobID = '339414763'
2026-09-04T23:54:43.101698727Z 2026-09-04T23:54:43Z [799ms] [Warning] [carb.crashreporter-breakpad.plugin] [crash]  CarbSdkVersion = '210.1.11+release.13746.80f6dc72.gl'
2026-09-04T23:54:43.101699815Z 2026-09-04T23:54:43Z [799ms] [Warning] [carb.crashreporter-breakpad.plugin] [crash]  CrashTime = 'Fri Sep  4 23:54:42 2026 GMT'
2026-09-04T23:54:43.101700935Z 2026-09-04T23:54:43Z [799ms] [Warning] [carb.crashreporter-breakpad.plugin] [crash]  DumpId = '552da55a-376a-4a8c-7214ef98-f14b2030'
2026-09-04T23:54:43.101701943Z 2026-09-04T23:54:43Z [799ms] [Warning] [carb.crashreporter-breakpad.plugin] [crash]  GlibcVersion = '2.39'
2026-09-04T23:54:43.101704407Z 2026-09-04T23:54:43Z [799ms] [Warning] [carb.crashreporter-breakpad.plugin] [crash]  LastUploadStatus = '200'
2026-09-04T23:54:43.101705495Z 2026-09-04T23:54:43Z [799ms] [Warning] [carb.crashreporter-breakpad.plugin] [crash]  ProductName = 'OmniverseKit'
2026-09-04T23:54:43.101706583Z 2026-09-04T23:54:43Z [799ms] [Warning] [carb.crashreporter-breakpad.plugin] [crash]  PythonTracebackStatus = 'No traceback binary specified'
2026-09-04T23:54:43.101713639Z 2026-09-04T23:54:43Z [799ms] [Warning] [carb.crashreporter-breakpad.plugin] [crash]  RetryCount = '0'
2026-09-04T23:54:43.101714711Z 2026-09-04T23:54:43Z [799ms] [Warning] [carb.crashreporter-breakpad.plugin] [crash]  StartupTime = '1788566070'
2026-09-04T23:54:43.101715719Z 2026-09-04T23:54:43Z [799ms] [Warning] [carb.crashreporter-breakpad.plugin] [crash]  UploadSuccessful = '0'
2026-09-04T23:54:43.101716791Z 2026-09-04T23:54:43Z [799ms] [Warning] [carb.crashreporter-breakpad.plugin] [crash]  UptimeSeconds = '12'
2026-09-04T23:54:43.101717831Z 2026-09-04T23:54:43Z [799ms] [Warning] [carb.crashreporter-breakpad.plugin] [crash]  UserEmail = ''
2026-09-04T23:54:43.101718807Z 2026-09-04T23:54:43Z [799ms] [Warning] [carb.crashreporter-breakpad.plugin] [crash]  UserStory = ''
2026-09-04T23:54:43.101719895Z 2026-09-04T23:54:43Z [799ms] [Warning] [carb.crashreporter-breakpad.plugin] [crash]  UserStoryStatus = 'No user story tool binary specified'
2026-09-04T23:54:43.101721303Z 2026-09-04T23:54:43Z [799ms] [Warning] [carb.crashreporter-breakpad.plugin] [crash]  Version = '110.1.2+production.326809.f9bf0dda.gl'
2026-09-04T23:54:43.101722439Z 2026-09-04T23:54:43Z [799ms] [Warning] [carb.crashreporter-breakpad.plugin] [crash]  appName = 'IsaacLab'
2026-09-04T23:54:43.101723399Z 2026-09-04T23:54:43Z [799ms] [Warning] [carb.crashreporter-breakpad.plugin] [crash]  appState = 'startup'
2026-09-04T23:54:43.101724455Z 2026-09-04T23:54:43Z [799ms] [Warning] [carb.crashreporter-breakpad.plugin] [crash]  appVersion = '3.0.0'
2026-09-04T23:54:43.101725399Z 2026-09-04T23:54:43Z [799ms] [Warning] [carb.crashreporter-breakpad.plugin] [crash]  autoloadExts = ''
2026-09-04T23:54:43.101726455Z 2026-09-04T23:54:43Z [799ms] [Warning] [carb.crashreporter-breakpad.plugin] [crash]  buildBranch = 'production'
2026-09-04T23:54:43.101727415Z 2026-09-04T23:54:43Z [799ms] [Warning] [carb.crashreporter-breakpad.plugin] [crash]  buildCi = 'gl'
2026-09-04T23:54:43.101728407Z 2026-09-04T23:54:43Z [799ms] [Warning] [carb.crashreporter-breakpad.plugin] [crash]  buildConfig = 'release'
2026-09-04T23:54:43.101729351Z 2026-09-04T23:54:43Z [799ms] [Warning] [carb.crashreporter-breakpad.plugin] [crash]  buildGitlabJobName = 'kit-build-release-linux-aarch64'
2026-09-04T23:54:43.101730439Z 2026-09-04T23:54:43Z [799ms] [Warning] [carb.crashreporter-breakpad.plugin] [crash]  buildGitlabJobStage = 'kit-build'
2026-09-04T23:54:43.101731415Z 2026-09-04T23:54:43Z [799ms] [Warning] [carb.crashreporter-breakpad.plugin] [crash]  buildGitlabPipelineID = '54503051'
2026-09-04T23:54:43.101732471Z 2026-09-04T23:54:43Z [799ms] [Warning] [carb.crashreporter-breakpad.plugin] [crash]  buildHash = 'f9bf0dda'
2026-09-04T23:54:43.101733431Z 2026-09-04T23:54:43Z [799ms] [Warning] [carb.crashreporter-breakpad.plugin] [crash]  buildMajor = '110'
2026-09-04T23:54:43.101734471Z 2026-09-04T23:54:43Z [799ms] [Warning] [carb.crashreporter-breakpad.plugin] [crash]  buildMinor = '1'
2026-09-04T23:54:43.101735463Z 2026-09-04T23:54:43Z [799ms] [Warning] [carb.crashreporter-breakpad.plugin] [crash]  buildNumber = '326809'
2026-09-04T23:54:43.101736487Z 2026-09-04T23:54:43Z [799ms] [Warning] [carb.crashreporter-breakpad.plugin] [crash]  buildPatch = '2'
2026-09-04T23:54:43.101739095Z 2026-09-04T23:54:43Z [799ms] [Warning] [carb.crashreporter-breakpad.plugin] [crash]  buildVersion = '110.1.2'
2026-09-04T23:54:43.101740647Z 2026-09-04T23:54:43Z [799ms] [Warning] [carb.crashreporter-breakpad.plugin] [crash]  commandLine = '/workspace/isaaclab/_isaac_sim/kit/python/bin/python3 /workspace/hexapod/isaaclab/validate_mkii_v2.py --num_envs 1 --steps 100 --report /workspace/validation_artifacts/report.json --viz none --device cuda:0'
2026-09-04T23:54:43.101741927Z 2026-09-04T23:54:43Z [799ms] [Warning] [carb.crashreporter-breakpad.plugin] [crash]  cpuCoreLimited = '20'
2026-09-04T23:54:43.101742983Z 2026-09-04T23:54:43Z [799ms] [Warning] [carb.crashreporter-breakpad.plugin] [crash]  cpuId = 'aarch64 Variant r0p1 Revision 1'
2026-09-04T23:54:43.101743959Z 2026-09-04T23:54:43Z [799ms] [Warning] [carb.crashreporter-breakpad.plugin] [crash]  cpuLogicalCoresBareMetal = '20'
2026-09-04T23:54:43.101745063Z 2026-09-04T23:54:43Z [799ms] [Warning] [carb.crashreporter-breakpad.plugin] [crash]  cpuName = 'Cortex-A725'
2026-09-04T23:54:43.101746023Z 2026-09-04T23:54:43Z [799ms] [Warning] [carb.crashreporter-breakpad.plugin] [crash]  cpuPhysicalCoresBareMetal = '20'
2026-09-04T23:54:43.101747431Z 2026-09-04T23:54:43Z [799ms] [Warning] [carb.crashreporter-breakpad.plugin] [crash]  cpuUsageQuota = '-1.000000'
2026-09-04T23:54:43.101748375Z 2026-09-04T23:54:43Z [799ms] [Warning] [carb.crashreporter-breakpad.plugin] [crash]  cpuVendor = 'ARM'
2026-09-04T23:54:43.101749639Z 2026-09-04T23:54:43Z [799ms] [Warning] [carb.crashreporter-breakpad.plugin] [crash]  environmentName = 'Individual'
2026-09-04T23:54:43.101750615Z 2026-09-04T23:54:43Z [799ms] [Warning] [carb.crashreporter-breakpad.plugin] [crash]  experience = 'Isaac Sim'
2026-09-04T23:54:43.101751543Z 2026-09-04T23:54:43Z [799ms] [Warning] [carb.crashreporter-breakpad.plugin] [crash]  externalBuild = '1'
2026-09-04T23:54:43.101752503Z 2026-09-04T23:54:43Z [799ms] [Warning] [carb.crashreporter-breakpad.plugin] [crash]  graphicsApi = 'vulkan'
2026-09-04T23:54:43.101753463Z 2026-09-04T23:54:43Z [799ms] [Warning] [carb.crashreporter-breakpad.plugin] [crash]  lib_physx_buildBranch = 'HEAD'
2026-09-04T23:54:43.101754423Z 2026-09-04T23:54:43Z [799ms] [Warning] [carb.crashreporter-breakpad.plugin] [crash]  lib_physx_buildDate = 'Jun-04-2026'
2026-09-04T23:54:43.101755399Z 2026-09-04T23:54:43Z [799ms] [Warning] [carb.crashreporter-breakpad.plugin] [crash]  lib_physx_buildHash = 'c38f7d1'
2026-09-04T23:54:43.101756311Z 2026-09-04T23:54:43Z [799ms] [Warning] [carb.crashreporter-breakpad.plugin] [crash]  lib_physx_buildRepo = 'omniverse/physics'
2026-09-04T23:54:43.101757303Z 2026-09-04T23:54:43Z [799ms] [Warning] [carb.crashreporter-breakpad.plugin] [crash]  lib_physx_buildVersion = '110.1.13'
2026-09-04T23:54:43.101758359Z 2026-09-04T23:54:43Z [799ms] [Warning] [carb.crashreporter-breakpad.plugin] [crash]  memoryStats = '(avail/total) RAM: 117.526/121.689GB, Swap: 15.6412/16GB, VM: 1.71799e+10/1.71799e+10GB'
2026-09-04T23:54:43.101759367Z 2026-09-04T23:54:43Z [799ms] [Warning] [carb.crashreporter-breakpad.plugin] [crash]  osDistro = 'ubuntu'
2026-09-04T23:54:43.101760311Z 2026-09-04T23:54:43Z [799ms] [Warning] [carb.crashreporter-breakpad.plugin] [crash]  osName = '24.04.3 LTS (Noble Numbat)'
2026-09-04T23:54:43.101762983Z 2026-09-04T23:54:43Z [799ms] [Warning] [carb.crashreporter-breakpad.plugin] [crash]  osVersion = '24.04.3'
2026-09-04T23:54:43.101763991Z 2026-09-04T23:54:43Z [799ms] [Warning] [carb.crashreporter-breakpad.plugin] [crash]  portableMode = '1'
2026-09-04T23:54:43.101764951Z 2026-09-04T23:54:43Z [799ms] [Warning] [carb.crashreporter-breakpad.plugin] [crash]  runEnvironment = 'Individual'
2026-09-04T23:54:43.101765911Z 2026-09-04T23:54:43Z [799ms] [Warning] [carb.crashreporter-breakpad.plugin] [crash]  runningInContainer = '1'
2026-09-04T23:54:43.101766855Z 2026-09-04T23:54:43Z [799ms] [Warning] [carb.crashreporter-breakpad.plugin] [crash]  telemetrySessionId = '8986918492746926287'
2026-09-04T23:54:43.101944376Z 2026-09-04T23:54:43Z [799ms] [Warning] [carb.crashreporter-breakpad.plugin] [crash]  terminatedByAbort = '0'
2026-09-04T23:54:43.101954760Z 2026-09-04T23:54:43Z [799ms] [Warning] [carb.crashreporter-breakpad.plugin] [crash]  totalRamBareMetalMB = '124609'
2026-09-04T23:54:43.101956104Z 2026-09-04T23:54:43Z [799ms] [Warning] [carb.crashreporter-breakpad.plugin] [crash]  totalRamLimitedMB = '124609'
2026-09-04T23:54:43.101957192Z 2026-09-04T23:54:43Z [799ms] [Warning] [carb.crashreporter-breakpad.plugin] [crash]  totalSwapBareMetalMB = '16383'
2026-09-04T23:54:43.101958264Z 2026-09-04T23:54:43Z [799ms] [Warning] [carb.crashreporter-breakpad.plugin] [crash]  totalSwapLimitedMB = '16383'
2026-09-04T23:54:43.101959352Z 2026-09-04T23:54:43Z [799ms] [Warning] [carb.crashreporter-breakpad.plugin] [crash]  userId = 'default'
2026-09-04T23:54:43.101960568Z 2026-09-04T23:54:43Z [799ms] [Warning] [carb.crashreporter-breakpad.plugin] [crash]  workingDirectory = '/workspace/hexapod'
2026-09-04T23:54:43.101961704Z 2026-09-04T23:54:43Z [799ms] [Fatal] [carb.crashreporter-breakpad.plugin] [crash] Thread 24 backtrace follows:
2026-09-04T23:54:43.108193547Z 2026-09-04T23:54:43Z [806ms] [Fatal] [carb.crashreporter-breakpad.plugin] 000: libcarb.crashreporter-breakpad.plugin.so!google_breakpad::ExceptionHandler::SignalHandler(int, siginfo_t*, void*)+0x178 ***
2026-09-04T23:54:43.109617312Z 2026-09-04T23:54:43Z [807ms] [Fatal] [carb.crashreporter-breakpad.plugin] 001: linux-vdso.so.1!+0xa60 ***
2026-09-04T23:54:43.114193742Z 2026-09-04T23:54:43Z [812ms] [Fatal] [carb.crashreporter-breakpad.plugin] 002: libpython3.12.so.1.0!PyEval_GetFrame+0x30 ***
2026-09-04T23:54:43.117288792Z 2026-09-04T23:54:43Z [815ms] [Fatal] [carb.crashreporter-breakpad.plugin] 003: libpython3.12.so.1.0!_Py_GetConfigsAsDict+0x5d94 ***
2026-09-04T23:54:43.120009088Z 2026-09-04T23:54:43Z [817ms] [Fatal] [carb.crashreporter-breakpad.plugin] 004: libpython3.12.so.1.0!_Py_GetConfigsAsDict+0x1074 ***
2026-09-04T23:54:43.123945244Z 2026-09-04T23:54:43Z [821ms] [Fatal] [carb.crashreporter-breakpad.plugin] 005: libpython3.12.so.1.0!_Py_GetConfigsAsDict+0x1ebc ***
2026-09-04T23:54:43.127633848Z 2026-09-04T23:54:43Z [825ms] [Fatal] [carb.crashreporter-breakpad.plugin] 006: libpython3.12.so.1.0!_PyEval_EvalFrameDefault+0x3b58 ***
2026-09-04T23:54:43.130678145Z 2026-09-04T23:54:43Z [828ms] [Fatal] [carb.crashreporter-breakpad.plugin] 007: libpython3.12.so.1.0!_PyObject_FastCallDictTstate+0xf0 ***
2026-09-04T23:54:43.133366986Z 2026-09-04T23:54:43Z [831ms] [Fatal] [carb.crashreporter-breakpad.plugin] 008: libpython3.12.so.1.0!_PyObject_Call_Prepend+0x10c ***
2026-09-04T23:54:43.136041730Z 2026-09-04T23:54:43Z [833ms] [Fatal] [carb.crashreporter-breakpad.plugin] 009: libpython3.12.so.1.0!_PyType_LookupId+0x4384 ***
2026-09-04T23:54:43.139487981Z 2026-09-04T23:54:43Z [837ms] [Fatal] [carb.crashreporter-breakpad.plugin] 010: libpython3.12.so.1.0!PyType_IsSubtype+0x33c ***
2026-09-04T23:54:43.142859959Z 2026-09-04T23:54:43Z [840ms] [Fatal] [carb.crashreporter-breakpad.plugin] 011: libpython3.12.so.1.0!_PyObject_MakeTpCall+0x84 ***
2026-09-04T23:54:43.146229250Z 2026-09-04T23:54:43Z [844ms] [Fatal] [carb.crashreporter-breakpad.plugin] 012: libpython3.12.so.1.0!_PyEval_EvalFrameDefault+0x3924 ***
2026-09-04T23:54:43.149645516Z 2026-09-04T23:54:43Z [847ms] [Fatal] [carb.crashreporter-breakpad.plugin] 013: libpython3.12.so.1.0!_PyObject_FastCallDictTstate+0x74 ***
2026-09-04T23:54:43.153070039Z 2026-09-04T23:54:43Z [851ms] [Fatal] [carb.crashreporter-breakpad.plugin] 014: libpython3.12.so.1.0!_PyObject_Call_Prepend+0x10c ***
2026-09-04T23:54:43.155993712Z 2026-09-04T23:54:43Z [853ms] [Fatal] [carb.crashreporter-breakpad.plugin] 015: libpython3.12.so.1.0!_PyType_LookupId+0x4384 ***
2026-09-04T23:54:43.159464859Z 2026-09-04T23:54:43Z [857ms] [Fatal] [carb.crashreporter-breakpad.plugin] 016: libpython3.12.so.1.0!PyType_IsSubtype+0x33c ***
2026-09-04T23:54:43.163114550Z 2026-09-04T23:54:43Z [861ms] [Fatal] [carb.crashreporter-breakpad.plugin] 017: libpython3.12.so.1.0!_PyObject_MakeTpCall+0x84 ***
2026-09-04T23:54:43.166667009Z 2026-09-04T23:54:43Z [864ms] [Fatal] [carb.crashreporter-breakpad.plugin] 018: libpython3.12.so.1.0!_PyEval_EvalFrameDefault+0x3924 ***
2026-09-04T23:54:43.169437082Z 2026-09-04T23:54:43Z [867ms] [Fatal] [carb.crashreporter-breakpad.plugin] 019: libpython3.12.so.1.0!_PyGen_Finalize+0xdf8 ***
2026-09-04T23:54:43.173092405Z 2026-09-04T23:54:43Z [871ms] [Fatal] [carb.crashreporter-breakpad.plugin] 020: libpython3.12.so.1.0!PyInit__tokenize+0xc240 ***
2026-09-04T23:54:43.175855822Z 2026-09-04T23:54:43Z [873ms] [Fatal] [carb.crashreporter-breakpad.plugin] 021: libpython3.12.so.1.0!PyBuffer_ToContiguous+0x10c4 ***
2026-09-04T23:54:43.179509145Z 2026-09-04T23:54:43Z [877ms] [Fatal] [carb.crashreporter-breakpad.plugin] 022: libpython3.12.so.1.0!PyObject_Vectorcall+0x54 ***
2026-09-04T23:54:43.183099172Z 2026-09-04T23:54:43Z [881ms] [Fatal] [carb.crashreporter-breakpad.plugin] 023: libpython3.12.so.1.0!_PyEval_EvalFrameDefault+0x3924 ***
2026-09-04T23:54:43.187714787Z 2026-09-04T23:54:43Z [885ms] [Fatal] [carb.crashreporter-breakpad.plugin] 024: libpython3.12.so.1.0!PyCell_Set+0x9ec ***
2026-09-04T23:54:43.191445646Z 2026-09-04T23:54:43Z [889ms] [Fatal] [carb.crashreporter-breakpad.plugin] 025: libpython3.12.so.1.0!_PyEval_EvalFrameDefault+0x7454 ***
2026-09-04T23:54:43.194179303Z 2026-09-04T23:54:43Z [892ms] [Fatal] [carb.crashreporter-breakpad.plugin] 026: libpython3.12.so.1.0!PyEval_EvalCode+0x22c ***
2026-09-04T23:54:43.196933343Z 2026-09-04T23:54:43Z [894ms] [Fatal] [carb.crashreporter-breakpad.plugin] 027: libpython3.12.so.1.0!_PyInterpreterState_HasFeature+0x22c ***
2026-09-04T23:54:43.199448071Z 2026-09-04T23:54:43Z [897ms] [Fatal] [carb.crashreporter-breakpad.plugin] 028: libpython3.12.so.1.0!_PyInterpreterState_HasFeature+0x338 ***
2026-09-04T23:54:43.204793384Z 2026-09-04T23:54:43Z [902ms] [Fatal] [carb.crashreporter-breakpad.plugin] 029: libpython3.12.so.1.0!_PyRun_SimpleFileObject+0x160 ***
2026-09-04T23:54:43.207470944Z 2026-09-04T23:54:43Z [905ms] [Fatal] [carb.crashreporter-breakpad.plugin] 030: libpython3.12.so.1.0!_PyRun_AnyFileObject+0x98 ***
2026-09-04T23:54:43.210132792Z 2026-09-04T23:54:43Z [908ms] [Fatal] [carb.crashreporter-breakpad.plugin] 031: libpython3.12.so.1.0!Py_RunMain+0x7e8 ***
2026-09-04T23:54:43.212861057Z 2026-09-04T23:54:43Z [910ms] [Fatal] [carb.crashreporter-breakpad.plugin] 032: libpython3.12.so.1.0!Py_BytesMain+0x5c ***
2026-09-04T23:54:43.215717258Z 2026-09-04T23:54:43Z [913ms] [Fatal] [carb.crashreporter-breakpad.plugin] 033: libc.so.6!__libc_init_first+0x84 ***
2026-09-04T23:54:43.220669049Z 2026-09-04T23:54:43Z [918ms] [Fatal] [carb.crashreporter-breakpad.plugin] 034: libc.so.6!__libc_start_main+0x98 ***
2026-09-04T23:54:43.222370719Z 2026-09-04T23:54:43Z [920ms] [Fatal] [carb.crashreporter-breakpad.plugin] 035: python3!_start+0x30 ***
2026-09-04T23:54:43.222384495Z 2026-09-04T23:54:43Z [920ms] [Fatal] [carb.crashreporter-breakpad.plugin] [crash] NOTE: *** indicates a low-confidence frame, such as when symbols cannot be found
2026-09-04T23:54:43.222385951Z 2026-09-04T23:54:43Z [920ms] [Warning] [carb.crashreporter-breakpad.plugin] terminating this process with exit code 139.
2026-09-04T23:54:43.433183454Z There was an error running python
