{
  "standing": {
    "controls": 1000,
    "actual400Hz_samples": 8001,
    "every8th_q_v_pose_torque_endpoint_and_counter_timestamp_parity": true,
    "all_recorded400Hz_torque_including_reset": {
      "max_requested_nm": 63.70354461669922,
      "max_applied_nm": 1.600000023841858,
      "requested_samples_above1p6": 1276,
      "peak_time_s": 0.0,
      "peak_control_index": -1,
      "peak_substep_index": 0,
      "environment": 14,
      "runtime_joint": "revolute_2_6"
    },
    "postsettle400Hz_torque": {
      "max_requested_nm": 1.4839032888412476,
      "max_applied_nm": 1.4839032888412476,
      "requested_samples_above1p6": 0,
      "peak_time_s": 4.11,
      "peak_control_index": 205,
      "peak_substep_index": 4,
      "environment": 6,
      "runtime_joint": "revolute_2_1"
    },
    "postsettle400Hz_joint_rate_discrepancy": {
      "start_control_boundary": 200,
      "end_control_boundary": 1000,
      "duration_s": 16.0,
      "environment": 6,
      "runtime_joint": "revolute_2_1",
      "angle_delta_rad": -0.0006971359252929688,
      "reported_rate_integral_rad": 0.40969961558701473,
      "difference_rad": 0.4103967515123077,
      "pairs_above0p01_rad": 481,
      "position_velocity_fidelity_admitted": false
    },
    "physical_pass": true,
    "all32_unchanged_quiet_pass": true
  },
  "turn_torque": {
    "max_requested_nm": 1.1403506994247437,
    "max_applied_nm": 1.1403506994247437,
    "requested_samples_above1p6": 0,
    "peak_time_s": 4.1275,
    "peak_control_index": 206,
    "peak_substep_index": 3,
    "environment": 0,
    "runtime_joint": "revolute_2_3"
  },
  "turn400Hz": {
    "start_control_boundary": 200,
    "end_control_boundary": 1400,
    "duration_s": 24.0,
    "acceptance_verdict": null,
    "scope": "independent raw400Hz evidence; old50Hz gate unchanged",
    "link": {
      "measured_world_displacement_m": [
        [
          0.0007398297311738133,
          0.0019899653270840645,
          -0.0005788207054138184
        ]
      ],
      "measured_forward_displacement_m": [
        -0.0019842794862777583
      ],
      "integrals": {
        "left": {
          "world_m": [
            [
              0.00031871284591034055,
              0.0016360767185688019,
              0.0002577616542112082
            ]
          ],
          "forward_m": [
            -0.0016336047660040444
          ],
          "position_difference_norm_m": [
            0.001001222524791956
          ]
        },
        "right": {
          "world_m": [
            [
              0.0003120411420240998,
              0.001633034786209464,
              0.0002568603667896241
            ]
          ],
          "forward_m": [
            -0.001630613676672059
          ],
          "position_difference_norm_m": [
            0.0010043730726465583
          ]
        },
        "trapezoid": {
          "world_m": [
            [
              0.0003153769939672202,
              0.001634555752389133,
              0.00025731101050041616
            ]
          ],
          "forward_m": [
            -0.001632109221338052
          ],
          "position_difference_norm_m": [
            0.0010027922689914703
          ]
        }
      }
    },
    "com": {
      "measured_world_displacement_m": [
        [
          0.0007202986744232476,
          0.001981099136173725,
          -0.0005789101123809814
        ]
      ],
      "measured_forward_displacement_m": [
        -0.0019755621344883867
      ],
      "integrals": {
        "left": {
          "world_m": [
            [
              0.0003030368825420737,
              0.0016326641198247671,
              0.0002576071419753134
            ]
          ],
          "forward_m": [
            -0.0016303115209367254
          ],
          "position_difference_norm_m": [
            0.0009976349538192153
          ]
        },
        "right": {
          "world_m": [
            [
              0.00029638316482305527,
              0.0016296388348564506,
              0.00025670582544989884
            ]
          ],
          "forward_m": [
            -0.0016273369416842228
          ],
          "position_difference_norm_m": [
            0.0010007410310208797
          ]
        },
        "trapezoid": {
          "world_m": [
            [
              0.0002997100236825645,
              0.001631151419132948,
              0.00025715649826452136
            ]
          ],
          "forward_m": [
            -0.0016288241731044976
          ],
          "position_difference_norm_m": [
            0.0009991824626922607
          ]
        }
      }
    }
  },
  "arc_torque": {
    "max_requested_nm": 1.43770170211792,
    "max_applied_nm": 1.43770170211792,
    "requested_samples_above1p6": 0,
    "peak_time_s": 10.16,
    "peak_control_index": 507,
    "peak_substep_index": 8,
    "environment": 0,
    "runtime_joint": "revolute_2_3"
  },
  "arc_failure": {
    "intended_swing_leg": "lm",
    "first_subfive_index": 507,
    "time_s": 10.16,
    "distal_support": [
      true,
      false,
      true,
      true,
      false,
      true
    ],
    "named_normal_force_z_n": {
      "lf": 9.631711959838867,
      "lm": 0.0,
      "lr": 29.696582794189453,
      "rf": 32.951019287109375,
      "rm": 0.8830631971359253,
      "rr": 8.026785850524902
    },
    "named_contact_point_finite": {
      "lf": true,
      "lm": true,
      "lr": true,
      "rf": true,
      "rm": true,
      "rr": true
    },
    "named_reaction_world_n": {
      "lf": [
        -1.0590002536773682,
        0.015682220458984375,
        9.631711959838867
      ],
      "lm": [
        0.0,
        0.0,
        0.0
      ],
      "lr": [
        -11.045411109924316,
        -9.551258087158203,
        29.696584701538086
      ],
      "rf": [
        8.572321891784668,
        8.378795623779297,
        32.951019287109375
      ],
      "rm": [
        0.2611258924007416,
        0.8424084186553955,
        0.8830631375312805
      ],
      "rr": [
        3.1232693195343018,
        1.4746670722961426,
        8.026785850524902
      ]
    },
    "prior_generator_confirmed_landings": 2,
    "contact_sample_rate_hz": 50,
    "400Hz_contact_forces_available": false
  }
}
