{
  "fit_summary": {
    "motor_bearing_holder.stl": {
      "local_point_m": [
        -4.985269654147138e-12,
        -2.1221064753078187e-12,
        0.0022787878459150143
      ],
      "local_axis": [
        0.0,
        1.3877787807814457e-17,
        1.0
      ],
      "radius_m": 0.023000000383952297,
      "ring_vertex_count": 891,
      "ring_rms_m": 5.204277871101104e-10,
      "ring_max_abs_m": 1.5412494752675698e-09,
      "wall_triangle_count": 144,
      "wall_normal_nullspace_singular_values": [
        8.485281428085507,
        8.485281428085505,
        8.17501633004475e-16
      ],
      "axis_vs_declared_deg": 0.0
    },
    "bearing_insert.stl": {
      "local_point_m": [
        -7.510315244738891e-19,
        5.586689828379946e-19,
        0.006249999860301614
      ],
      "local_axis": [
        0.0,
        0.0,
        1.0000000000000002
      ],
      "radius_m": 0.015500000053991051,
      "ring_vertex_count": 864,
      "ring_rms_m": 2.2625193642542568e-10,
      "ring_max_abs_m": 3.5823113746225044e-10,
      "wall_triangle_count": 144,
      "wall_normal_nullspace_singular_values": [
        8.4852813493813,
        8.485281349381298,
        3.203185475136879e-15
      ],
      "axis_vs_declared_deg": 0.0
    },
    "motor_flange.stl": {
      "local_point_m": [
        -1.9049105223053658e-13,
        -0.0018786374005267514,
        -4.135621738043017e-13
      ],
      "local_axis": [
        -0.0,
        1.0,
        -2.8173009812782977e-16
      ],
      "radius_m": 0.01550000005420512,
      "ring_vertex_count": 866,
      "ring_rms_m": 2.2603448526569482e-10,
      "ring_max_abs_m": 3.5889860701410203e-10,
      "wall_triangle_count": 144,
      "wall_normal_nullspace_singular_values": [
        8.4852813493813,
        8.4852813493813,
        2.4670093688165114e-15
      ],
      "axis_vs_declared_deg": 0.0
    },
    "1_1_06_eb463_507_fl46blw10_48v_5n_m_de_2__fl46blw10_48v_5n_m_de__\u00e7\u00f0\u00b3\u00fd_\u00e0_\u00e9\u00ec1.stl": {
      "local_point_m": [
        1.3728383665231667e-13,
        1.5768906996901222e-14,
        0.016408707264884078
      ],
      "local_axis": [
        -2.69635541735059e-05,
        2.047996632503768e-06,
        0.9999999996343862
      ],
      "radius_m": 0.02300000004513946,
      "ring_vertex_count": 6126,
      "ring_rms_m": 5.622863591471465e-10,
      "ring_max_abs_m": 1.1975191914481709e-09,
      "wall_triangle_count": 1060,
      "wall_normal_nullspace_singular_values": [
        23.05194877979556,
        22.989783794418784,
        0.27839175350217227
      ],
      "axis_vs_declared_deg": 0.0015493477194861312
    }
  },
  "dimensions": [
    {
      "leg": "rm",
      "yaw_to_shoulder_m": 0.04899910196710633,
      "shoulder_to_knee_m": 0.07350208576830022,
      "tibia_local_max_x_m": 0.12999999523162842
    },
    {
      "leg": "lm",
      "yaw_to_shoulder_m": 0.0490001576357679,
      "shoulder_to_knee_m": 0.07350197853671682,
      "tibia_local_max_x_m": 0.12999999523162842
    },
    {
      "leg": "rr",
      "yaw_to_shoulder_m": 0.04899958575556709,
      "shoulder_to_knee_m": 0.0735023797203132,
      "tibia_local_max_x_m": 0.12999999523162842
    },
    {
      "leg": "rf",
      "yaw_to_shoulder_m": 0.048999525819311454,
      "shoulder_to_knee_m": 0.0735021670372953,
      "tibia_local_max_x_m": 0.12999999523162842
    },
    {
      "leg": "lf",
      "yaw_to_shoulder_m": 0.049000215152391884,
      "shoulder_to_knee_m": 0.07350207332873565,
      "tibia_local_max_x_m": 0.12999999523162842
    },
    {
      "leg": "lr",
      "yaw_to_shoulder_m": 0.049000613705767256,
      "shoulder_to_knee_m": 0.07350149891448007,
      "tibia_local_max_x_m": 0.12999999523162842
    }
  ],
  "membership": {
    "unresolved": 79,
    "replica_pose_consistent": 1674
  },
  "max_axis_mismatch_deg": 0.0017435592240775584,
  "max_coaxial_line_error_m": 8.736972074007346e-07
}
